GowinSynthesis start
Running parser ...
Analyzing Verilog file 'C:\Users\dengiken-admin\Documents\RISK_V_fpga\src\fpga_top.v'
Analyzing Verilog file 'C:\Users\dengiken-admin\Documents\RISK_V_fpga\src\cpu_top.v'
Analyzing included file 'C:\Users\dengiken-admin\Documents\RISK_V_fpga\src\riscv_defines.vh'("C:\Users\dengiken-admin\Documents\RISK_V_fpga\src\cpu_top.v":25)
Back to file 'C:\Users\dengiken-admin\Documents\RISK_V_fpga\src\cpu_top.v'("C:\Users\dengiken-admin\Documents\RISK_V_fpga\src\cpu_top.v":25)
Analyzing Verilog file 'C:\Users\dengiken-admin\Documents\RISK_V_fpga\src\instruction_decoder.v'
Analyzing included file 'C:\Users\dengiken-admin\Documents\RISK_V_fpga\src\riscv_defines.vh'("C:\Users\dengiken-admin\Documents\RISK_V_fpga\src\instruction_decoder.v":8)
Back to file 'C:\Users\dengiken-admin\Documents\RISK_V_fpga\src\instruction_decoder.v'("C:\Users\dengiken-admin\Documents\RISK_V_fpga\src\instruction_decoder.v":8)
Analyzing Verilog file 'C:\Users\dengiken-admin\Documents\RISK_V_fpga\src\alu.v'
Analyzing included file 'C:\Users\dengiken-admin\Documents\RISK_V_fpga\src\riscv_defines.vh'("C:\Users\dengiken-admin\Documents\RISK_V_fpga\src\alu.v":13)
Back to file 'C:\Users\dengiken-admin\Documents\RISK_V_fpga\src\alu.v'("C:\Users\dengiken-admin\Documents\RISK_V_fpga\src\alu.v":13)
Analyzing Verilog file 'C:\Users\dengiken-admin\Documents\RISK_V_fpga\src\register_file.v'
Analyzing Verilog file 'C:\Users\dengiken-admin\Documents\RISK_V_fpga\src\imm_gen.v'
Analyzing included file 'C:\Users\dengiken-admin\Documents\RISK_V_fpga\src\riscv_defines.vh'("C:\Users\dengiken-admin\Documents\RISK_V_fpga\src\imm_gen.v":8)
Back to file 'C:\Users\dengiken-admin\Documents\RISK_V_fpga\src\imm_gen.v'("C:\Users\dengiken-admin\Documents\RISK_V_fpga\src\imm_gen.v":8)
Analyzing Verilog file 'C:\Users\dengiken-admin\Documents\RISK_V_fpga\src\program_counter.v'
Analyzing Verilog file 'C:\Users\dengiken-admin\Documents\RISK_V_fpga\src\instruction_memory.v'
Analyzing Verilog file 'C:\Users\dengiken-admin\Documents\RISK_V_fpga\src\control_unit.v'
Analyzing included file 'C:\Users\dengiken-admin\Documents\RISK_V_fpga\src\riscv_defines.vh'("C:\Users\dengiken-admin\Documents\RISK_V_fpga\src\control_unit.v":24)
Back to file 'C:\Users\dengiken-admin\Documents\RISK_V_fpga\src\control_unit.v'("C:\Users\dengiken-admin\Documents\RISK_V_fpga\src\control_unit.v":24)
Analyzing Verilog file 'C:\Users\dengiken-admin\Documents\RISK_V_fpga\src\data_memory.v'
Analyzing included file 'C:\Users\dengiken-admin\Documents\RISK_V_fpga\src\riscv_defines.vh'("C:\Users\dengiken-admin\Documents\RISK_V_fpga\src\data_memory.v":24)
Back to file 'C:\Users\dengiken-admin\Documents\RISK_V_fpga\src\data_memory.v'("C:\Users\dengiken-admin\Documents\RISK_V_fpga\src\data_memory.v":24)
Analyzing Verilog file 'C:\Users\dengiken-admin\Documents\RISK_V_fpga\src\uart_tx.v'
Compiling module 'fpga_top'("C:\Users\dengiken-admin\Documents\RISK_V_fpga\src\fpga_top.v":14)
Compiling module 'cpu_top(INIT_FILE="uart_debug.hex")'("C:\Users\dengiken-admin\Documents\RISK_V_fpga\src\cpu_top.v":27)
Compiling module 'uart_tx'("C:\Users\dengiken-admin\Documents\RISK_V_fpga\src\uart_tx.v":11)
Compiling module 'program_counter'("C:\Users\dengiken-admin\Documents\RISK_V_fpga\src\program_counter.v":23)
Compiling module 'instruction_memory(INIT_FILE="uart_debug.hex")'("C:\Users\dengiken-admin\Documents\RISK_V_fpga\src\instruction_memory.v":24)
Extracting RAM for identifier 'mem'("C:\Users\dengiken-admin\Documents\RISK_V_fpga\src\instruction_memory.v":32)
Compiling module 'instruction_decoder'("C:\Users\dengiken-admin\Documents\RISK_V_fpga\src\instruction_decoder.v":10)
Compiling module 'imm_gen'("C:\Users\dengiken-admin\Documents\RISK_V_fpga\src\imm_gen.v":10)
Compiling module 'register_file'("C:\Users\dengiken-admin\Documents\RISK_V_fpga\src\register_file.v":10)
Compiling module 'control_unit'("C:\Users\dengiken-admin\Documents\RISK_V_fpga\src\control_unit.v":26)
Compiling module 'alu'("C:\Users\dengiken-admin\Documents\RISK_V_fpga\src\alu.v":15)
Compiling module 'data_memory'("C:\Users\dengiken-admin\Documents\RISK_V_fpga\src\data_memory.v":26)
Extracting RAM for identifier 'mem'("C:\Users\dengiken-admin\Documents\RISK_V_fpga\src\data_memory.v":37)
NOTE  (EX0101) : Current top module is "fpga_top"
[5%] Running netlist conversion ...
WARN  (CV0016) : Input user_btn is unused("C:\Users\dengiken-admin\Documents\RISK_V_fpga\src\fpga_top.v":17)
Running device independent optimization ...
[10%] Optimizing Phase 0 completed
[15%] Optimizing Phase 1 completed
[25%] Optimizing Phase 2 completed
Running inference ...
[30%] Inferring Phase 0 completed
[40%] Inferring Phase 1 completed
[50%] Inferring Phase 2 completed
[55%] Inferring Phase 3 completed
Running technical mapping ...
[60%] Tech-Mapping Phase 0 completed
[65%] Tech-Mapping Phase 1 completed
[75%] Tech-Mapping Phase 2 completed
[80%] Tech-Mapping Phase 3 completed
[90%] Tech-Mapping Phase 4 completed
WARN  (NL0002) : The module "control_unit" instantiated to "ctrl" is swept in optimizing("C:\Users\dengiken-admin\Documents\RISK_V_fpga\src\cpu_top.v":191)
[95%] Generate netlist file "C:\Users\dengiken-admin\Documents\RISK_V_fpga\gowin_project\riscv_cpu\impl\gwsynthesis\riscv_cpu.vg" completed
[100%] Generate report file "C:\Users\dengiken-admin\Documents\RISK_V_fpga\gowin_project\riscv_cpu\impl\gwsynthesis\riscv_cpu_syn.rpt.html" completed
GowinSynthesis finish
