Reading netlist file: "C:\Users\dengiken-admin\Documents\RISK_V_fpga\gowin_project\riscv_cpu\impl\gwsynthesis\riscv_cpu.vg"
Parsing netlist file "C:\Users\dengiken-admin\Documents\RISK_V_fpga\gowin_project\riscv_cpu\impl\gwsynthesis\riscv_cpu.vg" completed
Processing netlist completed
Reading constraint file: "C:\Users\dengiken-admin\Documents\RISK_V_fpga\constraints\tang_primer_25k.cst"
Physical Constraint parsed completed
Running placement......
[10%] Placement Phase 0 completed
[20%] Placement Phase 1 completed
[30%] Placement Phase 2 completed
[50%] Placement Phase 3 completed
Running routing......
[60%] Routing Phase 0 completed
[70%] Routing Phase 1 completed
[80%] Routing Phase 2 completed
[90%] Routing Phase 3 completed
Running timing analysis......
[95%] Timing analysis completed
Placement and routing completed
Bitstream generation in progress......
Bitstream generation completed
Running power analysis......
[100%] Power analysis completed
Generate file "C:\Users\dengiken-admin\Documents\RISK_V_fpga\gowin_project\riscv_cpu\impl\pnr\riscv_cpu.power.html" completed
Generate file "C:\Users\dengiken-admin\Documents\RISK_V_fpga\gowin_project\riscv_cpu\impl\pnr\riscv_cpu.pin.html" completed
Generate file "C:\Users\dengiken-admin\Documents\RISK_V_fpga\gowin_project\riscv_cpu\impl\pnr\riscv_cpu.rpt.html" completed
Generate file "C:\Users\dengiken-admin\Documents\RISK_V_fpga\gowin_project\riscv_cpu\impl\pnr\riscv_cpu.rpt.txt" completed
Generate file "C:\Users\dengiken-admin\Documents\RISK_V_fpga\gowin_project\riscv_cpu\impl\pnr\riscv_cpu.tr.html" completed
Thu Jun  4 16:17:06 2026

