#! /c/Source/iverilog-install/bin/vvp
:ivl_version "12.0 (devel)" "(s20150603-1539-g2693dd32b)";
:ivl_delay_selection "TYPICAL";
:vpi_time_precision - 12;
:vpi_module "C:\iverilog\lib\ivl\system.vpi";
:vpi_module "C:\iverilog\lib\ivl\vhdl_sys.vpi";
:vpi_module "C:\iverilog\lib\ivl\vhdl_textio.vpi";
:vpi_module "C:\iverilog\lib\ivl\v2005_math.vpi";
:vpi_module "C:\iverilog\lib\ivl\va_math.vpi";
S_00000170992d24a0 .scope module, "tb_alu_m" "tb_alu_m" 2 8;
 .timescale -9 -12;
v0000017099353390_0 .var "a", 31 0;
v0000017099352f30_0 .var "alu_op", 4 0;
v0000017099352fd0_0 .var "b", 31 0;
v00000170993531b0_0 .var/i "failures", 31 0;
v0000017099353430_0 .net "result", 31 0, v0000017099352e90_0;  1 drivers
v0000017099353570_0 .net "zero", 0 0, L_0000017099364920;  1 drivers
S_00000170992fac20 .scope task, "check" "check" 2 27, 2 27 0, S_00000170992d24a0;
 .timescale -9 -12;
v00000170992d2630_0 .var "expected", 31 0;
v00000170992d26d0_0 .var "op_name", 256 0;
TD_tb_alu_m.check ;
    %load/vec4 v0000017099353430_0;
    %load/vec4 v00000170992d2630_0;
    %cmp/ne;
    %jmp/0xz  T_0.0, 6;
    %vpi_call 2 32 "$display", "FAIL: %s | A=0x%h, B=0x%h | Got 0x%h, Expected 0x%h", v00000170992d26d0_0, v0000017099353390_0, v0000017099352fd0_0, v0000017099353430_0, v00000170992d2630_0 {0 0 0};
    %load/vec4 v00000170993531b0_0;
    %addi 1, 0, 32;
    %store/vec4 v00000170993531b0_0, 0, 32;
    %jmp T_0.1;
T_0.0 ;
    %vpi_call 2 36 "$display", "PASS: %s | A=0x%h, B=0x%h | Got 0x%h", v00000170992d26d0_0, v0000017099353390_0, v0000017099352fd0_0, v0000017099353430_0 {0 0 0};
T_0.1 ;
    %end;
S_00000170992fadb0 .scope module, "uut" "alu" 2 17, 3 15 0, S_00000170992d24a0;
 .timescale -9 -12;
    .port_info 0 /INPUT 32 "a";
    .port_info 1 /INPUT 32 "b";
    .port_info 2 /INPUT 5 "alu_op";
    .port_info 3 /OUTPUT 32 "result";
    .port_info 4 /OUTPUT 1 "zero";
v00000170992faf40_0 .net/s *"_ivl_0", 63 0, L_0000017099353610;  1 drivers
v00000170992a2d40_0 .net *"_ivl_10", 32 0, L_0000017099353930;  1 drivers
v00000170992a2de0_0 .net/s *"_ivl_12", 63 0, L_0000017099353b10;  1 drivers
L_00000170996d00d0 .functor BUFT 1, C4<00000000000000000000000000000000>, C4<0>, C4<0>, C4<0>;
v00000170992a2e80_0 .net/2u *"_ivl_16", 31 0, L_00000170996d00d0;  1 drivers
v00000170992a2f20_0 .net *"_ivl_18", 63 0, L_0000017099365280;  1 drivers
v00000170992a2fc0_0 .net/s *"_ivl_2", 63 0, L_00000170993536b0;  1 drivers
L_00000170996d0118 .functor BUFT 1, C4<00000000000000000000000000000000>, C4<0>, C4<0>, C4<0>;
v00000170992a3060_0 .net/2u *"_ivl_20", 31 0, L_00000170996d0118;  1 drivers
v0000017099353bb0_0 .net *"_ivl_22", 63 0, L_0000017099364ba0;  1 drivers
L_00000170996d0160 .functor BUFT 1, C4<00000000000000000000000000000000>, C4<0>, C4<0>, C4<0>;
v0000017099353c50_0 .net/2u *"_ivl_26", 31 0, L_00000170996d0160;  1 drivers
v0000017099352df0_0 .net/s *"_ivl_6", 63 0, L_00000170993537f0;  1 drivers
L_00000170996d0088 .functor BUFT 1, C4<0>, C4<0>, C4<0>, C4<0>;
v0000017099353890_0 .net/2u *"_ivl_8", 0 0, L_00000170996d0088;  1 drivers
v00000170993532f0_0 .net "a", 31 0, v0000017099353390_0;  1 drivers
v0000017099353110_0 .net "alu_op", 4 0, v0000017099352f30_0;  1 drivers
v0000017099353070_0 .net "b", 31 0, v0000017099352fd0_0;  1 drivers
v0000017099353cf0_0 .net/s "mul_signed", 63 0, L_0000017099353750;  1 drivers
v00000170993534d0_0 .net/s "mul_signed_unsigned", 63 0, L_00000170993539d0;  1 drivers
v0000017099353250_0 .net "mul_unsigned", 63 0, L_0000017099364060;  1 drivers
v0000017099352e90_0 .var "result", 31 0;
v0000017099353a70_0 .net "zero", 0 0, L_0000017099364920;  alias, 1 drivers
E_0000017099300680/0 .event anyedge, v0000017099353110_0, v00000170993532f0_0, v0000017099353070_0, v0000017099353cf0_0;
E_0000017099300680/1 .event anyedge, v00000170993534d0_0, v0000017099353250_0;
E_0000017099300680 .event/or E_0000017099300680/0, E_0000017099300680/1;
L_0000017099353610 .extend/s 64, v0000017099353390_0;
L_00000170993536b0 .extend/s 64, v0000017099352fd0_0;
L_0000017099353750 .arith/mult 64, L_0000017099353610, L_00000170993536b0;
L_00000170993537f0 .extend/s 64, v0000017099353390_0;
L_0000017099353930 .concat [ 32 1 0 0], v0000017099352fd0_0, L_00000170996d0088;
L_0000017099353b10 .extend/s 64, L_0000017099353930;
L_00000170993539d0 .arith/mult 64, L_00000170993537f0, L_0000017099353b10;
L_0000017099365280 .concat [ 32 32 0 0], v0000017099353390_0, L_00000170996d00d0;
L_0000017099364ba0 .concat [ 32 32 0 0], v0000017099352fd0_0, L_00000170996d0118;
L_0000017099364060 .arith/mult 64, L_0000017099365280, L_0000017099364ba0;
L_0000017099364920 .cmp/eq 32, v0000017099352e90_0, L_00000170996d0160;
    .scope S_00000170992fadb0;
T_1 ;
    %wait E_0000017099300680;
    %load/vec4 v0000017099353110_0;
    %dup/vec4;
    %pushi/vec4 0, 0, 5;
    %cmp/u;
    %jmp/1 T_1.0, 6;
    %dup/vec4;
    %pushi/vec4 1, 0, 5;
    %cmp/u;
    %jmp/1 T_1.1, 6;
    %dup/vec4;
    %pushi/vec4 2, 0, 5;
    %cmp/u;
    %jmp/1 T_1.2, 6;
    %dup/vec4;
    %pushi/vec4 3, 0, 5;
    %cmp/u;
    %jmp/1 T_1.3, 6;
    %dup/vec4;
    %pushi/vec4 4, 0, 5;
    %cmp/u;
    %jmp/1 T_1.4, 6;
    %dup/vec4;
    %pushi/vec4 5, 0, 5;
    %cmp/u;
    %jmp/1 T_1.5, 6;
    %dup/vec4;
    %pushi/vec4 6, 0, 5;
    %cmp/u;
    %jmp/1 T_1.6, 6;
    %dup/vec4;
    %pushi/vec4 7, 0, 5;
    %cmp/u;
    %jmp/1 T_1.7, 6;
    %dup/vec4;
    %pushi/vec4 8, 0, 5;
    %cmp/u;
    %jmp/1 T_1.8, 6;
    %dup/vec4;
    %pushi/vec4 9, 0, 5;
    %cmp/u;
    %jmp/1 T_1.9, 6;
    %dup/vec4;
    %pushi/vec4 10, 0, 5;
    %cmp/u;
    %jmp/1 T_1.10, 6;
    %dup/vec4;
    %pushi/vec4 11, 0, 5;
    %cmp/u;
    %jmp/1 T_1.11, 6;
    %dup/vec4;
    %pushi/vec4 12, 0, 5;
    %cmp/u;
    %jmp/1 T_1.12, 6;
    %dup/vec4;
    %pushi/vec4 13, 0, 5;
    %cmp/u;
    %jmp/1 T_1.13, 6;
    %dup/vec4;
    %pushi/vec4 14, 0, 5;
    %cmp/u;
    %jmp/1 T_1.14, 6;
    %dup/vec4;
    %pushi/vec4 15, 0, 5;
    %cmp/u;
    %jmp/1 T_1.15, 6;
    %dup/vec4;
    %pushi/vec4 16, 0, 5;
    %cmp/u;
    %jmp/1 T_1.16, 6;
    %dup/vec4;
    %pushi/vec4 17, 0, 5;
    %cmp/u;
    %jmp/1 T_1.17, 6;
    %dup/vec4;
    %pushi/vec4 18, 0, 5;
    %cmp/u;
    %jmp/1 T_1.18, 6;
    %pushi/vec4 0, 0, 32;
    %store/vec4 v0000017099352e90_0, 0, 32;
    %jmp T_1.20;
T_1.0 ;
    %load/vec4 v00000170993532f0_0;
    %load/vec4 v0000017099353070_0;
    %add;
    %store/vec4 v0000017099352e90_0, 0, 32;
    %jmp T_1.20;
T_1.1 ;
    %load/vec4 v00000170993532f0_0;
    %load/vec4 v0000017099353070_0;
    %sub;
    %store/vec4 v0000017099352e90_0, 0, 32;
    %jmp T_1.20;
T_1.2 ;
    %load/vec4 v00000170993532f0_0;
    %load/vec4 v0000017099353070_0;
    %and;
    %store/vec4 v0000017099352e90_0, 0, 32;
    %jmp T_1.20;
T_1.3 ;
    %load/vec4 v00000170993532f0_0;
    %load/vec4 v0000017099353070_0;
    %or;
    %store/vec4 v0000017099352e90_0, 0, 32;
    %jmp T_1.20;
T_1.4 ;
    %load/vec4 v00000170993532f0_0;
    %load/vec4 v0000017099353070_0;
    %xor;
    %store/vec4 v0000017099352e90_0, 0, 32;
    %jmp T_1.20;
T_1.5 ;
    %load/vec4 v00000170993532f0_0;
    %load/vec4 v0000017099353070_0;
    %parti/s 5, 0, 2;
    %ix/vec4 4;
    %shiftl 4;
    %store/vec4 v0000017099352e90_0, 0, 32;
    %jmp T_1.20;
T_1.6 ;
    %load/vec4 v00000170993532f0_0;
    %load/vec4 v0000017099353070_0;
    %parti/s 5, 0, 2;
    %ix/vec4 4;
    %shiftr 4;
    %store/vec4 v0000017099352e90_0, 0, 32;
    %jmp T_1.20;
T_1.7 ;
    %load/vec4 v00000170993532f0_0;
    %load/vec4 v0000017099353070_0;
    %parti/s 5, 0, 2;
    %ix/vec4 4;
    %shiftr/s 4;
    %store/vec4 v0000017099352e90_0, 0, 32;
    %jmp T_1.20;
T_1.8 ;
    %load/vec4 v00000170993532f0_0;
    %load/vec4 v0000017099353070_0;
    %cmp/s;
    %flag_mov 8, 5;
    %jmp/0 T_1.21, 8;
    %pushi/vec4 1, 0, 32;
    %jmp/1 T_1.22, 8;
T_1.21 ; End of true expr.
    %pushi/vec4 0, 0, 32;
    %jmp/0 T_1.22, 8;
 ; End of false expr.
    %blend;
T_1.22;
    %store/vec4 v0000017099352e90_0, 0, 32;
    %jmp T_1.20;
T_1.9 ;
    %load/vec4 v00000170993532f0_0;
    %load/vec4 v0000017099353070_0;
    %cmp/u;
    %flag_mov 8, 5;
    %jmp/0 T_1.23, 8;
    %pushi/vec4 1, 0, 32;
    %jmp/1 T_1.24, 8;
T_1.23 ; End of true expr.
    %pushi/vec4 0, 0, 32;
    %jmp/0 T_1.24, 8;
 ; End of false expr.
    %blend;
T_1.24;
    %store/vec4 v0000017099352e90_0, 0, 32;
    %jmp T_1.20;
T_1.10 ;
    %load/vec4 v0000017099353070_0;
    %store/vec4 v0000017099352e90_0, 0, 32;
    %jmp T_1.20;
T_1.11 ;
    %load/vec4 v00000170993532f0_0;
    %load/vec4 v0000017099353070_0;
    %mul;
    %store/vec4 v0000017099352e90_0, 0, 32;
    %jmp T_1.20;
T_1.12 ;
    %load/vec4 v0000017099353cf0_0;
    %parti/s 32, 32, 7;
    %store/vec4 v0000017099352e90_0, 0, 32;
    %jmp T_1.20;
T_1.13 ;
    %load/vec4 v00000170993534d0_0;
    %parti/s 32, 32, 7;
    %store/vec4 v0000017099352e90_0, 0, 32;
    %jmp T_1.20;
T_1.14 ;
    %load/vec4 v0000017099353250_0;
    %parti/s 32, 32, 7;
    %store/vec4 v0000017099352e90_0, 0, 32;
    %jmp T_1.20;
T_1.15 ;
    %load/vec4 v0000017099353070_0;
    %cmpi/e 0, 0, 32;
    %jmp/0xz  T_1.25, 4;
    %pushi/vec4 4294967295, 0, 32;
    %store/vec4 v0000017099352e90_0, 0, 32;
    %jmp T_1.26;
T_1.25 ;
    %load/vec4 v00000170993532f0_0;
    %cmpi/e 2147483648, 0, 32;
    %flag_get/vec4 4;
    %jmp/0 T_1.29, 4;
    %load/vec4 v0000017099353070_0;
    %pushi/vec4 4294967295, 0, 32;
    %cmp/e;
    %flag_get/vec4 4;
    %and;
T_1.29;
    %flag_set/vec4 8;
    %jmp/0xz  T_1.27, 8;
    %pushi/vec4 2147483648, 0, 32;
    %store/vec4 v0000017099352e90_0, 0, 32;
    %jmp T_1.28;
T_1.27 ;
    %load/vec4 v00000170993532f0_0;
    %load/vec4 v0000017099353070_0;
    %div/s;
    %store/vec4 v0000017099352e90_0, 0, 32;
T_1.28 ;
T_1.26 ;
    %jmp T_1.20;
T_1.16 ;
    %load/vec4 v0000017099353070_0;
    %cmpi/e 0, 0, 32;
    %jmp/0xz  T_1.30, 4;
    %pushi/vec4 4294967295, 0, 32;
    %store/vec4 v0000017099352e90_0, 0, 32;
    %jmp T_1.31;
T_1.30 ;
    %load/vec4 v00000170993532f0_0;
    %load/vec4 v0000017099353070_0;
    %div;
    %store/vec4 v0000017099352e90_0, 0, 32;
T_1.31 ;
    %jmp T_1.20;
T_1.17 ;
    %load/vec4 v0000017099353070_0;
    %cmpi/e 0, 0, 32;
    %jmp/0xz  T_1.32, 4;
    %load/vec4 v00000170993532f0_0;
    %store/vec4 v0000017099352e90_0, 0, 32;
    %jmp T_1.33;
T_1.32 ;
    %load/vec4 v00000170993532f0_0;
    %cmpi/e 2147483648, 0, 32;
    %flag_get/vec4 4;
    %jmp/0 T_1.36, 4;
    %load/vec4 v0000017099353070_0;
    %pushi/vec4 4294967295, 0, 32;
    %cmp/e;
    %flag_get/vec4 4;
    %and;
T_1.36;
    %flag_set/vec4 8;
    %jmp/0xz  T_1.34, 8;
    %pushi/vec4 0, 0, 32;
    %store/vec4 v0000017099352e90_0, 0, 32;
    %jmp T_1.35;
T_1.34 ;
    %load/vec4 v00000170993532f0_0;
    %load/vec4 v0000017099353070_0;
    %mod/s;
    %store/vec4 v0000017099352e90_0, 0, 32;
T_1.35 ;
T_1.33 ;
    %jmp T_1.20;
T_1.18 ;
    %load/vec4 v0000017099353070_0;
    %cmpi/e 0, 0, 32;
    %jmp/0xz  T_1.37, 4;
    %load/vec4 v00000170993532f0_0;
    %store/vec4 v0000017099352e90_0, 0, 32;
    %jmp T_1.38;
T_1.37 ;
    %load/vec4 v00000170993532f0_0;
    %load/vec4 v0000017099353070_0;
    %mod;
    %store/vec4 v0000017099352e90_0, 0, 32;
T_1.38 ;
    %jmp T_1.20;
T_1.20 ;
    %pop/vec4 1;
    %jmp T_1;
    .thread T_1, $push;
    .scope S_00000170992d24a0;
T_2 ;
    %pushi/vec4 0, 0, 32;
    %store/vec4 v00000170993531b0_0, 0, 32;
    %end;
    .thread T_2;
    .scope S_00000170992d24a0;
T_3 ;
    %vpi_call 2 43 "$display", "=== RV32M ALU Simulation Start ===" {0 0 0};
    %pushi/vec4 11, 0, 5;
    %store/vec4 v0000017099352f30_0, 0, 5;
    %pushi/vec4 12, 0, 32;
    %store/vec4 v0000017099353390_0, 0, 32;
    %pushi/vec4 5, 0, 32;
    %store/vec4 v0000017099352fd0_0, 0, 32;
    %delay 10000, 0;
    %pushi/vec4 60, 0, 32;
    %store/vec4 v00000170992d2630_0, 0, 32;
    %pushi/vec4 2594871360, 0, 194;
    %concati/vec4 3772704466, 0, 32;
    %concati/vec4 1953068645, 0, 31;
    %store/vec4 v00000170992d26d0_0, 0, 257;
    %fork TD_tb_alu_m.check, S_00000170992fac20;
    %join;
    %pushi/vec4 4294967286, 0, 32;
    %store/vec4 v0000017099353390_0, 0, 32;
    %pushi/vec4 6, 0, 32;
    %store/vec4 v0000017099352fd0_0, 0, 32;
    %delay 10000, 0;
    %pushi/vec4 4294967236, 0, 32;
    %store/vec4 v00000170992d2630_0, 0, 32;
    %pushi/vec4 2594871360, 0, 194;
    %concati/vec4 3704278722, 0, 32;
    %concati/vec4 1953068645, 0, 31;
    %store/vec4 v00000170992d26d0_0, 0, 257;
    %fork TD_tb_alu_m.check, S_00000170992fac20;
    %join;
    %pushi/vec4 4294967295, 0, 32;
    %store/vec4 v0000017099353390_0, 0, 32;
    %pushi/vec4 2, 0, 32;
    %store/vec4 v0000017099352fd0_0, 0, 32;
    %delay 10000, 0;
    %pushi/vec4 4294967294, 0, 32;
    %store/vec4 v00000170992d2630_0, 0, 32;
    %pushi/vec4 2594871360, 0, 114;
    %concati/vec4 3740060388, 0, 32;
    %concati/vec4 3436764910, 0, 32;
    %concati/vec4 2175909341, 0, 33;
    %concati/vec4 2512945356, 0, 32;
    %concati/vec4 12898, 0, 14;
    %store/vec4 v00000170992d26d0_0, 0, 257;
    %fork TD_tb_alu_m.check, S_00000170992fac20;
    %join;
    %pushi/vec4 12, 0, 5;
    %store/vec4 v0000017099352f30_0, 0, 5;
    %pushi/vec4 2147483647, 0, 32;
    %store/vec4 v0000017099353390_0, 0, 32;
    %pushi/vec4 2, 0, 32;
    %store/vec4 v0000017099352fd0_0, 0, 32;
    %delay 10000, 0;
    %pushi/vec4 0, 0, 32;
    %store/vec4 v00000170992d2630_0, 0, 32;
    %pushi/vec4 2594871440, 0, 138;
    %concati/vec4 2178269633, 0, 33;
    %concati/vec4 2512945601, 0, 32;
    %concati/vec4 3184371153, 0, 32;
    %concati/vec4 2717285, 0, 22;
    %store/vec4 v00000170992d26d0_0, 0, 257;
    %fork TD_tb_alu_m.check, S_00000170992fac20;
    %join;
    %pushi/vec4 4294967295, 0, 32;
    %store/vec4 v0000017099353390_0, 0, 32;
    %pushi/vec4 4294967295, 0, 32;
    %store/vec4 v0000017099352fd0_0, 0, 32;
    %delay 10000, 0;
    %pushi/vec4 0, 0, 32;
    %store/vec4 v00000170992d2630_0, 0, 32;
    %pushi/vec4 2594871440, 0, 178;
    %concati/vec4 2158015684, 0, 33;
    %concati/vec4 2158526644, 0, 32;
    %concati/vec4 12585, 0, 14;
    %store/vec4 v00000170992d26d0_0, 0, 257;
    %fork TD_tb_alu_m.check, S_00000170992fac20;
    %join;
    %pushi/vec4 2147483648, 0, 32;
    %store/vec4 v0000017099353390_0, 0, 32;
    %pushi/vec4 2, 0, 32;
    %store/vec4 v0000017099352fd0_0, 0, 32;
    %delay 10000, 0;
    %pushi/vec4 4294967295, 0, 32;
    %store/vec4 v00000170992d2630_0, 0, 32;
    %pushi/vec4 2594871440, 0, 146;
    %concati/vec4 2158048549, 0, 33;
    %concati/vec4 3858011365, 0, 34;
    %concati/vec4 2214937606, 0, 33;
    %concati/vec4 553, 0, 11;
    %store/vec4 v00000170992d26d0_0, 0, 257;
    %fork TD_tb_alu_m.check, S_00000170992fac20;
    %join;
    %pushi/vec4 14, 0, 5;
    %store/vec4 v0000017099352f30_0, 0, 5;
    %pushi/vec4 4294967295, 0, 32;
    %store/vec4 v0000017099353390_0, 0, 32;
    %pushi/vec4 4294967295, 0, 32;
    %store/vec4 v0000017099352fd0_0, 0, 32;
    %delay 10000, 0;
    %pushi/vec4 4294967294, 0, 32;
    %store/vec4 v00000170992d2630_0, 0, 32;
    %pushi/vec4 2594871440, 0, 74;
    %concati/vec4 2856341658, 0, 32;
    %concati/vec4 2192621226, 0, 32;
    %concati/vec4 2459740224, 0, 32;
    %concati/vec4 2827040005, 0, 33;
    %concati/vec4 3271207498, 0, 33;
    %concati/vec4 939049, 0, 21;
    %store/vec4 v00000170992d26d0_0, 0, 257;
    %fork TD_tb_alu_m.check, S_00000170992fac20;
    %join;
    %pushi/vec4 13, 0, 5;
    %store/vec4 v0000017099352f30_0, 0, 5;
    %pushi/vec4 4294967295, 0, 32;
    %store/vec4 v0000017099353390_0, 0, 32;
    %pushi/vec4 4294967295, 0, 32;
    %store/vec4 v0000017099352fd0_0, 0, 32;
    %delay 10000, 0;
    %pushi/vec4 4294967295, 0, 32;
    %store/vec4 v00000170992d2630_0, 0, 32;
    %pushi/vec4 2594871440, 0, 114;
    %concati/vec4 2796175440, 0, 32;
    %concati/vec4 3032776872, 0, 33;
    %concati/vec4 2167735649, 0, 32;
    %concati/vec4 4205464178, 0, 33;
    %concati/vec4 5161, 0, 13;
    %store/vec4 v00000170992d26d0_0, 0, 257;
    %fork TD_tb_alu_m.check, S_00000170992fac20;
    %join;
    %pushi/vec4 15, 0, 5;
    %store/vec4 v0000017099352f30_0, 0, 5;
    %pushi/vec4 20, 0, 32;
    %store/vec4 v0000017099353390_0, 0, 32;
    %pushi/vec4 5, 0, 32;
    %store/vec4 v0000017099352fd0_0, 0, 32;
    %delay 10000, 0;
    %pushi/vec4 4, 0, 32;
    %store/vec4 v00000170992d2630_0, 0, 32;
    %pushi/vec4 2291313728, 0, 194;
    %concati/vec4 2697511040, 0, 33;
    %concati/vec4 790639913, 0, 30;
    %store/vec4 v00000170992d26d0_0, 0, 257;
    %fork TD_tb_alu_m.check, S_00000170992fac20;
    %join;
    %pushi/vec4 4294967276, 0, 32;
    %store/vec4 v0000017099353390_0, 0, 32;
    %pushi/vec4 5, 0, 32;
    %store/vec4 v0000017099352fd0_0, 0, 32;
    %delay 10000, 0;
    %pushi/vec4 4294967292, 0, 32;
    %store/vec4 v00000170992d2630_0, 0, 32;
    %pushi/vec4 2291313728, 0, 186;
    %concati/vec4 2696202432, 0, 33;
    %concati/vec4 2159837396, 0, 32;
    %concati/vec4 41, 0, 6;
    %store/vec4 v00000170992d26d0_0, 0, 257;
    %fork TD_tb_alu_m.check, S_00000170992fac20;
    %join;
    %pushi/vec4 20, 0, 32;
    %store/vec4 v0000017099353390_0, 0, 32;
    %pushi/vec4 4294967291, 0, 32;
    %store/vec4 v0000017099352fd0_0, 0, 32;
    %delay 10000, 0;
    %pushi/vec4 4294967292, 0, 32;
    %store/vec4 v00000170992d2630_0, 0, 32;
    %pushi/vec4 2291313728, 0, 186;
    %concati/vec4 2697511040, 0, 33;
    %concati/vec4 3162551508, 0, 32;
    %concati/vec4 41, 0, 6;
    %store/vec4 v00000170992d26d0_0, 0, 257;
    %fork TD_tb_alu_m.check, S_00000170992fac20;
    %join;
    %pushi/vec4 4294967276, 0, 32;
    %store/vec4 v0000017099353390_0, 0, 32;
    %pushi/vec4 4294967291, 0, 32;
    %store/vec4 v0000017099352fd0_0, 0, 32;
    %delay 10000, 0;
    %pushi/vec4 4, 0, 32;
    %store/vec4 v00000170992d2630_0, 0, 32;
    %pushi/vec4 2291313728, 0, 178;
    %concati/vec4 2696202432, 0, 33;
    %concati/vec4 2159837364, 0, 32;
    %concati/vec4 13609, 0, 14;
    %store/vec4 v00000170992d26d0_0, 0, 257;
    %fork TD_tb_alu_m.check, S_00000170992fac20;
    %join;
    %pushi/vec4 10, 0, 32;
    %store/vec4 v0000017099353390_0, 0, 32;
    %pushi/vec4 0, 0, 32;
    %store/vec4 v0000017099352fd0_0, 0, 32;
    %delay 10000, 0;
    %pushi/vec4 4294967295, 0, 32;
    %store/vec4 v00000170992d2630_0, 0, 32;
    %pushi/vec4 2291313728, 0, 202;
    %concati/vec4 3304210676, 0, 32;
    %concati/vec4 6648431, 0, 23;
    %store/vec4 v00000170992d26d0_0, 0, 257;
    %fork TD_tb_alu_m.check, S_00000170992fac20;
    %join;
    %pushi/vec4 2147483648, 0, 32;
    %store/vec4 v0000017099353390_0, 0, 32;
    %pushi/vec4 4294967295, 0, 32;
    %store/vec4 v0000017099352fd0_0, 0, 32;
    %delay 10000, 0;
    %pushi/vec4 2147483648, 0, 32;
    %store/vec4 v00000170992d2630_0, 0, 32;
    %pushi/vec4 2291313728, 0, 74;
    %concati/vec4 3740060388, 0, 32;
    %concati/vec4 3436764910, 0, 32;
    %concati/vec4 2158048549, 0, 33;
    %concati/vec4 3858011365, 0, 34;
    %concati/vec4 2214978565, 0, 33;
    %concati/vec4 340265, 0, 19;
    %store/vec4 v00000170992d26d0_0, 0, 257;
    %fork TD_tb_alu_m.check, S_00000170992fac20;
    %join;
    %pushi/vec4 16, 0, 5;
    %store/vec4 v0000017099352f30_0, 0, 5;
    %pushi/vec4 20, 0, 32;
    %store/vec4 v0000017099353390_0, 0, 32;
    %pushi/vec4 5, 0, 32;
    %store/vec4 v0000017099352fd0_0, 0, 32;
    %delay 10000, 0;
    %pushi/vec4 4, 0, 32;
    %store/vec4 v00000170992d2630_0, 0, 32;
    %pushi/vec4 2291313834, 0, 186;
    %concati/vec4 2158020800, 0, 33;
    %concati/vec4 2159837396, 0, 32;
    %concati/vec4 41, 0, 6;
    %store/vec4 v00000170992d26d0_0, 0, 257;
    %fork TD_tb_alu_m.check, S_00000170992fac20;
    %join;
    %pushi/vec4 4294967294, 0, 32;
    %store/vec4 v0000017099353390_0, 0, 32;
    %pushi/vec4 2, 0, 32;
    %store/vec4 v0000017099352fd0_0, 0, 32;
    %delay 10000, 0;
    %pushi/vec4 2147483647, 0, 32;
    %store/vec4 v00000170992d2630_0, 0, 32;
    %pushi/vec4 2291313834, 0, 138;
    %concati/vec4 2175894985, 0, 33;
    %concati/vec4 2643755477, 0, 32;
    %concati/vec4 3117262237, 0, 32;
    %concati/vec4 3040612, 0, 22;
    %store/vec4 v00000170992d26d0_0, 0, 257;
    %fork TD_tb_alu_m.check, S_00000170992fac20;
    %join;
    %pushi/vec4 10, 0, 32;
    %store/vec4 v0000017099353390_0, 0, 32;
    %pushi/vec4 0, 0, 32;
    %store/vec4 v0000017099352fd0_0, 0, 32;
    %delay 10000, 0;
    %pushi/vec4 4294967295, 0, 32;
    %store/vec4 v00000170992d2630_0, 0, 32;
    %pushi/vec4 2291313834, 0, 194;
    %concati/vec4 2173297793, 0, 33;
    %concati/vec4 979726959, 0, 30;
    %store/vec4 v00000170992d26d0_0, 0, 257;
    %fork TD_tb_alu_m.check, S_00000170992fac20;
    %join;
    %pushi/vec4 17, 0, 5;
    %store/vec4 v0000017099352f30_0, 0, 5;
    %pushi/vec4 22, 0, 32;
    %store/vec4 v0000017099353390_0, 0, 32;
    %pushi/vec4 5, 0, 32;
    %store/vec4 v0000017099352fd0_0, 0, 32;
    %delay 10000, 0;
    %pushi/vec4 2, 0, 32;
    %store/vec4 v00000170992d2630_0, 0, 32;
    %pushi/vec4 2760546880, 0, 194;
    %concati/vec4 2697513088, 0, 33;
    %concati/vec4 622867753, 0, 30;
    %store/vec4 v00000170992d26d0_0, 0, 257;
    %fork TD_tb_alu_m.check, S_00000170992fac20;
    %join;
    %pushi/vec4 4294967274, 0, 32;
    %store/vec4 v0000017099353390_0, 0, 32;
    %pushi/vec4 5, 0, 32;
    %store/vec4 v0000017099352fd0_0, 0, 32;
    %delay 10000, 0;
    %pushi/vec4 4294967294, 0, 32;
    %store/vec4 v00000170992d2630_0, 0, 32;
    %pushi/vec4 2760546880, 0, 186;
    %concati/vec4 2696202440, 0, 33;
    %concati/vec4 2157215956, 0, 32;
    %concati/vec4 41, 0, 6;
    %store/vec4 v00000170992d26d0_0, 0, 257;
    %fork TD_tb_alu_m.check, S_00000170992fac20;
    %join;
    %pushi/vec4 10, 0, 32;
    %store/vec4 v0000017099353390_0, 0, 32;
    %pushi/vec4 0, 0, 32;
    %store/vec4 v0000017099352fd0_0, 0, 32;
    %delay 10000, 0;
    %pushi/vec4 10, 0, 32;
    %store/vec4 v00000170992d2630_0, 0, 32;
    %pushi/vec4 2760546880, 0, 202;
    %concati/vec4 3304210676, 0, 32;
    %concati/vec4 6648431, 0, 23;
    %store/vec4 v00000170992d26d0_0, 0, 257;
    %fork TD_tb_alu_m.check, S_00000170992fac20;
    %join;
    %pushi/vec4 2147483648, 0, 32;
    %store/vec4 v0000017099353390_0, 0, 32;
    %pushi/vec4 4294967295, 0, 32;
    %store/vec4 v0000017099352fd0_0, 0, 32;
    %delay 10000, 0;
    %pushi/vec4 0, 0, 32;
    %store/vec4 v00000170992d2630_0, 0, 32;
    %pushi/vec4 2760546880, 0, 74;
    %concati/vec4 3740060388, 0, 32;
    %concati/vec4 3436764910, 0, 32;
    %concati/vec4 2158048549, 0, 33;
    %concati/vec4 3858011365, 0, 34;
    %concati/vec4 2214896645, 0, 33;
    %concati/vec4 340265, 0, 19;
    %store/vec4 v00000170992d26d0_0, 0, 257;
    %fork TD_tb_alu_m.check, S_00000170992fac20;
    %join;
    %pushi/vec4 18, 0, 5;
    %store/vec4 v0000017099352f30_0, 0, 5;
    %pushi/vec4 22, 0, 32;
    %store/vec4 v0000017099353390_0, 0, 32;
    %pushi/vec4 5, 0, 32;
    %store/vec4 v0000017099352fd0_0, 0, 32;
    %delay 10000, 0;
    %pushi/vec4 2, 0, 32;
    %store/vec4 v00000170992d2630_0, 0, 32;
    %pushi/vec4 2760546986, 0, 186;
    %concati/vec4 2158020808, 0, 33;
    %concati/vec4 2157215956, 0, 32;
    %concati/vec4 41, 0, 6;
    %store/vec4 v00000170992d26d0_0, 0, 257;
    %fork TD_tb_alu_m.check, S_00000170992fac20;
    %join;
    %pushi/vec4 10, 0, 32;
    %store/vec4 v0000017099353390_0, 0, 32;
    %pushi/vec4 0, 0, 32;
    %store/vec4 v0000017099352fd0_0, 0, 32;
    %delay 10000, 0;
    %pushi/vec4 10, 0, 32;
    %store/vec4 v00000170992d2630_0, 0, 32;
    %pushi/vec4 2760546986, 0, 194;
    %concati/vec4 2173297793, 0, 33;
    %concati/vec4 979726959, 0, 30;
    %store/vec4 v00000170992d26d0_0, 0, 257;
    %fork TD_tb_alu_m.check, S_00000170992fac20;
    %join;
    %load/vec4 v00000170993531b0_0;
    %cmpi/e 0, 0, 32;
    %jmp/0xz  T_3.0, 4;
    %vpi_call 2 94 "$display", "ALL M EXTENSION ALU TESTS PASSED!" {0 0 0};
    %jmp T_3.1;
T_3.0 ;
    %vpi_call 2 96 "$display", "SOME TESTS FAILED! Failures: %d", v00000170993531b0_0 {0 0 0};
T_3.1 ;
    %vpi_call 2 99 "$finish" {0 0 0};
    %end;
    .thread T_3;
# The file index is used to find the file name in the following table.
:file_names 4;
    "N/A";
    "<interactive>";
    "sim/tb_alu_m.v";
    "src/alu.v";
