#! /c/Source/iverilog-install/bin/vvp
:ivl_version "12.0 (devel)" "(s20150603-1539-g2693dd32b)";
:ivl_delay_selection "TYPICAL";
:vpi_time_precision - 12;
:vpi_module "C:\iverilog\lib\ivl\system.vpi";
:vpi_module "C:\iverilog\lib\ivl\vhdl_sys.vpi";
:vpi_module "C:\iverilog\lib\ivl\vhdl_textio.vpi";
:vpi_module "C:\iverilog\lib\ivl\v2005_math.vpi";
:vpi_module "C:\iverilog\lib\ivl\va_math.vpi";
S_000001b8fe10a910 .scope module, "tb_alu" "tb_alu" 2 11;
 .timescale -9 -12;
v000001b8fe12c400_0 .var "a", 31 0;
v000001b8fe12c4a0_0 .var "alu_op", 3 0;
v000001b8fe12c540_0 .var "b", 31 0;
v000001b8fe139000_0 .var/i "fail_count", 31 0;
v000001b8fe1390a0_0 .var/i "pass_count", 31 0;
v000001b8fe139140_0 .net "result", 31 0, v000001b8fe12c2c0_0;  1 drivers
v000001b8fe1391e0_0 .net "zero", 0 0, L_000001b8fe558860;  1 drivers
S_000001b8fe13a800 .scope task, "check" "check" 2 38, 2 38 0, S_000001b8fe10a910;
 .timescale -9 -12;
v000001b8fe118900_0 .var "expected", 31 0;
v000001b8fe1189a0_0 .var "test_name", 127 0;
TD_tb_alu.check ;
    %delay 1000, 0;
    %load/vec4 v000001b8fe139140_0;
    %load/vec4 v000001b8fe118900_0;
    %cmp/e;
    %jmp/0xz  T_0.0, 6;
    %load/vec4 v000001b8fe12c400_0;
    %load/vec4 v000001b8fe12c540_0;
    %load/vec4 v000001b8fe139140_0;
    %vpi_call 2 44 "$display", "  PASS  %s | a=%0d b=%0d -> result=%0d", v000001b8fe1189a0_0, S<2,vec4,s32>, S<1,vec4,s32>, S<0,vec4,s32> {3 0 0};
    %load/vec4 v000001b8fe1390a0_0;
    %addi 1, 0, 32;
    %store/vec4 v000001b8fe1390a0_0, 0, 32;
    %jmp T_0.1;
T_0.0 ;
    %load/vec4 v000001b8fe12c400_0;
    %load/vec4 v000001b8fe12c540_0;
    %load/vec4 v000001b8fe118900_0;
    %load/vec4 v000001b8fe139140_0;
    %vpi_call 2 48 "$display", "  FAIL  %s | a=%0d b=%0d | expected=%0d got=%0d", v000001b8fe1189a0_0, S<3,vec4,s32>, S<2,vec4,s32>, S<1,vec4,s32>, S<0,vec4,s32> {4 0 0};
    %load/vec4 v000001b8fe139000_0;
    %addi 1, 0, 32;
    %store/vec4 v000001b8fe139000_0, 0, 32;
T_0.1 ;
    %end;
S_000001b8fe1181b0 .scope module, "dut" "alu" 2 24, 3 15 0, S_000001b8fe10a910;
 .timescale -9 -12;
    .port_info 0 /INPUT 32 "a";
    .port_info 1 /INPUT 32 "b";
    .port_info 2 /INPUT 4 "alu_op";
    .port_info 3 /OUTPUT 32 "result";
    .port_info 4 /OUTPUT 1 "zero";
L_000001b8fe510088 .functor BUFT 1, C4<00000000000000000000000000000000>, C4<0>, C4<0>, C4<0>;
v000001b8fe118340_0 .net/2u *"_ivl_0", 31 0, L_000001b8fe510088;  1 drivers
v000001b8fe118a40_0 .net "a", 31 0, v000001b8fe12c400_0;  1 drivers
v000001b8fe12c180_0 .net "alu_op", 3 0, v000001b8fe12c4a0_0;  1 drivers
v000001b8fe12c220_0 .net "b", 31 0, v000001b8fe12c540_0;  1 drivers
v000001b8fe12c2c0_0 .var "result", 31 0;
v000001b8fe12c360_0 .net "zero", 0 0, L_000001b8fe558860;  alias, 1 drivers
E_000001b8fe136540 .event anyedge, v000001b8fe12c180_0, v000001b8fe118a40_0, v000001b8fe12c220_0;
L_000001b8fe558860 .cmp/eq 32, v000001b8fe12c2c0_0, L_000001b8fe510088;
    .scope S_000001b8fe1181b0;
T_1 ;
    %wait E_000001b8fe136540;
    %load/vec4 v000001b8fe12c180_0;
    %dup/vec4;
    %pushi/vec4 0, 0, 4;
    %cmp/u;
    %jmp/1 T_1.0, 6;
    %dup/vec4;
    %pushi/vec4 1, 0, 4;
    %cmp/u;
    %jmp/1 T_1.1, 6;
    %dup/vec4;
    %pushi/vec4 2, 0, 4;
    %cmp/u;
    %jmp/1 T_1.2, 6;
    %dup/vec4;
    %pushi/vec4 3, 0, 4;
    %cmp/u;
    %jmp/1 T_1.3, 6;
    %dup/vec4;
    %pushi/vec4 4, 0, 4;
    %cmp/u;
    %jmp/1 T_1.4, 6;
    %dup/vec4;
    %pushi/vec4 5, 0, 4;
    %cmp/u;
    %jmp/1 T_1.5, 6;
    %dup/vec4;
    %pushi/vec4 6, 0, 4;
    %cmp/u;
    %jmp/1 T_1.6, 6;
    %dup/vec4;
    %pushi/vec4 7, 0, 4;
    %cmp/u;
    %jmp/1 T_1.7, 6;
    %dup/vec4;
    %pushi/vec4 8, 0, 4;
    %cmp/u;
    %jmp/1 T_1.8, 6;
    %dup/vec4;
    %pushi/vec4 9, 0, 4;
    %cmp/u;
    %jmp/1 T_1.9, 6;
    %dup/vec4;
    %pushi/vec4 10, 0, 4;
    %cmp/u;
    %jmp/1 T_1.10, 6;
    %pushi/vec4 0, 0, 32;
    %store/vec4 v000001b8fe12c2c0_0, 0, 32;
    %jmp T_1.12;
T_1.0 ;
    %load/vec4 v000001b8fe118a40_0;
    %load/vec4 v000001b8fe12c220_0;
    %add;
    %store/vec4 v000001b8fe12c2c0_0, 0, 32;
    %jmp T_1.12;
T_1.1 ;
    %load/vec4 v000001b8fe118a40_0;
    %load/vec4 v000001b8fe12c220_0;
    %sub;
    %store/vec4 v000001b8fe12c2c0_0, 0, 32;
    %jmp T_1.12;
T_1.2 ;
    %load/vec4 v000001b8fe118a40_0;
    %load/vec4 v000001b8fe12c220_0;
    %and;
    %store/vec4 v000001b8fe12c2c0_0, 0, 32;
    %jmp T_1.12;
T_1.3 ;
    %load/vec4 v000001b8fe118a40_0;
    %load/vec4 v000001b8fe12c220_0;
    %or;
    %store/vec4 v000001b8fe12c2c0_0, 0, 32;
    %jmp T_1.12;
T_1.4 ;
    %load/vec4 v000001b8fe118a40_0;
    %load/vec4 v000001b8fe12c220_0;
    %xor;
    %store/vec4 v000001b8fe12c2c0_0, 0, 32;
    %jmp T_1.12;
T_1.5 ;
    %load/vec4 v000001b8fe118a40_0;
    %load/vec4 v000001b8fe12c220_0;
    %parti/s 5, 0, 2;
    %ix/vec4 4;
    %shiftl 4;
    %store/vec4 v000001b8fe12c2c0_0, 0, 32;
    %jmp T_1.12;
T_1.6 ;
    %load/vec4 v000001b8fe118a40_0;
    %load/vec4 v000001b8fe12c220_0;
    %parti/s 5, 0, 2;
    %ix/vec4 4;
    %shiftr 4;
    %store/vec4 v000001b8fe12c2c0_0, 0, 32;
    %jmp T_1.12;
T_1.7 ;
    %load/vec4 v000001b8fe118a40_0;
    %load/vec4 v000001b8fe12c220_0;
    %parti/s 5, 0, 2;
    %ix/vec4 4;
    %shiftr/s 4;
    %store/vec4 v000001b8fe12c2c0_0, 0, 32;
    %jmp T_1.12;
T_1.8 ;
    %load/vec4 v000001b8fe118a40_0;
    %load/vec4 v000001b8fe12c220_0;
    %cmp/s;
    %flag_mov 8, 5;
    %jmp/0 T_1.13, 8;
    %pushi/vec4 1, 0, 32;
    %jmp/1 T_1.14, 8;
T_1.13 ; End of true expr.
    %pushi/vec4 0, 0, 32;
    %jmp/0 T_1.14, 8;
 ; End of false expr.
    %blend;
T_1.14;
    %store/vec4 v000001b8fe12c2c0_0, 0, 32;
    %jmp T_1.12;
T_1.9 ;
    %load/vec4 v000001b8fe118a40_0;
    %load/vec4 v000001b8fe12c220_0;
    %cmp/u;
    %flag_mov 8, 5;
    %jmp/0 T_1.15, 8;
    %pushi/vec4 1, 0, 32;
    %jmp/1 T_1.16, 8;
T_1.15 ; End of true expr.
    %pushi/vec4 0, 0, 32;
    %jmp/0 T_1.16, 8;
 ; End of false expr.
    %blend;
T_1.16;
    %store/vec4 v000001b8fe12c2c0_0, 0, 32;
    %jmp T_1.12;
T_1.10 ;
    %load/vec4 v000001b8fe12c220_0;
    %store/vec4 v000001b8fe12c2c0_0, 0, 32;
    %jmp T_1.12;
T_1.12 ;
    %pop/vec4 1;
    %jmp T_1;
    .thread T_1, $push;
    .scope S_000001b8fe10a910;
T_2 ;
    %pushi/vec4 0, 0, 32;
    %store/vec4 v000001b8fe1390a0_0, 0, 32;
    %pushi/vec4 0, 0, 32;
    %store/vec4 v000001b8fe139000_0, 0, 32;
    %end;
    .thread T_2;
    .scope S_000001b8fe10a910;
T_3 ;
    %vpi_call 2 60 "$display", "=== RISC-V ALU Testbench ===" {0 0 0};
    %vpi_call 2 65 "$display", "\012--- ADD ---" {0 0 0};
    %pushi/vec4 0, 0, 4;
    %store/vec4 v000001b8fe12c4a0_0, 0, 4;
    %pushi/vec4 10, 0, 32;
    %store/vec4 v000001b8fe12c400_0, 0, 32;
    %pushi/vec4 20, 0, 32;
    %store/vec4 v000001b8fe12c540_0, 0, 32;
    %pushi/vec4 0, 0, 32; draw_string_vec4
    %pushi/vec4 4277316, 0, 32; draw_string_vec4
    %concat/vec4; draw_string_vec4
    %pushi/vec4 540094507, 0, 32; draw_string_vec4
    %concat/vec4; draw_string_vec4
    %pushi/vec4 842014752, 0, 32; draw_string_vec4
    %concat/vec4; draw_string_vec4
    %store/vec4 v000001b8fe1189a0_0, 0, 128;
    %pushi/vec4 30, 0, 32;
    %store/vec4 v000001b8fe118900_0, 0, 32;
    %fork TD_tb_alu.check, S_000001b8fe13a800;
    %join;
    %pushi/vec4 0, 0, 4;
    %store/vec4 v000001b8fe12c4a0_0, 0, 4;
    %pushi/vec4 0, 0, 32;
    %store/vec4 v000001b8fe12c400_0, 0, 32;
    %pushi/vec4 0, 0, 32;
    %store/vec4 v000001b8fe12c540_0, 0, 32;
    %pushi/vec4 0, 0, 32; draw_string_vec4
    %pushi/vec4 4277316, 0, 32; draw_string_vec4
    %concat/vec4; draw_string_vec4
    %pushi/vec4 540027696, 0, 32; draw_string_vec4
    %concat/vec4; draw_string_vec4
    %pushi/vec4 538976288, 0, 32; draw_string_vec4
    %concat/vec4; draw_string_vec4
    %store/vec4 v000001b8fe1189a0_0, 0, 128;
    %pushi/vec4 0, 0, 32;
    %store/vec4 v000001b8fe118900_0, 0, 32;
    %fork TD_tb_alu.check, S_000001b8fe13a800;
    %join;
    %pushi/vec4 0, 0, 4;
    %store/vec4 v000001b8fe12c4a0_0, 0, 4;
    %pushi/vec4 4294967295, 0, 32;
    %store/vec4 v000001b8fe12c400_0, 0, 32;
    %pushi/vec4 1, 0, 32;
    %store/vec4 v000001b8fe12c540_0, 0, 32;
    %pushi/vec4 16708, 0, 32; draw_string_vec4
    %pushi/vec4 1142978418, 0, 32; draw_string_vec4
    %concat/vec4; draw_string_vec4
    %pushi/vec4 1634754930, 0, 32; draw_string_vec4
    %concat/vec4; draw_string_vec4
    %pushi/vec4 1869966948, 0, 32; draw_string_vec4
    %concat/vec4; draw_string_vec4
    %store/vec4 v000001b8fe1189a0_0, 0, 128;
    %pushi/vec4 0, 0, 32;
    %store/vec4 v000001b8fe118900_0, 0, 32;
    %fork TD_tb_alu.check, S_000001b8fe13a800;
    %join;
    %vpi_call 2 73 "$display", "\012--- SUB ---" {0 0 0};
    %pushi/vec4 1, 0, 4;
    %store/vec4 v000001b8fe12c4a0_0, 0, 4;
    %pushi/vec4 30, 0, 32;
    %store/vec4 v000001b8fe12c400_0, 0, 32;
    %pushi/vec4 10, 0, 32;
    %store/vec4 v000001b8fe12c540_0, 0, 32;
    %pushi/vec4 0, 0, 32; draw_string_vec4
    %pushi/vec4 5461314, 0, 32; draw_string_vec4
    %concat/vec4; draw_string_vec4
    %pushi/vec4 540225581, 0, 32; draw_string_vec4
    %concat/vec4; draw_string_vec4
    %pushi/vec4 825237536, 0, 32; draw_string_vec4
    %concat/vec4; draw_string_vec4
    %store/vec4 v000001b8fe1189a0_0, 0, 128;
    %pushi/vec4 20, 0, 32;
    %store/vec4 v000001b8fe118900_0, 0, 32;
    %fork TD_tb_alu.check, S_000001b8fe13a800;
    %join;
    %pushi/vec4 1, 0, 4;
    %store/vec4 v000001b8fe12c4a0_0, 0, 4;
    %pushi/vec4 5, 0, 32;
    %store/vec4 v000001b8fe12c400_0, 0, 32;
    %pushi/vec4 5, 0, 32;
    %store/vec4 v000001b8fe12c540_0, 0, 32;
    %pushi/vec4 0, 0, 32; draw_string_vec4
    %pushi/vec4 5461314, 0, 32; draw_string_vec4
    %concat/vec4; draw_string_vec4
    %pushi/vec4 540355893, 0, 32; draw_string_vec4
    %concat/vec4; draw_string_vec4
    %pushi/vec4 1026564128, 0, 32; draw_string_vec4
    %concat/vec4; draw_string_vec4
    %store/vec4 v000001b8fe1189a0_0, 0, 128;
    %pushi/vec4 0, 0, 32;
    %store/vec4 v000001b8fe118900_0, 0, 32;
    %fork TD_tb_alu.check, S_000001b8fe13a800;
    %join;
    %pushi/vec4 1, 0, 4;
    %store/vec4 v000001b8fe12c4a0_0, 0, 4;
    %pushi/vec4 0, 0, 32;
    %store/vec4 v000001b8fe12c400_0, 0, 32;
    %pushi/vec4 1, 0, 32;
    %store/vec4 v000001b8fe12c540_0, 0, 32;
    %pushi/vec4 0, 0, 32; draw_string_vec4
    %pushi/vec4 5461314, 0, 32; draw_string_vec4
    %concat/vec4; draw_string_vec4
    %pushi/vec4 540028209, 0, 32; draw_string_vec4
    %concat/vec4; draw_string_vec4
    %pushi/vec4 538976288, 0, 32; draw_string_vec4
    %concat/vec4; draw_string_vec4
    %store/vec4 v000001b8fe1189a0_0, 0, 128;
    %pushi/vec4 4294967295, 0, 32;
    %store/vec4 v000001b8fe118900_0, 0, 32;
    %fork TD_tb_alu.check, S_000001b8fe13a800;
    %join;
    %vpi_call 2 81 "$display", "\012--- AND ---" {0 0 0};
    %pushi/vec4 2, 0, 4;
    %store/vec4 v000001b8fe12c4a0_0, 0, 4;
    %pushi/vec4 4278255360, 0, 32;
    %store/vec4 v000001b8fe12c400_0, 0, 32;
    %pushi/vec4 252645135, 0, 32;
    %store/vec4 v000001b8fe12c540_0, 0, 32;
    %pushi/vec4 0, 0, 32; draw_string_vec4
    %pushi/vec4 4279876, 0, 32; draw_string_vec4
    %concat/vec4; draw_string_vec4
    %pushi/vec4 538976288, 0, 32; draw_string_vec4
    %concat/vec4; draw_string_vec4
    %pushi/vec4 538976288, 0, 32; draw_string_vec4
    %concat/vec4; draw_string_vec4
    %store/vec4 v000001b8fe1189a0_0, 0, 128;
    %pushi/vec4 251662080, 0, 32;
    %store/vec4 v000001b8fe118900_0, 0, 32;
    %fork TD_tb_alu.check, S_000001b8fe13a800;
    %join;
    %pushi/vec4 2, 0, 4;
    %store/vec4 v000001b8fe12c4a0_0, 0, 4;
    %pushi/vec4 4294967295, 0, 32;
    %store/vec4 v000001b8fe12c400_0, 0, 32;
    %pushi/vec4 305419896, 0, 32;
    %store/vec4 v000001b8fe12c540_0, 0, 32;
    %pushi/vec4 0, 0, 32; draw_string_vec4
    %pushi/vec4 4279876, 0, 32; draw_string_vec4
    %concat/vec4; draw_string_vec4
    %pushi/vec4 543255660, 0, 32; draw_string_vec4
    %concat/vec4; draw_string_vec4
    %pushi/vec4 824188960, 0, 32; draw_string_vec4
    %concat/vec4; draw_string_vec4
    %store/vec4 v000001b8fe1189a0_0, 0, 128;
    %pushi/vec4 305419896, 0, 32;
    %store/vec4 v000001b8fe118900_0, 0, 32;
    %fork TD_tb_alu.check, S_000001b8fe13a800;
    %join;
    %vpi_call 2 88 "$display", "\012--- OR ---" {0 0 0};
    %pushi/vec4 3, 0, 4;
    %store/vec4 v000001b8fe12c4a0_0, 0, 4;
    %pushi/vec4 4278190080, 0, 32;
    %store/vec4 v000001b8fe12c400_0, 0, 32;
    %pushi/vec4 16711680, 0, 32;
    %store/vec4 v000001b8fe12c540_0, 0, 32;
    %pushi/vec4 0, 0, 32; draw_string_vec4
    %pushi/vec4 5198368, 0, 32; draw_string_vec4
    %concat/vec4; draw_string_vec4
    %pushi/vec4 538976288, 0, 32; draw_string_vec4
    %concat/vec4; draw_string_vec4
    %pushi/vec4 538976288, 0, 32; draw_string_vec4
    %concat/vec4; draw_string_vec4
    %store/vec4 v000001b8fe1189a0_0, 0, 128;
    %pushi/vec4 4294901760, 0, 32;
    %store/vec4 v000001b8fe118900_0, 0, 32;
    %fork TD_tb_alu.check, S_000001b8fe13a800;
    %join;
    %vpi_call 2 94 "$display", "\012--- XOR ---" {0 0 0};
    %pushi/vec4 4, 0, 4;
    %store/vec4 v000001b8fe12c4a0_0, 0, 4;
    %pushi/vec4 2863311530, 0, 32;
    %store/vec4 v000001b8fe12c400_0, 0, 32;
    %pushi/vec4 1431655765, 0, 32;
    %store/vec4 v000001b8fe12c540_0, 0, 32;
    %pushi/vec4 0, 0, 32; draw_string_vec4
    %pushi/vec4 5787474, 0, 32; draw_string_vec4
    %concat/vec4; draw_string_vec4
    %pushi/vec4 538976288, 0, 32; draw_string_vec4
    %concat/vec4; draw_string_vec4
    %pushi/vec4 538976288, 0, 32; draw_string_vec4
    %concat/vec4; draw_string_vec4
    %store/vec4 v000001b8fe1189a0_0, 0, 128;
    %pushi/vec4 4294967295, 0, 32;
    %store/vec4 v000001b8fe118900_0, 0, 32;
    %fork TD_tb_alu.check, S_000001b8fe13a800;
    %join;
    %pushi/vec4 4, 0, 4;
    %store/vec4 v000001b8fe12c4a0_0, 0, 4;
    %pushi/vec4 305419896, 0, 32;
    %store/vec4 v000001b8fe12c400_0, 0, 32;
    %pushi/vec4 305419896, 0, 32;
    %store/vec4 v000001b8fe12c540_0, 0, 32;
    %pushi/vec4 0, 0, 32; draw_string_vec4
    %pushi/vec4 5787474, 0, 32; draw_string_vec4
    %concat/vec4; draw_string_vec4
    %pushi/vec4 544433516, 0, 32; draw_string_vec4
    %concat/vec4; draw_string_vec4
    %pushi/vec4 1715286048, 0, 32; draw_string_vec4
    %concat/vec4; draw_string_vec4
    %store/vec4 v000001b8fe1189a0_0, 0, 128;
    %pushi/vec4 0, 0, 32;
    %store/vec4 v000001b8fe118900_0, 0, 32;
    %fork TD_tb_alu.check, S_000001b8fe13a800;
    %join;
    %vpi_call 2 101 "$display", "\012--- SLL ---" {0 0 0};
    %pushi/vec4 5, 0, 4;
    %store/vec4 v000001b8fe12c4a0_0, 0, 4;
    %pushi/vec4 1, 0, 32;
    %store/vec4 v000001b8fe12c400_0, 0, 32;
    %pushi/vec4 4, 0, 32;
    %store/vec4 v000001b8fe12c540_0, 0, 32;
    %pushi/vec4 0, 0, 32; draw_string_vec4
    %pushi/vec4 5459020, 0, 32; draw_string_vec4
    %concat/vec4; draw_string_vec4
    %pushi/vec4 540097596, 0, 32; draw_string_vec4
    %concat/vec4; draw_string_vec4
    %pushi/vec4 874520608, 0, 32; draw_string_vec4
    %concat/vec4; draw_string_vec4
    %store/vec4 v000001b8fe1189a0_0, 0, 128;
    %pushi/vec4 16, 0, 32;
    %store/vec4 v000001b8fe118900_0, 0, 32;
    %fork TD_tb_alu.check, S_000001b8fe13a800;
    %join;
    %pushi/vec4 5, 0, 4;
    %store/vec4 v000001b8fe12c4a0_0, 0, 4;
    %pushi/vec4 1, 0, 32;
    %store/vec4 v000001b8fe12c400_0, 0, 32;
    %pushi/vec4 31, 0, 32;
    %store/vec4 v000001b8fe12c540_0, 0, 32;
    %pushi/vec4 0, 0, 32; draw_string_vec4
    %pushi/vec4 5459020, 0, 32; draw_string_vec4
    %concat/vec4; draw_string_vec4
    %pushi/vec4 540097596, 0, 32; draw_string_vec4
    %concat/vec4; draw_string_vec4
    %pushi/vec4 858857504, 0, 32; draw_string_vec4
    %concat/vec4; draw_string_vec4
    %store/vec4 v000001b8fe1189a0_0, 0, 128;
    %pushi/vec4 2147483648, 0, 32;
    %store/vec4 v000001b8fe118900_0, 0, 32;
    %fork TD_tb_alu.check, S_000001b8fe13a800;
    %join;
    %vpi_call 2 108 "$display", "\012--- SRL ---" {0 0 0};
    %pushi/vec4 6, 0, 4;
    %store/vec4 v000001b8fe12c4a0_0, 0, 4;
    %pushi/vec4 2147483648, 0, 32;
    %store/vec4 v000001b8fe12c400_0, 0, 32;
    %pushi/vec4 1, 0, 32;
    %store/vec4 v000001b8fe12c540_0, 0, 32;
    %pushi/vec4 0, 0, 32; draw_string_vec4
    %pushi/vec4 5460556, 0, 32; draw_string_vec4
    %concat/vec4; draw_string_vec4
    %pushi/vec4 541938498, 0, 32; draw_string_vec4
    %concat/vec4; draw_string_vec4
    %pushi/vec4 1044263200, 0, 32; draw_string_vec4
    %concat/vec4; draw_string_vec4
    %store/vec4 v000001b8fe1189a0_0, 0, 128;
    %pushi/vec4 1073741824, 0, 32;
    %store/vec4 v000001b8fe118900_0, 0, 32;
    %fork TD_tb_alu.check, S_000001b8fe13a800;
    %join;
    %pushi/vec4 6, 0, 4;
    %store/vec4 v000001b8fe12c4a0_0, 0, 4;
    %pushi/vec4 16, 0, 32;
    %store/vec4 v000001b8fe12c400_0, 0, 32;
    %pushi/vec4 4, 0, 32;
    %store/vec4 v000001b8fe12c540_0, 0, 32;
    %pushi/vec4 0, 0, 32; draw_string_vec4
    %pushi/vec4 5460556, 0, 32; draw_string_vec4
    %concat/vec4; draw_string_vec4
    %pushi/vec4 540096062, 0, 32; draw_string_vec4
    %concat/vec4; draw_string_vec4
    %pushi/vec4 1043603488, 0, 32; draw_string_vec4
    %concat/vec4; draw_string_vec4
    %store/vec4 v000001b8fe1189a0_0, 0, 128;
    %pushi/vec4 1, 0, 32;
    %store/vec4 v000001b8fe118900_0, 0, 32;
    %fork TD_tb_alu.check, S_000001b8fe13a800;
    %join;
    %vpi_call 2 115 "$display", "\012--- SRA ---" {0 0 0};
    %pushi/vec4 7, 0, 4;
    %store/vec4 v000001b8fe12c4a0_0, 0, 4;
    %pushi/vec4 2147483648, 0, 32;
    %store/vec4 v000001b8fe12c400_0, 0, 32;
    %pushi/vec4 1, 0, 32;
    %store/vec4 v000001b8fe12c540_0, 0, 32;
    %pushi/vec4 0, 0, 32; draw_string_vec4
    %pushi/vec4 5460545, 0, 32; draw_string_vec4
    %concat/vec4; draw_string_vec4
    %pushi/vec4 544105831, 0, 32; draw_string_vec4
    %concat/vec4; draw_string_vec4
    %pushi/vec4 1044263200, 0, 32; draw_string_vec4
    %concat/vec4; draw_string_vec4
    %store/vec4 v000001b8fe1189a0_0, 0, 128;
    %pushi/vec4 3221225472, 0, 32;
    %store/vec4 v000001b8fe118900_0, 0, 32;
    %fork TD_tb_alu.check, S_000001b8fe13a800;
    %join;
    %pushi/vec4 7, 0, 4;
    %store/vec4 v000001b8fe12c4a0_0, 0, 4;
    %pushi/vec4 16, 0, 32;
    %store/vec4 v000001b8fe12c400_0, 0, 32;
    %pushi/vec4 4, 0, 32;
    %store/vec4 v000001b8fe12c540_0, 0, 32;
    %pushi/vec4 0, 0, 32; draw_string_vec4
    %pushi/vec4 5460545, 0, 32; draw_string_vec4
    %concat/vec4; draw_string_vec4
    %pushi/vec4 544239475, 0, 32; draw_string_vec4
    %concat/vec4; draw_string_vec4
    %pushi/vec4 1044263968, 0, 32; draw_string_vec4
    %concat/vec4; draw_string_vec4
    %store/vec4 v000001b8fe1189a0_0, 0, 128;
    %pushi/vec4 1, 0, 32;
    %store/vec4 v000001b8fe118900_0, 0, 32;
    %fork TD_tb_alu.check, S_000001b8fe13a800;
    %join;
    %vpi_call 2 122 "$display", "\012--- SLT (signed) ---" {0 0 0};
    %pushi/vec4 8, 0, 4;
    %store/vec4 v000001b8fe12c4a0_0, 0, 4;
    %pushi/vec4 5, 0, 32;
    %store/vec4 v000001b8fe12c400_0, 0, 32;
    %pushi/vec4 10, 0, 32;
    %store/vec4 v000001b8fe12c540_0, 0, 32;
    %pushi/vec4 0, 0, 32; draw_string_vec4
    %pushi/vec4 5459028, 0, 32; draw_string_vec4
    %concat/vec4; draw_string_vec4
    %pushi/vec4 540359729, 0, 32; draw_string_vec4
    %concat/vec4; draw_string_vec4
    %pushi/vec4 807411744, 0, 32; draw_string_vec4
    %concat/vec4; draw_string_vec4
    %store/vec4 v000001b8fe1189a0_0, 0, 128;
    %pushi/vec4 1, 0, 32;
    %store/vec4 v000001b8fe118900_0, 0, 32;
    %fork TD_tb_alu.check, S_000001b8fe13a800;
    %join;
    %pushi/vec4 8, 0, 4;
    %store/vec4 v000001b8fe12c4a0_0, 0, 4;
    %pushi/vec4 10, 0, 32;
    %store/vec4 v000001b8fe12c400_0, 0, 32;
    %pushi/vec4 5, 0, 32;
    %store/vec4 v000001b8fe12c540_0, 0, 32;
    %pushi/vec4 0, 0, 32; draw_string_vec4
    %pushi/vec4 5459028, 0, 32; draw_string_vec4
    %concat/vec4; draw_string_vec4
    %pushi/vec4 540094524, 0, 32; draw_string_vec4
    %concat/vec4; draw_string_vec4
    %pushi/vec4 891297824, 0, 32; draw_string_vec4
    %concat/vec4; draw_string_vec4
    %store/vec4 v000001b8fe1189a0_0, 0, 128;
    %pushi/vec4 0, 0, 32;
    %store/vec4 v000001b8fe118900_0, 0, 32;
    %fork TD_tb_alu.check, S_000001b8fe13a800;
    %join;
    %pushi/vec4 8, 0, 4;
    %store/vec4 v000001b8fe12c4a0_0, 0, 4;
    %pushi/vec4 4294967295, 0, 32;
    %store/vec4 v000001b8fe12c400_0, 0, 32;
    %pushi/vec4 0, 0, 32;
    %store/vec4 v000001b8fe12c540_0, 0, 32;
    %pushi/vec4 0, 0, 32; draw_string_vec4
    %pushi/vec4 5459028, 0, 32; draw_string_vec4
    %concat/vec4; draw_string_vec4
    %pushi/vec4 539832636, 0, 32; draw_string_vec4
    %concat/vec4; draw_string_vec4
    %pushi/vec4 807411744, 0, 32; draw_string_vec4
    %concat/vec4; draw_string_vec4
    %store/vec4 v000001b8fe1189a0_0, 0, 128;
    %pushi/vec4 1, 0, 32;
    %store/vec4 v000001b8fe118900_0, 0, 32;
    %fork TD_tb_alu.check, S_000001b8fe13a800;
    %join;
    %vpi_call 2 130 "$display", "\012--- SLTU (unsigned) ---" {0 0 0};
    %pushi/vec4 9, 0, 4;
    %store/vec4 v000001b8fe12c4a0_0, 0, 4;
    %pushi/vec4 5, 0, 32;
    %store/vec4 v000001b8fe12c400_0, 0, 32;
    %pushi/vec4 10, 0, 32;
    %store/vec4 v000001b8fe12c540_0, 0, 32;
    %pushi/vec4 0, 0, 32; draw_string_vec4
    %pushi/vec4 5459028, 0, 32; draw_string_vec4
    %concat/vec4; draw_string_vec4
    %pushi/vec4 1428174140, 0, 32; draw_string_vec4
    %concat/vec4; draw_string_vec4
    %pushi/vec4 825237536, 0, 32; draw_string_vec4
    %concat/vec4; draw_string_vec4
    %store/vec4 v000001b8fe1189a0_0, 0, 128;
    %pushi/vec4 1, 0, 32;
    %store/vec4 v000001b8fe118900_0, 0, 32;
    %fork TD_tb_alu.check, S_000001b8fe13a800;
    %join;
    %pushi/vec4 9, 0, 4;
    %store/vec4 v000001b8fe12c4a0_0, 0, 4;
    %pushi/vec4 4294967295, 0, 32;
    %store/vec4 v000001b8fe12c400_0, 0, 32;
    %pushi/vec4 1, 0, 32;
    %store/vec4 v000001b8fe12c540_0, 0, 32;
    %pushi/vec4 0, 0, 32; draw_string_vec4
    %pushi/vec4 5459028, 0, 32; draw_string_vec4
    %concat/vec4; draw_string_vec4
    %pushi/vec4 1428188513, 0, 32; draw_string_vec4
    %concat/vec4; draw_string_vec4
    %pushi/vec4 2017210656, 0, 32; draw_string_vec4
    %concat/vec4; draw_string_vec4
    %store/vec4 v000001b8fe1189a0_0, 0, 128;
    %pushi/vec4 0, 0, 32;
    %store/vec4 v000001b8fe118900_0, 0, 32;
    %fork TD_tb_alu.check, S_000001b8fe13a800;
    %join;
    %pushi/vec4 9, 0, 4;
    %store/vec4 v000001b8fe12c4a0_0, 0, 4;
    %pushi/vec4 0, 0, 32;
    %store/vec4 v000001b8fe12c400_0, 0, 32;
    %pushi/vec4 4294967295, 0, 32;
    %store/vec4 v000001b8fe12c540_0, 0, 32;
    %pushi/vec4 0, 0, 32; draw_string_vec4
    %pushi/vec4 5459028, 0, 32; draw_string_vec4
    %concat/vec4; draw_string_vec4
    %pushi/vec4 1428172860, 0, 32; draw_string_vec4
    %concat/vec4; draw_string_vec4
    %pushi/vec4 1835104288, 0, 32; draw_string_vec4
    %concat/vec4; draw_string_vec4
    %store/vec4 v000001b8fe1189a0_0, 0, 128;
    %pushi/vec4 1, 0, 32;
    %store/vec4 v000001b8fe118900_0, 0, 32;
    %fork TD_tb_alu.check, S_000001b8fe13a800;
    %join;
    %vpi_call 2 138 "$display", "\012--- PASS_B (LUI) ---" {0 0 0};
    %pushi/vec4 10, 0, 4;
    %store/vec4 v000001b8fe12c4a0_0, 0, 4;
    %pushi/vec4 3735928559, 0, 32;
    %store/vec4 v000001b8fe12c400_0, 0, 32;
    %pushi/vec4 305418240, 0, 32;
    %store/vec4 v000001b8fe12c540_0, 0, 32;
    %pushi/vec4 0, 0, 32; draw_string_vec4
    %pushi/vec4 5259603, 0, 32; draw_string_vec4
    %concat/vec4; draw_string_vec4
    %pushi/vec4 1398751776, 0, 32; draw_string_vec4
    %concat/vec4; draw_string_vec4
    %pushi/vec4 538976288, 0, 32; draw_string_vec4
    %concat/vec4; draw_string_vec4
    %store/vec4 v000001b8fe1189a0_0, 0, 128;
    %pushi/vec4 305418240, 0, 32;
    %store/vec4 v000001b8fe118900_0, 0, 32;
    %fork TD_tb_alu.check, S_000001b8fe13a800;
    %join;
    %vpi_call 2 144 "$display", "\012--- zero flag ---" {0 0 0};
    %pushi/vec4 1, 0, 4;
    %store/vec4 v000001b8fe12c4a0_0, 0, 4;
    %pushi/vec4 42, 0, 32;
    %store/vec4 v000001b8fe12c400_0, 0, 32;
    %pushi/vec4 42, 0, 32;
    %store/vec4 v000001b8fe12c540_0, 0, 32;
    %delay 1000, 0;
    %load/vec4 v000001b8fe1391e0_0;
    %cmpi/e 1, 0, 1;
    %jmp/0xz  T_3.0, 6;
    %vpi_call 2 148 "$display", "  PASS  zero flag: SUB equal -> zero=1" {0 0 0};
    %jmp T_3.1;
T_3.0 ;
    %vpi_call 2 150 "$display", "  FAIL  zero flag: SUB equal -> expected zero=1, got %b", v000001b8fe1391e0_0 {0 0 0};
T_3.1 ;
    %pushi/vec4 0, 0, 4;
    %store/vec4 v000001b8fe12c4a0_0, 0, 4;
    %pushi/vec4 1, 0, 32;
    %store/vec4 v000001b8fe12c400_0, 0, 32;
    %pushi/vec4 1, 0, 32;
    %store/vec4 v000001b8fe12c540_0, 0, 32;
    %delay 1000, 0;
    %load/vec4 v000001b8fe1391e0_0;
    %cmpi/e 0, 0, 1;
    %jmp/0xz  T_3.2, 6;
    %vpi_call 2 155 "$display", "  PASS  zero flag: ADD nonzero -> zero=0" {0 0 0};
    %jmp T_3.3;
T_3.2 ;
    %vpi_call 2 157 "$display", "  FAIL  zero flag: ADD nonzero -> expected zero=0, got %b", v000001b8fe1391e0_0 {0 0 0};
T_3.3 ;
    %vpi_call 2 162 "$display", "\012=== Summary: %0d passed, %0d failed ===", v000001b8fe1390a0_0, v000001b8fe139000_0 {0 0 0};
    %load/vec4 v000001b8fe139000_0;
    %cmpi/e 0, 0, 32;
    %jmp/0xz  T_3.4, 4;
    %vpi_call 2 164 "$display", "ALL TESTS PASSED!" {0 0 0};
    %jmp T_3.5;
T_3.4 ;
    %vpi_call 2 166 "$display", "SOME TESTS FAILED!" {0 0 0};
T_3.5 ;
    %vpi_call 2 168 "$finish" {0 0 0};
    %end;
    .thread T_3;
# The file index is used to find the file name in the following table.
:file_names 4;
    "N/A";
    "<interactive>";
    "sim/tb_alu.v";
    "src/alu.v";
