#! /c/Source/iverilog-install/bin/vvp
:ivl_version "12.0 (devel)" "(s20150603-1539-g2693dd32b)";
:ivl_delay_selection "TYPICAL";
:vpi_time_precision - 12;
:vpi_module "C:\iverilog\lib\ivl\system.vpi";
:vpi_module "C:\iverilog\lib\ivl\vhdl_sys.vpi";
:vpi_module "C:\iverilog\lib\ivl\vhdl_textio.vpi";
:vpi_module "C:\iverilog\lib\ivl\v2005_math.vpi";
:vpi_module "C:\iverilog\lib\ivl\va_math.vpi";
S_000002796aaa6b10 .scope module, "tb_branch" "tb_branch" 2 33;
 .timescale -9 -12;
v000002796ae47020_0 .var "clk", 0 0;
v000002796ae461c0_0 .net "debug_pc", 31 0, L_000002796aa9c910;  1 drivers
v000002796ae47ac0_0 .var/i "fail_count", 31 0;
v000002796ae46120_0 .net "mem_addr", 31 0, L_000002796aa9c520;  1 drivers
v000002796ae47980_0 .var "mem_read_data", 31 0;
v000002796ae46da0_0 .net "mem_read_en", 0 0, L_000002796aa9ce50;  1 drivers
v000002796ae46ee0_0 .net "mem_write_data", 31 0, L_000002796aa9c590;  1 drivers
v000002796ae47fc0_0 .net "mem_write_en", 0 0, L_000002796aa9cad0;  1 drivers
v000002796ae46f80_0 .var/i "pass_count", 31 0;
v000002796ae47480_0 .var "rst_n", 0 0;
S_000002796aa12f70 .scope task, "check_reg" "check_reg" 2 60, 2 60 0, S_000002796aaa6b10;
 .timescale -9 -12;
v000002796aa8f6f0_0 .var "expected", 31 0;
v000002796aa8e430_0 .var "name", 255 0;
v000002796aa8f1f0_0 .var "reg_num", 4 0;
TD_tb_branch.check_reg ;
    %load/vec4 v000002796aa8f1f0_0;
    %pad/u 7;
    %ix/vec4 4;
    %load/vec4a v000002796ae3d780, 4;
    %load/vec4 v000002796aa8f6f0_0;
    %cmp/e;
    %jmp/0xz  T_0.0, 6;
    %vpi_call 2 66 "$display", "  PASS  %s: x%0d = %0d (0x%h)", v000002796aa8e430_0, v000002796aa8f1f0_0, v000002796aa8f6f0_0, v000002796aa8f6f0_0 {0 0 0};
    %load/vec4 v000002796ae46f80_0;
    %addi 1, 0, 32;
    %store/vec4 v000002796ae46f80_0, 0, 32;
    %jmp T_0.1;
T_0.0 ;
    %load/vec4 v000002796aa8f1f0_0;
    %pad/u 7;
    %ix/vec4 4;
    %load/vec4a v000002796ae3d780, 4;
    %load/vec4 v000002796aa8f1f0_0;
    %pad/u 7;
    %ix/vec4 4;
    %load/vec4a v000002796ae3d780, 4;
    %load/vec4 v000002796aa8f6f0_0;
    %vpi_call 2 69 "$display", "  FAIL  %s: x%0d = %0d (0x%h) | expected %0d (0x%h)", v000002796aa8e430_0, v000002796aa8f1f0_0, S<2,vec4,s32>, S<1,vec4,u32>, S<0,vec4,s32>, v000002796aa8f6f0_0 {3 0 0};
    %load/vec4 v000002796ae47ac0_0;
    %addi 1, 0, 32;
    %store/vec4 v000002796ae47ac0_0, 0, 32;
T_0.1 ;
    %end;
S_000002796aa13100 .scope module, "uut" "cpu_top" 2 44, 3 27 0, S_000002796aaa6b10;
 .timescale -9 -12;
    .port_info 0 /INPUT 1 "clk";
    .port_info 1 /INPUT 1 "rst_n";
    .port_info 2 /OUTPUT 32 "mem_addr";
    .port_info 3 /OUTPUT 32 "mem_write_data";
    .port_info 4 /OUTPUT 1 "mem_write_en";
    .port_info 5 /OUTPUT 1 "mem_read_en";
    .port_info 6 /INPUT 32 "mem_read_data";
    .port_info 7 /OUTPUT 32 "debug_pc";
    .port_info 8 /OUTPUT 32 "debug_x1";
P_000002796aa93790 .param/str "INIT_FILE" 0 3 28, "\000";
L_000002796aa9c910 .functor BUFZ 32, v000002796aabc030_0, C4<00000000000000000000000000000000>, C4<00000000000000000000000000000000>, C4<00000000000000000000000000000000>;
L_000002796aa9cde0 .functor AND 1, L_000002796ae47d40, L_000002796ae475c0, C4<1>, C4<1>;
L_000002796aa9c520 .functor BUFZ 32, v000002796aa8eb10_0, C4<00000000000000000000000000000000>, C4<00000000000000000000000000000000>, C4<00000000000000000000000000000000>;
L_000002796aa9c590 .functor BUFZ 32, L_000002796aea08d0, C4<00000000000000000000000000000000>, C4<00000000000000000000000000000000>, C4<00000000000000000000000000000000>;
L_000002796aa9cad0 .functor AND 1, v000002796aabc3f0_0, L_000002796ae466c0, C4<1>, C4<1>;
L_000002796aa9ce50 .functor AND 1, v000002796aa75820_0, L_000002796ae47700, C4<1>, C4<1>;
L_000002796aa9c440 .functor AND 1, v000002796aabc3f0_0, L_000002796aa9cde0, C4<1>, C4<1>;
L_000002796aa9c8a0 .functor AND 1, v000002796aa75820_0, L_000002796aa9cde0, C4<1>, C4<1>;
L_000002796ae48568 .functor BUFT 1, C4<11111111111111111111111111111110>, C4<0>, C4<0>, C4<0>;
L_000002796aa9c670 .functor AND 32, L_000002796aea0330, L_000002796ae48568, C4<11111111111111111111111111111111>, C4<11111111111111111111111111111111>;
L_000002796aa9c9f0 .functor BUFZ 32, v000002796ae47160_0, C4<00000000000000000000000000000000>, C4<00000000000000000000000000000000>, C4<00000000000000000000000000000000>;
v000002796ae3df00_0 .net *"_ivl_17", 0 0, L_000002796ae466c0;  1 drivers
L_000002796ae480e8 .functor BUFT 1, C4<00000000000000010000000000000000>, C4<0>, C4<0>, C4<0>;
v000002796ae3c7e0_0 .net/2u *"_ivl_2", 31 0, L_000002796ae480e8;  1 drivers
v000002796ae3cb00_0 .net *"_ivl_21", 0 0, L_000002796ae47700;  1 drivers
v000002796ae3d0a0_0 .net *"_ivl_36", 31 0, L_000002796aea0330;  1 drivers
v000002796ae3c600_0 .net/2u *"_ivl_38", 31 0, L_000002796ae48568;  1 drivers
v000002796ae3d8c0_0 .net *"_ivl_4", 0 0, L_000002796ae47d40;  1 drivers
L_000002796ae485b0 .functor BUFT 1, C4<00000000000000000000000000000100>, C4<0>, C4<0>, C4<0>;
v000002796ae3c920_0 .net/2u *"_ivl_44", 31 0, L_000002796ae485b0;  1 drivers
L_000002796ae48130 .functor BUFT 1, C4<00000000000000010011111111111111>, C4<0>, C4<0>, C4<0>;
v000002796ae3cba0_0 .net/2u *"_ivl_6", 31 0, L_000002796ae48130;  1 drivers
v000002796ae3ce20_0 .net *"_ivl_8", 0 0, L_000002796ae475c0;  1 drivers
v000002796ae3d5a0_0 .var "alu_in_a", 31 0;
v000002796ae3c240_0 .var "alu_in_b", 31 0;
v000002796ae3ddc0_0 .net "alu_op", 3 0, v000002796aa8ec50_0;  1 drivers
v000002796ae3d140_0 .net "alu_result", 31 0, v000002796aa8eb10_0;  1 drivers
v000002796ae3d960_0 .net "alu_src_a", 0 0, v000002796aa8fab0_0;  1 drivers
v000002796ae3dc80_0 .net "alu_src_b", 0 0, v000002796aa8e610_0;  1 drivers
v000002796ae3d1e0_0 .net "alu_zero", 0 0, L_000002796aea1e10;  1 drivers
v000002796ae3cc40_0 .net "branch", 0 0, v000002796aa8ed90_0;  1 drivers
v000002796ae3dfa0_0 .net "branch_target", 31 0, L_000002796aea17d0;  1 drivers
v000002796ae3c380_0 .net "clk", 0 0, v000002796ae47020_0;  1 drivers
v000002796ae3daa0_0 .net "debug_pc", 31 0, L_000002796aa9c910;  alias, 1 drivers
v000002796ae3c740_0 .net "debug_x1", 31 0, L_000002796aa9c980;  1 drivers
v000002796ae3c420_0 .net "dmem_sel", 0 0, L_000002796aa9cde0;  1 drivers
v000002796ae3c4c0_0 .net "imm", 31 0, v000002796aabba90_0;  1 drivers
v000002796ae3cce0_0 .net "imm_type", 2 0, v000002796aa8eed0_0;  1 drivers
v000002796ae3db40_0 .net "inst", 31 0, L_000002796ae46300;  1 drivers
v000002796ae3d3c0_0 .net "internal_mem_read_data", 31 0, v000002796aabc8f0_0;  1 drivers
v000002796ae3c6a0_0 .net "jalr_target", 31 0, L_000002796aa9c670;  1 drivers
v000002796ae3dbe0_0 .net "jump", 0 0, v000002796aa8f010_0;  1 drivers
v000002796ae3de60_0 .net "mem_addr", 31 0, L_000002796aa9c520;  alias, 1 drivers
v000002796ae3c100_0 .net "mem_read", 0 0, v000002796aa75820_0;  1 drivers
v000002796ae46c60_0 .net "mem_read_data", 31 0, v000002796ae47980_0;  1 drivers
v000002796ae46940_0 .net "mem_read_en", 0 0, L_000002796aa9ce50;  alias, 1 drivers
v000002796ae46a80_0 .net "mem_write", 0 0, v000002796aabc3f0_0;  1 drivers
v000002796ae470c0_0 .net "mem_write_data", 31 0, L_000002796aa9c590;  alias, 1 drivers
v000002796ae47840_0 .net "mem_write_en", 0 0, L_000002796aa9cad0;  alias, 1 drivers
v000002796ae47a20_0 .net "next_pc", 31 0, L_000002796aa9c9f0;  1 drivers
v000002796ae47160_0 .var "next_pc_temp", 31 0;
v000002796ae47ca0_0 .net "pc", 31 0, v000002796aabc030_0;  1 drivers
v000002796ae468a0_0 .net "pc_plus_4", 31 0, L_000002796aea1ff0;  1 drivers
v000002796ae46440_0 .net "pc_sel", 1 0, v000002796aa8e250_0;  1 drivers
v000002796ae46e40_0 .net "rd", 4 0, L_000002796ae46b20;  1 drivers
v000002796ae463a0_0 .net "reg_write", 0 0, v000002796aabb3b0_0;  1 drivers
v000002796ae464e0_0 .var "reg_write_data", 31 0;
v000002796ae47340_0 .net "rs1", 4 0, L_000002796ae46800;  1 drivers
v000002796ae473e0_0 .net "rs1_data", 31 0, L_000002796aea0470;  1 drivers
v000002796ae47f20_0 .net "rs2", 4 0, L_000002796ae47c00;  1 drivers
v000002796ae47660_0 .net "rs2_data", 31 0, L_000002796aea08d0;  1 drivers
v000002796ae478e0_0 .net "rst_n", 0 0, v000002796ae47480_0;  1 drivers
v000002796ae469e0_0 .var "selected_mem_data", 31 0;
v000002796ae47520_0 .net "wb_sel", 1 0, v000002796aabce90_0;  1 drivers
E_000002796aa93490 .event anyedge, v000002796aa8e250_0, v000002796ae468a0_0, v000002796ae3dfa0_0, v000002796ae3c6a0_0;
E_000002796aa93250 .event anyedge, v000002796aabce90_0, v000002796aa8eb10_0, v000002796ae469e0_0, v000002796aabb9f0_0;
E_000002796aa932d0 .event anyedge, v000002796ae3c420_0, v000002796aabc8f0_0, v000002796ae46c60_0;
E_000002796aa934d0 .event anyedge, v000002796aa8e610_0, v000002796aabba90_0, v000002796aabbc70_0;
E_000002796aa93d50 .event anyedge, v000002796aa8fab0_0, v000002796aabb9f0_0, v000002796ae3ca60_0;
L_000002796ae47d40 .cmp/ge 32, v000002796aa8eb10_0, L_000002796ae480e8;
L_000002796ae475c0 .cmp/ge 32, L_000002796ae48130, v000002796aa8eb10_0;
L_000002796ae466c0 .reduce/nor L_000002796aa9cde0;
L_000002796ae47700 .reduce/nor L_000002796aa9cde0;
L_000002796aea0150 .reduce/nor v000002796ae47480_0;
L_000002796aea0510 .part L_000002796ae46300, 0, 7;
L_000002796aea0970 .part L_000002796ae46300, 12, 3;
L_000002796aea0830 .part L_000002796ae46300, 12, 3;
L_000002796aea0330 .arith/sum 32, L_000002796aea0470, v000002796aabba90_0;
L_000002796aea17d0 .arith/sum 32, v000002796aabc030_0, v000002796aabba90_0;
L_000002796aea1ff0 .arith/sum 32, v000002796aabc030_0, L_000002796ae485b0;
S_000002796aa2b3e0 .scope module, "alu_inst" "alu" 3 170, 4 15 0, S_000002796aa13100;
 .timescale -9 -12;
    .port_info 0 /INPUT 32 "a";
    .port_info 1 /INPUT 32 "b";
    .port_info 2 /INPUT 4 "alu_op";
    .port_info 3 /OUTPUT 32 "result";
    .port_info 4 /OUTPUT 1 "zero";
L_000002796ae48400 .functor BUFT 1, C4<00000000000000000000000000000000>, C4<0>, C4<0>, C4<0>;
v000002796aa8ee30_0 .net/2u *"_ivl_0", 31 0, L_000002796ae48400;  1 drivers
v000002796aa8e930_0 .net "a", 31 0, v000002796ae3d5a0_0;  1 drivers
v000002796aa8f5b0_0 .net "alu_op", 3 0, v000002796aa8ec50_0;  alias, 1 drivers
v000002796aa8fd30_0 .net "b", 31 0, v000002796ae3c240_0;  1 drivers
v000002796aa8eb10_0 .var "result", 31 0;
v000002796aa8ebb0_0 .net "zero", 0 0, L_000002796aea1e10;  alias, 1 drivers
E_000002796aa93410 .event anyedge, v000002796aa8f5b0_0, v000002796aa8e930_0, v000002796aa8fd30_0;
L_000002796aea1e10 .cmp/eq 32, v000002796aa8eb10_0, L_000002796ae48400;
S_000002796aa2b570 .scope module, "ctrl" "control_unit" 3 158, 5 26 0, S_000002796aa13100;
 .timescale -9 -12;
    .port_info 0 /INPUT 7 "opcode";
    .port_info 1 /INPUT 3 "funct3";
    .port_info 2 /INPUT 1 "branch";
    .port_info 3 /INPUT 1 "jump";
    .port_info 4 /INPUT 1 "alu_zero";
    .port_info 5 /INPUT 32 "alu_result";
    .port_info 6 /OUTPUT 1 "alu_src_a";
    .port_info 7 /OUTPUT 2 "pc_sel";
v000002796aa8f790_0 .net "alu_result", 31 0, v000002796aa8eb10_0;  alias, 1 drivers
v000002796aa8fab0_0 .var "alu_src_a", 0 0;
v000002796aa8ecf0_0 .net "alu_zero", 0 0, L_000002796aea1e10;  alias, 1 drivers
v000002796aa8e110_0 .net "branch", 0 0, v000002796aa8ed90_0;  alias, 1 drivers
v000002796aa8f830_0 .var "branch_taken", 0 0;
v000002796aa8fb50_0 .net "funct3", 2 0, L_000002796aea0970;  1 drivers
v000002796aa8fbf0_0 .net "jump", 0 0, v000002796aa8f010_0;  alias, 1 drivers
v000002796aa8f290_0 .net "opcode", 6 0, L_000002796aea0510;  1 drivers
v000002796aa8e250_0 .var "pc_sel", 1 0;
E_000002796aa93590 .event anyedge, v000002796aa8f290_0, v000002796aa8fbf0_0, v000002796aa8f830_0;
E_000002796aa93710 .event anyedge, v000002796aa8e110_0, v000002796aa8fb50_0, v000002796aa8ebb0_0, v000002796aa8eb10_0;
S_000002796aa46fb0 .scope module, "dec" "instruction_decoder" 3 120, 6 10 0, S_000002796aa13100;
 .timescale -9 -12;
    .port_info 0 /INPUT 32 "inst";
    .port_info 1 /OUTPUT 5 "rs1";
    .port_info 2 /OUTPUT 5 "rs2";
    .port_info 3 /OUTPUT 5 "rd";
    .port_info 4 /OUTPUT 1 "reg_write";
    .port_info 5 /OUTPUT 3 "imm_type";
    .port_info 6 /OUTPUT 4 "alu_op";
    .port_info 7 /OUTPUT 1 "alu_src_b";
    .port_info 8 /OUTPUT 1 "branch";
    .port_info 9 /OUTPUT 1 "jump";
    .port_info 10 /OUTPUT 1 "mem_read";
    .port_info 11 /OUTPUT 1 "mem_write";
    .port_info 12 /OUTPUT 2 "wb_sel";
v000002796aa8ec50_0 .var "alu_op", 3 0;
v000002796aa8e610_0 .var "alu_src_b", 0 0;
v000002796aa8ed90_0 .var "branch", 0 0;
v000002796aa8e2f0_0 .net "funct3", 2 0, L_000002796ae47b60;  1 drivers
v000002796aa8e6b0_0 .net "funct7", 6 0, L_000002796ae46620;  1 drivers
v000002796aa8eed0_0 .var "imm_type", 2 0;
v000002796aa8ef70_0 .net "inst", 31 0, L_000002796ae46300;  alias, 1 drivers
v000002796aa8f010_0 .var "jump", 0 0;
v000002796aa75820_0 .var "mem_read", 0 0;
v000002796aabc3f0_0 .var "mem_write", 0 0;
v000002796aabb810_0 .net "opcode", 6 0, L_000002796ae46580;  1 drivers
v000002796aabd110_0 .net "rd", 4 0, L_000002796ae46b20;  alias, 1 drivers
v000002796aabb3b0_0 .var "reg_write", 0 0;
v000002796aabb630_0 .net "rs1", 4 0, L_000002796ae46800;  alias, 1 drivers
v000002796aabbe50_0 .net "rs2", 4 0, L_000002796ae47c00;  alias, 1 drivers
v000002796aabce90_0 .var "wb_sel", 1 0;
E_000002796aa958d0 .event anyedge, v000002796aabb810_0, v000002796aa8e2f0_0, v000002796aa8e6b0_0;
L_000002796ae46580 .part L_000002796ae46300, 0, 7;
L_000002796ae47b60 .part L_000002796ae46300, 12, 3;
L_000002796ae46620 .part L_000002796ae46300, 25, 7;
L_000002796ae46800 .part L_000002796ae46300, 15, 5;
L_000002796ae47c00 .part L_000002796ae46300, 20, 5;
L_000002796ae46b20 .part L_000002796ae46300, 7, 5;
S_000002796aa47140 .scope module, "dmem" "data_memory" 3 181, 7 26 0, S_000002796aa13100;
 .timescale -9 -12;
    .port_info 0 /INPUT 1 "clk";
    .port_info 1 /INPUT 32 "addr";
    .port_info 2 /INPUT 32 "write_data";
    .port_info 3 /INPUT 1 "write_en";
    .port_info 4 /INPUT 1 "read_en";
    .port_info 5 /INPUT 3 "funct3";
    .port_info 6 /OUTPUT 32 "read_data";
L_000002796aa9c3d0 .functor AND 1, L_000002796aea0790, L_000002796aea1910, C4<1>, C4<1>;
L_000002796ae48448 .functor BUFT 1, C4<00000000000000010000000000000000>, C4<0>, C4<0>, C4<0>;
v000002796aabc670_0 .net/2u *"_ivl_0", 31 0, L_000002796ae48448;  1 drivers
v000002796aabd1b0_0 .net *"_ivl_14", 31 0, L_000002796aea0290;  1 drivers
v000002796aabc990_0 .net *"_ivl_16", 13 0, L_000002796aea1190;  1 drivers
L_000002796ae484d8 .functor BUFT 1, C4<00>, C4<0>, C4<0>, C4<0>;
v000002796aabb6d0_0 .net *"_ivl_19", 1 0, L_000002796ae484d8;  1 drivers
v000002796aabbef0_0 .net *"_ivl_2", 0 0, L_000002796aea0790;  1 drivers
L_000002796ae48520 .functor BUFT 1, C4<00000000000000000000000000000000>, C4<0>, C4<0>, C4<0>;
v000002796aabb8b0_0 .net/2u *"_ivl_20", 31 0, L_000002796ae48520;  1 drivers
L_000002796ae48490 .functor BUFT 1, C4<00000000000000010011111111111111>, C4<0>, C4<0>, C4<0>;
v000002796aabd250_0 .net/2u *"_ivl_4", 31 0, L_000002796ae48490;  1 drivers
v000002796aabb450_0 .net *"_ivl_6", 0 0, L_000002796aea1910;  1 drivers
v000002796aabb770_0 .net "addr", 31 0, v000002796aa8eb10_0;  alias, 1 drivers
v000002796aabcb70_0 .net "addr_valid", 0 0, L_000002796aa9c3d0;  1 drivers
v000002796aabcf30_0 .net "byte_offset", 1 0, L_000002796aea06f0;  1 drivers
v000002796aabbb30_0 .net "clk", 0 0, v000002796ae47020_0;  alias, 1 drivers
v000002796aabc710_0 .net "funct3", 2 0, L_000002796aea0830;  1 drivers
v000002796aabcfd0_0 .var/i "i", 31 0;
v000002796aabc7b0 .array "mem", 4095 0, 31 0;
v000002796aabc850_0 .net "raw_data", 31 0, L_000002796aea10f0;  1 drivers
v000002796aabc8f0_0 .var "read_data", 31 0;
v000002796aabc490_0 .net "read_en", 0 0, L_000002796aa9c8a0;  1 drivers
v000002796aabb4f0_0 .net "word_addr", 11 0, L_000002796aea0b50;  1 drivers
v000002796aabbc70_0 .net "write_data", 31 0, L_000002796aea08d0;  alias, 1 drivers
v000002796aabbd10_0 .net "write_en", 0 0, L_000002796aa9c440;  1 drivers
E_000002796aa95250/0 .event anyedge, v000002796aabc490_0, v000002796aabcb70_0, v000002796aabc710_0, v000002796aabc850_0;
E_000002796aa95250/1 .event anyedge, v000002796aabcf30_0;
E_000002796aa95250 .event/or E_000002796aa95250/0, E_000002796aa95250/1;
E_000002796aa95890 .event posedge, v000002796aabbb30_0;
L_000002796aea0790 .cmp/ge 32, v000002796aa8eb10_0, L_000002796ae48448;
L_000002796aea1910 .cmp/ge 32, L_000002796ae48490, v000002796aa8eb10_0;
L_000002796aea0b50 .part v000002796aa8eb10_0, 2, 12;
L_000002796aea06f0 .part v000002796aa8eb10_0, 0, 2;
L_000002796aea0290 .array/port v000002796aabc7b0, L_000002796aea1190;
L_000002796aea1190 .concat [ 12 2 0 0], L_000002796aea0b50, L_000002796ae484d8;
L_000002796aea10f0 .functor MUXZ 32, L_000002796ae48520, L_000002796aea0290, L_000002796aa9c3d0, C4<>;
S_000002796aa57010 .scope module, "igen" "imm_gen" 3 137, 8 10 0, S_000002796aa13100;
 .timescale -9 -12;
    .port_info 0 /INPUT 32 "inst";
    .port_info 1 /INPUT 3 "imm_type";
    .port_info 2 /OUTPUT 32 "imm";
v000002796aabba90_0 .var "imm", 31 0;
v000002796aabca30_0 .net "imm_type", 2 0, v000002796aa8eed0_0;  alias, 1 drivers
v000002796aabb950_0 .net "inst", 31 0, L_000002796ae46300;  alias, 1 drivers
E_000002796aa95950 .event anyedge, v000002796aa8eed0_0, v000002796aa8ef70_0;
S_000002796aa571a0 .scope module, "imem" "instruction_memory" 3 114, 9 24 0, S_000002796aa13100;
 .timescale -9 -12;
    .port_info 0 /INPUT 32 "addr";
    .port_info 1 /OUTPUT 32 "dout";
P_000002796aa95ed0 .param/str "INIT_FILE" 0 9 25, "\000";
L_000002796ae481c0 .functor BUFT 1, C4<00>, C4<0>, C4<0>, C4<0>;
v000002796aabbdb0_0 .net *"_ivl_11", 1 0, L_000002796ae481c0;  1 drivers
L_000002796ae48208 .functor BUFT 1, C4<00000000000000000000000000010011>, C4<0>, C4<0>, C4<0>;
v000002796aabcc10_0 .net/2u *"_ivl_12", 31 0, L_000002796ae48208;  1 drivers
L_000002796ae48178 .functor BUFT 1, C4<00000000000000000100000000000000>, C4<0>, C4<0>, C4<0>;
v000002796aabd070_0 .net/2u *"_ivl_2", 31 0, L_000002796ae48178;  1 drivers
v000002796aabb590_0 .net *"_ivl_4", 0 0, L_000002796ae477a0;  1 drivers
v000002796aabcad0_0 .net *"_ivl_6", 31 0, L_000002796ae46760;  1 drivers
v000002796aabc0d0_0 .net *"_ivl_8", 13 0, L_000002796ae46260;  1 drivers
v000002796aabb9f0_0 .net "addr", 31 0, v000002796aabc030_0;  alias, 1 drivers
v000002796aabccb0_0 .net "dout", 31 0, L_000002796ae46300;  alias, 1 drivers
v000002796aabbf90_0 .var/i "i", 31 0;
v000002796aabcdf0 .array "mem", 4095 0, 31 0;
v000002796aabbbd0_0 .net "word_addr", 11 0, L_000002796ae47200;  1 drivers
L_000002796ae47200 .part v000002796aabc030_0, 2, 12;
L_000002796ae477a0 .cmp/gt 32, L_000002796ae48178, v000002796aabc030_0;
L_000002796ae46760 .array/port v000002796aabcdf0, L_000002796ae46260;
L_000002796ae46260 .concat [ 12 2 0 0], L_000002796ae47200, L_000002796ae481c0;
L_000002796ae46300 .functor MUXZ 32, L_000002796ae48208, L_000002796ae46760, L_000002796ae477a0, C4<>;
S_000002796aa04fc0 .scope module, "pc_reg" "program_counter" 3 104, 10 23 0, S_000002796aa13100;
 .timescale -9 -12;
    .port_info 0 /INPUT 1 "clk";
    .port_info 1 /INPUT 1 "rst_n";
    .port_info 2 /INPUT 32 "pc_in";
    .port_info 3 /OUTPUT 32 "pc_out";
v000002796aabc530_0 .net "clk", 0 0, v000002796ae47020_0;  alias, 1 drivers
v000002796aabc170_0 .net "pc_in", 31 0, L_000002796aa9c9f0;  alias, 1 drivers
v000002796aabc030_0 .var "pc_out", 31 0;
v000002796aabcd50_0 .net "rst_n", 0 0, v000002796ae47480_0;  alias, 1 drivers
E_000002796aa95450/0 .event negedge, v000002796aabcd50_0;
E_000002796aa95450/1 .event posedge, v000002796aabbb30_0;
E_000002796aa95450 .event/or E_000002796aa95450/0, E_000002796aa95450/1;
S_000002796aa05150 .scope module, "regfile" "register_file" 3 144, 11 10 0, S_000002796aa13100;
 .timescale -9 -12;
    .port_info 0 /INPUT 1 "clk";
    .port_info 1 /INPUT 1 "rst";
    .port_info 2 /INPUT 5 "rs1";
    .port_info 3 /OUTPUT 32 "rd1";
    .port_info 4 /INPUT 5 "rs2";
    .port_info 5 /OUTPUT 32 "rd2";
    .port_info 6 /INPUT 5 "rd";
    .port_info 7 /INPUT 32 "wd";
    .port_info 8 /INPUT 1 "we";
    .port_info 9 /OUTPUT 32 "dbg_x1";
v000002796ae3d780_1 .array/port v000002796ae3d780, 1;
L_000002796aa9c980 .functor BUFZ 32, v000002796ae3d780_1, C4<00000000000000000000000000000000>, C4<00000000000000000000000000000000>, C4<00000000000000000000000000000000>;
L_000002796ae48250 .functor BUFT 1, C4<00000>, C4<0>, C4<0>, C4<0>;
v000002796aabc210_0 .net/2u *"_ivl_0", 4 0, L_000002796ae48250;  1 drivers
L_000002796ae482e0 .functor BUFT 1, C4<00>, C4<0>, C4<0>, C4<0>;
v000002796aabc2b0_0 .net *"_ivl_11", 1 0, L_000002796ae482e0;  1 drivers
L_000002796ae48328 .functor BUFT 1, C4<00000>, C4<0>, C4<0>, C4<0>;
v000002796aabc350_0 .net/2u *"_ivl_14", 4 0, L_000002796ae48328;  1 drivers
v000002796aabc5d0_0 .net *"_ivl_16", 0 0, L_000002796aea1550;  1 drivers
L_000002796ae48370 .functor BUFT 1, C4<00000000000000000000000000000000>, C4<0>, C4<0>, C4<0>;
v000002796ae3d640_0 .net/2u *"_ivl_18", 31 0, L_000002796ae48370;  1 drivers
v000002796ae3cec0_0 .net *"_ivl_2", 0 0, L_000002796ae47de0;  1 drivers
v000002796ae3d460_0 .net *"_ivl_20", 31 0, L_000002796aea0a10;  1 drivers
v000002796ae3d500_0 .net *"_ivl_22", 6 0, L_000002796aea15f0;  1 drivers
L_000002796ae483b8 .functor BUFT 1, C4<00>, C4<0>, C4<0>, C4<0>;
v000002796ae3d320_0 .net *"_ivl_25", 1 0, L_000002796ae483b8;  1 drivers
L_000002796ae48298 .functor BUFT 1, C4<00000000000000000000000000000000>, C4<0>, C4<0>, C4<0>;
v000002796ae3c2e0_0 .net/2u *"_ivl_4", 31 0, L_000002796ae48298;  1 drivers
v000002796ae3d6e0_0 .net *"_ivl_6", 31 0, L_000002796ae47e80;  1 drivers
v000002796ae3d280_0 .net *"_ivl_8", 6 0, L_000002796ae46bc0;  1 drivers
v000002796ae3c880_0 .net "clk", 0 0, v000002796ae47020_0;  alias, 1 drivers
v000002796ae3cd80_0 .net "dbg_x1", 31 0, L_000002796aa9c980;  alias, 1 drivers
v000002796ae3d000_0 .var/i "i", 31 0;
v000002796ae3c1a0_0 .net "rd", 4 0, L_000002796ae46b20;  alias, 1 drivers
v000002796ae3ca60_0 .net "rd1", 31 0, L_000002796aea0470;  alias, 1 drivers
v000002796ae3c560_0 .net "rd2", 31 0, L_000002796aea08d0;  alias, 1 drivers
v000002796ae3d780 .array "regs", 0 31, 31 0;
v000002796ae3d820_0 .net "rs1", 4 0, L_000002796ae46800;  alias, 1 drivers
v000002796ae3dd20_0 .net "rs2", 4 0, L_000002796ae47c00;  alias, 1 drivers
v000002796ae3da00_0 .net "rst", 0 0, L_000002796aea0150;  1 drivers
v000002796ae3c9c0_0 .net "wd", 31 0, v000002796ae464e0_0;  1 drivers
v000002796ae3cf60_0 .net "we", 0 0, v000002796aabb3b0_0;  alias, 1 drivers
L_000002796ae47de0 .cmp/eq 5, L_000002796ae46800, L_000002796ae48250;
L_000002796ae47e80 .array/port v000002796ae3d780, L_000002796ae46bc0;
L_000002796ae46bc0 .concat [ 5 2 0 0], L_000002796ae46800, L_000002796ae482e0;
L_000002796aea0470 .functor MUXZ 32, L_000002796ae47e80, L_000002796ae48298, L_000002796ae47de0, C4<>;
L_000002796aea1550 .cmp/eq 5, L_000002796ae47c00, L_000002796ae48328;
L_000002796aea0a10 .array/port v000002796ae3d780, L_000002796aea15f0;
L_000002796aea15f0 .concat [ 5 2 0 0], L_000002796ae47c00, L_000002796ae483b8;
L_000002796aea08d0 .functor MUXZ 32, L_000002796aea0a10, L_000002796ae48370, L_000002796aea1550, C4<>;
S_000002796aa052e0 .scope task, "wait_cycles" "wait_cycles" 2 78, 2 78 0, S_000002796aaa6b10;
 .timescale -9 -12;
v000002796ae472a0_0 .var/i "j", 31 0;
v000002796ae46d00_0 .var/i "n", 31 0;
TD_tb_branch.wait_cycles ;
    %pushi/vec4 0, 0, 32;
    %store/vec4 v000002796ae472a0_0, 0, 32;
T_1.2 ;
    %load/vec4 v000002796ae472a0_0;
    %load/vec4 v000002796ae46d00_0;
    %cmp/s;
    %jmp/0xz T_1.3, 5;
    %wait E_000002796aa95890;
    %load/vec4 v000002796ae472a0_0;
    %addi 1, 0, 32;
    %store/vec4 v000002796ae472a0_0, 0, 32;
    %jmp T_1.2;
T_1.3 ;
    %delay 1000, 0;
    %end;
    .scope S_000002796aa04fc0;
T_2 ;
    %wait E_000002796aa95450;
    %load/vec4 v000002796aabcd50_0;
    %nor/r;
    %flag_set/vec4 8;
    %jmp/0xz  T_2.0, 8;
    %pushi/vec4 0, 0, 32;
    %assign/vec4 v000002796aabc030_0, 0;
    %jmp T_2.1;
T_2.0 ;
    %load/vec4 v000002796aabc170_0;
    %assign/vec4 v000002796aabc030_0, 0;
T_2.1 ;
    %jmp T_2;
    .thread T_2;
    .scope S_000002796aa571a0;
T_3 ;
    %pushi/vec4 0, 0, 32;
    %store/vec4 v000002796aabbf90_0, 0, 32;
T_3.0 ;
    %load/vec4 v000002796aabbf90_0;
    %cmpi/s 4096, 0, 32;
    %jmp/0xz T_3.1, 5;
    %pushi/vec4 19, 0, 32;
    %ix/getv/s 4, v000002796aabbf90_0;
    %store/vec4a v000002796aabcdf0, 4, 0;
    %load/vec4 v000002796aabbf90_0;
    %addi 1, 0, 32;
    %store/vec4 v000002796aabbf90_0, 0, 32;
    %jmp T_3.0;
T_3.1 ;
    %end;
    .thread T_3;
    .scope S_000002796aa46fb0;
T_4 ;
    %wait E_000002796aa958d0;
    %pushi/vec4 0, 0, 1;
    %store/vec4 v000002796aabb3b0_0, 0, 1;
    %pushi/vec4 0, 0, 3;
    %store/vec4 v000002796aa8eed0_0, 0, 3;
    %pushi/vec4 0, 0, 4;
    %store/vec4 v000002796aa8ec50_0, 0, 4;
    %pushi/vec4 0, 0, 1;
    %store/vec4 v000002796aa8e610_0, 0, 1;
    %pushi/vec4 0, 0, 1;
    %store/vec4 v000002796aa8ed90_0, 0, 1;
    %pushi/vec4 0, 0, 1;
    %store/vec4 v000002796aa8f010_0, 0, 1;
    %pushi/vec4 0, 0, 1;
    %store/vec4 v000002796aa75820_0, 0, 1;
    %pushi/vec4 0, 0, 1;
    %store/vec4 v000002796aabc3f0_0, 0, 1;
    %pushi/vec4 0, 0, 2;
    %store/vec4 v000002796aabce90_0, 0, 2;
    %load/vec4 v000002796aabb810_0;
    %dup/vec4;
    %pushi/vec4 51, 0, 7;
    %cmp/u;
    %jmp/1 T_4.0, 6;
    %dup/vec4;
    %pushi/vec4 19, 0, 7;
    %cmp/u;
    %jmp/1 T_4.1, 6;
    %dup/vec4;
    %pushi/vec4 55, 0, 7;
    %cmp/u;
    %jmp/1 T_4.2, 6;
    %dup/vec4;
    %pushi/vec4 23, 0, 7;
    %cmp/u;
    %jmp/1 T_4.3, 6;
    %dup/vec4;
    %pushi/vec4 99, 0, 7;
    %cmp/u;
    %jmp/1 T_4.4, 6;
    %dup/vec4;
    %pushi/vec4 3, 0, 7;
    %cmp/u;
    %jmp/1 T_4.5, 6;
    %dup/vec4;
    %pushi/vec4 35, 0, 7;
    %cmp/u;
    %jmp/1 T_4.6, 6;
    %dup/vec4;
    %pushi/vec4 111, 0, 7;
    %cmp/u;
    %jmp/1 T_4.7, 6;
    %dup/vec4;
    %pushi/vec4 103, 0, 7;
    %cmp/u;
    %jmp/1 T_4.8, 6;
    %jmp T_4.10;
T_4.0 ;
    %pushi/vec4 1, 0, 1;
    %store/vec4 v000002796aabb3b0_0, 0, 1;
    %pushi/vec4 0, 0, 1;
    %store/vec4 v000002796aa8e610_0, 0, 1;
    %pushi/vec4 0, 0, 2;
    %store/vec4 v000002796aabce90_0, 0, 2;
    %load/vec4 v000002796aa8e2f0_0;
    %dup/vec4;
    %pushi/vec4 0, 0, 3;
    %cmp/u;
    %jmp/1 T_4.11, 6;
    %dup/vec4;
    %pushi/vec4 1, 0, 3;
    %cmp/u;
    %jmp/1 T_4.12, 6;
    %dup/vec4;
    %pushi/vec4 2, 0, 3;
    %cmp/u;
    %jmp/1 T_4.13, 6;
    %dup/vec4;
    %pushi/vec4 3, 0, 3;
    %cmp/u;
    %jmp/1 T_4.14, 6;
    %dup/vec4;
    %pushi/vec4 4, 0, 3;
    %cmp/u;
    %jmp/1 T_4.15, 6;
    %dup/vec4;
    %pushi/vec4 5, 0, 3;
    %cmp/u;
    %jmp/1 T_4.16, 6;
    %dup/vec4;
    %pushi/vec4 6, 0, 3;
    %cmp/u;
    %jmp/1 T_4.17, 6;
    %dup/vec4;
    %pushi/vec4 7, 0, 3;
    %cmp/u;
    %jmp/1 T_4.18, 6;
    %pushi/vec4 0, 0, 4;
    %store/vec4 v000002796aa8ec50_0, 0, 4;
    %jmp T_4.20;
T_4.11 ;
    %load/vec4 v000002796aa8e6b0_0;
    %cmpi/e 32, 0, 7;
    %flag_mov 8, 4;
    %jmp/0 T_4.21, 8;
    %pushi/vec4 1, 0, 4;
    %jmp/1 T_4.22, 8;
T_4.21 ; End of true expr.
    %pushi/vec4 0, 0, 4;
    %jmp/0 T_4.22, 8;
 ; End of false expr.
    %blend;
T_4.22;
    %store/vec4 v000002796aa8ec50_0, 0, 4;
    %jmp T_4.20;
T_4.12 ;
    %pushi/vec4 5, 0, 4;
    %store/vec4 v000002796aa8ec50_0, 0, 4;
    %jmp T_4.20;
T_4.13 ;
    %pushi/vec4 8, 0, 4;
    %store/vec4 v000002796aa8ec50_0, 0, 4;
    %jmp T_4.20;
T_4.14 ;
    %pushi/vec4 9, 0, 4;
    %store/vec4 v000002796aa8ec50_0, 0, 4;
    %jmp T_4.20;
T_4.15 ;
    %pushi/vec4 4, 0, 4;
    %store/vec4 v000002796aa8ec50_0, 0, 4;
    %jmp T_4.20;
T_4.16 ;
    %load/vec4 v000002796aa8e6b0_0;
    %cmpi/e 32, 0, 7;
    %flag_mov 8, 4;
    %jmp/0 T_4.23, 8;
    %pushi/vec4 7, 0, 4;
    %jmp/1 T_4.24, 8;
T_4.23 ; End of true expr.
    %pushi/vec4 6, 0, 4;
    %jmp/0 T_4.24, 8;
 ; End of false expr.
    %blend;
T_4.24;
    %store/vec4 v000002796aa8ec50_0, 0, 4;
    %jmp T_4.20;
T_4.17 ;
    %pushi/vec4 3, 0, 4;
    %store/vec4 v000002796aa8ec50_0, 0, 4;
    %jmp T_4.20;
T_4.18 ;
    %pushi/vec4 2, 0, 4;
    %store/vec4 v000002796aa8ec50_0, 0, 4;
    %jmp T_4.20;
T_4.20 ;
    %pop/vec4 1;
    %jmp T_4.10;
T_4.1 ;
    %pushi/vec4 1, 0, 1;
    %store/vec4 v000002796aabb3b0_0, 0, 1;
    %pushi/vec4 1, 0, 1;
    %store/vec4 v000002796aa8e610_0, 0, 1;
    %pushi/vec4 0, 0, 3;
    %store/vec4 v000002796aa8eed0_0, 0, 3;
    %pushi/vec4 0, 0, 2;
    %store/vec4 v000002796aabce90_0, 0, 2;
    %load/vec4 v000002796aa8e2f0_0;
    %dup/vec4;
    %pushi/vec4 0, 0, 3;
    %cmp/u;
    %jmp/1 T_4.25, 6;
    %dup/vec4;
    %pushi/vec4 1, 0, 3;
    %cmp/u;
    %jmp/1 T_4.26, 6;
    %dup/vec4;
    %pushi/vec4 2, 0, 3;
    %cmp/u;
    %jmp/1 T_4.27, 6;
    %dup/vec4;
    %pushi/vec4 3, 0, 3;
    %cmp/u;
    %jmp/1 T_4.28, 6;
    %dup/vec4;
    %pushi/vec4 4, 0, 3;
    %cmp/u;
    %jmp/1 T_4.29, 6;
    %dup/vec4;
    %pushi/vec4 5, 0, 3;
    %cmp/u;
    %jmp/1 T_4.30, 6;
    %dup/vec4;
    %pushi/vec4 6, 0, 3;
    %cmp/u;
    %jmp/1 T_4.31, 6;
    %dup/vec4;
    %pushi/vec4 7, 0, 3;
    %cmp/u;
    %jmp/1 T_4.32, 6;
    %pushi/vec4 0, 0, 4;
    %store/vec4 v000002796aa8ec50_0, 0, 4;
    %jmp T_4.34;
T_4.25 ;
    %pushi/vec4 0, 0, 4;
    %store/vec4 v000002796aa8ec50_0, 0, 4;
    %jmp T_4.34;
T_4.26 ;
    %pushi/vec4 5, 0, 4;
    %store/vec4 v000002796aa8ec50_0, 0, 4;
    %jmp T_4.34;
T_4.27 ;
    %pushi/vec4 8, 0, 4;
    %store/vec4 v000002796aa8ec50_0, 0, 4;
    %jmp T_4.34;
T_4.28 ;
    %pushi/vec4 9, 0, 4;
    %store/vec4 v000002796aa8ec50_0, 0, 4;
    %jmp T_4.34;
T_4.29 ;
    %pushi/vec4 4, 0, 4;
    %store/vec4 v000002796aa8ec50_0, 0, 4;
    %jmp T_4.34;
T_4.30 ;
    %load/vec4 v000002796aa8e6b0_0;
    %cmpi/e 32, 0, 7;
    %flag_mov 8, 4;
    %jmp/0 T_4.35, 8;
    %pushi/vec4 7, 0, 4;
    %jmp/1 T_4.36, 8;
T_4.35 ; End of true expr.
    %pushi/vec4 6, 0, 4;
    %jmp/0 T_4.36, 8;
 ; End of false expr.
    %blend;
T_4.36;
    %store/vec4 v000002796aa8ec50_0, 0, 4;
    %jmp T_4.34;
T_4.31 ;
    %pushi/vec4 3, 0, 4;
    %store/vec4 v000002796aa8ec50_0, 0, 4;
    %jmp T_4.34;
T_4.32 ;
    %pushi/vec4 2, 0, 4;
    %store/vec4 v000002796aa8ec50_0, 0, 4;
    %jmp T_4.34;
T_4.34 ;
    %pop/vec4 1;
    %jmp T_4.10;
T_4.2 ;
    %pushi/vec4 1, 0, 1;
    %store/vec4 v000002796aabb3b0_0, 0, 1;
    %pushi/vec4 3, 0, 3;
    %store/vec4 v000002796aa8eed0_0, 0, 3;
    %pushi/vec4 1, 0, 1;
    %store/vec4 v000002796aa8e610_0, 0, 1;
    %pushi/vec4 10, 0, 4;
    %store/vec4 v000002796aa8ec50_0, 0, 4;
    %pushi/vec4 0, 0, 2;
    %store/vec4 v000002796aabce90_0, 0, 2;
    %jmp T_4.10;
T_4.3 ;
    %pushi/vec4 1, 0, 1;
    %store/vec4 v000002796aabb3b0_0, 0, 1;
    %pushi/vec4 3, 0, 3;
    %store/vec4 v000002796aa8eed0_0, 0, 3;
    %pushi/vec4 1, 0, 1;
    %store/vec4 v000002796aa8e610_0, 0, 1;
    %pushi/vec4 0, 0, 4;
    %store/vec4 v000002796aa8ec50_0, 0, 4;
    %pushi/vec4 0, 0, 2;
    %store/vec4 v000002796aabce90_0, 0, 2;
    %jmp T_4.10;
T_4.4 ;
    %pushi/vec4 1, 0, 1;
    %store/vec4 v000002796aa8ed90_0, 0, 1;
    %pushi/vec4 2, 0, 3;
    %store/vec4 v000002796aa8eed0_0, 0, 3;
    %pushi/vec4 0, 0, 1;
    %store/vec4 v000002796aa8e610_0, 0, 1;
    %load/vec4 v000002796aa8e2f0_0;
    %dup/vec4;
    %pushi/vec4 0, 0, 3;
    %cmp/u;
    %jmp/1 T_4.37, 6;
    %dup/vec4;
    %pushi/vec4 1, 0, 3;
    %cmp/u;
    %jmp/1 T_4.38, 6;
    %dup/vec4;
    %pushi/vec4 4, 0, 3;
    %cmp/u;
    %jmp/1 T_4.39, 6;
    %dup/vec4;
    %pushi/vec4 5, 0, 3;
    %cmp/u;
    %jmp/1 T_4.40, 6;
    %dup/vec4;
    %pushi/vec4 6, 0, 3;
    %cmp/u;
    %jmp/1 T_4.41, 6;
    %dup/vec4;
    %pushi/vec4 7, 0, 3;
    %cmp/u;
    %jmp/1 T_4.42, 6;
    %pushi/vec4 1, 0, 4;
    %store/vec4 v000002796aa8ec50_0, 0, 4;
    %jmp T_4.44;
T_4.37 ;
    %pushi/vec4 1, 0, 4;
    %store/vec4 v000002796aa8ec50_0, 0, 4;
    %jmp T_4.44;
T_4.38 ;
    %pushi/vec4 1, 0, 4;
    %store/vec4 v000002796aa8ec50_0, 0, 4;
    %jmp T_4.44;
T_4.39 ;
    %pushi/vec4 8, 0, 4;
    %store/vec4 v000002796aa8ec50_0, 0, 4;
    %jmp T_4.44;
T_4.40 ;
    %pushi/vec4 8, 0, 4;
    %store/vec4 v000002796aa8ec50_0, 0, 4;
    %jmp T_4.44;
T_4.41 ;
    %pushi/vec4 9, 0, 4;
    %store/vec4 v000002796aa8ec50_0, 0, 4;
    %jmp T_4.44;
T_4.42 ;
    %pushi/vec4 9, 0, 4;
    %store/vec4 v000002796aa8ec50_0, 0, 4;
    %jmp T_4.44;
T_4.44 ;
    %pop/vec4 1;
    %jmp T_4.10;
T_4.5 ;
    %pushi/vec4 1, 0, 1;
    %store/vec4 v000002796aabb3b0_0, 0, 1;
    %pushi/vec4 1, 0, 1;
    %store/vec4 v000002796aa75820_0, 0, 1;
    %pushi/vec4 0, 0, 3;
    %store/vec4 v000002796aa8eed0_0, 0, 3;
    %pushi/vec4 1, 0, 1;
    %store/vec4 v000002796aa8e610_0, 0, 1;
    %pushi/vec4 0, 0, 4;
    %store/vec4 v000002796aa8ec50_0, 0, 4;
    %pushi/vec4 1, 0, 2;
    %store/vec4 v000002796aabce90_0, 0, 2;
    %jmp T_4.10;
T_4.6 ;
    %pushi/vec4 1, 0, 1;
    %store/vec4 v000002796aabc3f0_0, 0, 1;
    %pushi/vec4 1, 0, 3;
    %store/vec4 v000002796aa8eed0_0, 0, 3;
    %pushi/vec4 1, 0, 1;
    %store/vec4 v000002796aa8e610_0, 0, 1;
    %pushi/vec4 0, 0, 4;
    %store/vec4 v000002796aa8ec50_0, 0, 4;
    %jmp T_4.10;
T_4.7 ;
    %pushi/vec4 1, 0, 1;
    %store/vec4 v000002796aabb3b0_0, 0, 1;
    %pushi/vec4 1, 0, 1;
    %store/vec4 v000002796aa8f010_0, 0, 1;
    %pushi/vec4 4, 0, 3;
    %store/vec4 v000002796aa8eed0_0, 0, 3;
    %pushi/vec4 2, 0, 2;
    %store/vec4 v000002796aabce90_0, 0, 2;
    %jmp T_4.10;
T_4.8 ;
    %pushi/vec4 1, 0, 1;
    %store/vec4 v000002796aabb3b0_0, 0, 1;
    %pushi/vec4 1, 0, 1;
    %store/vec4 v000002796aa8f010_0, 0, 1;
    %pushi/vec4 0, 0, 3;
    %store/vec4 v000002796aa8eed0_0, 0, 3;
    %pushi/vec4 2, 0, 2;
    %store/vec4 v000002796aabce90_0, 0, 2;
    %jmp T_4.10;
T_4.10 ;
    %pop/vec4 1;
    %jmp T_4;
    .thread T_4, $push;
    .scope S_000002796aa57010;
T_5 ;
    %wait E_000002796aa95950;
    %load/vec4 v000002796aabca30_0;
    %dup/vec4;
    %pushi/vec4 0, 0, 3;
    %cmp/u;
    %jmp/1 T_5.0, 6;
    %dup/vec4;
    %pushi/vec4 1, 0, 3;
    %cmp/u;
    %jmp/1 T_5.1, 6;
    %dup/vec4;
    %pushi/vec4 2, 0, 3;
    %cmp/u;
    %jmp/1 T_5.2, 6;
    %dup/vec4;
    %pushi/vec4 3, 0, 3;
    %cmp/u;
    %jmp/1 T_5.3, 6;
    %dup/vec4;
    %pushi/vec4 4, 0, 3;
    %cmp/u;
    %jmp/1 T_5.4, 6;
    %pushi/vec4 0, 0, 32;
    %store/vec4 v000002796aabba90_0, 0, 32;
    %jmp T_5.6;
T_5.0 ;
    %load/vec4 v000002796aabb950_0;
    %parti/s 1, 31, 6;
    %replicate 20;
    %load/vec4 v000002796aabb950_0;
    %parti/s 12, 20, 6;
    %concat/vec4; draw_concat_vec4
    %store/vec4 v000002796aabba90_0, 0, 32;
    %jmp T_5.6;
T_5.1 ;
    %load/vec4 v000002796aabb950_0;
    %parti/s 1, 31, 6;
    %replicate 20;
    %load/vec4 v000002796aabb950_0;
    %parti/s 7, 25, 6;
    %concat/vec4; draw_concat_vec4
    %load/vec4 v000002796aabb950_0;
    %parti/s 5, 7, 4;
    %concat/vec4; draw_concat_vec4
    %store/vec4 v000002796aabba90_0, 0, 32;
    %jmp T_5.6;
T_5.2 ;
    %load/vec4 v000002796aabb950_0;
    %parti/s 1, 31, 6;
    %replicate 20;
    %load/vec4 v000002796aabb950_0;
    %parti/s 1, 7, 4;
    %concat/vec4; draw_concat_vec4
    %load/vec4 v000002796aabb950_0;
    %parti/s 6, 25, 6;
    %concat/vec4; draw_concat_vec4
    %load/vec4 v000002796aabb950_0;
    %parti/s 4, 8, 5;
    %concat/vec4; draw_concat_vec4
    %concati/vec4 0, 0, 1;
    %store/vec4 v000002796aabba90_0, 0, 32;
    %jmp T_5.6;
T_5.3 ;
    %load/vec4 v000002796aabb950_0;
    %parti/s 20, 12, 5;
    %concati/vec4 0, 0, 12;
    %store/vec4 v000002796aabba90_0, 0, 32;
    %jmp T_5.6;
T_5.4 ;
    %load/vec4 v000002796aabb950_0;
    %parti/s 1, 31, 6;
    %replicate 12;
    %load/vec4 v000002796aabb950_0;
    %parti/s 8, 12, 5;
    %concat/vec4; draw_concat_vec4
    %load/vec4 v000002796aabb950_0;
    %parti/s 1, 20, 6;
    %concat/vec4; draw_concat_vec4
    %load/vec4 v000002796aabb950_0;
    %parti/s 10, 21, 6;
    %concat/vec4; draw_concat_vec4
    %concati/vec4 0, 0, 1;
    %store/vec4 v000002796aabba90_0, 0, 32;
    %jmp T_5.6;
T_5.6 ;
    %pop/vec4 1;
    %jmp T_5;
    .thread T_5, $push;
    .scope S_000002796aa05150;
T_6 ;
    %wait E_000002796aa95890;
    %load/vec4 v000002796ae3da00_0;
    %flag_set/vec4 8;
    %jmp/0xz  T_6.0, 8;
    %pushi/vec4 0, 0, 32;
    %store/vec4 v000002796ae3d000_0, 0, 32;
T_6.2 ;
    %load/vec4 v000002796ae3d000_0;
    %cmpi/s 32, 0, 32;
    %jmp/0xz T_6.3, 5;
    %pushi/vec4 0, 0, 32;
    %ix/getv/s 3, v000002796ae3d000_0;
    %ix/load 4, 0, 0; Constant delay
    %assign/vec4/a/d v000002796ae3d780, 0, 4;
    %load/vec4 v000002796ae3d000_0;
    %addi 1, 0, 32;
    %store/vec4 v000002796ae3d000_0, 0, 32;
    %jmp T_6.2;
T_6.3 ;
    %jmp T_6.1;
T_6.0 ;
    %load/vec4 v000002796ae3cf60_0;
    %flag_set/vec4 9;
    %flag_get/vec4 9;
    %jmp/0 T_6.6, 9;
    %load/vec4 v000002796ae3c1a0_0;
    %pushi/vec4 0, 0, 5;
    %cmp/ne;
    %flag_get/vec4 4;
    %and;
T_6.6;
    %flag_set/vec4 8;
    %jmp/0xz  T_6.4, 8;
    %load/vec4 v000002796ae3c9c0_0;
    %load/vec4 v000002796ae3c1a0_0;
    %pad/u 7;
    %ix/vec4 3;
    %ix/load 4, 0, 0; Constant delay
    %assign/vec4/a/d v000002796ae3d780, 0, 4;
T_6.4 ;
T_6.1 ;
    %jmp T_6;
    .thread T_6;
    .scope S_000002796aa2b570;
T_7 ;
    %wait E_000002796aa93710;
    %pushi/vec4 0, 0, 1;
    %store/vec4 v000002796aa8f830_0, 0, 1;
    %load/vec4 v000002796aa8e110_0;
    %flag_set/vec4 8;
    %jmp/0xz  T_7.0, 8;
    %load/vec4 v000002796aa8fb50_0;
    %dup/vec4;
    %pushi/vec4 0, 0, 3;
    %cmp/u;
    %jmp/1 T_7.2, 6;
    %dup/vec4;
    %pushi/vec4 1, 0, 3;
    %cmp/u;
    %jmp/1 T_7.3, 6;
    %dup/vec4;
    %pushi/vec4 4, 0, 3;
    %cmp/u;
    %jmp/1 T_7.4, 6;
    %dup/vec4;
    %pushi/vec4 5, 0, 3;
    %cmp/u;
    %jmp/1 T_7.5, 6;
    %dup/vec4;
    %pushi/vec4 6, 0, 3;
    %cmp/u;
    %jmp/1 T_7.6, 6;
    %dup/vec4;
    %pushi/vec4 7, 0, 3;
    %cmp/u;
    %jmp/1 T_7.7, 6;
    %pushi/vec4 0, 0, 1;
    %store/vec4 v000002796aa8f830_0, 0, 1;
    %jmp T_7.9;
T_7.2 ;
    %load/vec4 v000002796aa8ecf0_0;
    %store/vec4 v000002796aa8f830_0, 0, 1;
    %jmp T_7.9;
T_7.3 ;
    %load/vec4 v000002796aa8ecf0_0;
    %nor/r;
    %store/vec4 v000002796aa8f830_0, 0, 1;
    %jmp T_7.9;
T_7.4 ;
    %load/vec4 v000002796aa8f790_0;
    %parti/s 1, 0, 2;
    %store/vec4 v000002796aa8f830_0, 0, 1;
    %jmp T_7.9;
T_7.5 ;
    %load/vec4 v000002796aa8f790_0;
    %parti/s 1, 0, 2;
    %nor/r;
    %store/vec4 v000002796aa8f830_0, 0, 1;
    %jmp T_7.9;
T_7.6 ;
    %load/vec4 v000002796aa8f790_0;
    %parti/s 1, 0, 2;
    %store/vec4 v000002796aa8f830_0, 0, 1;
    %jmp T_7.9;
T_7.7 ;
    %load/vec4 v000002796aa8f790_0;
    %parti/s 1, 0, 2;
    %nor/r;
    %store/vec4 v000002796aa8f830_0, 0, 1;
    %jmp T_7.9;
T_7.9 ;
    %pop/vec4 1;
T_7.0 ;
    %jmp T_7;
    .thread T_7, $push;
    .scope S_000002796aa2b570;
T_8 ;
    %wait E_000002796aa93590;
    %load/vec4 v000002796aa8f290_0;
    %cmpi/e 23, 0, 7;
    %jmp/0xz  T_8.0, 4;
    %pushi/vec4 1, 0, 1;
    %store/vec4 v000002796aa8fab0_0, 0, 1;
    %jmp T_8.1;
T_8.0 ;
    %pushi/vec4 0, 0, 1;
    %store/vec4 v000002796aa8fab0_0, 0, 1;
T_8.1 ;
    %load/vec4 v000002796aa8f290_0;
    %cmpi/e 103, 0, 7;
    %jmp/0xz  T_8.2, 4;
    %pushi/vec4 2, 0, 2;
    %store/vec4 v000002796aa8e250_0, 0, 2;
    %jmp T_8.3;
T_8.2 ;
    %load/vec4 v000002796aa8fbf0_0;
    %flag_set/vec4 8;
    %jmp/1 T_8.6, 8;
    %load/vec4 v000002796aa8f830_0;
    %flag_set/vec4 9;
    %flag_or 8, 9;
T_8.6;
    %jmp/0xz  T_8.4, 8;
    %pushi/vec4 1, 0, 2;
    %store/vec4 v000002796aa8e250_0, 0, 2;
    %jmp T_8.5;
T_8.4 ;
    %pushi/vec4 0, 0, 2;
    %store/vec4 v000002796aa8e250_0, 0, 2;
T_8.5 ;
T_8.3 ;
    %jmp T_8;
    .thread T_8, $push;
    .scope S_000002796aa2b3e0;
T_9 ;
    %wait E_000002796aa93410;
    %load/vec4 v000002796aa8f5b0_0;
    %dup/vec4;
    %pushi/vec4 0, 0, 4;
    %cmp/u;
    %jmp/1 T_9.0, 6;
    %dup/vec4;
    %pushi/vec4 1, 0, 4;
    %cmp/u;
    %jmp/1 T_9.1, 6;
    %dup/vec4;
    %pushi/vec4 2, 0, 4;
    %cmp/u;
    %jmp/1 T_9.2, 6;
    %dup/vec4;
    %pushi/vec4 3, 0, 4;
    %cmp/u;
    %jmp/1 T_9.3, 6;
    %dup/vec4;
    %pushi/vec4 4, 0, 4;
    %cmp/u;
    %jmp/1 T_9.4, 6;
    %dup/vec4;
    %pushi/vec4 5, 0, 4;
    %cmp/u;
    %jmp/1 T_9.5, 6;
    %dup/vec4;
    %pushi/vec4 6, 0, 4;
    %cmp/u;
    %jmp/1 T_9.6, 6;
    %dup/vec4;
    %pushi/vec4 7, 0, 4;
    %cmp/u;
    %jmp/1 T_9.7, 6;
    %dup/vec4;
    %pushi/vec4 8, 0, 4;
    %cmp/u;
    %jmp/1 T_9.8, 6;
    %dup/vec4;
    %pushi/vec4 9, 0, 4;
    %cmp/u;
    %jmp/1 T_9.9, 6;
    %dup/vec4;
    %pushi/vec4 10, 0, 4;
    %cmp/u;
    %jmp/1 T_9.10, 6;
    %pushi/vec4 0, 0, 32;
    %store/vec4 v000002796aa8eb10_0, 0, 32;
    %jmp T_9.12;
T_9.0 ;
    %load/vec4 v000002796aa8e930_0;
    %load/vec4 v000002796aa8fd30_0;
    %add;
    %store/vec4 v000002796aa8eb10_0, 0, 32;
    %jmp T_9.12;
T_9.1 ;
    %load/vec4 v000002796aa8e930_0;
    %load/vec4 v000002796aa8fd30_0;
    %sub;
    %store/vec4 v000002796aa8eb10_0, 0, 32;
    %jmp T_9.12;
T_9.2 ;
    %load/vec4 v000002796aa8e930_0;
    %load/vec4 v000002796aa8fd30_0;
    %and;
    %store/vec4 v000002796aa8eb10_0, 0, 32;
    %jmp T_9.12;
T_9.3 ;
    %load/vec4 v000002796aa8e930_0;
    %load/vec4 v000002796aa8fd30_0;
    %or;
    %store/vec4 v000002796aa8eb10_0, 0, 32;
    %jmp T_9.12;
T_9.4 ;
    %load/vec4 v000002796aa8e930_0;
    %load/vec4 v000002796aa8fd30_0;
    %xor;
    %store/vec4 v000002796aa8eb10_0, 0, 32;
    %jmp T_9.12;
T_9.5 ;
    %load/vec4 v000002796aa8e930_0;
    %load/vec4 v000002796aa8fd30_0;
    %parti/s 5, 0, 2;
    %ix/vec4 4;
    %shiftl 4;
    %store/vec4 v000002796aa8eb10_0, 0, 32;
    %jmp T_9.12;
T_9.6 ;
    %load/vec4 v000002796aa8e930_0;
    %load/vec4 v000002796aa8fd30_0;
    %parti/s 5, 0, 2;
    %ix/vec4 4;
    %shiftr 4;
    %store/vec4 v000002796aa8eb10_0, 0, 32;
    %jmp T_9.12;
T_9.7 ;
    %load/vec4 v000002796aa8e930_0;
    %load/vec4 v000002796aa8fd30_0;
    %parti/s 5, 0, 2;
    %ix/vec4 4;
    %shiftr/s 4;
    %store/vec4 v000002796aa8eb10_0, 0, 32;
    %jmp T_9.12;
T_9.8 ;
    %load/vec4 v000002796aa8e930_0;
    %load/vec4 v000002796aa8fd30_0;
    %cmp/s;
    %flag_mov 8, 5;
    %jmp/0 T_9.13, 8;
    %pushi/vec4 1, 0, 32;
    %jmp/1 T_9.14, 8;
T_9.13 ; End of true expr.
    %pushi/vec4 0, 0, 32;
    %jmp/0 T_9.14, 8;
 ; End of false expr.
    %blend;
T_9.14;
    %store/vec4 v000002796aa8eb10_0, 0, 32;
    %jmp T_9.12;
T_9.9 ;
    %load/vec4 v000002796aa8e930_0;
    %load/vec4 v000002796aa8fd30_0;
    %cmp/u;
    %flag_mov 8, 5;
    %jmp/0 T_9.15, 8;
    %pushi/vec4 1, 0, 32;
    %jmp/1 T_9.16, 8;
T_9.15 ; End of true expr.
    %pushi/vec4 0, 0, 32;
    %jmp/0 T_9.16, 8;
 ; End of false expr.
    %blend;
T_9.16;
    %store/vec4 v000002796aa8eb10_0, 0, 32;
    %jmp T_9.12;
T_9.10 ;
    %load/vec4 v000002796aa8fd30_0;
    %store/vec4 v000002796aa8eb10_0, 0, 32;
    %jmp T_9.12;
T_9.12 ;
    %pop/vec4 1;
    %jmp T_9;
    .thread T_9, $push;
    .scope S_000002796aa47140;
T_10 ;
    %wait E_000002796aa95890;
    %load/vec4 v000002796aabbd10_0;
    %flag_set/vec4 9;
    %flag_get/vec4 9;
    %jmp/0 T_10.2, 9;
    %load/vec4 v000002796aabcb70_0;
    %and;
T_10.2;
    %flag_set/vec4 8;
    %jmp/0xz  T_10.0, 8;
    %load/vec4 v000002796aabc710_0;
    %dup/vec4;
    %pushi/vec4 2, 0, 3;
    %cmp/u;
    %jmp/1 T_10.3, 6;
    %dup/vec4;
    %pushi/vec4 1, 0, 3;
    %cmp/u;
    %jmp/1 T_10.4, 6;
    %dup/vec4;
    %pushi/vec4 0, 0, 3;
    %cmp/u;
    %jmp/1 T_10.5, 6;
    %jmp T_10.7;
T_10.3 ;
    %load/vec4 v000002796aabbc70_0;
    %load/vec4 v000002796aabb4f0_0;
    %pad/u 14;
    %ix/vec4 3;
    %ix/load 4, 0, 0; Constant delay
    %assign/vec4/a/d v000002796aabc7b0, 0, 4;
    %jmp T_10.7;
T_10.4 ;
    %load/vec4 v000002796aabcf30_0;
    %parti/s 1, 1, 2;
    %cmpi/e 0, 0, 1;
    %jmp/0xz  T_10.8, 4;
    %load/vec4 v000002796aabbc70_0;
    %parti/s 16, 0, 2;
    %load/vec4 v000002796aabb4f0_0;
    %pad/u 14;
    %ix/vec4 3;
    %ix/load 4, 0, 0; Constant delay
    %assign/vec4/a/d v000002796aabc7b0, 0, 4;
    %jmp T_10.9;
T_10.8 ;
    %load/vec4 v000002796aabbc70_0;
    %parti/s 16, 0, 2;
    %load/vec4 v000002796aabb4f0_0;
    %pad/u 14;
    %ix/vec4 3;
    %ix/load 4, 16, 0; part off
    %ix/load 5, 0, 0; Constant delay
    %assign/vec4/a/d v000002796aabc7b0, 4, 5;
T_10.9 ;
    %jmp T_10.7;
T_10.5 ;
    %load/vec4 v000002796aabcf30_0;
    %dup/vec4;
    %pushi/vec4 0, 0, 2;
    %cmp/u;
    %jmp/1 T_10.10, 6;
    %dup/vec4;
    %pushi/vec4 1, 0, 2;
    %cmp/u;
    %jmp/1 T_10.11, 6;
    %dup/vec4;
    %pushi/vec4 2, 0, 2;
    %cmp/u;
    %jmp/1 T_10.12, 6;
    %dup/vec4;
    %pushi/vec4 3, 0, 2;
    %cmp/u;
    %jmp/1 T_10.13, 6;
    %jmp T_10.14;
T_10.10 ;
    %load/vec4 v000002796aabbc70_0;
    %parti/s 8, 0, 2;
    %load/vec4 v000002796aabb4f0_0;
    %pad/u 14;
    %ix/vec4 3;
    %ix/load 4, 0, 0; Constant delay
    %assign/vec4/a/d v000002796aabc7b0, 0, 4;
    %jmp T_10.14;
T_10.11 ;
    %load/vec4 v000002796aabbc70_0;
    %parti/s 8, 0, 2;
    %load/vec4 v000002796aabb4f0_0;
    %pad/u 14;
    %ix/vec4 3;
    %ix/load 4, 8, 0; part off
    %ix/load 5, 0, 0; Constant delay
    %assign/vec4/a/d v000002796aabc7b0, 4, 5;
    %jmp T_10.14;
T_10.12 ;
    %load/vec4 v000002796aabbc70_0;
    %parti/s 8, 0, 2;
    %load/vec4 v000002796aabb4f0_0;
    %pad/u 14;
    %ix/vec4 3;
    %ix/load 4, 16, 0; part off
    %ix/load 5, 0, 0; Constant delay
    %assign/vec4/a/d v000002796aabc7b0, 4, 5;
    %jmp T_10.14;
T_10.13 ;
    %load/vec4 v000002796aabbc70_0;
    %parti/s 8, 0, 2;
    %load/vec4 v000002796aabb4f0_0;
    %pad/u 14;
    %ix/vec4 3;
    %ix/load 4, 24, 0; part off
    %ix/load 5, 0, 0; Constant delay
    %assign/vec4/a/d v000002796aabc7b0, 4, 5;
    %jmp T_10.14;
T_10.14 ;
    %pop/vec4 1;
    %jmp T_10.7;
T_10.7 ;
    %pop/vec4 1;
T_10.0 ;
    %jmp T_10;
    .thread T_10;
    .scope S_000002796aa47140;
T_11 ;
    %wait E_000002796aa95250;
    %load/vec4 v000002796aabc490_0;
    %nor/r;
    %flag_set/vec4 8;
    %jmp/1 T_11.2, 8;
    %load/vec4 v000002796aabcb70_0;
    %nor/r;
    %flag_set/vec4 9;
    %flag_or 8, 9;
T_11.2;
    %jmp/0xz  T_11.0, 8;
    %pushi/vec4 0, 0, 32;
    %store/vec4 v000002796aabc8f0_0, 0, 32;
    %jmp T_11.1;
T_11.0 ;
    %load/vec4 v000002796aabc710_0;
    %dup/vec4;
    %pushi/vec4 2, 0, 3;
    %cmp/u;
    %jmp/1 T_11.3, 6;
    %dup/vec4;
    %pushi/vec4 1, 0, 3;
    %cmp/u;
    %jmp/1 T_11.4, 6;
    %dup/vec4;
    %pushi/vec4 5, 0, 3;
    %cmp/u;
    %jmp/1 T_11.5, 6;
    %dup/vec4;
    %pushi/vec4 0, 0, 3;
    %cmp/u;
    %jmp/1 T_11.6, 6;
    %dup/vec4;
    %pushi/vec4 4, 0, 3;
    %cmp/u;
    %jmp/1 T_11.7, 6;
    %load/vec4 v000002796aabc850_0;
    %store/vec4 v000002796aabc8f0_0, 0, 32;
    %jmp T_11.9;
T_11.3 ;
    %load/vec4 v000002796aabc850_0;
    %store/vec4 v000002796aabc8f0_0, 0, 32;
    %jmp T_11.9;
T_11.4 ;
    %load/vec4 v000002796aabcf30_0;
    %parti/s 1, 1, 2;
    %cmpi/e 0, 0, 1;
    %jmp/0xz  T_11.10, 4;
    %load/vec4 v000002796aabc850_0;
    %parti/s 1, 15, 5;
    %replicate 16;
    %load/vec4 v000002796aabc850_0;
    %parti/s 16, 0, 2;
    %concat/vec4; draw_concat_vec4
    %store/vec4 v000002796aabc8f0_0, 0, 32;
    %jmp T_11.11;
T_11.10 ;
    %load/vec4 v000002796aabc850_0;
    %parti/s 1, 31, 6;
    %replicate 16;
    %load/vec4 v000002796aabc850_0;
    %parti/s 16, 16, 6;
    %concat/vec4; draw_concat_vec4
    %store/vec4 v000002796aabc8f0_0, 0, 32;
T_11.11 ;
    %jmp T_11.9;
T_11.5 ;
    %load/vec4 v000002796aabcf30_0;
    %parti/s 1, 1, 2;
    %cmpi/e 0, 0, 1;
    %jmp/0xz  T_11.12, 4;
    %pushi/vec4 0, 0, 16;
    %load/vec4 v000002796aabc850_0;
    %parti/s 16, 0, 2;
    %concat/vec4; draw_concat_vec4
    %store/vec4 v000002796aabc8f0_0, 0, 32;
    %jmp T_11.13;
T_11.12 ;
    %pushi/vec4 0, 0, 16;
    %load/vec4 v000002796aabc850_0;
    %parti/s 16, 16, 6;
    %concat/vec4; draw_concat_vec4
    %store/vec4 v000002796aabc8f0_0, 0, 32;
T_11.13 ;
    %jmp T_11.9;
T_11.6 ;
    %load/vec4 v000002796aabcf30_0;
    %dup/vec4;
    %pushi/vec4 0, 0, 2;
    %cmp/u;
    %jmp/1 T_11.14, 6;
    %dup/vec4;
    %pushi/vec4 1, 0, 2;
    %cmp/u;
    %jmp/1 T_11.15, 6;
    %dup/vec4;
    %pushi/vec4 2, 0, 2;
    %cmp/u;
    %jmp/1 T_11.16, 6;
    %dup/vec4;
    %pushi/vec4 3, 0, 2;
    %cmp/u;
    %jmp/1 T_11.17, 6;
    %jmp T_11.18;
T_11.14 ;
    %load/vec4 v000002796aabc850_0;
    %parti/s 1, 7, 4;
    %replicate 24;
    %load/vec4 v000002796aabc850_0;
    %parti/s 8, 0, 2;
    %concat/vec4; draw_concat_vec4
    %store/vec4 v000002796aabc8f0_0, 0, 32;
    %jmp T_11.18;
T_11.15 ;
    %load/vec4 v000002796aabc850_0;
    %parti/s 1, 15, 5;
    %replicate 24;
    %load/vec4 v000002796aabc850_0;
    %parti/s 8, 8, 5;
    %concat/vec4; draw_concat_vec4
    %store/vec4 v000002796aabc8f0_0, 0, 32;
    %jmp T_11.18;
T_11.16 ;
    %load/vec4 v000002796aabc850_0;
    %parti/s 1, 23, 6;
    %replicate 24;
    %load/vec4 v000002796aabc850_0;
    %parti/s 8, 16, 6;
    %concat/vec4; draw_concat_vec4
    %store/vec4 v000002796aabc8f0_0, 0, 32;
    %jmp T_11.18;
T_11.17 ;
    %load/vec4 v000002796aabc850_0;
    %parti/s 1, 31, 6;
    %replicate 24;
    %load/vec4 v000002796aabc850_0;
    %parti/s 8, 24, 6;
    %concat/vec4; draw_concat_vec4
    %store/vec4 v000002796aabc8f0_0, 0, 32;
    %jmp T_11.18;
T_11.18 ;
    %pop/vec4 1;
    %jmp T_11.9;
T_11.7 ;
    %load/vec4 v000002796aabcf30_0;
    %dup/vec4;
    %pushi/vec4 0, 0, 2;
    %cmp/u;
    %jmp/1 T_11.19, 6;
    %dup/vec4;
    %pushi/vec4 1, 0, 2;
    %cmp/u;
    %jmp/1 T_11.20, 6;
    %dup/vec4;
    %pushi/vec4 2, 0, 2;
    %cmp/u;
    %jmp/1 T_11.21, 6;
    %dup/vec4;
    %pushi/vec4 3, 0, 2;
    %cmp/u;
    %jmp/1 T_11.22, 6;
    %jmp T_11.23;
T_11.19 ;
    %pushi/vec4 0, 0, 24;
    %load/vec4 v000002796aabc850_0;
    %parti/s 8, 0, 2;
    %concat/vec4; draw_concat_vec4
    %store/vec4 v000002796aabc8f0_0, 0, 32;
    %jmp T_11.23;
T_11.20 ;
    %pushi/vec4 0, 0, 24;
    %load/vec4 v000002796aabc850_0;
    %parti/s 8, 8, 5;
    %concat/vec4; draw_concat_vec4
    %store/vec4 v000002796aabc8f0_0, 0, 32;
    %jmp T_11.23;
T_11.21 ;
    %pushi/vec4 0, 0, 24;
    %load/vec4 v000002796aabc850_0;
    %parti/s 8, 16, 6;
    %concat/vec4; draw_concat_vec4
    %store/vec4 v000002796aabc8f0_0, 0, 32;
    %jmp T_11.23;
T_11.22 ;
    %pushi/vec4 0, 0, 24;
    %load/vec4 v000002796aabc850_0;
    %parti/s 8, 24, 6;
    %concat/vec4; draw_concat_vec4
    %store/vec4 v000002796aabc8f0_0, 0, 32;
    %jmp T_11.23;
T_11.23 ;
    %pop/vec4 1;
    %jmp T_11.9;
T_11.9 ;
    %pop/vec4 1;
T_11.1 ;
    %jmp T_11;
    .thread T_11, $push;
    .scope S_000002796aa47140;
T_12 ;
    %pushi/vec4 0, 0, 32;
    %store/vec4 v000002796aabcfd0_0, 0, 32;
T_12.0 ;
    %load/vec4 v000002796aabcfd0_0;
    %cmpi/s 4096, 0, 32;
    %jmp/0xz T_12.1, 5;
    %pushi/vec4 0, 0, 32;
    %ix/getv/s 4, v000002796aabcfd0_0;
    %store/vec4a v000002796aabc7b0, 4, 0;
    %load/vec4 v000002796aabcfd0_0;
    %addi 1, 0, 32;
    %store/vec4 v000002796aabcfd0_0, 0, 32;
    %jmp T_12.0;
T_12.1 ;
    %end;
    .thread T_12;
    .scope S_000002796aa13100;
T_13 ;
    %wait E_000002796aa93d50;
    %load/vec4 v000002796ae3d960_0;
    %flag_set/vec4 8;
    %jmp/0xz  T_13.0, 8;
    %load/vec4 v000002796ae47ca0_0;
    %store/vec4 v000002796ae3d5a0_0, 0, 32;
    %jmp T_13.1;
T_13.0 ;
    %load/vec4 v000002796ae473e0_0;
    %store/vec4 v000002796ae3d5a0_0, 0, 32;
T_13.1 ;
    %jmp T_13;
    .thread T_13, $push;
    .scope S_000002796aa13100;
T_14 ;
    %wait E_000002796aa934d0;
    %load/vec4 v000002796ae3dc80_0;
    %flag_set/vec4 8;
    %jmp/0xz  T_14.0, 8;
    %load/vec4 v000002796ae3c4c0_0;
    %store/vec4 v000002796ae3c240_0, 0, 32;
    %jmp T_14.1;
T_14.0 ;
    %load/vec4 v000002796ae47660_0;
    %store/vec4 v000002796ae3c240_0, 0, 32;
T_14.1 ;
    %jmp T_14;
    .thread T_14, $push;
    .scope S_000002796aa13100;
T_15 ;
    %wait E_000002796aa932d0;
    %load/vec4 v000002796ae3c420_0;
    %flag_set/vec4 8;
    %jmp/0xz  T_15.0, 8;
    %load/vec4 v000002796ae3d3c0_0;
    %store/vec4 v000002796ae469e0_0, 0, 32;
    %jmp T_15.1;
T_15.0 ;
    %load/vec4 v000002796ae46c60_0;
    %store/vec4 v000002796ae469e0_0, 0, 32;
T_15.1 ;
    %jmp T_15;
    .thread T_15, $push;
    .scope S_000002796aa13100;
T_16 ;
    %wait E_000002796aa93250;
    %load/vec4 v000002796ae47520_0;
    %dup/vec4;
    %pushi/vec4 0, 0, 2;
    %cmp/u;
    %jmp/1 T_16.0, 6;
    %dup/vec4;
    %pushi/vec4 1, 0, 2;
    %cmp/u;
    %jmp/1 T_16.1, 6;
    %dup/vec4;
    %pushi/vec4 2, 0, 2;
    %cmp/u;
    %jmp/1 T_16.2, 6;
    %load/vec4 v000002796ae3d140_0;
    %store/vec4 v000002796ae464e0_0, 0, 32;
    %jmp T_16.4;
T_16.0 ;
    %load/vec4 v000002796ae3d140_0;
    %store/vec4 v000002796ae464e0_0, 0, 32;
    %jmp T_16.4;
T_16.1 ;
    %load/vec4 v000002796ae469e0_0;
    %store/vec4 v000002796ae464e0_0, 0, 32;
    %jmp T_16.4;
T_16.2 ;
    %load/vec4 v000002796ae47ca0_0;
    %addi 4, 0, 32;
    %store/vec4 v000002796ae464e0_0, 0, 32;
    %jmp T_16.4;
T_16.4 ;
    %pop/vec4 1;
    %jmp T_16;
    .thread T_16, $push;
    .scope S_000002796aa13100;
T_17 ;
    %wait E_000002796aa93490;
    %load/vec4 v000002796ae46440_0;
    %dup/vec4;
    %pushi/vec4 0, 0, 2;
    %cmp/u;
    %jmp/1 T_17.0, 6;
    %dup/vec4;
    %pushi/vec4 1, 0, 2;
    %cmp/u;
    %jmp/1 T_17.1, 6;
    %dup/vec4;
    %pushi/vec4 2, 0, 2;
    %cmp/u;
    %jmp/1 T_17.2, 6;
    %load/vec4 v000002796ae468a0_0;
    %store/vec4 v000002796ae47160_0, 0, 32;
    %jmp T_17.4;
T_17.0 ;
    %load/vec4 v000002796ae468a0_0;
    %store/vec4 v000002796ae47160_0, 0, 32;
    %jmp T_17.4;
T_17.1 ;
    %load/vec4 v000002796ae3dfa0_0;
    %store/vec4 v000002796ae47160_0, 0, 32;
    %jmp T_17.4;
T_17.2 ;
    %load/vec4 v000002796ae3c6a0_0;
    %store/vec4 v000002796ae47160_0, 0, 32;
    %jmp T_17.4;
T_17.4 ;
    %pop/vec4 1;
    %jmp T_17;
    .thread T_17, $push;
    .scope S_000002796aaa6b10;
T_18 ;
    %pushi/vec4 0, 0, 32;
    %store/vec4 v000002796ae46f80_0, 0, 32;
    %pushi/vec4 0, 0, 32;
    %store/vec4 v000002796ae47ac0_0, 0, 32;
    %end;
    .thread T_18;
    .scope S_000002796aaa6b10;
T_19 ;
    %delay 10000, 0;
    %load/vec4 v000002796ae47020_0;
    %inv;
    %store/vec4 v000002796ae47020_0, 0, 1;
    %jmp T_19;
    .thread T_19;
    .scope S_000002796aaa6b10;
T_20 ;
    %vpi_call 2 97 "$dumpfile", "sim/tb_branch.vcd" {0 0 0};
    %vpi_call 2 98 "$dumpvars", 32'sb00000000000000000000000000000000, S_000002796aaa6b10 {0 0 0};
    %pushi/vec4 0, 0, 1;
    %store/vec4 v000002796ae47020_0, 0, 1;
    %pushi/vec4 0, 0, 1;
    %store/vec4 v000002796ae47480_0, 0, 1;
    %pushi/vec4 0, 0, 32;
    %store/vec4 v000002796ae47980_0, 0, 32;
    %vpi_call 2 104 "$display", "=== Phase 5 Branch/Jump Testbench ===\012" {0 0 0};
    %pushi/vec4 147, 0, 32;
    %ix/load 4, 0, 0;
    %flag_set/imm 4, 0;
    %store/vec4a v000002796aabcdf0, 4, 0;
    %pushi/vec4 1048851, 0, 32;
    %ix/load 4, 1, 0;
    %flag_set/imm 4, 0;
    %store/vec4a v000002796aabcdf0, 4, 0;
    %pushi/vec4 11534739, 0, 32;
    %ix/load 4, 2, 0;
    %flag_set/imm 4, 0;
    %store/vec4a v000002796aabcdf0, 4, 0;
    %pushi/vec4 2130099, 0, 32;
    %ix/load 4, 3, 0;
    %flag_set/imm 4, 0;
    %store/vec4a v000002796aabcdf0, 4, 0;
    %pushi/vec4 1114387, 0, 32;
    %ix/load 4, 4, 0;
    %flag_set/imm 4, 0;
    %store/vec4a v000002796aabcdf0, 4, 0;
    %pushi/vec4 4264643811, 0, 32;
    %ix/load 4, 5, 0;
    %flag_set/imm 4, 0;
    %store/vec4a v000002796aabcdf0, 4, 0;
    %pushi/vec4 19, 0, 32;
    %ix/load 4, 6, 0;
    %flag_set/imm 4, 0;
    %store/vec4a v000002796aabcdf0, 4, 0;
    %pushi/vec4 5243411, 0, 32;
    %ix/load 4, 7, 0;
    %flag_set/imm 4, 0;
    %store/vec4a v000002796aabcdf0, 4, 0;
    %pushi/vec4 5243539, 0, 32;
    %ix/load 4, 8, 0;
    %flag_set/imm 4, 0;
    %store/vec4a v000002796aabcdf0, 4, 0;
    %pushi/vec4 5375075, 0, 32;
    %ix/load 4, 9, 0;
    %flag_set/imm 4, 0;
    %store/vec4a v000002796aabcdf0, 4, 0;
    %pushi/vec4 103809811, 0, 32;
    %ix/load 4, 10, 0;
    %flag_set/imm 4, 0;
    %store/vec4a v000002796aabcdf0, 4, 0;
    %pushi/vec4 19, 0, 32;
    %ix/load 4, 11, 0;
    %flag_set/imm 4, 0;
    %store/vec4a v000002796aabcdf0, 4, 0;
    %pushi/vec4 44040979, 0, 32;
    %ix/load 4, 12, 0;
    %flag_set/imm 4, 0;
    %store/vec4a v000002796aabcdf0, 4, 0;
    %pushi/vec4 19, 0, 32;
    %ix/load 4, 13, 0;
    %flag_set/imm 4, 0;
    %store/vec4a v000002796aabcdf0, 4, 0;
    %pushi/vec4 12583919, 0, 32;
    %ix/load 4, 14, 0;
    %flag_set/imm 4, 0;
    %store/vec4a v000002796aabcdf0, 4, 0;
    %pushi/vec4 1049619, 0, 32;
    %ix/load 4, 15, 0;
    %flag_set/imm 4, 0;
    %store/vec4a v000002796aabcdf0, 4, 0;
    %pushi/vec4 19, 0, 32;
    %ix/load 4, 16, 0;
    %flag_set/imm 4, 0;
    %store/vec4a v000002796aabcdf0, 4, 0;
    %pushi/vec4 80741395, 0, 32;
    %ix/load 4, 17, 0;
    %flag_set/imm 4, 0;
    %store/vec4a v000002796aabcdf0, 4, 0;
    %pushi/vec4 19, 0, 32;
    %ix/load 4, 18, 0;
    %flag_set/imm 4, 0;
    %store/vec4a v000002796aabcdf0, 4, 0;
    %delay 25000, 0;
    %pushi/vec4 1, 0, 1;
    %store/vec4 v000002796ae47480_0, 0, 1;
    %vpi_call 2 157 "$display", "--- Test 1: BLT loop (1+2+...+10) ---" {0 0 0};
    %pushi/vec4 40, 0, 32;
    %store/vec4 v000002796ae46d00_0, 0, 32;
    %fork TD_tb_branch.wait_cycles, S_000002796aa052e0;
    %join;
    %pushi/vec4 1, 0, 5;
    %store/vec4 v000002796aa8f1f0_0, 0, 5;
    %pushi/vec4 55, 0, 32;
    %store/vec4 v000002796aa8f6f0_0, 0, 32;
    %pushi/vec4 0, 0, 32; draw_string_vec4
    %pushi/vec4 0, 0, 32; draw_string_vec4
    %concat/vec4; draw_string_vec4
    %pushi/vec4 0, 0, 32; draw_string_vec4
    %concat/vec4; draw_string_vec4
    %pushi/vec4 0, 0, 32; draw_string_vec4
    %concat/vec4; draw_string_vec4
    %pushi/vec4 0, 0, 32; draw_string_vec4
    %concat/vec4; draw_string_vec4
    %pushi/vec4 0, 0, 32; draw_string_vec4
    %concat/vec4; draw_string_vec4
    %pushi/vec4 1937075488, 0, 32; draw_string_vec4
    %concat/vec4; draw_string_vec4
    %pushi/vec4 1025520949, 0, 32; draw_string_vec4
    %concat/vec4; draw_string_vec4
    %store/vec4 v000002796aa8e430_0, 0, 256;
    %fork TD_tb_branch.check_reg, S_000002796aa12f70;
    %join;
    %pushi/vec4 2, 0, 5;
    %store/vec4 v000002796aa8f1f0_0, 0, 5;
    %pushi/vec4 11, 0, 32;
    %store/vec4 v000002796aa8f6f0_0, 0, 32;
    %pushi/vec4 0, 0, 32; draw_string_vec4
    %pushi/vec4 0, 0, 32; draw_string_vec4
    %concat/vec4; draw_string_vec4
    %pushi/vec4 6889504, 0, 32; draw_string_vec4
    %concat/vec4; draw_string_vec4
    %pushi/vec4 540876849, 0, 32; draw_string_vec4
    %concat/vec4; draw_string_vec4
    %pushi/vec4 824191084, 0, 32; draw_string_vec4
    %concat/vec4; draw_string_vec4
    %pushi/vec4 1869574176, 0, 32; draw_string_vec4
    %concat/vec4; draw_string_vec4
    %pushi/vec4 1937010544, 0, 32; draw_string_vec4
    %concat/vec4; draw_string_vec4
    %pushi/vec4 1885692969, 0, 32; draw_string_vec4
    %concat/vec4; draw_string_vec4
    %store/vec4 v000002796aa8e430_0, 0, 256;
    %fork TD_tb_branch.check_reg, S_000002796aa12f70;
    %join;
    %vpi_call 2 165 "$display", "\012--- Test 2: BEQ branch taken ---" {0 0 0};
    %pushi/vec4 6, 0, 32;
    %store/vec4 v000002796ae46d00_0, 0, 32;
    %fork TD_tb_branch.wait_cycles, S_000002796aa052e0;
    %join;
    %pushi/vec4 6, 0, 5;
    %store/vec4 v000002796aa8f1f0_0, 0, 5;
    %pushi/vec4 42, 0, 32;
    %store/vec4 v000002796aa8f6f0_0, 0, 32;
    %pushi/vec4 0, 0, 32; draw_string_vec4
    %pushi/vec4 120, 0, 32; draw_string_vec4
    %concat/vec4; draw_string_vec4
    %pushi/vec4 909980722, 0, 32; draw_string_vec4
    %concat/vec4; draw_string_vec4
    %pushi/vec4 539517554, 0, 32; draw_string_vec4
    %concat/vec4; draw_string_vec4
    %pushi/vec4 1634624360, 0, 32; draw_string_vec4
    %concat/vec4; draw_string_vec4
    %pushi/vec4 544435049, 0, 32; draw_string_vec4
    %concat/vec4; draw_string_vec4
    %pushi/vec4 1886414180, 0, 32; draw_string_vec4
    %concat/vec4; draw_string_vec4
    %pushi/vec4 540621097, 0, 32; draw_string_vec4
    %concat/vec4; draw_string_vec4
    %store/vec4 v000002796aa8e430_0, 0, 256;
    %fork TD_tb_branch.check_reg, S_000002796aa12f70;
    %join;
    %vpi_call 2 172 "$display", "\012--- Test 3: JAL jump and link ---" {0 0 0};
    %pushi/vec4 6, 0, 32;
    %store/vec4 v000002796ae46d00_0, 0, 32;
    %fork TD_tb_branch.wait_cycles, S_000002796aa052e0;
    %join;
    %pushi/vec4 7, 0, 5;
    %store/vec4 v000002796aa8f1f0_0, 0, 5;
    %pushi/vec4 60, 0, 32;
    %store/vec4 v000002796aa8f6f0_0, 0, 32;
    %pushi/vec4 0, 0, 32; draw_string_vec4
    %pushi/vec4 0, 0, 32; draw_string_vec4
    %concat/vec4; draw_string_vec4
    %pushi/vec4 0, 0, 32; draw_string_vec4
    %concat/vec4; draw_string_vec4
    %pushi/vec4 7878461, 0, 32; draw_string_vec4
    %concat/vec4; draw_string_vec4
    %pushi/vec4 909123624, 0, 32; draw_string_vec4
    %concat/vec4; draw_string_vec4
    %pushi/vec4 1919251573, 0, 32; draw_string_vec4
    %concat/vec4; draw_string_vec4
    %pushi/vec4 1919819873, 0, 32; draw_string_vec4
    %concat/vec4; draw_string_vec4
    %pushi/vec4 1684304425, 0, 32; draw_string_vec4
    %concat/vec4; draw_string_vec4
    %store/vec4 v000002796aa8e430_0, 0, 256;
    %fork TD_tb_branch.check_reg, S_000002796aa12f70;
    %join;
    %pushi/vec4 8, 0, 5;
    %store/vec4 v000002796aa8f1f0_0, 0, 5;
    %pushi/vec4 77, 0, 32;
    %store/vec4 v000002796aa8f6f0_0, 0, 32;
    %pushi/vec4 0, 0, 32; draw_string_vec4
    %pushi/vec4 30776, 0, 32; draw_string_vec4
    %concat/vec4; draw_string_vec4
    %pushi/vec4 1027028768, 0, 32; draw_string_vec4
    %concat/vec4; draw_string_vec4
    %pushi/vec4 675955020, 0, 32; draw_string_vec4
    %concat/vec4; draw_string_vec4
    %pushi/vec4 544435049, 0, 32; draw_string_vec4
    %concat/vec4; draw_string_vec4
    %pushi/vec4 1886414180, 0, 32; draw_string_vec4
    %concat/vec4; draw_string_vec4
    %pushi/vec4 541148228, 0, 32; draw_string_vec4
    %concat/vec4; draw_string_vec4
    %pushi/vec4 1226846505, 0, 32; draw_string_vec4
    %concat/vec4; draw_string_vec4
    %store/vec4 v000002796aa8e430_0, 0, 256;
    %fork TD_tb_branch.check_reg, S_000002796aa12f70;
    %join;
    %vpi_call 2 177 "$display", "\012=== Summary: %0d passed, %0d failed ===", v000002796ae46f80_0, v000002796ae47ac0_0 {0 0 0};
    %load/vec4 v000002796ae47ac0_0;
    %cmpi/e 0, 0, 32;
    %jmp/0xz  T_20.0, 4;
    %vpi_call 2 179 "$display", "ALL TESTS PASSED!" {0 0 0};
    %jmp T_20.1;
T_20.0 ;
    %vpi_call 2 181 "$display", "SOME TESTS FAILED!" {0 0 0};
T_20.1 ;
    %vpi_call 2 183 "$finish" {0 0 0};
    %end;
    .thread T_20;
# The file index is used to find the file name in the following table.
:file_names 12;
    "N/A";
    "<interactive>";
    "sim/tb_branch.v";
    "src/cpu_top.v";
    "src/alu.v";
    "src/control_unit.v";
    "src/instruction_decoder.v";
    "src/data_memory.v";
    "src/imm_gen.v";
    "src/instruction_memory.v";
    "src/program_counter.v";
    "src/register_file.v";
