#! /c/Source/iverilog-install/bin/vvp
:ivl_version "12.0 (devel)" "(s20150603-1539-g2693dd32b)";
:ivl_delay_selection "TYPICAL";
:vpi_time_precision - 12;
:vpi_module "C:\iverilog\lib\ivl\system.vpi";
:vpi_module "C:\iverilog\lib\ivl\vhdl_sys.vpi";
:vpi_module "C:\iverilog\lib\ivl\vhdl_textio.vpi";
:vpi_module "C:\iverilog\lib\ivl\v2005_math.vpi";
:vpi_module "C:\iverilog\lib\ivl\va_math.vpi";
S_0000015fbcfb4c60 .scope module, "tb_cpu_top" "tb_cpu_top" 2 24;
 .timescale -9 -12;
v0000015fbd353290_0 .var "clk", 0 0;
v0000015fbd353fb0_0 .net "debug_pc", 31 0, L_0000015fbcfa2620;  1 drivers
v0000015fbd352110_0 .var/i "fail_count", 31 0;
v0000015fbd353330_0 .net "mem_addr", 31 0, L_0000015fbcfa1f20;  1 drivers
v0000015fbd352b10_0 .var "mem_read_data", 31 0;
v0000015fbd353970_0 .net "mem_read_en", 0 0, L_0000015fbcfa2070;  1 drivers
v0000015fbd352c50_0 .net "mem_write_data", 31 0, L_0000015fbcfa2000;  1 drivers
v0000015fbd352ed0_0 .net "mem_write_en", 0 0, L_0000015fbcfa2690;  1 drivers
v0000015fbd352cf0_0 .var/i "pass_count", 31 0;
v0000015fbd352570_0 .var "rst_n", 0 0;
S_0000015fbcfb9c60 .scope task, "check_reg" "check_reg" 2 58, 2 58 0, S_0000015fbcfb4c60;
 .timescale -9 -12;
v0000015fbcfb1bf0_0 .var "expected_val", 31 0;
v0000015fbcfb22d0_0 .var "name", 127 0;
v0000015fbcfb2370_0 .var "reg_num", 4 0;
TD_tb_cpu_top.check_reg ;
    %load/vec4 v0000015fbcfb2370_0;
    %pad/u 7;
    %ix/vec4 4;
    %load/vec4a v0000015fbd350a60, 4;
    %load/vec4 v0000015fbcfb1bf0_0;
    %cmp/e;
    %jmp/0xz  T_0.0, 6;
    %vpi_call 2 64 "$display", "  PASS  %s: x%0d = %0d (0x%h)", v0000015fbcfb22d0_0, v0000015fbcfb2370_0, v0000015fbcfb1bf0_0, v0000015fbcfb1bf0_0 {0 0 0};
    %load/vec4 v0000015fbd352cf0_0;
    %addi 1, 0, 32;
    %store/vec4 v0000015fbd352cf0_0, 0, 32;
    %jmp T_0.1;
T_0.0 ;
    %load/vec4 v0000015fbcfb2370_0;
    %pad/u 7;
    %ix/vec4 4;
    %load/vec4a v0000015fbd350a60, 4;
    %load/vec4 v0000015fbcfb2370_0;
    %pad/u 7;
    %ix/vec4 4;
    %load/vec4a v0000015fbd350a60, 4;
    %vpi_call 2 67 "$display", "  FAIL  %s: x%0d = %0d (0x%h) | expected: %0d (0x%h)", v0000015fbcfb22d0_0, v0000015fbcfb2370_0, S<1,vec4,u32>, S<0,vec4,u32>, v0000015fbcfb1bf0_0, v0000015fbcfb1bf0_0 {2 0 0};
    %load/vec4 v0000015fbd352110_0;
    %addi 1, 0, 32;
    %store/vec4 v0000015fbd352110_0, 0, 32;
T_0.1 ;
    %end;
S_0000015fbcfb5000 .scope module, "uut" "cpu_top" 2 40, 3 27 0, S_0000015fbcfb4c60;
 .timescale -9 -12;
    .port_info 0 /INPUT 1 "clk";
    .port_info 1 /INPUT 1 "rst_n";
    .port_info 2 /OUTPUT 32 "mem_addr";
    .port_info 3 /OUTPUT 32 "mem_write_data";
    .port_info 4 /OUTPUT 1 "mem_write_en";
    .port_info 5 /OUTPUT 1 "mem_read_en";
    .port_info 6 /INPUT 32 "mem_read_data";
    .port_info 7 /OUTPUT 32 "debug_pc";
L_0000015fbcfa2620 .functor BUFZ 32, v0000015fbd350740_0, C4<00000000000000000000000000000000>, C4<00000000000000000000000000000000>, C4<00000000000000000000000000000000>;
L_0000015fbcfa1f20 .functor BUFZ 32, v0000015fbcfb1c90_0, C4<00000000000000000000000000000000>, C4<00000000000000000000000000000000>, C4<00000000000000000000000000000000>;
L_0000015fbcfa2000 .functor BUFZ 32, L_0000015fbd353830, C4<00000000000000000000000000000000>, C4<00000000000000000000000000000000>, C4<00000000000000000000000000000000>;
L_0000015fbcfa2690 .functor BUFZ 1, v0000015fbcfb0c50_0, C4<0>, C4<0>, C4<0>;
L_0000015fbcfa2070 .functor BUFZ 1, v0000015fbcfb25f0_0, C4<0>, C4<0>, C4<0>;
L_0000015fbd3543a8 .functor BUFT 1, C4<11111111111111111111111111111110>, C4<0>, C4<0>, C4<0>;
L_0000015fbcfa1890 .functor AND 32, L_0000015fbd3adfe0, L_0000015fbd3543a8, C4<11111111111111111111111111111111>, C4<11111111111111111111111111111111>;
L_0000015fbcfa1e40 .functor BUFZ 32, v0000015fbd353010_0, C4<00000000000000000000000000000000>, C4<00000000000000000000000000000000>, C4<00000000000000000000000000000000>;
v0000015fbd3504c0_0 .net *"_ivl_16", 31 0, L_0000015fbd3adfe0;  1 drivers
v0000015fbd350d80_0 .net/2u *"_ivl_18", 31 0, L_0000015fbd3543a8;  1 drivers
L_0000015fbd3543f0 .functor BUFT 1, C4<00000000000000000000000000000100>, C4<0>, C4<0>, C4<0>;
v0000015fbd351d20_0 .net/2u *"_ivl_24", 31 0, L_0000015fbd3543f0;  1 drivers
v0000015fbd351dc0_0 .var "alu_in_a", 31 0;
v0000015fbd350920_0 .var "alu_in_b", 31 0;
v0000015fbd3516e0_0 .net "alu_op", 3 0, v0000015fbcfb0ed0_0;  1 drivers
v0000015fbd351fa0_0 .net "alu_result", 31 0, v0000015fbcfb1c90_0;  1 drivers
v0000015fbd351820_0 .net "alu_src_a", 0 0, v0000015fbcfb2230_0;  1 drivers
v0000015fbd3509c0_0 .net "alu_src_b", 0 0, v0000015fbcfb0f70_0;  1 drivers
v0000015fbd351960_0 .net "alu_zero", 0 0, L_0000015fbd3ad900;  1 drivers
v0000015fbd3510a0_0 .net "branch", 0 0, v0000015fbcfb0bb0_0;  1 drivers
v0000015fbd351aa0_0 .net "branch_target", 31 0, L_0000015fbd3ad720;  1 drivers
v0000015fbd350ce0_0 .net "clk", 0 0, v0000015fbd353290_0;  1 drivers
v0000015fbd351280_0 .net "debug_pc", 31 0, L_0000015fbcfa2620;  alias, 1 drivers
v0000015fbd3511e0_0 .net "imm", 31 0, v0000015fbcfb1a10_0;  1 drivers
v0000015fbd3501a0_0 .net "imm_type", 2 0, v0000015fbcfb1510_0;  1 drivers
v0000015fbd351320_0 .net "inst", 31 0, L_0000015fbd3530b0;  1 drivers
v0000015fbd351a00_0 .net "jalr_target", 31 0, L_0000015fbcfa1890;  1 drivers
v0000015fbd3513c0_0 .net "jump", 0 0, v0000015fbcfb24b0_0;  1 drivers
v0000015fbd351460_0 .net "mem_addr", 31 0, L_0000015fbcfa1f20;  alias, 1 drivers
v0000015fbd351500_0 .net "mem_read", 0 0, v0000015fbcfb25f0_0;  1 drivers
v0000015fbd351b40_0 .net "mem_read_data", 31 0, v0000015fbd352b10_0;  1 drivers
v0000015fbd353a10_0 .net "mem_read_en", 0 0, L_0000015fbcfa2070;  alias, 1 drivers
v0000015fbd352bb0_0 .net "mem_write", 0 0, v0000015fbcfb0c50_0;  1 drivers
v0000015fbd352390_0 .net "mem_write_data", 31 0, L_0000015fbcfa2000;  alias, 1 drivers
v0000015fbd3529d0_0 .net "mem_write_en", 0 0, L_0000015fbcfa2690;  alias, 1 drivers
v0000015fbd352430_0 .net "next_pc", 31 0, L_0000015fbcfa1e40;  1 drivers
v0000015fbd353010_0 .var "next_pc_temp", 31 0;
v0000015fbd352610_0 .net "pc", 31 0, v0000015fbd350740_0;  1 drivers
v0000015fbd352f70_0 .net "pc_plus_4", 31 0, L_0000015fbd3acaa0;  1 drivers
v0000015fbd3538d0_0 .net "pc_sel", 1 0, v0000015fbcfb2410_0;  1 drivers
v0000015fbd3524d0_0 .net "rd", 4 0, L_0000015fbd353c90;  1 drivers
v0000015fbd352890_0 .net "reg_write", 0 0, v0000015fbcfb0930_0;  1 drivers
v0000015fbd353dd0_0 .var "reg_write_data", 31 0;
v0000015fbd3531f0_0 .net "rs1", 4 0, L_0000015fbd3536f0;  1 drivers
v0000015fbd353b50_0 .net "rs1_data", 31 0, L_0000015fbd352d90;  1 drivers
v0000015fbd353bf0_0 .net "rs2", 4 0, L_0000015fbd353790;  1 drivers
v0000015fbd3533d0_0 .net "rs2_data", 31 0, L_0000015fbd353830;  1 drivers
v0000015fbd353150_0 .net "rst_n", 0 0, v0000015fbd352570_0;  1 drivers
v0000015fbd353470_0 .net "wb_sel", 1 0, v0000015fbcfb2730_0;  1 drivers
E_0000015fbcfa78f0 .event anyedge, v0000015fbcfb2410_0, v0000015fbd352f70_0, v0000015fbd351aa0_0, v0000015fbd351a00_0;
E_0000015fbcfa86b0 .event anyedge, v0000015fbcfb2730_0, v0000015fbcfb1c90_0, v0000015fbd351b40_0, v0000015fbcfb1d30_0;
E_0000015fbcfa7ab0 .event anyedge, v0000015fbcfb0f70_0, v0000015fbcfb1a10_0, v0000015fbd3507e0_0;
E_0000015fbcfa8030 .event anyedge, v0000015fbcfb2230_0, v0000015fbcfb1d30_0, v0000015fbd351f00_0;
L_0000015fbd352a70 .reduce/nor v0000015fbd352570_0;
L_0000015fbd352e30 .part L_0000015fbd3530b0, 0, 7;
L_0000015fbd353f10 .part L_0000015fbd3530b0, 12, 3;
L_0000015fbd3adfe0 .arith/sum 32, L_0000015fbd352d90, v0000015fbcfb1a10_0;
L_0000015fbd3ad720 .arith/sum 32, v0000015fbd350740_0, v0000015fbcfb1a10_0;
L_0000015fbd3acaa0 .arith/sum 32, v0000015fbd350740_0, L_0000015fbd3543f0;
S_0000015fbcfba480 .scope module, "alu_inst" "alu" 3 162, 4 15 0, S_0000015fbcfb5000;
 .timescale -9 -12;
    .port_info 0 /INPUT 32 "a";
    .port_info 1 /INPUT 32 "b";
    .port_info 2 /INPUT 4 "alu_op";
    .port_info 3 /OUTPUT 32 "result";
    .port_info 4 /OUTPUT 1 "zero";
L_0000015fbd354360 .functor BUFT 1, C4<00000000000000000000000000000000>, C4<0>, C4<0>, C4<0>;
v0000015fbcfb18d0_0 .net/2u *"_ivl_0", 31 0, L_0000015fbd354360;  1 drivers
v0000015fbcfb0e30_0 .net "a", 31 0, v0000015fbd351dc0_0;  1 drivers
v0000015fbcfb11f0_0 .net "alu_op", 3 0, v0000015fbcfb0ed0_0;  alias, 1 drivers
v0000015fbcfb2190_0 .net "b", 31 0, v0000015fbd350920_0;  1 drivers
v0000015fbcfb1c90_0 .var "result", 31 0;
v0000015fbcfb13d0_0 .net "zero", 0 0, L_0000015fbd3ad900;  alias, 1 drivers
E_0000015fbcfa8330 .event anyedge, v0000015fbcfb11f0_0, v0000015fbcfb0e30_0, v0000015fbcfb2190_0;
L_0000015fbd3ad900 .cmp/eq 32, v0000015fbcfb1c90_0, L_0000015fbd354360;
S_0000015fbcfbaad0 .scope module, "ctrl" "control_unit" 3 150, 5 26 0, S_0000015fbcfb5000;
 .timescale -9 -12;
    .port_info 0 /INPUT 7 "opcode";
    .port_info 1 /INPUT 3 "funct3";
    .port_info 2 /INPUT 1 "branch";
    .port_info 3 /INPUT 1 "jump";
    .port_info 4 /INPUT 1 "alu_zero";
    .port_info 5 /INPUT 32 "alu_result";
    .port_info 6 /OUTPUT 1 "alu_src_a";
    .port_info 7 /OUTPUT 2 "pc_sel";
v0000015fbcfb1790_0 .net "alu_result", 31 0, v0000015fbcfb1c90_0;  alias, 1 drivers
v0000015fbcfb2230_0 .var "alu_src_a", 0 0;
v0000015fbcfb1150_0 .net "alu_zero", 0 0, L_0000015fbd3ad900;  alias, 1 drivers
v0000015fbcfb0890_0 .net "branch", 0 0, v0000015fbcfb0bb0_0;  alias, 1 drivers
v0000015fbcfb0cf0_0 .var "branch_taken", 0 0;
v0000015fbcfb10b0_0 .net "funct3", 2 0, L_0000015fbd353f10;  1 drivers
v0000015fbcfb2550_0 .net "jump", 0 0, v0000015fbcfb24b0_0;  alias, 1 drivers
v0000015fbcfb1290_0 .net "opcode", 6 0, L_0000015fbd352e30;  1 drivers
v0000015fbcfb2410_0 .var "pc_sel", 1 0;
E_0000015fbcfa8df0 .event anyedge, v0000015fbcfb1290_0, v0000015fbcfb2550_0, v0000015fbcfb0cf0_0;
E_0000015fbcfa8ab0 .event anyedge, v0000015fbcfb0890_0, v0000015fbcfb10b0_0, v0000015fbcfb13d0_0, v0000015fbcfb1c90_0;
S_0000015fbcfbb4f0 .scope module, "dec" "instruction_decoder" 3 113, 6 10 0, S_0000015fbcfb5000;
 .timescale -9 -12;
    .port_info 0 /INPUT 32 "inst";
    .port_info 1 /OUTPUT 5 "rs1";
    .port_info 2 /OUTPUT 5 "rs2";
    .port_info 3 /OUTPUT 5 "rd";
    .port_info 4 /OUTPUT 1 "reg_write";
    .port_info 5 /OUTPUT 3 "imm_type";
    .port_info 6 /OUTPUT 4 "alu_op";
    .port_info 7 /OUTPUT 1 "alu_src_b";
    .port_info 8 /OUTPUT 1 "branch";
    .port_info 9 /OUTPUT 1 "jump";
    .port_info 10 /OUTPUT 1 "mem_read";
    .port_info 11 /OUTPUT 1 "mem_write";
    .port_info 12 /OUTPUT 2 "wb_sel";
v0000015fbcfb0ed0_0 .var "alu_op", 3 0;
v0000015fbcfb0f70_0 .var "alu_src_b", 0 0;
v0000015fbcfb0bb0_0 .var "branch", 0 0;
v0000015fbcfb1970_0 .net "funct3", 2 0, L_0000015fbd3535b0;  1 drivers
v0000015fbcfb0a70_0 .net "funct7", 6 0, L_0000015fbd352750;  1 drivers
v0000015fbcfb1510_0 .var "imm_type", 2 0;
v0000015fbcfb1330_0 .net "inst", 31 0, L_0000015fbd3530b0;  alias, 1 drivers
v0000015fbcfb24b0_0 .var "jump", 0 0;
v0000015fbcfb25f0_0 .var "mem_read", 0 0;
v0000015fbcfb0c50_0 .var "mem_write", 0 0;
v0000015fbcfb09d0_0 .net "opcode", 6 0, L_0000015fbd353650;  1 drivers
v0000015fbcfb1010_0 .net "rd", 4 0, L_0000015fbd353c90;  alias, 1 drivers
v0000015fbcfb0930_0 .var "reg_write", 0 0;
v0000015fbcfb20f0_0 .net "rs1", 4 0, L_0000015fbd3536f0;  alias, 1 drivers
v0000015fbcfb1470_0 .net "rs2", 4 0, L_0000015fbd353790;  alias, 1 drivers
v0000015fbcfb2730_0 .var "wb_sel", 1 0;
E_0000015fbcfa8b30 .event anyedge, v0000015fbcfb09d0_0, v0000015fbcfb1970_0, v0000015fbcfb0a70_0;
L_0000015fbd353650 .part L_0000015fbd3530b0, 0, 7;
L_0000015fbd3535b0 .part L_0000015fbd3530b0, 12, 3;
L_0000015fbd352750 .part L_0000015fbd3530b0, 25, 7;
L_0000015fbd3536f0 .part L_0000015fbd3530b0, 15, 5;
L_0000015fbd353790 .part L_0000015fbd3530b0, 20, 5;
L_0000015fbd353c90 .part L_0000015fbd3530b0, 7, 5;
S_0000015fbcf67550 .scope module, "igen" "imm_gen" 3 130, 7 10 0, S_0000015fbcfb5000;
 .timescale -9 -12;
    .port_info 0 /INPUT 32 "inst";
    .port_info 1 /INPUT 3 "imm_type";
    .port_info 2 /OUTPUT 32 "imm";
v0000015fbcfb1a10_0 .var "imm", 31 0;
v0000015fbcfb1650_0 .net "imm_type", 2 0, v0000015fbcfb1510_0;  alias, 1 drivers
v0000015fbcfb15b0_0 .net "inst", 31 0, L_0000015fbd3530b0;  alias, 1 drivers
E_0000015fbcfa93f0 .event anyedge, v0000015fbcfb1510_0, v0000015fbcfb1330_0;
S_0000015fbcf676e0 .scope module, "imem" "instruction_memory" 3 107, 8 24 0, S_0000015fbcfb5000;
 .timescale -9 -12;
    .port_info 0 /INPUT 32 "addr";
    .port_info 1 /OUTPUT 32 "dout";
L_0000015fbd354120 .functor BUFT 1, C4<00>, C4<0>, C4<0>, C4<0>;
v0000015fbcfb0b10_0 .net *"_ivl_11", 1 0, L_0000015fbd354120;  1 drivers
L_0000015fbd354168 .functor BUFT 1, C4<00000000000000000000000000010011>, C4<0>, C4<0>, C4<0>;
v0000015fbcfb16f0_0 .net/2u *"_ivl_12", 31 0, L_0000015fbd354168;  1 drivers
L_0000015fbd3540d8 .functor BUFT 1, C4<00000000000000000100000000000000>, C4<0>, C4<0>, C4<0>;
v0000015fbcfb1830_0 .net/2u *"_ivl_2", 31 0, L_0000015fbd3540d8;  1 drivers
v0000015fbcfb1ab0_0 .net *"_ivl_4", 0 0, L_0000015fbd3521b0;  1 drivers
v0000015fbcfb1b50_0 .net *"_ivl_6", 31 0, L_0000015fbd352250;  1 drivers
v0000015fbcfb1f10_0 .net *"_ivl_8", 13 0, L_0000015fbd3526b0;  1 drivers
v0000015fbcfb1d30_0 .net "addr", 31 0, v0000015fbd350740_0;  alias, 1 drivers
v0000015fbcfb1dd0_0 .net "dout", 31 0, L_0000015fbd3530b0;  alias, 1 drivers
v0000015fbcfb1e70_0 .var/i "i", 31 0;
v0000015fbcfb1fb0 .array "mem", 4095 0, 31 0;
v0000015fbcfb2050_0 .net "word_addr", 11 0, L_0000015fbd353510;  1 drivers
L_0000015fbd353510 .part v0000015fbd350740_0, 2, 12;
L_0000015fbd3521b0 .cmp/gt 32, L_0000015fbd3540d8, v0000015fbd350740_0;
L_0000015fbd352250 .array/port v0000015fbcfb1fb0, L_0000015fbd3526b0;
L_0000015fbd3526b0 .concat [ 12 2 0 0], L_0000015fbd353510, L_0000015fbd354120;
L_0000015fbd3530b0 .functor MUXZ 32, L_0000015fbd354168, L_0000015fbd352250, L_0000015fbd3521b0, C4<>;
S_0000015fbcf61610 .scope module, "pc_reg" "program_counter" 3 99, 9 23 0, S_0000015fbcfb5000;
 .timescale -9 -12;
    .port_info 0 /INPUT 1 "clk";
    .port_info 1 /INPUT 1 "rst_n";
    .port_info 2 /INPUT 32 "pc_in";
    .port_info 3 /OUTPUT 32 "pc_out";
v0000015fbd350560_0 .net "clk", 0 0, v0000015fbd353290_0;  alias, 1 drivers
v0000015fbd351be0_0 .net "pc_in", 31 0, L_0000015fbcfa1e40;  alias, 1 drivers
v0000015fbd350740_0 .var "pc_out", 31 0;
v0000015fbd350380_0 .net "rst_n", 0 0, v0000015fbd352570_0;  alias, 1 drivers
E_0000015fbcfa9170/0 .event negedge, v0000015fbd350380_0;
E_0000015fbcfa9170/1 .event posedge, v0000015fbd350560_0;
E_0000015fbcfa9170 .event/or E_0000015fbcfa9170/0, E_0000015fbcfa9170/1;
S_0000015fbcf617a0 .scope module, "regfile" "register_file" 3 137, 10 10 0, S_0000015fbcfb5000;
 .timescale -9 -12;
    .port_info 0 /INPUT 1 "clk";
    .port_info 1 /INPUT 1 "rst";
    .port_info 2 /INPUT 5 "rs1";
    .port_info 3 /OUTPUT 32 "rd1";
    .port_info 4 /INPUT 5 "rs2";
    .port_info 5 /OUTPUT 32 "rd2";
    .port_info 6 /INPUT 5 "rd";
    .port_info 7 /INPUT 32 "wd";
    .port_info 8 /INPUT 1 "we";
L_0000015fbd3541b0 .functor BUFT 1, C4<00000>, C4<0>, C4<0>, C4<0>;
v0000015fbd3502e0_0 .net/2u *"_ivl_0", 4 0, L_0000015fbd3541b0;  1 drivers
L_0000015fbd354240 .functor BUFT 1, C4<00>, C4<0>, C4<0>, C4<0>;
v0000015fbd350c40_0 .net *"_ivl_11", 1 0, L_0000015fbd354240;  1 drivers
L_0000015fbd354288 .functor BUFT 1, C4<00000>, C4<0>, C4<0>, C4<0>;
v0000015fbd350420_0 .net/2u *"_ivl_14", 4 0, L_0000015fbd354288;  1 drivers
v0000015fbd350240_0 .net *"_ivl_16", 0 0, L_0000015fbd352930;  1 drivers
L_0000015fbd3542d0 .functor BUFT 1, C4<00000000000000000000000000000000>, C4<0>, C4<0>, C4<0>;
v0000015fbd350ec0_0 .net/2u *"_ivl_18", 31 0, L_0000015fbd3542d0;  1 drivers
v0000015fbd350f60_0 .net *"_ivl_2", 0 0, L_0000015fbd3522f0;  1 drivers
v0000015fbd350b00_0 .net *"_ivl_20", 31 0, L_0000015fbd353d30;  1 drivers
v0000015fbd3518c0_0 .net *"_ivl_22", 6 0, L_0000015fbd353e70;  1 drivers
L_0000015fbd354318 .functor BUFT 1, C4<00>, C4<0>, C4<0>, C4<0>;
v0000015fbd350ba0_0 .net *"_ivl_25", 1 0, L_0000015fbd354318;  1 drivers
L_0000015fbd3541f8 .functor BUFT 1, C4<00000000000000000000000000000000>, C4<0>, C4<0>, C4<0>;
v0000015fbd351e60_0 .net/2u *"_ivl_4", 31 0, L_0000015fbd3541f8;  1 drivers
v0000015fbd351140_0 .net *"_ivl_6", 31 0, L_0000015fbd3527f0;  1 drivers
v0000015fbd3506a0_0 .net *"_ivl_8", 6 0, L_0000015fbd353ab0;  1 drivers
v0000015fbd351000_0 .net "clk", 0 0, v0000015fbd353290_0;  alias, 1 drivers
v0000015fbd3515a0_0 .var/i "i", 31 0;
v0000015fbd350100_0 .net "rd", 4 0, L_0000015fbd353c90;  alias, 1 drivers
v0000015fbd351f00_0 .net "rd1", 31 0, L_0000015fbd352d90;  alias, 1 drivers
v0000015fbd3507e0_0 .net "rd2", 31 0, L_0000015fbd353830;  alias, 1 drivers
v0000015fbd350a60 .array "regs", 0 31, 31 0;
v0000015fbd351c80_0 .net "rs1", 4 0, L_0000015fbd3536f0;  alias, 1 drivers
v0000015fbd350600_0 .net "rs2", 4 0, L_0000015fbd353790;  alias, 1 drivers
v0000015fbd350880_0 .net "rst", 0 0, L_0000015fbd352a70;  1 drivers
v0000015fbd351640_0 .net "wd", 31 0, v0000015fbd353dd0_0;  1 drivers
v0000015fbd351780_0 .net "we", 0 0, v0000015fbcfb0930_0;  alias, 1 drivers
E_0000015fbcfa9570 .event posedge, v0000015fbd350560_0;
L_0000015fbd3522f0 .cmp/eq 5, L_0000015fbd3536f0, L_0000015fbd3541b0;
L_0000015fbd3527f0 .array/port v0000015fbd350a60, L_0000015fbd353ab0;
L_0000015fbd353ab0 .concat [ 5 2 0 0], L_0000015fbd3536f0, L_0000015fbd354240;
L_0000015fbd352d90 .functor MUXZ 32, L_0000015fbd3527f0, L_0000015fbd3541f8, L_0000015fbd3522f0, C4<>;
L_0000015fbd352930 .cmp/eq 5, L_0000015fbd353790, L_0000015fbd354288;
L_0000015fbd353d30 .array/port v0000015fbd350a60, L_0000015fbd353e70;
L_0000015fbd353e70 .concat [ 5 2 0 0], L_0000015fbd353790, L_0000015fbd354318;
L_0000015fbd353830 .functor MUXZ 32, L_0000015fbd353d30, L_0000015fbd3542d0, L_0000015fbd352930, C4<>;
    .scope S_0000015fbcf61610;
T_1 ;
    %wait E_0000015fbcfa9170;
    %load/vec4 v0000015fbd350380_0;
    %nor/r;
    %flag_set/vec4 8;
    %jmp/0xz  T_1.0, 8;
    %pushi/vec4 0, 0, 32;
    %assign/vec4 v0000015fbd350740_0, 0;
    %jmp T_1.1;
T_1.0 ;
    %load/vec4 v0000015fbd351be0_0;
    %assign/vec4 v0000015fbd350740_0, 0;
T_1.1 ;
    %jmp T_1;
    .thread T_1;
    .scope S_0000015fbcf676e0;
T_2 ;
    %pushi/vec4 0, 0, 32;
    %store/vec4 v0000015fbcfb1e70_0, 0, 32;
T_2.0 ;
    %load/vec4 v0000015fbcfb1e70_0;
    %cmpi/s 4096, 0, 32;
    %jmp/0xz T_2.1, 5;
    %pushi/vec4 19, 0, 32;
    %ix/getv/s 4, v0000015fbcfb1e70_0;
    %store/vec4a v0000015fbcfb1fb0, 4, 0;
    %load/vec4 v0000015fbcfb1e70_0;
    %addi 1, 0, 32;
    %store/vec4 v0000015fbcfb1e70_0, 0, 32;
    %jmp T_2.0;
T_2.1 ;
    %end;
    .thread T_2;
    .scope S_0000015fbcfbb4f0;
T_3 ;
    %wait E_0000015fbcfa8b30;
    %pushi/vec4 0, 0, 1;
    %store/vec4 v0000015fbcfb0930_0, 0, 1;
    %pushi/vec4 0, 0, 3;
    %store/vec4 v0000015fbcfb1510_0, 0, 3;
    %pushi/vec4 0, 0, 4;
    %store/vec4 v0000015fbcfb0ed0_0, 0, 4;
    %pushi/vec4 0, 0, 1;
    %store/vec4 v0000015fbcfb0f70_0, 0, 1;
    %pushi/vec4 0, 0, 1;
    %store/vec4 v0000015fbcfb0bb0_0, 0, 1;
    %pushi/vec4 0, 0, 1;
    %store/vec4 v0000015fbcfb24b0_0, 0, 1;
    %pushi/vec4 0, 0, 1;
    %store/vec4 v0000015fbcfb25f0_0, 0, 1;
    %pushi/vec4 0, 0, 1;
    %store/vec4 v0000015fbcfb0c50_0, 0, 1;
    %pushi/vec4 0, 0, 2;
    %store/vec4 v0000015fbcfb2730_0, 0, 2;
    %load/vec4 v0000015fbcfb09d0_0;
    %dup/vec4;
    %pushi/vec4 51, 0, 7;
    %cmp/u;
    %jmp/1 T_3.0, 6;
    %dup/vec4;
    %pushi/vec4 19, 0, 7;
    %cmp/u;
    %jmp/1 T_3.1, 6;
    %dup/vec4;
    %pushi/vec4 55, 0, 7;
    %cmp/u;
    %jmp/1 T_3.2, 6;
    %dup/vec4;
    %pushi/vec4 23, 0, 7;
    %cmp/u;
    %jmp/1 T_3.3, 6;
    %dup/vec4;
    %pushi/vec4 99, 0, 7;
    %cmp/u;
    %jmp/1 T_3.4, 6;
    %dup/vec4;
    %pushi/vec4 3, 0, 7;
    %cmp/u;
    %jmp/1 T_3.5, 6;
    %dup/vec4;
    %pushi/vec4 35, 0, 7;
    %cmp/u;
    %jmp/1 T_3.6, 6;
    %dup/vec4;
    %pushi/vec4 111, 0, 7;
    %cmp/u;
    %jmp/1 T_3.7, 6;
    %dup/vec4;
    %pushi/vec4 103, 0, 7;
    %cmp/u;
    %jmp/1 T_3.8, 6;
    %jmp T_3.10;
T_3.0 ;
    %pushi/vec4 1, 0, 1;
    %store/vec4 v0000015fbcfb0930_0, 0, 1;
    %pushi/vec4 0, 0, 1;
    %store/vec4 v0000015fbcfb0f70_0, 0, 1;
    %pushi/vec4 0, 0, 2;
    %store/vec4 v0000015fbcfb2730_0, 0, 2;
    %load/vec4 v0000015fbcfb1970_0;
    %dup/vec4;
    %pushi/vec4 0, 0, 3;
    %cmp/u;
    %jmp/1 T_3.11, 6;
    %dup/vec4;
    %pushi/vec4 1, 0, 3;
    %cmp/u;
    %jmp/1 T_3.12, 6;
    %dup/vec4;
    %pushi/vec4 2, 0, 3;
    %cmp/u;
    %jmp/1 T_3.13, 6;
    %dup/vec4;
    %pushi/vec4 3, 0, 3;
    %cmp/u;
    %jmp/1 T_3.14, 6;
    %dup/vec4;
    %pushi/vec4 4, 0, 3;
    %cmp/u;
    %jmp/1 T_3.15, 6;
    %dup/vec4;
    %pushi/vec4 5, 0, 3;
    %cmp/u;
    %jmp/1 T_3.16, 6;
    %dup/vec4;
    %pushi/vec4 6, 0, 3;
    %cmp/u;
    %jmp/1 T_3.17, 6;
    %dup/vec4;
    %pushi/vec4 7, 0, 3;
    %cmp/u;
    %jmp/1 T_3.18, 6;
    %pushi/vec4 0, 0, 4;
    %store/vec4 v0000015fbcfb0ed0_0, 0, 4;
    %jmp T_3.20;
T_3.11 ;
    %load/vec4 v0000015fbcfb0a70_0;
    %cmpi/e 32, 0, 7;
    %flag_mov 8, 4;
    %jmp/0 T_3.21, 8;
    %pushi/vec4 1, 0, 4;
    %jmp/1 T_3.22, 8;
T_3.21 ; End of true expr.
    %pushi/vec4 0, 0, 4;
    %jmp/0 T_3.22, 8;
 ; End of false expr.
    %blend;
T_3.22;
    %store/vec4 v0000015fbcfb0ed0_0, 0, 4;
    %jmp T_3.20;
T_3.12 ;
    %pushi/vec4 5, 0, 4;
    %store/vec4 v0000015fbcfb0ed0_0, 0, 4;
    %jmp T_3.20;
T_3.13 ;
    %pushi/vec4 8, 0, 4;
    %store/vec4 v0000015fbcfb0ed0_0, 0, 4;
    %jmp T_3.20;
T_3.14 ;
    %pushi/vec4 9, 0, 4;
    %store/vec4 v0000015fbcfb0ed0_0, 0, 4;
    %jmp T_3.20;
T_3.15 ;
    %pushi/vec4 4, 0, 4;
    %store/vec4 v0000015fbcfb0ed0_0, 0, 4;
    %jmp T_3.20;
T_3.16 ;
    %load/vec4 v0000015fbcfb0a70_0;
    %cmpi/e 32, 0, 7;
    %flag_mov 8, 4;
    %jmp/0 T_3.23, 8;
    %pushi/vec4 7, 0, 4;
    %jmp/1 T_3.24, 8;
T_3.23 ; End of true expr.
    %pushi/vec4 6, 0, 4;
    %jmp/0 T_3.24, 8;
 ; End of false expr.
    %blend;
T_3.24;
    %store/vec4 v0000015fbcfb0ed0_0, 0, 4;
    %jmp T_3.20;
T_3.17 ;
    %pushi/vec4 3, 0, 4;
    %store/vec4 v0000015fbcfb0ed0_0, 0, 4;
    %jmp T_3.20;
T_3.18 ;
    %pushi/vec4 2, 0, 4;
    %store/vec4 v0000015fbcfb0ed0_0, 0, 4;
    %jmp T_3.20;
T_3.20 ;
    %pop/vec4 1;
    %jmp T_3.10;
T_3.1 ;
    %pushi/vec4 1, 0, 1;
    %store/vec4 v0000015fbcfb0930_0, 0, 1;
    %pushi/vec4 1, 0, 1;
    %store/vec4 v0000015fbcfb0f70_0, 0, 1;
    %pushi/vec4 0, 0, 3;
    %store/vec4 v0000015fbcfb1510_0, 0, 3;
    %pushi/vec4 0, 0, 2;
    %store/vec4 v0000015fbcfb2730_0, 0, 2;
    %load/vec4 v0000015fbcfb1970_0;
    %dup/vec4;
    %pushi/vec4 0, 0, 3;
    %cmp/u;
    %jmp/1 T_3.25, 6;
    %dup/vec4;
    %pushi/vec4 1, 0, 3;
    %cmp/u;
    %jmp/1 T_3.26, 6;
    %dup/vec4;
    %pushi/vec4 2, 0, 3;
    %cmp/u;
    %jmp/1 T_3.27, 6;
    %dup/vec4;
    %pushi/vec4 3, 0, 3;
    %cmp/u;
    %jmp/1 T_3.28, 6;
    %dup/vec4;
    %pushi/vec4 4, 0, 3;
    %cmp/u;
    %jmp/1 T_3.29, 6;
    %dup/vec4;
    %pushi/vec4 5, 0, 3;
    %cmp/u;
    %jmp/1 T_3.30, 6;
    %dup/vec4;
    %pushi/vec4 6, 0, 3;
    %cmp/u;
    %jmp/1 T_3.31, 6;
    %dup/vec4;
    %pushi/vec4 7, 0, 3;
    %cmp/u;
    %jmp/1 T_3.32, 6;
    %pushi/vec4 0, 0, 4;
    %store/vec4 v0000015fbcfb0ed0_0, 0, 4;
    %jmp T_3.34;
T_3.25 ;
    %pushi/vec4 0, 0, 4;
    %store/vec4 v0000015fbcfb0ed0_0, 0, 4;
    %jmp T_3.34;
T_3.26 ;
    %pushi/vec4 5, 0, 4;
    %store/vec4 v0000015fbcfb0ed0_0, 0, 4;
    %jmp T_3.34;
T_3.27 ;
    %pushi/vec4 8, 0, 4;
    %store/vec4 v0000015fbcfb0ed0_0, 0, 4;
    %jmp T_3.34;
T_3.28 ;
    %pushi/vec4 9, 0, 4;
    %store/vec4 v0000015fbcfb0ed0_0, 0, 4;
    %jmp T_3.34;
T_3.29 ;
    %pushi/vec4 4, 0, 4;
    %store/vec4 v0000015fbcfb0ed0_0, 0, 4;
    %jmp T_3.34;
T_3.30 ;
    %load/vec4 v0000015fbcfb0a70_0;
    %cmpi/e 32, 0, 7;
    %flag_mov 8, 4;
    %jmp/0 T_3.35, 8;
    %pushi/vec4 7, 0, 4;
    %jmp/1 T_3.36, 8;
T_3.35 ; End of true expr.
    %pushi/vec4 6, 0, 4;
    %jmp/0 T_3.36, 8;
 ; End of false expr.
    %blend;
T_3.36;
    %store/vec4 v0000015fbcfb0ed0_0, 0, 4;
    %jmp T_3.34;
T_3.31 ;
    %pushi/vec4 3, 0, 4;
    %store/vec4 v0000015fbcfb0ed0_0, 0, 4;
    %jmp T_3.34;
T_3.32 ;
    %pushi/vec4 2, 0, 4;
    %store/vec4 v0000015fbcfb0ed0_0, 0, 4;
    %jmp T_3.34;
T_3.34 ;
    %pop/vec4 1;
    %jmp T_3.10;
T_3.2 ;
    %pushi/vec4 1, 0, 1;
    %store/vec4 v0000015fbcfb0930_0, 0, 1;
    %pushi/vec4 3, 0, 3;
    %store/vec4 v0000015fbcfb1510_0, 0, 3;
    %pushi/vec4 1, 0, 1;
    %store/vec4 v0000015fbcfb0f70_0, 0, 1;
    %pushi/vec4 10, 0, 4;
    %store/vec4 v0000015fbcfb0ed0_0, 0, 4;
    %pushi/vec4 0, 0, 2;
    %store/vec4 v0000015fbcfb2730_0, 0, 2;
    %jmp T_3.10;
T_3.3 ;
    %pushi/vec4 1, 0, 1;
    %store/vec4 v0000015fbcfb0930_0, 0, 1;
    %pushi/vec4 3, 0, 3;
    %store/vec4 v0000015fbcfb1510_0, 0, 3;
    %pushi/vec4 1, 0, 1;
    %store/vec4 v0000015fbcfb0f70_0, 0, 1;
    %pushi/vec4 0, 0, 4;
    %store/vec4 v0000015fbcfb0ed0_0, 0, 4;
    %pushi/vec4 0, 0, 2;
    %store/vec4 v0000015fbcfb2730_0, 0, 2;
    %jmp T_3.10;
T_3.4 ;
    %pushi/vec4 1, 0, 1;
    %store/vec4 v0000015fbcfb0bb0_0, 0, 1;
    %pushi/vec4 2, 0, 3;
    %store/vec4 v0000015fbcfb1510_0, 0, 3;
    %pushi/vec4 0, 0, 1;
    %store/vec4 v0000015fbcfb0f70_0, 0, 1;
    %load/vec4 v0000015fbcfb1970_0;
    %dup/vec4;
    %pushi/vec4 0, 0, 3;
    %cmp/u;
    %jmp/1 T_3.37, 6;
    %dup/vec4;
    %pushi/vec4 1, 0, 3;
    %cmp/u;
    %jmp/1 T_3.38, 6;
    %dup/vec4;
    %pushi/vec4 4, 0, 3;
    %cmp/u;
    %jmp/1 T_3.39, 6;
    %dup/vec4;
    %pushi/vec4 5, 0, 3;
    %cmp/u;
    %jmp/1 T_3.40, 6;
    %dup/vec4;
    %pushi/vec4 6, 0, 3;
    %cmp/u;
    %jmp/1 T_3.41, 6;
    %dup/vec4;
    %pushi/vec4 7, 0, 3;
    %cmp/u;
    %jmp/1 T_3.42, 6;
    %pushi/vec4 1, 0, 4;
    %store/vec4 v0000015fbcfb0ed0_0, 0, 4;
    %jmp T_3.44;
T_3.37 ;
    %pushi/vec4 1, 0, 4;
    %store/vec4 v0000015fbcfb0ed0_0, 0, 4;
    %jmp T_3.44;
T_3.38 ;
    %pushi/vec4 1, 0, 4;
    %store/vec4 v0000015fbcfb0ed0_0, 0, 4;
    %jmp T_3.44;
T_3.39 ;
    %pushi/vec4 8, 0, 4;
    %store/vec4 v0000015fbcfb0ed0_0, 0, 4;
    %jmp T_3.44;
T_3.40 ;
    %pushi/vec4 8, 0, 4;
    %store/vec4 v0000015fbcfb0ed0_0, 0, 4;
    %jmp T_3.44;
T_3.41 ;
    %pushi/vec4 9, 0, 4;
    %store/vec4 v0000015fbcfb0ed0_0, 0, 4;
    %jmp T_3.44;
T_3.42 ;
    %pushi/vec4 9, 0, 4;
    %store/vec4 v0000015fbcfb0ed0_0, 0, 4;
    %jmp T_3.44;
T_3.44 ;
    %pop/vec4 1;
    %jmp T_3.10;
T_3.5 ;
    %pushi/vec4 1, 0, 1;
    %store/vec4 v0000015fbcfb0930_0, 0, 1;
    %pushi/vec4 1, 0, 1;
    %store/vec4 v0000015fbcfb25f0_0, 0, 1;
    %pushi/vec4 0, 0, 3;
    %store/vec4 v0000015fbcfb1510_0, 0, 3;
    %pushi/vec4 1, 0, 1;
    %store/vec4 v0000015fbcfb0f70_0, 0, 1;
    %pushi/vec4 0, 0, 4;
    %store/vec4 v0000015fbcfb0ed0_0, 0, 4;
    %pushi/vec4 1, 0, 2;
    %store/vec4 v0000015fbcfb2730_0, 0, 2;
    %jmp T_3.10;
T_3.6 ;
    %pushi/vec4 1, 0, 1;
    %store/vec4 v0000015fbcfb0c50_0, 0, 1;
    %pushi/vec4 1, 0, 3;
    %store/vec4 v0000015fbcfb1510_0, 0, 3;
    %pushi/vec4 1, 0, 1;
    %store/vec4 v0000015fbcfb0f70_0, 0, 1;
    %pushi/vec4 0, 0, 4;
    %store/vec4 v0000015fbcfb0ed0_0, 0, 4;
    %jmp T_3.10;
T_3.7 ;
    %pushi/vec4 1, 0, 1;
    %store/vec4 v0000015fbcfb0930_0, 0, 1;
    %pushi/vec4 1, 0, 1;
    %store/vec4 v0000015fbcfb24b0_0, 0, 1;
    %pushi/vec4 4, 0, 3;
    %store/vec4 v0000015fbcfb1510_0, 0, 3;
    %pushi/vec4 2, 0, 2;
    %store/vec4 v0000015fbcfb2730_0, 0, 2;
    %jmp T_3.10;
T_3.8 ;
    %pushi/vec4 1, 0, 1;
    %store/vec4 v0000015fbcfb0930_0, 0, 1;
    %pushi/vec4 1, 0, 1;
    %store/vec4 v0000015fbcfb24b0_0, 0, 1;
    %pushi/vec4 0, 0, 3;
    %store/vec4 v0000015fbcfb1510_0, 0, 3;
    %pushi/vec4 2, 0, 2;
    %store/vec4 v0000015fbcfb2730_0, 0, 2;
    %jmp T_3.10;
T_3.10 ;
    %pop/vec4 1;
    %jmp T_3;
    .thread T_3, $push;
    .scope S_0000015fbcf67550;
T_4 ;
    %wait E_0000015fbcfa93f0;
    %load/vec4 v0000015fbcfb1650_0;
    %dup/vec4;
    %pushi/vec4 0, 0, 3;
    %cmp/u;
    %jmp/1 T_4.0, 6;
    %dup/vec4;
    %pushi/vec4 1, 0, 3;
    %cmp/u;
    %jmp/1 T_4.1, 6;
    %dup/vec4;
    %pushi/vec4 2, 0, 3;
    %cmp/u;
    %jmp/1 T_4.2, 6;
    %dup/vec4;
    %pushi/vec4 3, 0, 3;
    %cmp/u;
    %jmp/1 T_4.3, 6;
    %dup/vec4;
    %pushi/vec4 4, 0, 3;
    %cmp/u;
    %jmp/1 T_4.4, 6;
    %pushi/vec4 0, 0, 32;
    %store/vec4 v0000015fbcfb1a10_0, 0, 32;
    %jmp T_4.6;
T_4.0 ;
    %load/vec4 v0000015fbcfb15b0_0;
    %parti/s 1, 31, 6;
    %replicate 20;
    %load/vec4 v0000015fbcfb15b0_0;
    %parti/s 12, 20, 6;
    %concat/vec4; draw_concat_vec4
    %store/vec4 v0000015fbcfb1a10_0, 0, 32;
    %jmp T_4.6;
T_4.1 ;
    %load/vec4 v0000015fbcfb15b0_0;
    %parti/s 1, 31, 6;
    %replicate 20;
    %load/vec4 v0000015fbcfb15b0_0;
    %parti/s 7, 25, 6;
    %concat/vec4; draw_concat_vec4
    %load/vec4 v0000015fbcfb15b0_0;
    %parti/s 5, 7, 4;
    %concat/vec4; draw_concat_vec4
    %store/vec4 v0000015fbcfb1a10_0, 0, 32;
    %jmp T_4.6;
T_4.2 ;
    %load/vec4 v0000015fbcfb15b0_0;
    %parti/s 1, 31, 6;
    %replicate 20;
    %load/vec4 v0000015fbcfb15b0_0;
    %parti/s 1, 7, 4;
    %concat/vec4; draw_concat_vec4
    %load/vec4 v0000015fbcfb15b0_0;
    %parti/s 6, 25, 6;
    %concat/vec4; draw_concat_vec4
    %load/vec4 v0000015fbcfb15b0_0;
    %parti/s 4, 8, 5;
    %concat/vec4; draw_concat_vec4
    %concati/vec4 0, 0, 1;
    %store/vec4 v0000015fbcfb1a10_0, 0, 32;
    %jmp T_4.6;
T_4.3 ;
    %load/vec4 v0000015fbcfb15b0_0;
    %parti/s 20, 12, 5;
    %concati/vec4 0, 0, 12;
    %store/vec4 v0000015fbcfb1a10_0, 0, 32;
    %jmp T_4.6;
T_4.4 ;
    %load/vec4 v0000015fbcfb15b0_0;
    %parti/s 1, 31, 6;
    %replicate 12;
    %load/vec4 v0000015fbcfb15b0_0;
    %parti/s 8, 12, 5;
    %concat/vec4; draw_concat_vec4
    %load/vec4 v0000015fbcfb15b0_0;
    %parti/s 1, 20, 6;
    %concat/vec4; draw_concat_vec4
    %load/vec4 v0000015fbcfb15b0_0;
    %parti/s 10, 21, 6;
    %concat/vec4; draw_concat_vec4
    %concati/vec4 0, 0, 1;
    %store/vec4 v0000015fbcfb1a10_0, 0, 32;
    %jmp T_4.6;
T_4.6 ;
    %pop/vec4 1;
    %jmp T_4;
    .thread T_4, $push;
    .scope S_0000015fbcf617a0;
T_5 ;
    %wait E_0000015fbcfa9570;
    %load/vec4 v0000015fbd350880_0;
    %flag_set/vec4 8;
    %jmp/0xz  T_5.0, 8;
    %pushi/vec4 0, 0, 32;
    %store/vec4 v0000015fbd3515a0_0, 0, 32;
T_5.2 ;
    %load/vec4 v0000015fbd3515a0_0;
    %cmpi/s 32, 0, 32;
    %jmp/0xz T_5.3, 5;
    %pushi/vec4 0, 0, 32;
    %ix/getv/s 3, v0000015fbd3515a0_0;
    %ix/load 4, 0, 0; Constant delay
    %assign/vec4/a/d v0000015fbd350a60, 0, 4;
    %load/vec4 v0000015fbd3515a0_0;
    %addi 1, 0, 32;
    %store/vec4 v0000015fbd3515a0_0, 0, 32;
    %jmp T_5.2;
T_5.3 ;
    %jmp T_5.1;
T_5.0 ;
    %load/vec4 v0000015fbd351780_0;
    %flag_set/vec4 9;
    %flag_get/vec4 9;
    %jmp/0 T_5.6, 9;
    %load/vec4 v0000015fbd350100_0;
    %pushi/vec4 0, 0, 5;
    %cmp/ne;
    %flag_get/vec4 4;
    %and;
T_5.6;
    %flag_set/vec4 8;
    %jmp/0xz  T_5.4, 8;
    %load/vec4 v0000015fbd351640_0;
    %load/vec4 v0000015fbd350100_0;
    %pad/u 7;
    %ix/vec4 3;
    %ix/load 4, 0, 0; Constant delay
    %assign/vec4/a/d v0000015fbd350a60, 0, 4;
T_5.4 ;
T_5.1 ;
    %jmp T_5;
    .thread T_5;
    .scope S_0000015fbcfbaad0;
T_6 ;
    %wait E_0000015fbcfa8ab0;
    %pushi/vec4 0, 0, 1;
    %store/vec4 v0000015fbcfb0cf0_0, 0, 1;
    %load/vec4 v0000015fbcfb0890_0;
    %flag_set/vec4 8;
    %jmp/0xz  T_6.0, 8;
    %load/vec4 v0000015fbcfb10b0_0;
    %dup/vec4;
    %pushi/vec4 0, 0, 3;
    %cmp/u;
    %jmp/1 T_6.2, 6;
    %dup/vec4;
    %pushi/vec4 1, 0, 3;
    %cmp/u;
    %jmp/1 T_6.3, 6;
    %dup/vec4;
    %pushi/vec4 4, 0, 3;
    %cmp/u;
    %jmp/1 T_6.4, 6;
    %dup/vec4;
    %pushi/vec4 5, 0, 3;
    %cmp/u;
    %jmp/1 T_6.5, 6;
    %dup/vec4;
    %pushi/vec4 6, 0, 3;
    %cmp/u;
    %jmp/1 T_6.6, 6;
    %dup/vec4;
    %pushi/vec4 7, 0, 3;
    %cmp/u;
    %jmp/1 T_6.7, 6;
    %pushi/vec4 0, 0, 1;
    %store/vec4 v0000015fbcfb0cf0_0, 0, 1;
    %jmp T_6.9;
T_6.2 ;
    %load/vec4 v0000015fbcfb1150_0;
    %store/vec4 v0000015fbcfb0cf0_0, 0, 1;
    %jmp T_6.9;
T_6.3 ;
    %load/vec4 v0000015fbcfb1150_0;
    %nor/r;
    %store/vec4 v0000015fbcfb0cf0_0, 0, 1;
    %jmp T_6.9;
T_6.4 ;
    %load/vec4 v0000015fbcfb1790_0;
    %parti/s 1, 0, 2;
    %store/vec4 v0000015fbcfb0cf0_0, 0, 1;
    %jmp T_6.9;
T_6.5 ;
    %load/vec4 v0000015fbcfb1790_0;
    %parti/s 1, 0, 2;
    %nor/r;
    %store/vec4 v0000015fbcfb0cf0_0, 0, 1;
    %jmp T_6.9;
T_6.6 ;
    %load/vec4 v0000015fbcfb1790_0;
    %parti/s 1, 0, 2;
    %store/vec4 v0000015fbcfb0cf0_0, 0, 1;
    %jmp T_6.9;
T_6.7 ;
    %load/vec4 v0000015fbcfb1790_0;
    %parti/s 1, 0, 2;
    %nor/r;
    %store/vec4 v0000015fbcfb0cf0_0, 0, 1;
    %jmp T_6.9;
T_6.9 ;
    %pop/vec4 1;
T_6.0 ;
    %jmp T_6;
    .thread T_6, $push;
    .scope S_0000015fbcfbaad0;
T_7 ;
    %wait E_0000015fbcfa8df0;
    %load/vec4 v0000015fbcfb1290_0;
    %cmpi/e 23, 0, 7;
    %jmp/0xz  T_7.0, 4;
    %pushi/vec4 1, 0, 1;
    %store/vec4 v0000015fbcfb2230_0, 0, 1;
    %jmp T_7.1;
T_7.0 ;
    %pushi/vec4 0, 0, 1;
    %store/vec4 v0000015fbcfb2230_0, 0, 1;
T_7.1 ;
    %load/vec4 v0000015fbcfb1290_0;
    %cmpi/e 103, 0, 7;
    %jmp/0xz  T_7.2, 4;
    %pushi/vec4 2, 0, 2;
    %store/vec4 v0000015fbcfb2410_0, 0, 2;
    %jmp T_7.3;
T_7.2 ;
    %load/vec4 v0000015fbcfb2550_0;
    %flag_set/vec4 8;
    %jmp/1 T_7.6, 8;
    %load/vec4 v0000015fbcfb0cf0_0;
    %flag_set/vec4 9;
    %flag_or 8, 9;
T_7.6;
    %jmp/0xz  T_7.4, 8;
    %pushi/vec4 1, 0, 2;
    %store/vec4 v0000015fbcfb2410_0, 0, 2;
    %jmp T_7.5;
T_7.4 ;
    %pushi/vec4 0, 0, 2;
    %store/vec4 v0000015fbcfb2410_0, 0, 2;
T_7.5 ;
T_7.3 ;
    %jmp T_7;
    .thread T_7, $push;
    .scope S_0000015fbcfba480;
T_8 ;
    %wait E_0000015fbcfa8330;
    %load/vec4 v0000015fbcfb11f0_0;
    %dup/vec4;
    %pushi/vec4 0, 0, 4;
    %cmp/u;
    %jmp/1 T_8.0, 6;
    %dup/vec4;
    %pushi/vec4 1, 0, 4;
    %cmp/u;
    %jmp/1 T_8.1, 6;
    %dup/vec4;
    %pushi/vec4 2, 0, 4;
    %cmp/u;
    %jmp/1 T_8.2, 6;
    %dup/vec4;
    %pushi/vec4 3, 0, 4;
    %cmp/u;
    %jmp/1 T_8.3, 6;
    %dup/vec4;
    %pushi/vec4 4, 0, 4;
    %cmp/u;
    %jmp/1 T_8.4, 6;
    %dup/vec4;
    %pushi/vec4 5, 0, 4;
    %cmp/u;
    %jmp/1 T_8.5, 6;
    %dup/vec4;
    %pushi/vec4 6, 0, 4;
    %cmp/u;
    %jmp/1 T_8.6, 6;
    %dup/vec4;
    %pushi/vec4 7, 0, 4;
    %cmp/u;
    %jmp/1 T_8.7, 6;
    %dup/vec4;
    %pushi/vec4 8, 0, 4;
    %cmp/u;
    %jmp/1 T_8.8, 6;
    %dup/vec4;
    %pushi/vec4 9, 0, 4;
    %cmp/u;
    %jmp/1 T_8.9, 6;
    %dup/vec4;
    %pushi/vec4 10, 0, 4;
    %cmp/u;
    %jmp/1 T_8.10, 6;
    %pushi/vec4 0, 0, 32;
    %store/vec4 v0000015fbcfb1c90_0, 0, 32;
    %jmp T_8.12;
T_8.0 ;
    %load/vec4 v0000015fbcfb0e30_0;
    %load/vec4 v0000015fbcfb2190_0;
    %add;
    %store/vec4 v0000015fbcfb1c90_0, 0, 32;
    %jmp T_8.12;
T_8.1 ;
    %load/vec4 v0000015fbcfb0e30_0;
    %load/vec4 v0000015fbcfb2190_0;
    %sub;
    %store/vec4 v0000015fbcfb1c90_0, 0, 32;
    %jmp T_8.12;
T_8.2 ;
    %load/vec4 v0000015fbcfb0e30_0;
    %load/vec4 v0000015fbcfb2190_0;
    %and;
    %store/vec4 v0000015fbcfb1c90_0, 0, 32;
    %jmp T_8.12;
T_8.3 ;
    %load/vec4 v0000015fbcfb0e30_0;
    %load/vec4 v0000015fbcfb2190_0;
    %or;
    %store/vec4 v0000015fbcfb1c90_0, 0, 32;
    %jmp T_8.12;
T_8.4 ;
    %load/vec4 v0000015fbcfb0e30_0;
    %load/vec4 v0000015fbcfb2190_0;
    %xor;
    %store/vec4 v0000015fbcfb1c90_0, 0, 32;
    %jmp T_8.12;
T_8.5 ;
    %load/vec4 v0000015fbcfb0e30_0;
    %load/vec4 v0000015fbcfb2190_0;
    %parti/s 5, 0, 2;
    %ix/vec4 4;
    %shiftl 4;
    %store/vec4 v0000015fbcfb1c90_0, 0, 32;
    %jmp T_8.12;
T_8.6 ;
    %load/vec4 v0000015fbcfb0e30_0;
    %load/vec4 v0000015fbcfb2190_0;
    %parti/s 5, 0, 2;
    %ix/vec4 4;
    %shiftr 4;
    %store/vec4 v0000015fbcfb1c90_0, 0, 32;
    %jmp T_8.12;
T_8.7 ;
    %load/vec4 v0000015fbcfb0e30_0;
    %load/vec4 v0000015fbcfb2190_0;
    %parti/s 5, 0, 2;
    %ix/vec4 4;
    %shiftr/s 4;
    %store/vec4 v0000015fbcfb1c90_0, 0, 32;
    %jmp T_8.12;
T_8.8 ;
    %load/vec4 v0000015fbcfb0e30_0;
    %load/vec4 v0000015fbcfb2190_0;
    %cmp/s;
    %flag_mov 8, 5;
    %jmp/0 T_8.13, 8;
    %pushi/vec4 1, 0, 32;
    %jmp/1 T_8.14, 8;
T_8.13 ; End of true expr.
    %pushi/vec4 0, 0, 32;
    %jmp/0 T_8.14, 8;
 ; End of false expr.
    %blend;
T_8.14;
    %store/vec4 v0000015fbcfb1c90_0, 0, 32;
    %jmp T_8.12;
T_8.9 ;
    %load/vec4 v0000015fbcfb0e30_0;
    %load/vec4 v0000015fbcfb2190_0;
    %cmp/u;
    %flag_mov 8, 5;
    %jmp/0 T_8.15, 8;
    %pushi/vec4 1, 0, 32;
    %jmp/1 T_8.16, 8;
T_8.15 ; End of true expr.
    %pushi/vec4 0, 0, 32;
    %jmp/0 T_8.16, 8;
 ; End of false expr.
    %blend;
T_8.16;
    %store/vec4 v0000015fbcfb1c90_0, 0, 32;
    %jmp T_8.12;
T_8.10 ;
    %load/vec4 v0000015fbcfb2190_0;
    %store/vec4 v0000015fbcfb1c90_0, 0, 32;
    %jmp T_8.12;
T_8.12 ;
    %pop/vec4 1;
    %jmp T_8;
    .thread T_8, $push;
    .scope S_0000015fbcfb5000;
T_9 ;
    %wait E_0000015fbcfa8030;
    %load/vec4 v0000015fbd351820_0;
    %flag_set/vec4 8;
    %jmp/0xz  T_9.0, 8;
    %load/vec4 v0000015fbd352610_0;
    %store/vec4 v0000015fbd351dc0_0, 0, 32;
    %jmp T_9.1;
T_9.0 ;
    %load/vec4 v0000015fbd353b50_0;
    %store/vec4 v0000015fbd351dc0_0, 0, 32;
T_9.1 ;
    %jmp T_9;
    .thread T_9, $push;
    .scope S_0000015fbcfb5000;
T_10 ;
    %wait E_0000015fbcfa7ab0;
    %load/vec4 v0000015fbd3509c0_0;
    %flag_set/vec4 8;
    %jmp/0xz  T_10.0, 8;
    %load/vec4 v0000015fbd3511e0_0;
    %store/vec4 v0000015fbd350920_0, 0, 32;
    %jmp T_10.1;
T_10.0 ;
    %load/vec4 v0000015fbd3533d0_0;
    %store/vec4 v0000015fbd350920_0, 0, 32;
T_10.1 ;
    %jmp T_10;
    .thread T_10, $push;
    .scope S_0000015fbcfb5000;
T_11 ;
    %wait E_0000015fbcfa86b0;
    %load/vec4 v0000015fbd353470_0;
    %dup/vec4;
    %pushi/vec4 0, 0, 2;
    %cmp/u;
    %jmp/1 T_11.0, 6;
    %dup/vec4;
    %pushi/vec4 1, 0, 2;
    %cmp/u;
    %jmp/1 T_11.1, 6;
    %dup/vec4;
    %pushi/vec4 2, 0, 2;
    %cmp/u;
    %jmp/1 T_11.2, 6;
    %load/vec4 v0000015fbd351fa0_0;
    %store/vec4 v0000015fbd353dd0_0, 0, 32;
    %jmp T_11.4;
T_11.0 ;
    %load/vec4 v0000015fbd351fa0_0;
    %store/vec4 v0000015fbd353dd0_0, 0, 32;
    %jmp T_11.4;
T_11.1 ;
    %load/vec4 v0000015fbd351b40_0;
    %store/vec4 v0000015fbd353dd0_0, 0, 32;
    %jmp T_11.4;
T_11.2 ;
    %load/vec4 v0000015fbd352610_0;
    %addi 4, 0, 32;
    %store/vec4 v0000015fbd353dd0_0, 0, 32;
    %jmp T_11.4;
T_11.4 ;
    %pop/vec4 1;
    %jmp T_11;
    .thread T_11, $push;
    .scope S_0000015fbcfb5000;
T_12 ;
    %wait E_0000015fbcfa78f0;
    %load/vec4 v0000015fbd3538d0_0;
    %dup/vec4;
    %pushi/vec4 0, 0, 2;
    %cmp/u;
    %jmp/1 T_12.0, 6;
    %dup/vec4;
    %pushi/vec4 1, 0, 2;
    %cmp/u;
    %jmp/1 T_12.1, 6;
    %dup/vec4;
    %pushi/vec4 2, 0, 2;
    %cmp/u;
    %jmp/1 T_12.2, 6;
    %load/vec4 v0000015fbd352f70_0;
    %store/vec4 v0000015fbd353010_0, 0, 32;
    %jmp T_12.4;
T_12.0 ;
    %load/vec4 v0000015fbd352f70_0;
    %store/vec4 v0000015fbd353010_0, 0, 32;
    %jmp T_12.4;
T_12.1 ;
    %load/vec4 v0000015fbd351aa0_0;
    %store/vec4 v0000015fbd353010_0, 0, 32;
    %jmp T_12.4;
T_12.2 ;
    %load/vec4 v0000015fbd351a00_0;
    %store/vec4 v0000015fbd353010_0, 0, 32;
    %jmp T_12.4;
T_12.4 ;
    %pop/vec4 1;
    %jmp T_12;
    .thread T_12, $push;
    .scope S_0000015fbcfb4c60;
T_13 ;
    %pushi/vec4 0, 0, 32;
    %store/vec4 v0000015fbd352cf0_0, 0, 32;
    %pushi/vec4 0, 0, 32;
    %store/vec4 v0000015fbd352110_0, 0, 32;
    %end;
    .thread T_13;
    .scope S_0000015fbcfb4c60;
T_14 ;
    %delay 10000, 0;
    %load/vec4 v0000015fbd353290_0;
    %inv;
    %store/vec4 v0000015fbd353290_0, 0, 1;
    %jmp T_14;
    .thread T_14;
    .scope S_0000015fbcfb4c60;
T_15 ;
    %vpi_call 2 77 "$dumpfile", "sim/tb_cpu.vcd" {0 0 0};
    %vpi_call 2 78 "$dumpvars", 32'sb00000000000000000000000000000000, S_0000015fbcfb4c60 {0 0 0};
    %pushi/vec4 0, 0, 1;
    %store/vec4 v0000015fbd353290_0, 0, 1;
    %pushi/vec4 0, 0, 1;
    %store/vec4 v0000015fbd352570_0, 0, 1;
    %pushi/vec4 0, 0, 32;
    %store/vec4 v0000015fbd352b10_0, 0, 32;
    %vpi_call 2 84 "$display", "=== RISC-V CPU Top Level Testbench ===" {0 0 0};
    %pushi/vec4 10485907, 0, 32;
    %ix/load 4, 0, 0;
    %flag_set/imm 4, 0;
    %store/vec4a v0000015fbcfb1fb0, 4, 0;
    %pushi/vec4 20971795, 0, 32;
    %ix/load 4, 1, 0;
    %flag_set/imm 4, 0;
    %store/vec4a v0000015fbcfb1fb0, 4, 0;
    %pushi/vec4 2130355, 0, 32;
    %ix/load 4, 2, 0;
    %flag_set/imm 4, 0;
    %store/vec4a v0000015fbcfb1fb0, 4, 0;
    %pushi/vec4 1074889267, 0, 32;
    %ix/load 4, 3, 0;
    %flag_set/imm 4, 0;
    %store/vec4a v0000015fbcfb1fb0, 4, 0;
    %pushi/vec4 305418935, 0, 32;
    %ix/load 4, 4, 0;
    %flag_set/imm 4, 0;
    %store/vec4a v0000015fbcfb1fb0, 4, 0;
    %pushi/vec4 19, 0, 32;
    %ix/load 4, 5, 0;
    %flag_set/imm 4, 0;
    %store/vec4a v0000015fbcfb1fb0, 4, 0;
    %pushi/vec4 19, 0, 32;
    %ix/load 4, 6, 0;
    %flag_set/imm 4, 0;
    %store/vec4a v0000015fbcfb1fb0, 4, 0;
    %delay 25000, 0;
    %pushi/vec4 1, 0, 1;
    %store/vec4 v0000015fbd352570_0, 0, 1;
    %delay 20000, 0;
    %load/vec4 v0000015fbd353fb0_0;
    %subi 4, 0, 32;
    %vpi_call 2 112 "$display", "[PC=%0d] Executed ADDI x1, x0, 10", S<0,vec4,u32> {1 0 0};
    %pushi/vec4 1, 0, 5;
    %store/vec4 v0000015fbcfb2370_0, 0, 5;
    %pushi/vec4 10, 0, 32;
    %store/vec4 v0000015fbcfb1bf0_0, 0, 32;
    %pushi/vec4 3296830905, 0, 34;
    %concati/vec4 2781980037, 0, 32;
    %concati/vec4 2980440453, 0, 32;
    %concati/vec4 879325038, 0, 30;
    %store/vec4 v0000015fbcfb22d0_0, 0, 128;
    %fork TD_tb_cpu_top.check_reg, S_0000015fbcfb9c60;
    %join;
    %delay 20000, 0;
    %load/vec4 v0000015fbd353fb0_0;
    %subi 4, 0, 32;
    %vpi_call 2 117 "$display", "[PC=%0d] Executed ADDI x2, x0, 20", S<0,vec4,u32> {1 0 0};
    %pushi/vec4 2, 0, 5;
    %store/vec4 v0000015fbcfb2370_0, 0, 5;
    %pushi/vec4 20, 0, 32;
    %store/vec4 v0000015fbcfb1bf0_0, 0, 32;
    %pushi/vec4 3363939769, 0, 34;
    %concati/vec4 2781980037, 0, 32;
    %concati/vec4 2980440453, 0, 32;
    %concati/vec4 879325038, 0, 30;
    %store/vec4 v0000015fbcfb22d0_0, 0, 128;
    %fork TD_tb_cpu_top.check_reg, S_0000015fbcfb9c60;
    %join;
    %delay 20000, 0;
    %load/vec4 v0000015fbd353fb0_0;
    %subi 4, 0, 32;
    %vpi_call 2 122 "$display", "[PC=%0d] Executed ADD x3, x1, x2", S<0,vec4,u32> {1 0 0};
    %pushi/vec4 3, 0, 5;
    %store/vec4 v0000015fbcfb2370_0, 0, 5;
    %pushi/vec4 30, 0, 32;
    %store/vec4 v0000015fbcfb1bf0_0, 0, 32;
    %pushi/vec4 0, 0, 32; draw_string_vec4
    %pushi/vec4 2016616509, 0, 32; draw_string_vec4
    %concat/vec4; draw_string_vec4
    %pushi/vec4 544747808, 0, 32; draw_string_vec4
    %concat/vec4; draw_string_vec4
    %pushi/vec4 723548210, 0, 32; draw_string_vec4
    %concat/vec4; draw_string_vec4
    %store/vec4 v0000015fbcfb22d0_0, 0, 128;
    %fork TD_tb_cpu_top.check_reg, S_0000015fbcfb9c60;
    %join;
    %delay 20000, 0;
    %load/vec4 v0000015fbd353fb0_0;
    %subi 4, 0, 32;
    %vpi_call 2 127 "$display", "[PC=%0d] Executed SUB x4, x3, x1", S<0,vec4,u32> {1 0 0};
    %pushi/vec4 4, 0, 5;
    %store/vec4 v0000015fbcfb2370_0, 0, 5;
    %pushi/vec4 20, 0, 32;
    %store/vec4 v0000015fbcfb1bf0_0, 0, 32;
    %pushi/vec4 0, 0, 32; draw_string_vec4
    %pushi/vec4 2016682045, 0, 32; draw_string_vec4
    %concat/vec4; draw_string_vec4
    %pushi/vec4 544748320, 0, 32; draw_string_vec4
    %concat/vec4; draw_string_vec4
    %pushi/vec4 757102641, 0, 32; draw_string_vec4
    %concat/vec4; draw_string_vec4
    %store/vec4 v0000015fbcfb22d0_0, 0, 128;
    %fork TD_tb_cpu_top.check_reg, S_0000015fbcfb9c60;
    %join;
    %delay 20000, 0;
    %load/vec4 v0000015fbd353fb0_0;
    %subi 4, 0, 32;
    %vpi_call 2 132 "$display", "[PC=%0d] Executed LUI x5, 0x12345", S<0,vec4,u32> {1 0 0};
    %pushi/vec4 5, 0, 5;
    %store/vec4 v0000015fbcfb2370_0, 0, 5;
    %pushi/vec4 305418240, 0, 32;
    %store/vec4 v0000015fbcfb1bf0_0, 0, 32;
    %pushi/vec4 7877920, 0, 32; draw_string_vec4
    %pushi/vec4 1025519736, 0, 32; draw_string_vec4
    %concat/vec4; draw_string_vec4
    %pushi/vec4 825373492, 0, 32; draw_string_vec4
    %concat/vec4; draw_string_vec4
    %pushi/vec4 892350512, 0, 32; draw_string_vec4
    %concat/vec4; draw_string_vec4
    %store/vec4 v0000015fbcfb22d0_0, 0, 128;
    %fork TD_tb_cpu_top.check_reg, S_0000015fbcfb9c60;
    %join;
    %delay 20000, 0;
    %vpi_call 2 138 "$display", "\012=== Summary: %0d passed, %0d failed ===", v0000015fbd352cf0_0, v0000015fbd352110_0 {0 0 0};
    %load/vec4 v0000015fbd352110_0;
    %cmpi/e 0, 0, 32;
    %jmp/0xz  T_15.0, 4;
    %vpi_call 2 140 "$display", "ALL TESTS PASSED!" {0 0 0};
    %jmp T_15.1;
T_15.0 ;
    %vpi_call 2 142 "$display", "SOME TESTS FAILED!" {0 0 0};
T_15.1 ;
    %vpi_call 2 144 "$finish" {0 0 0};
    %end;
    .thread T_15;
# The file index is used to find the file name in the following table.
:file_names 11;
    "N/A";
    "<interactive>";
    "sim/tb_cpu_top.v";
    "src/cpu_top.v";
    "src/alu.v";
    "src/control_unit.v";
    "src/instruction_decoder.v";
    "src/imm_gen.v";
    "src/instruction_memory.v";
    "src/program_counter.v";
    "src/register_file.v";
