#! /c/Source/iverilog-install/bin/vvp
:ivl_version "12.0 (devel)" "(s20150603-1539-g2693dd32b)";
:ivl_delay_selection "TYPICAL";
:vpi_time_precision - 12;
:vpi_module "C:\iverilog\lib\ivl\system.vpi";
:vpi_module "C:\iverilog\lib\ivl\vhdl_sys.vpi";
:vpi_module "C:\iverilog\lib\ivl\vhdl_textio.vpi";
:vpi_module "C:\iverilog\lib\ivl\v2005_math.vpi";
:vpi_module "C:\iverilog\lib\ivl\va_math.vpi";
S_0000018ca149f8b0 .scope module, "tb_decoder" "tb_decoder" 2 12;
 .timescale -9 -12;
v0000018ca14fb980_0 .net "alu_op", 3 0, v0000018ca1473210_0;  1 drivers
v0000018ca14fc600_0 .net "alu_src_b", 0 0, v0000018ca1472ef0_0;  1 drivers
v0000018ca14fb660_0 .net "branch", 0 0, v0000018ca14732b0_0;  1 drivers
v0000018ca14fcce0_0 .var/i "fail_count", 31 0;
v0000018ca14fc380_0 .net "imm", 31 0, v0000018ca14729f0_0;  1 drivers
v0000018ca14fc100_0 .net "imm_type", 2 0, v0000018ca1472c70_0;  1 drivers
v0000018ca14fc6a0_0 .var "inst", 31 0;
v0000018ca14fc880_0 .net "jump", 0 0, v0000018ca1472a90_0;  1 drivers
v0000018ca14fcb00_0 .net "mem_read", 0 0, v0000018ca14730d0_0;  1 drivers
v0000018ca14fbfc0_0 .net "mem_write", 0 0, v0000018ca1473170_0;  1 drivers
v0000018ca14fc060_0 .var/i "pass_count", 31 0;
v0000018ca14fcf60_0 .net "rd", 4 0, L_0000018ca14fcd80;  1 drivers
v0000018ca14fbf20_0 .net "reg_write", 0 0, v0000018ca1472d10_0;  1 drivers
v0000018ca14fc920_0 .net "rs1", 4 0, L_0000018ca14fbd40;  1 drivers
v0000018ca14fd0a0_0 .net "rs2", 4 0, L_0000018ca14fc9c0;  1 drivers
v0000018ca14fbc00_0 .net "wb_sel", 1 0, v0000018ca1472950_0;  1 drivers
S_0000018ca1474b80 .scope task, "check" "check" 2 65, 2 65 0, S_0000018ca149f8b0;
 .timescale -9 -12;
v0000018ca1472bd0_0 .var "exp_alu_op", 3 0;
v0000018ca1473350_0 .var "exp_alu_src_b", 0 0;
v0000018ca1472770_0 .var "exp_imm_type", 2 0;
v0000018ca1472810_0 .var "exp_reg_write", 0 0;
v0000018ca1472f90_0 .var "name", 127 0;
TD_tb_decoder.check ;
    %delay 1000, 0;
    %load/vec4 v0000018ca14fbf20_0;
    %load/vec4 v0000018ca1472810_0;
    %cmp/e;
    %flag_get/vec4 6;
    %jmp/0 T_0.4, 6;
    %load/vec4 v0000018ca14fc100_0;
    %load/vec4 v0000018ca1472770_0;
    %cmp/e;
    %flag_get/vec4 6;
    %and;
T_0.4;
    %flag_set/vec4 10;
    %flag_get/vec4 10;
    %jmp/0 T_0.3, 10;
    %load/vec4 v0000018ca14fb980_0;
    %load/vec4 v0000018ca1472bd0_0;
    %cmp/e;
    %flag_get/vec4 6;
    %and;
T_0.3;
    %flag_set/vec4 9;
    %flag_get/vec4 9;
    %jmp/0 T_0.2, 9;
    %load/vec4 v0000018ca14fc600_0;
    %load/vec4 v0000018ca1473350_0;
    %cmp/e;
    %flag_get/vec4 6;
    %and;
T_0.2;
    %flag_set/vec4 8;
    %jmp/0xz  T_0.0, 8;
    %vpi_call 2 77 "$display", "  PASS  %s", v0000018ca1472f90_0 {0 0 0};
    %load/vec4 v0000018ca14fc060_0;
    %addi 1, 0, 32;
    %store/vec4 v0000018ca14fc060_0, 0, 32;
    %jmp T_0.1;
T_0.0 ;
    %vpi_call 2 80 "$display", "  FAIL  %s | expected: rw=%b itype=%d aluop=%d asrc=%b | got: rw=%b itype=%d aluop=%d asrc=%b", v0000018ca1472f90_0, v0000018ca1472810_0, v0000018ca1472770_0, v0000018ca1472bd0_0, v0000018ca1473350_0, v0000018ca14fbf20_0, v0000018ca14fc100_0, v0000018ca14fb980_0, v0000018ca14fc600_0 {0 0 0};
    %load/vec4 v0000018ca14fcce0_0;
    %addi 1, 0, 32;
    %store/vec4 v0000018ca14fcce0_0, 0, 32;
T_0.1 ;
    %end;
S_0000018ca14a3d40 .scope module, "dec" "instruction_decoder" 2 37, 3 10 0, S_0000018ca149f8b0;
 .timescale -9 -12;
    .port_info 0 /INPUT 32 "inst";
    .port_info 1 /OUTPUT 5 "rs1";
    .port_info 2 /OUTPUT 5 "rs2";
    .port_info 3 /OUTPUT 5 "rd";
    .port_info 4 /OUTPUT 1 "reg_write";
    .port_info 5 /OUTPUT 3 "imm_type";
    .port_info 6 /OUTPUT 4 "alu_op";
    .port_info 7 /OUTPUT 1 "alu_src_b";
    .port_info 8 /OUTPUT 1 "branch";
    .port_info 9 /OUTPUT 1 "jump";
    .port_info 10 /OUTPUT 1 "mem_read";
    .port_info 11 /OUTPUT 1 "mem_write";
    .port_info 12 /OUTPUT 2 "wb_sel";
v0000018ca1473210_0 .var "alu_op", 3 0;
v0000018ca1472ef0_0 .var "alu_src_b", 0 0;
v0000018ca14732b0_0 .var "branch", 0 0;
v0000018ca1473030_0 .net "funct3", 2 0, L_0000018ca14fb700;  1 drivers
v0000018ca14733f0_0 .net "funct7", 6 0, L_0000018ca14fc420;  1 drivers
v0000018ca1472c70_0 .var "imm_type", 2 0;
v0000018ca1473490_0 .net "inst", 31 0, v0000018ca14fc6a0_0;  1 drivers
v0000018ca1472a90_0 .var "jump", 0 0;
v0000018ca14730d0_0 .var "mem_read", 0 0;
v0000018ca1473170_0 .var "mem_write", 0 0;
v0000018ca1472630_0 .net "opcode", 6 0, L_0000018ca14fb7a0;  1 drivers
v0000018ca14726d0_0 .net "rd", 4 0, L_0000018ca14fcd80;  alias, 1 drivers
v0000018ca1472d10_0 .var "reg_write", 0 0;
v0000018ca14728b0_0 .net "rs1", 4 0, L_0000018ca14fbd40;  alias, 1 drivers
v0000018ca1472db0_0 .net "rs2", 4 0, L_0000018ca14fc9c0;  alias, 1 drivers
v0000018ca1472950_0 .var "wb_sel", 1 0;
E_0000018ca149c270 .event anyedge, v0000018ca1472630_0, v0000018ca1473030_0, v0000018ca14733f0_0;
L_0000018ca14fb7a0 .part v0000018ca14fc6a0_0, 0, 7;
L_0000018ca14fb700 .part v0000018ca14fc6a0_0, 12, 3;
L_0000018ca14fc420 .part v0000018ca14fc6a0_0, 25, 7;
L_0000018ca14fbd40 .part v0000018ca14fc6a0_0, 15, 5;
L_0000018ca14fc9c0 .part v0000018ca14fc6a0_0, 20, 5;
L_0000018ca14fcd80 .part v0000018ca14fc6a0_0, 7, 5;
S_0000018ca1496ee0 .scope module, "igen" "imm_gen" 2 53, 4 10 0, S_0000018ca149f8b0;
 .timescale -9 -12;
    .port_info 0 /INPUT 32 "inst";
    .port_info 1 /INPUT 3 "imm_type";
    .port_info 2 /OUTPUT 32 "imm";
v0000018ca14729f0_0 .var "imm", 31 0;
v0000018ca1472b30_0 .net "imm_type", 2 0, v0000018ca1472c70_0;  alias, 1 drivers
v0000018ca1472e50_0 .net "inst", 31 0, v0000018ca14fc6a0_0;  alias, 1 drivers
E_0000018ca149c5b0 .event anyedge, v0000018ca1472c70_0, v0000018ca1473490_0;
    .scope S_0000018ca14a3d40;
T_1 ;
    %wait E_0000018ca149c270;
    %pushi/vec4 0, 0, 1;
    %store/vec4 v0000018ca1472d10_0, 0, 1;
    %pushi/vec4 0, 0, 3;
    %store/vec4 v0000018ca1472c70_0, 0, 3;
    %pushi/vec4 0, 0, 4;
    %store/vec4 v0000018ca1473210_0, 0, 4;
    %pushi/vec4 0, 0, 1;
    %store/vec4 v0000018ca1472ef0_0, 0, 1;
    %pushi/vec4 0, 0, 1;
    %store/vec4 v0000018ca14732b0_0, 0, 1;
    %pushi/vec4 0, 0, 1;
    %store/vec4 v0000018ca1472a90_0, 0, 1;
    %pushi/vec4 0, 0, 1;
    %store/vec4 v0000018ca14730d0_0, 0, 1;
    %pushi/vec4 0, 0, 1;
    %store/vec4 v0000018ca1473170_0, 0, 1;
    %pushi/vec4 0, 0, 2;
    %store/vec4 v0000018ca1472950_0, 0, 2;
    %load/vec4 v0000018ca1472630_0;
    %dup/vec4;
    %pushi/vec4 51, 0, 7;
    %cmp/u;
    %jmp/1 T_1.0, 6;
    %dup/vec4;
    %pushi/vec4 19, 0, 7;
    %cmp/u;
    %jmp/1 T_1.1, 6;
    %dup/vec4;
    %pushi/vec4 55, 0, 7;
    %cmp/u;
    %jmp/1 T_1.2, 6;
    %dup/vec4;
    %pushi/vec4 23, 0, 7;
    %cmp/u;
    %jmp/1 T_1.3, 6;
    %dup/vec4;
    %pushi/vec4 99, 0, 7;
    %cmp/u;
    %jmp/1 T_1.4, 6;
    %dup/vec4;
    %pushi/vec4 3, 0, 7;
    %cmp/u;
    %jmp/1 T_1.5, 6;
    %dup/vec4;
    %pushi/vec4 35, 0, 7;
    %cmp/u;
    %jmp/1 T_1.6, 6;
    %dup/vec4;
    %pushi/vec4 111, 0, 7;
    %cmp/u;
    %jmp/1 T_1.7, 6;
    %dup/vec4;
    %pushi/vec4 103, 0, 7;
    %cmp/u;
    %jmp/1 T_1.8, 6;
    %jmp T_1.10;
T_1.0 ;
    %pushi/vec4 1, 0, 1;
    %store/vec4 v0000018ca1472d10_0, 0, 1;
    %pushi/vec4 0, 0, 1;
    %store/vec4 v0000018ca1472ef0_0, 0, 1;
    %pushi/vec4 0, 0, 2;
    %store/vec4 v0000018ca1472950_0, 0, 2;
    %load/vec4 v0000018ca1473030_0;
    %dup/vec4;
    %pushi/vec4 0, 0, 3;
    %cmp/u;
    %jmp/1 T_1.11, 6;
    %dup/vec4;
    %pushi/vec4 1, 0, 3;
    %cmp/u;
    %jmp/1 T_1.12, 6;
    %dup/vec4;
    %pushi/vec4 2, 0, 3;
    %cmp/u;
    %jmp/1 T_1.13, 6;
    %dup/vec4;
    %pushi/vec4 3, 0, 3;
    %cmp/u;
    %jmp/1 T_1.14, 6;
    %dup/vec4;
    %pushi/vec4 4, 0, 3;
    %cmp/u;
    %jmp/1 T_1.15, 6;
    %dup/vec4;
    %pushi/vec4 5, 0, 3;
    %cmp/u;
    %jmp/1 T_1.16, 6;
    %dup/vec4;
    %pushi/vec4 6, 0, 3;
    %cmp/u;
    %jmp/1 T_1.17, 6;
    %dup/vec4;
    %pushi/vec4 7, 0, 3;
    %cmp/u;
    %jmp/1 T_1.18, 6;
    %pushi/vec4 0, 0, 4;
    %store/vec4 v0000018ca1473210_0, 0, 4;
    %jmp T_1.20;
T_1.11 ;
    %load/vec4 v0000018ca14733f0_0;
    %cmpi/e 32, 0, 7;
    %flag_mov 8, 4;
    %jmp/0 T_1.21, 8;
    %pushi/vec4 1, 0, 4;
    %jmp/1 T_1.22, 8;
T_1.21 ; End of true expr.
    %pushi/vec4 0, 0, 4;
    %jmp/0 T_1.22, 8;
 ; End of false expr.
    %blend;
T_1.22;
    %store/vec4 v0000018ca1473210_0, 0, 4;
    %jmp T_1.20;
T_1.12 ;
    %pushi/vec4 5, 0, 4;
    %store/vec4 v0000018ca1473210_0, 0, 4;
    %jmp T_1.20;
T_1.13 ;
    %pushi/vec4 8, 0, 4;
    %store/vec4 v0000018ca1473210_0, 0, 4;
    %jmp T_1.20;
T_1.14 ;
    %pushi/vec4 9, 0, 4;
    %store/vec4 v0000018ca1473210_0, 0, 4;
    %jmp T_1.20;
T_1.15 ;
    %pushi/vec4 4, 0, 4;
    %store/vec4 v0000018ca1473210_0, 0, 4;
    %jmp T_1.20;
T_1.16 ;
    %load/vec4 v0000018ca14733f0_0;
    %cmpi/e 32, 0, 7;
    %flag_mov 8, 4;
    %jmp/0 T_1.23, 8;
    %pushi/vec4 7, 0, 4;
    %jmp/1 T_1.24, 8;
T_1.23 ; End of true expr.
    %pushi/vec4 6, 0, 4;
    %jmp/0 T_1.24, 8;
 ; End of false expr.
    %blend;
T_1.24;
    %store/vec4 v0000018ca1473210_0, 0, 4;
    %jmp T_1.20;
T_1.17 ;
    %pushi/vec4 3, 0, 4;
    %store/vec4 v0000018ca1473210_0, 0, 4;
    %jmp T_1.20;
T_1.18 ;
    %pushi/vec4 2, 0, 4;
    %store/vec4 v0000018ca1473210_0, 0, 4;
    %jmp T_1.20;
T_1.20 ;
    %pop/vec4 1;
    %jmp T_1.10;
T_1.1 ;
    %pushi/vec4 1, 0, 1;
    %store/vec4 v0000018ca1472d10_0, 0, 1;
    %pushi/vec4 1, 0, 1;
    %store/vec4 v0000018ca1472ef0_0, 0, 1;
    %pushi/vec4 0, 0, 3;
    %store/vec4 v0000018ca1472c70_0, 0, 3;
    %pushi/vec4 0, 0, 2;
    %store/vec4 v0000018ca1472950_0, 0, 2;
    %load/vec4 v0000018ca1473030_0;
    %dup/vec4;
    %pushi/vec4 0, 0, 3;
    %cmp/u;
    %jmp/1 T_1.25, 6;
    %dup/vec4;
    %pushi/vec4 1, 0, 3;
    %cmp/u;
    %jmp/1 T_1.26, 6;
    %dup/vec4;
    %pushi/vec4 2, 0, 3;
    %cmp/u;
    %jmp/1 T_1.27, 6;
    %dup/vec4;
    %pushi/vec4 3, 0, 3;
    %cmp/u;
    %jmp/1 T_1.28, 6;
    %dup/vec4;
    %pushi/vec4 4, 0, 3;
    %cmp/u;
    %jmp/1 T_1.29, 6;
    %dup/vec4;
    %pushi/vec4 5, 0, 3;
    %cmp/u;
    %jmp/1 T_1.30, 6;
    %dup/vec4;
    %pushi/vec4 6, 0, 3;
    %cmp/u;
    %jmp/1 T_1.31, 6;
    %dup/vec4;
    %pushi/vec4 7, 0, 3;
    %cmp/u;
    %jmp/1 T_1.32, 6;
    %pushi/vec4 0, 0, 4;
    %store/vec4 v0000018ca1473210_0, 0, 4;
    %jmp T_1.34;
T_1.25 ;
    %pushi/vec4 0, 0, 4;
    %store/vec4 v0000018ca1473210_0, 0, 4;
    %jmp T_1.34;
T_1.26 ;
    %pushi/vec4 5, 0, 4;
    %store/vec4 v0000018ca1473210_0, 0, 4;
    %jmp T_1.34;
T_1.27 ;
    %pushi/vec4 8, 0, 4;
    %store/vec4 v0000018ca1473210_0, 0, 4;
    %jmp T_1.34;
T_1.28 ;
    %pushi/vec4 9, 0, 4;
    %store/vec4 v0000018ca1473210_0, 0, 4;
    %jmp T_1.34;
T_1.29 ;
    %pushi/vec4 4, 0, 4;
    %store/vec4 v0000018ca1473210_0, 0, 4;
    %jmp T_1.34;
T_1.30 ;
    %load/vec4 v0000018ca14733f0_0;
    %cmpi/e 32, 0, 7;
    %flag_mov 8, 4;
    %jmp/0 T_1.35, 8;
    %pushi/vec4 7, 0, 4;
    %jmp/1 T_1.36, 8;
T_1.35 ; End of true expr.
    %pushi/vec4 6, 0, 4;
    %jmp/0 T_1.36, 8;
 ; End of false expr.
    %blend;
T_1.36;
    %store/vec4 v0000018ca1473210_0, 0, 4;
    %jmp T_1.34;
T_1.31 ;
    %pushi/vec4 3, 0, 4;
    %store/vec4 v0000018ca1473210_0, 0, 4;
    %jmp T_1.34;
T_1.32 ;
    %pushi/vec4 2, 0, 4;
    %store/vec4 v0000018ca1473210_0, 0, 4;
    %jmp T_1.34;
T_1.34 ;
    %pop/vec4 1;
    %jmp T_1.10;
T_1.2 ;
    %pushi/vec4 1, 0, 1;
    %store/vec4 v0000018ca1472d10_0, 0, 1;
    %pushi/vec4 3, 0, 3;
    %store/vec4 v0000018ca1472c70_0, 0, 3;
    %pushi/vec4 1, 0, 1;
    %store/vec4 v0000018ca1472ef0_0, 0, 1;
    %pushi/vec4 10, 0, 4;
    %store/vec4 v0000018ca1473210_0, 0, 4;
    %pushi/vec4 0, 0, 2;
    %store/vec4 v0000018ca1472950_0, 0, 2;
    %jmp T_1.10;
T_1.3 ;
    %pushi/vec4 1, 0, 1;
    %store/vec4 v0000018ca1472d10_0, 0, 1;
    %pushi/vec4 3, 0, 3;
    %store/vec4 v0000018ca1472c70_0, 0, 3;
    %pushi/vec4 1, 0, 1;
    %store/vec4 v0000018ca1472ef0_0, 0, 1;
    %pushi/vec4 0, 0, 4;
    %store/vec4 v0000018ca1473210_0, 0, 4;
    %pushi/vec4 0, 0, 2;
    %store/vec4 v0000018ca1472950_0, 0, 2;
    %jmp T_1.10;
T_1.4 ;
    %pushi/vec4 1, 0, 1;
    %store/vec4 v0000018ca14732b0_0, 0, 1;
    %pushi/vec4 2, 0, 3;
    %store/vec4 v0000018ca1472c70_0, 0, 3;
    %pushi/vec4 0, 0, 1;
    %store/vec4 v0000018ca1472ef0_0, 0, 1;
    %load/vec4 v0000018ca1473030_0;
    %dup/vec4;
    %pushi/vec4 0, 0, 3;
    %cmp/u;
    %jmp/1 T_1.37, 6;
    %dup/vec4;
    %pushi/vec4 1, 0, 3;
    %cmp/u;
    %jmp/1 T_1.38, 6;
    %dup/vec4;
    %pushi/vec4 4, 0, 3;
    %cmp/u;
    %jmp/1 T_1.39, 6;
    %dup/vec4;
    %pushi/vec4 5, 0, 3;
    %cmp/u;
    %jmp/1 T_1.40, 6;
    %dup/vec4;
    %pushi/vec4 6, 0, 3;
    %cmp/u;
    %jmp/1 T_1.41, 6;
    %dup/vec4;
    %pushi/vec4 7, 0, 3;
    %cmp/u;
    %jmp/1 T_1.42, 6;
    %pushi/vec4 1, 0, 4;
    %store/vec4 v0000018ca1473210_0, 0, 4;
    %jmp T_1.44;
T_1.37 ;
    %pushi/vec4 1, 0, 4;
    %store/vec4 v0000018ca1473210_0, 0, 4;
    %jmp T_1.44;
T_1.38 ;
    %pushi/vec4 1, 0, 4;
    %store/vec4 v0000018ca1473210_0, 0, 4;
    %jmp T_1.44;
T_1.39 ;
    %pushi/vec4 8, 0, 4;
    %store/vec4 v0000018ca1473210_0, 0, 4;
    %jmp T_1.44;
T_1.40 ;
    %pushi/vec4 8, 0, 4;
    %store/vec4 v0000018ca1473210_0, 0, 4;
    %jmp T_1.44;
T_1.41 ;
    %pushi/vec4 9, 0, 4;
    %store/vec4 v0000018ca1473210_0, 0, 4;
    %jmp T_1.44;
T_1.42 ;
    %pushi/vec4 9, 0, 4;
    %store/vec4 v0000018ca1473210_0, 0, 4;
    %jmp T_1.44;
T_1.44 ;
    %pop/vec4 1;
    %jmp T_1.10;
T_1.5 ;
    %pushi/vec4 1, 0, 1;
    %store/vec4 v0000018ca1472d10_0, 0, 1;
    %pushi/vec4 1, 0, 1;
    %store/vec4 v0000018ca14730d0_0, 0, 1;
    %pushi/vec4 0, 0, 3;
    %store/vec4 v0000018ca1472c70_0, 0, 3;
    %pushi/vec4 1, 0, 1;
    %store/vec4 v0000018ca1472ef0_0, 0, 1;
    %pushi/vec4 0, 0, 4;
    %store/vec4 v0000018ca1473210_0, 0, 4;
    %pushi/vec4 1, 0, 2;
    %store/vec4 v0000018ca1472950_0, 0, 2;
    %jmp T_1.10;
T_1.6 ;
    %pushi/vec4 1, 0, 1;
    %store/vec4 v0000018ca1473170_0, 0, 1;
    %pushi/vec4 1, 0, 3;
    %store/vec4 v0000018ca1472c70_0, 0, 3;
    %pushi/vec4 1, 0, 1;
    %store/vec4 v0000018ca1472ef0_0, 0, 1;
    %pushi/vec4 0, 0, 4;
    %store/vec4 v0000018ca1473210_0, 0, 4;
    %jmp T_1.10;
T_1.7 ;
    %pushi/vec4 1, 0, 1;
    %store/vec4 v0000018ca1472d10_0, 0, 1;
    %pushi/vec4 1, 0, 1;
    %store/vec4 v0000018ca1472a90_0, 0, 1;
    %pushi/vec4 4, 0, 3;
    %store/vec4 v0000018ca1472c70_0, 0, 3;
    %pushi/vec4 2, 0, 2;
    %store/vec4 v0000018ca1472950_0, 0, 2;
    %jmp T_1.10;
T_1.8 ;
    %pushi/vec4 1, 0, 1;
    %store/vec4 v0000018ca1472d10_0, 0, 1;
    %pushi/vec4 1, 0, 1;
    %store/vec4 v0000018ca1472a90_0, 0, 1;
    %pushi/vec4 0, 0, 3;
    %store/vec4 v0000018ca1472c70_0, 0, 3;
    %pushi/vec4 2, 0, 2;
    %store/vec4 v0000018ca1472950_0, 0, 2;
    %jmp T_1.10;
T_1.10 ;
    %pop/vec4 1;
    %jmp T_1;
    .thread T_1, $push;
    .scope S_0000018ca1496ee0;
T_2 ;
    %wait E_0000018ca149c5b0;
    %load/vec4 v0000018ca1472b30_0;
    %dup/vec4;
    %pushi/vec4 0, 0, 3;
    %cmp/u;
    %jmp/1 T_2.0, 6;
    %dup/vec4;
    %pushi/vec4 1, 0, 3;
    %cmp/u;
    %jmp/1 T_2.1, 6;
    %dup/vec4;
    %pushi/vec4 2, 0, 3;
    %cmp/u;
    %jmp/1 T_2.2, 6;
    %dup/vec4;
    %pushi/vec4 3, 0, 3;
    %cmp/u;
    %jmp/1 T_2.3, 6;
    %dup/vec4;
    %pushi/vec4 4, 0, 3;
    %cmp/u;
    %jmp/1 T_2.4, 6;
    %pushi/vec4 0, 0, 32;
    %store/vec4 v0000018ca14729f0_0, 0, 32;
    %jmp T_2.6;
T_2.0 ;
    %load/vec4 v0000018ca1472e50_0;
    %parti/s 1, 31, 6;
    %replicate 20;
    %load/vec4 v0000018ca1472e50_0;
    %parti/s 12, 20, 6;
    %concat/vec4; draw_concat_vec4
    %store/vec4 v0000018ca14729f0_0, 0, 32;
    %jmp T_2.6;
T_2.1 ;
    %load/vec4 v0000018ca1472e50_0;
    %parti/s 1, 31, 6;
    %replicate 20;
    %load/vec4 v0000018ca1472e50_0;
    %parti/s 7, 25, 6;
    %concat/vec4; draw_concat_vec4
    %load/vec4 v0000018ca1472e50_0;
    %parti/s 5, 7, 4;
    %concat/vec4; draw_concat_vec4
    %store/vec4 v0000018ca14729f0_0, 0, 32;
    %jmp T_2.6;
T_2.2 ;
    %load/vec4 v0000018ca1472e50_0;
    %parti/s 1, 31, 6;
    %replicate 20;
    %load/vec4 v0000018ca1472e50_0;
    %parti/s 1, 7, 4;
    %concat/vec4; draw_concat_vec4
    %load/vec4 v0000018ca1472e50_0;
    %parti/s 6, 25, 6;
    %concat/vec4; draw_concat_vec4
    %load/vec4 v0000018ca1472e50_0;
    %parti/s 4, 8, 5;
    %concat/vec4; draw_concat_vec4
    %concati/vec4 0, 0, 1;
    %store/vec4 v0000018ca14729f0_0, 0, 32;
    %jmp T_2.6;
T_2.3 ;
    %load/vec4 v0000018ca1472e50_0;
    %parti/s 20, 12, 5;
    %concati/vec4 0, 0, 12;
    %store/vec4 v0000018ca14729f0_0, 0, 32;
    %jmp T_2.6;
T_2.4 ;
    %load/vec4 v0000018ca1472e50_0;
    %parti/s 1, 31, 6;
    %replicate 12;
    %load/vec4 v0000018ca1472e50_0;
    %parti/s 8, 12, 5;
    %concat/vec4; draw_concat_vec4
    %load/vec4 v0000018ca1472e50_0;
    %parti/s 1, 20, 6;
    %concat/vec4; draw_concat_vec4
    %load/vec4 v0000018ca1472e50_0;
    %parti/s 10, 21, 6;
    %concat/vec4; draw_concat_vec4
    %concati/vec4 0, 0, 1;
    %store/vec4 v0000018ca14729f0_0, 0, 32;
    %jmp T_2.6;
T_2.6 ;
    %pop/vec4 1;
    %jmp T_2;
    .thread T_2, $push;
    .scope S_0000018ca149f8b0;
T_3 ;
    %pushi/vec4 0, 0, 32;
    %store/vec4 v0000018ca14fc060_0, 0, 32;
    %pushi/vec4 0, 0, 32;
    %store/vec4 v0000018ca14fcce0_0, 0, 32;
    %end;
    .thread T_3;
    .scope S_0000018ca149f8b0;
T_4 ;
    %vpi_call 2 92 "$display", "=== RISC-V Decoder Testbench ===" {0 0 0};
    %pushi/vec4 2130355, 0, 32;
    %store/vec4 v0000018ca14fc6a0_0, 0, 32;
    %pushi/vec4 0, 0, 32; draw_string_vec4
    %pushi/vec4 0, 0, 32; draw_string_vec4
    %concat/vec4; draw_string_vec4
    %pushi/vec4 65, 0, 32; draw_string_vec4
    %concat/vec4; draw_string_vec4
    %pushi/vec4 1145315360, 0, 32; draw_string_vec4
    %concat/vec4; draw_string_vec4
    %store/vec4 v0000018ca1472f90_0, 0, 128;
    %pushi/vec4 1, 0, 1;
    %store/vec4 v0000018ca1472810_0, 0, 1;
    %pushi/vec4 0, 0, 3;
    %store/vec4 v0000018ca1472770_0, 0, 3;
    %pushi/vec4 0, 0, 4;
    %store/vec4 v0000018ca1472bd0_0, 0, 4;
    %pushi/vec4 0, 0, 1;
    %store/vec4 v0000018ca1473350_0, 0, 1;
    %fork TD_tb_decoder.check, S_0000018ca1474b80;
    %join;
    %pushi/vec4 1075872307, 0, 32;
    %store/vec4 v0000018ca14fc6a0_0, 0, 32;
    %pushi/vec4 0, 0, 32; draw_string_vec4
    %pushi/vec4 0, 0, 32; draw_string_vec4
    %concat/vec4; draw_string_vec4
    %pushi/vec4 83, 0, 32; draw_string_vec4
    %concat/vec4; draw_string_vec4
    %pushi/vec4 1430396960, 0, 32; draw_string_vec4
    %concat/vec4; draw_string_vec4
    %store/vec4 v0000018ca1472f90_0, 0, 128;
    %pushi/vec4 1, 0, 1;
    %store/vec4 v0000018ca1472810_0, 0, 1;
    %pushi/vec4 0, 0, 3;
    %store/vec4 v0000018ca1472770_0, 0, 3;
    %pushi/vec4 1, 0, 4;
    %store/vec4 v0000018ca1472bd0_0, 0, 4;
    %pushi/vec4 0, 0, 1;
    %store/vec4 v0000018ca1473350_0, 0, 1;
    %fork TD_tb_decoder.check, S_0000018ca1474b80;
    %join;
    %pushi/vec4 10519187, 0, 32;
    %store/vec4 v0000018ca14fc6a0_0, 0, 32;
    %pushi/vec4 0, 0, 32; draw_string_vec4
    %pushi/vec4 0, 0, 32; draw_string_vec4
    %concat/vec4; draw_string_vec4
    %pushi/vec4 65, 0, 32; draw_string_vec4
    %concat/vec4; draw_string_vec4
    %pushi/vec4 1145325856, 0, 32; draw_string_vec4
    %concat/vec4; draw_string_vec4
    %store/vec4 v0000018ca1472f90_0, 0, 128;
    %pushi/vec4 1, 0, 1;
    %store/vec4 v0000018ca1472810_0, 0, 1;
    %pushi/vec4 0, 0, 3;
    %store/vec4 v0000018ca1472770_0, 0, 3;
    %pushi/vec4 0, 0, 4;
    %store/vec4 v0000018ca1472bd0_0, 0, 4;
    %pushi/vec4 1, 0, 1;
    %store/vec4 v0000018ca1473350_0, 0, 1;
    %fork TD_tb_decoder.check, S_0000018ca1474b80;
    %join;
    %delay 1000, 0;
    %load/vec4 v0000018ca14fc380_0;
    %cmpi/e 10, 0, 32;
    %jmp/0xz  T_4.0, 6;
    %vpi_call 2 111 "$display", "  PASS  ADDI imm = 10" {0 0 0};
    %jmp T_4.1;
T_4.0 ;
    %vpi_call 2 111 "$display", "  FAIL  ADDI imm" {0 0 0};
    ; show_stmt_assign_vector: Get l-value for compressed += operand
    %load/vec4 v0000018ca14fcce0_0;
    %pushi/vec4 1, 0, 32;
    %add;
    %store/vec4 v0000018ca14fcce0_0, 0, 32;
T_4.1 ;
    %pushi/vec4 1079038739, 0, 32;
    %store/vec4 v0000018ca14fc6a0_0, 0, 32;
    %pushi/vec4 0, 0, 32; draw_string_vec4
    %pushi/vec4 0, 0, 32; draw_string_vec4
    %concat/vec4; draw_string_vec4
    %pushi/vec4 83, 0, 32; draw_string_vec4
    %concat/vec4; draw_string_vec4
    %pushi/vec4 1380010272, 0, 32; draw_string_vec4
    %concat/vec4; draw_string_vec4
    %store/vec4 v0000018ca1472f90_0, 0, 128;
    %pushi/vec4 1, 0, 1;
    %store/vec4 v0000018ca1472810_0, 0, 1;
    %pushi/vec4 0, 0, 3;
    %store/vec4 v0000018ca1472770_0, 0, 3;
    %pushi/vec4 7, 0, 4;
    %store/vec4 v0000018ca1472bd0_0, 0, 4;
    %pushi/vec4 1, 0, 1;
    %store/vec4 v0000018ca1473350_0, 0, 1;
    %fork TD_tb_decoder.check, S_0000018ca1474b80;
    %join;
    %pushi/vec4 305419191, 0, 32;
    %store/vec4 v0000018ca14fc6a0_0, 0, 32;
    %pushi/vec4 0, 0, 32; draw_string_vec4
    %pushi/vec4 0, 0, 32; draw_string_vec4
    %concat/vec4; draw_string_vec4
    %pushi/vec4 76, 0, 32; draw_string_vec4
    %concat/vec4; draw_string_vec4
    %pushi/vec4 1430855712, 0, 32; draw_string_vec4
    %concat/vec4; draw_string_vec4
    %store/vec4 v0000018ca1472f90_0, 0, 128;
    %pushi/vec4 1, 0, 1;
    %store/vec4 v0000018ca1472810_0, 0, 1;
    %pushi/vec4 3, 0, 3;
    %store/vec4 v0000018ca1472770_0, 0, 3;
    %pushi/vec4 10, 0, 4;
    %store/vec4 v0000018ca1472bd0_0, 0, 4;
    %pushi/vec4 1, 0, 1;
    %store/vec4 v0000018ca1473350_0, 0, 1;
    %fork TD_tb_decoder.check, S_0000018ca1474b80;
    %join;
    %delay 1000, 0;
    %load/vec4 v0000018ca14fc380_0;
    %cmpi/e 305418240, 0, 32;
    %jmp/0xz  T_4.2, 6;
    %vpi_call 2 124 "$display", "  PASS  LUI imm = 0x12345000" {0 0 0};
    %jmp T_4.3;
T_4.2 ;
    %vpi_call 2 124 "$display", "  FAIL  LUI imm" {0 0 0};
    ; show_stmt_assign_vector: Get l-value for compressed += operand
    %load/vec4 v0000018ca14fcce0_0;
    %pushi/vec4 1, 0, 32;
    %add;
    %store/vec4 v0000018ca14fcce0_0, 0, 32;
T_4.3 ;
    %pushi/vec4 2138659, 0, 32;
    %store/vec4 v0000018ca14fc6a0_0, 0, 32;
    %pushi/vec4 0, 0, 32; draw_string_vec4
    %pushi/vec4 0, 0, 32; draw_string_vec4
    %concat/vec4; draw_string_vec4
    %pushi/vec4 83, 0, 32; draw_string_vec4
    %concat/vec4; draw_string_vec4
    %pushi/vec4 1461723168, 0, 32; draw_string_vec4
    %concat/vec4; draw_string_vec4
    %store/vec4 v0000018ca1472f90_0, 0, 128;
    %pushi/vec4 0, 0, 1;
    %store/vec4 v0000018ca1472810_0, 0, 1;
    %pushi/vec4 1, 0, 3;
    %store/vec4 v0000018ca1472770_0, 0, 3;
    %pushi/vec4 0, 0, 4;
    %store/vec4 v0000018ca1472bd0_0, 0, 4;
    %pushi/vec4 1, 0, 1;
    %store/vec4 v0000018ca1473350_0, 0, 1;
    %fork TD_tb_decoder.check, S_0000018ca1474b80;
    %join;
    %delay 1000, 0;
    %load/vec4 v0000018ca14fc380_0;
    %cmpi/e 4, 0, 32;
    %jmp/0xz  T_4.4, 6;
    %vpi_call 2 131 "$display", "  PASS  SW imm = 4" {0 0 0};
    %jmp T_4.5;
T_4.4 ;
    %vpi_call 2 131 "$display", "  FAIL  SW imm" {0 0 0};
    ; show_stmt_assign_vector: Get l-value for compressed += operand
    %load/vec4 v0000018ca14fcce0_0;
    %pushi/vec4 1, 0, 32;
    %add;
    %store/vec4 v0000018ca14fcce0_0, 0, 32;
T_4.5 ;
    %load/vec4 v0000018ca14fbfc0_0;
    %cmpi/e 1, 0, 1;
    %jmp/0xz  T_4.6, 6;
    %vpi_call 2 132 "$display", "  PASS  SW mem_write = 1" {0 0 0};
    %jmp T_4.7;
T_4.6 ;
    %vpi_call 2 132 "$display", "  FAIL  SW mem_write" {0 0 0};
    ; show_stmt_assign_vector: Get l-value for compressed += operand
    %load/vec4 v0000018ca14fcce0_0;
    %pushi/vec4 1, 0, 32;
    %add;
    %store/vec4 v0000018ca14fcce0_0, 0, 32;
T_4.7 ;
    %vpi_call 2 137 "$display", "\012=== Summary: %0d passed, %0d failed ===", v0000018ca14fc060_0, v0000018ca14fcce0_0 {0 0 0};
    %load/vec4 v0000018ca14fcce0_0;
    %cmpi/e 0, 0, 32;
    %jmp/0xz  T_4.8, 4;
    %vpi_call 2 139 "$display", "ALL TESTS PASSED!" {0 0 0};
    %jmp T_4.9;
T_4.8 ;
    %vpi_call 2 141 "$display", "SOME TESTS FAILED!" {0 0 0};
T_4.9 ;
    %vpi_call 2 143 "$finish" {0 0 0};
    %end;
    .thread T_4;
# The file index is used to find the file name in the following table.
:file_names 5;
    "N/A";
    "<interactive>";
    "sim/tb_decoder.v";
    "src/instruction_decoder.v";
    "src/imm_gen.v";
