#! /c/Source/iverilog-install/bin/vvp
:ivl_version "12.0 (devel)" "(s20150603-1539-g2693dd32b)";
:ivl_delay_selection "TYPICAL";
:vpi_time_precision - 12;
:vpi_module "C:\iverilog\lib\ivl\system.vpi";
:vpi_module "C:\iverilog\lib\ivl\vhdl_sys.vpi";
:vpi_module "C:\iverilog\lib\ivl\vhdl_textio.vpi";
:vpi_module "C:\iverilog\lib\ivl\v2005_math.vpi";
:vpi_module "C:\iverilog\lib\ivl\va_math.vpi";
S_0000021fe4bf5390 .scope module, "tb_fpga_top" "tb_fpga_top" 2 9;
 .timescale -9 -12;
v0000021fe4f98580_0 .var "clk", 0 0;
v0000021fe4f99520_0 .net "led", 1 0, v0000021fe4f981c0_0;  1 drivers
v0000021fe4f997a0_0 .var "rst_btn", 0 0;
v0000021fe4f98800_0 .var "user_btn", 0 0;
S_0000021fe4b9f9e0 .scope module, "uut" "fpga_top" 2 17, 3 14 0, S_0000021fe4bf5390;
 .timescale -9 -12;
    .port_info 0 /INPUT 1 "clk";
    .port_info 1 /INPUT 1 "rst_btn";
    .port_info 2 /INPUT 1 "user_btn";
    .port_info 3 /OUTPUT 2 "led";
L_0000021fe4bf29d0 .functor NOT 1, v0000021fe4f997a0_0, C4<0>, C4<0>, C4<0>;
v0000021fe4f98760_0 .var "blink_counter", 24 0;
v0000021fe4f984e0_0 .net "clk", 0 0, v0000021fe4f98580_0;  1 drivers
v0000021fe4f99c00_0 .net "cpu_rst_n", 0 0, L_0000021fe4bf29d0;  1 drivers
v0000021fe4f98ee0_0 .net "debug_pc", 31 0, L_0000021fe4bf2730;  1 drivers
v0000021fe4f99ac0_0 .net "debug_x1", 31 0, L_0000021fe4bf2180;  1 drivers
v0000021fe4f981c0_0 .var "led", 1 0;
v0000021fe4f98440_0 .net "rst_btn", 0 0, v0000021fe4f997a0_0;  1 drivers
v0000021fe4f98a80_0 .net "user_btn", 0 0, v0000021fe4f98800_0;  1 drivers
S_0000021fe4b9fb70 .scope module, "cpu" "cpu_top" 3 35, 4 27 0, S_0000021fe4b9f9e0;
 .timescale -9 -12;
    .port_info 0 /INPUT 1 "clk";
    .port_info 1 /INPUT 1 "rst_n";
    .port_info 2 /OUTPUT 32 "mem_addr";
    .port_info 3 /OUTPUT 32 "mem_write_data";
    .port_info 4 /OUTPUT 1 "mem_write_en";
    .port_info 5 /OUTPUT 1 "mem_read_en";
    .port_info 6 /INPUT 32 "mem_read_data";
    .port_info 7 /OUTPUT 32 "debug_pc";
    .port_info 8 /OUTPUT 32 "debug_x1";
P_0000021fe4be55e0 .param/str "INIT_FILE" 0 4 28, "loop55.hex";
L_0000021fe4bf2730 .functor BUFZ 32, v0000021fe4f92190_0, C4<00000000000000000000000000000000>, C4<00000000000000000000000000000000>, C4<00000000000000000000000000000000>;
L_0000021fe4bf27a0 .functor AND 1, L_0000021fe4f98f80, L_0000021fe4f98940, C4<1>, C4<1>;
L_0000021fe4bf2c70 .functor BUFZ 32, v0000021fe4be9600_0, C4<00000000000000000000000000000000>, C4<00000000000000000000000000000000>, C4<00000000000000000000000000000000>;
L_0000021fe4bf2880 .functor BUFZ 32, L_0000021fe4ff35f0, C4<00000000000000000000000000000000>, C4<00000000000000000000000000000000>, C4<00000000000000000000000000000000>;
L_0000021fe4bf28f0 .functor AND 1, v0000021fe4be8b60_0, L_0000021fe4f995c0, C4<1>, C4<1>;
L_0000021fe4bf2a40 .functor AND 1, v0000021fe4be82a0_0, L_0000021fe4f989e0, C4<1>, C4<1>;
L_0000021fe4bf2570 .functor AND 1, v0000021fe4be8b60_0, L_0000021fe4bf27a0, C4<1>, C4<1>;
L_0000021fe4bf2110 .functor AND 1, v0000021fe4be82a0_0, L_0000021fe4bf27a0, C4<1>, C4<1>;
L_0000021fe4f9a568 .functor BUFT 1, C4<11111111111111111111111111111110>, C4<0>, C4<0>, C4<0>;
L_0000021fe4bf22d0 .functor AND 32, L_0000021fe4ff3b90, L_0000021fe4f9a568, C4<11111111111111111111111111111111>, C4<11111111111111111111111111111111>;
L_0000021fe4bf2d50 .functor BUFZ 32, v0000021fe4f983a0_0, C4<00000000000000000000000000000000>, C4<00000000000000000000000000000000>, C4<00000000000000000000000000000000>;
v0000021fe4f973d0_0 .net *"_ivl_17", 0 0, L_0000021fe4f995c0;  1 drivers
L_0000021fe4f9a0e8 .functor BUFT 1, C4<00000000000000010000000000000000>, C4<0>, C4<0>, C4<0>;
v0000021fe4f96570_0 .net/2u *"_ivl_2", 31 0, L_0000021fe4f9a0e8;  1 drivers
v0000021fe4f96a70_0 .net *"_ivl_21", 0 0, L_0000021fe4f989e0;  1 drivers
v0000021fe4f971f0_0 .net *"_ivl_36", 31 0, L_0000021fe4ff3b90;  1 drivers
v0000021fe4f96cf0_0 .net/2u *"_ivl_38", 31 0, L_0000021fe4f9a568;  1 drivers
v0000021fe4f969d0_0 .net *"_ivl_4", 0 0, L_0000021fe4f98f80;  1 drivers
L_0000021fe4f9a5b0 .functor BUFT 1, C4<00000000000000000000000000000100>, C4<0>, C4<0>, C4<0>;
v0000021fe4f97e70_0 .net/2u *"_ivl_44", 31 0, L_0000021fe4f9a5b0;  1 drivers
L_0000021fe4f9a130 .functor BUFT 1, C4<00000000000000010011111111111111>, C4<0>, C4<0>, C4<0>;
v0000021fe4f96d90_0 .net/2u *"_ivl_6", 31 0, L_0000021fe4f9a130;  1 drivers
v0000021fe4f96250_0 .net *"_ivl_8", 0 0, L_0000021fe4f98940;  1 drivers
v0000021fe4f978d0_0 .var "alu_in_a", 31 0;
v0000021fe4f97c90_0 .var "alu_in_b", 31 0;
v0000021fe4f96f70_0 .net "alu_op", 3 0, v0000021fe4be7c60_0;  1 drivers
v0000021fe4f96890_0 .net "alu_result", 31 0, v0000021fe4be9600_0;  1 drivers
v0000021fe4f970b0_0 .net "alu_src_a", 0 0, v0000021fe4be8520_0;  1 drivers
v0000021fe4f962f0_0 .net "alu_src_b", 0 0, v0000021fe4be83e0_0;  1 drivers
v0000021fe4f96610_0 .net "alu_zero", 0 0, L_0000021fe4ff32d0;  1 drivers
v0000021fe4f97a10_0 .net "branch", 0 0, v0000021fe4be88e0_0;  1 drivers
v0000021fe4f97d30_0 .net "branch_target", 31 0, L_0000021fe4ff3eb0;  1 drivers
v0000021fe4f97dd0_0 .net "clk", 0 0, v0000021fe4f98580_0;  alias, 1 drivers
v0000021fe4f97f10_0 .net "debug_pc", 31 0, L_0000021fe4bf2730;  alias, 1 drivers
v0000021fe4f97fb0_0 .net "debug_x1", 31 0, L_0000021fe4bf2180;  alias, 1 drivers
v0000021fe4f96430_0 .net "dmem_sel", 0 0, L_0000021fe4bf27a0;  1 drivers
v0000021fe4f966b0_0 .net "imm", 31 0, v0000021fe4f93db0_0;  1 drivers
v0000021fe4f97150_0 .net "imm_type", 2 0, v0000021fe4be7e40_0;  1 drivers
v0000021fe4f97b50_0 .net "inst", 31 0, L_0000021fe4f990c0;  1 drivers
v0000021fe4f964d0_0 .net "internal_mem_read_data", 31 0, v0000021fe4f920f0_0;  1 drivers
v0000021fe4f96930_0 .net "jalr_target", 31 0, L_0000021fe4bf22d0;  1 drivers
v0000021fe4f96b10_0 .net "jump", 0 0, v0000021fe4be8200_0;  1 drivers
v0000021fe4f97470_0 .net "mem_addr", 31 0, L_0000021fe4bf2c70;  1 drivers
v0000021fe4f97510_0 .net "mem_read", 0 0, v0000021fe4be82a0_0;  1 drivers
L_0000021fe4f9a5f8 .functor BUFT 1, C4<00000000000000000000000000000000>, C4<0>, C4<0>, C4<0>;
v0000021fe4f975b0_0 .net "mem_read_data", 31 0, L_0000021fe4f9a5f8;  1 drivers
v0000021fe4f97650_0 .net "mem_read_en", 0 0, L_0000021fe4bf2a40;  1 drivers
v0000021fe4f98b20_0 .net "mem_write", 0 0, v0000021fe4be8b60_0;  1 drivers
v0000021fe4f99d40_0 .net "mem_write_data", 31 0, L_0000021fe4bf2880;  1 drivers
v0000021fe4f992a0_0 .net "mem_write_en", 0 0, L_0000021fe4bf28f0;  1 drivers
v0000021fe4f98bc0_0 .net "next_pc", 31 0, L_0000021fe4bf2d50;  1 drivers
v0000021fe4f983a0_0 .var "next_pc_temp", 31 0;
v0000021fe4f99de0_0 .net "pc", 31 0, v0000021fe4f92190_0;  1 drivers
v0000021fe4f98da0_0 .net "pc_plus_4", 31 0, L_0000021fe4ff3730;  1 drivers
v0000021fe4f986c0_0 .net "pc_sel", 1 0, v0000021fe4be80c0_0;  1 drivers
v0000021fe4f988a0_0 .net "rd", 4 0, L_0000021fe4f99ca0;  1 drivers
v0000021fe4f99160_0 .net "reg_write", 0 0, v0000021fe4f93b30_0;  1 drivers
v0000021fe4f98c60_0 .var "reg_write_data", 31 0;
v0000021fe4f99f20_0 .net "rs1", 4 0, L_0000021fe4f99980;  1 drivers
v0000021fe4f99700_0 .net "rs1_data", 31 0, L_0000021fe4f98260;  1 drivers
v0000021fe4f99a20_0 .net "rs2", 4 0, L_0000021fe4f99b60;  1 drivers
v0000021fe4f98d00_0 .net "rs2_data", 31 0, L_0000021fe4ff35f0;  1 drivers
v0000021fe4f98620_0 .net "rst_n", 0 0, L_0000021fe4bf29d0;  alias, 1 drivers
v0000021fe4f98e40_0 .var "selected_mem_data", 31 0;
v0000021fe4f993e0_0 .net "wb_sel", 1 0, v0000021fe4f93130_0;  1 drivers
E_0000021fe4be4920 .event anyedge, v0000021fe4be80c0_0, v0000021fe4f98da0_0, v0000021fe4f97d30_0, v0000021fe4f96930_0;
E_0000021fe4be4b20 .event anyedge, v0000021fe4f93130_0, v0000021fe4be9600_0, v0000021fe4f98e40_0, v0000021fe4f92550_0;
E_0000021fe4be5360 .event anyedge, v0000021fe4f96430_0, v0000021fe4f920f0_0, v0000021fe4f975b0_0;
E_0000021fe4be5620 .event anyedge, v0000021fe4be83e0_0, v0000021fe4f93db0_0, v0000021fe4f92c30_0;
E_0000021fe4be4c20 .event anyedge, v0000021fe4be8520_0, v0000021fe4f92550_0, v0000021fe4f96bb0_0;
L_0000021fe4f98f80 .cmp/ge 32, v0000021fe4be9600_0, L_0000021fe4f9a0e8;
L_0000021fe4f98940 .cmp/ge 32, L_0000021fe4f9a130, v0000021fe4be9600_0;
L_0000021fe4f995c0 .reduce/nor L_0000021fe4bf27a0;
L_0000021fe4f989e0 .reduce/nor L_0000021fe4bf27a0;
L_0000021fe4ff3af0 .reduce/nor L_0000021fe4bf29d0;
L_0000021fe4ff3050 .part L_0000021fe4f990c0, 0, 7;
L_0000021fe4ff3cd0 .part L_0000021fe4f990c0, 12, 3;
L_0000021fe4ff3190 .part L_0000021fe4f990c0, 12, 3;
L_0000021fe4ff3b90 .arith/sum 32, L_0000021fe4f98260, v0000021fe4f93db0_0;
L_0000021fe4ff3eb0 .arith/sum 32, v0000021fe4f92190_0, v0000021fe4f93db0_0;
L_0000021fe4ff3730 .arith/sum 32, v0000021fe4f92190_0, L_0000021fe4f9a5b0;
S_0000021fe4ba9ce0 .scope module, "alu_inst" "alu" 4 170, 5 15 0, S_0000021fe4b9fb70;
 .timescale -9 -12;
    .port_info 0 /INPUT 32 "a";
    .port_info 1 /INPUT 32 "b";
    .port_info 2 /INPUT 4 "alu_op";
    .port_info 3 /OUTPUT 32 "result";
    .port_info 4 /OUTPUT 1 "zero";
L_0000021fe4f9a400 .functor BUFT 1, C4<00000000000000000000000000000000>, C4<0>, C4<0>, C4<0>;
v0000021fe4be9420_0 .net/2u *"_ivl_0", 31 0, L_0000021fe4f9a400;  1 drivers
v0000021fe4be8c00_0 .net "a", 31 0, v0000021fe4f978d0_0;  1 drivers
v0000021fe4be8a20_0 .net "alu_op", 3 0, v0000021fe4be7c60_0;  alias, 1 drivers
v0000021fe4be7760_0 .net "b", 31 0, v0000021fe4f97c90_0;  1 drivers
v0000021fe4be9600_0 .var "result", 31 0;
v0000021fe4be8480_0 .net "zero", 0 0, L_0000021fe4ff32d0;  alias, 1 drivers
E_0000021fe4be56a0 .event anyedge, v0000021fe4be8a20_0, v0000021fe4be8c00_0, v0000021fe4be7760_0;
L_0000021fe4ff32d0 .cmp/eq 32, v0000021fe4be9600_0, L_0000021fe4f9a400;
S_0000021fe4ba9e70 .scope module, "ctrl" "control_unit" 4 158, 6 26 0, S_0000021fe4b9fb70;
 .timescale -9 -12;
    .port_info 0 /INPUT 7 "opcode";
    .port_info 1 /INPUT 3 "funct3";
    .port_info 2 /INPUT 1 "branch";
    .port_info 3 /INPUT 1 "jump";
    .port_info 4 /INPUT 1 "alu_zero";
    .port_info 5 /INPUT 32 "alu_result";
    .port_info 6 /OUTPUT 1 "alu_src_a";
    .port_info 7 /OUTPUT 2 "pc_sel";
v0000021fe4be8020_0 .net "alu_result", 31 0, v0000021fe4be9600_0;  alias, 1 drivers
v0000021fe4be8520_0 .var "alu_src_a", 0 0;
v0000021fe4be7da0_0 .net "alu_zero", 0 0, L_0000021fe4ff32d0;  alias, 1 drivers
v0000021fe4be7f80_0 .net "branch", 0 0, v0000021fe4be88e0_0;  alias, 1 drivers
v0000021fe4be7800_0 .var "branch_taken", 0 0;
v0000021fe4be85c0_0 .net "funct3", 2 0, L_0000021fe4ff3cd0;  1 drivers
v0000021fe4be79e0_0 .net "jump", 0 0, v0000021fe4be8200_0;  alias, 1 drivers
v0000021fe4be7a80_0 .net "opcode", 6 0, L_0000021fe4ff3050;  1 drivers
v0000021fe4be80c0_0 .var "pc_sel", 1 0;
E_0000021fe4be4ce0 .event anyedge, v0000021fe4be7a80_0, v0000021fe4be79e0_0, v0000021fe4be7800_0;
E_0000021fe4be4760 .event anyedge, v0000021fe4be7f80_0, v0000021fe4be85c0_0, v0000021fe4be8480_0, v0000021fe4be9600_0;
S_0000021fe4baa1e0 .scope module, "dec" "instruction_decoder" 4 120, 7 10 0, S_0000021fe4b9fb70;
 .timescale -9 -12;
    .port_info 0 /INPUT 32 "inst";
    .port_info 1 /OUTPUT 5 "rs1";
    .port_info 2 /OUTPUT 5 "rs2";
    .port_info 3 /OUTPUT 5 "rd";
    .port_info 4 /OUTPUT 1 "reg_write";
    .port_info 5 /OUTPUT 3 "imm_type";
    .port_info 6 /OUTPUT 4 "alu_op";
    .port_info 7 /OUTPUT 1 "alu_src_b";
    .port_info 8 /OUTPUT 1 "branch";
    .port_info 9 /OUTPUT 1 "jump";
    .port_info 10 /OUTPUT 1 "mem_read";
    .port_info 11 /OUTPUT 1 "mem_write";
    .port_info 12 /OUTPUT 2 "wb_sel";
v0000021fe4be7c60_0 .var "alu_op", 3 0;
v0000021fe4be83e0_0 .var "alu_src_b", 0 0;
v0000021fe4be88e0_0 .var "branch", 0 0;
v0000021fe4be7d00_0 .net "funct3", 2 0, L_0000021fe4f99660;  1 drivers
v0000021fe4be8ac0_0 .net "funct7", 6 0, L_0000021fe4f998e0;  1 drivers
v0000021fe4be7e40_0 .var "imm_type", 2 0;
v0000021fe4be7ee0_0 .net "inst", 31 0, L_0000021fe4f990c0;  alias, 1 drivers
v0000021fe4be8200_0 .var "jump", 0 0;
v0000021fe4be82a0_0 .var "mem_read", 0 0;
v0000021fe4be8b60_0 .var "mem_write", 0 0;
v0000021fe4bd59b0_0 .net "opcode", 6 0, L_0000021fe4f99480;  1 drivers
v0000021fe4f93c70_0 .net "rd", 4 0, L_0000021fe4f99ca0;  alias, 1 drivers
v0000021fe4f93b30_0 .var "reg_write", 0 0;
v0000021fe4f936d0_0 .net "rs1", 4 0, L_0000021fe4f99980;  alias, 1 drivers
v0000021fe4f92370_0 .net "rs2", 4 0, L_0000021fe4f99b60;  alias, 1 drivers
v0000021fe4f93130_0 .var "wb_sel", 1 0;
E_0000021fe4be4ee0 .event anyedge, v0000021fe4bd59b0_0, v0000021fe4be7d00_0, v0000021fe4be8ac0_0;
L_0000021fe4f99480 .part L_0000021fe4f990c0, 0, 7;
L_0000021fe4f99660 .part L_0000021fe4f990c0, 12, 3;
L_0000021fe4f998e0 .part L_0000021fe4f990c0, 25, 7;
L_0000021fe4f99980 .part L_0000021fe4f990c0, 15, 5;
L_0000021fe4f99b60 .part L_0000021fe4f990c0, 20, 5;
L_0000021fe4f99ca0 .part L_0000021fe4f990c0, 7, 5;
S_0000021fe4baa370 .scope module, "dmem" "data_memory" 4 181, 8 26 0, S_0000021fe4b9fb70;
 .timescale -9 -12;
    .port_info 0 /INPUT 1 "clk";
    .port_info 1 /INPUT 32 "addr";
    .port_info 2 /INPUT 32 "write_data";
    .port_info 3 /INPUT 1 "write_en";
    .port_info 4 /INPUT 1 "read_en";
    .port_info 5 /INPUT 3 "funct3";
    .port_info 6 /OUTPUT 32 "read_data";
L_0000021fe4bf2b90 .functor AND 1, L_0000021fe4ff3d70, L_0000021fe4ff30f0, C4<1>, C4<1>;
L_0000021fe4f9a448 .functor BUFT 1, C4<00000000000000010000000000000000>, C4<0>, C4<0>, C4<0>;
v0000021fe4f93810_0 .net/2u *"_ivl_0", 31 0, L_0000021fe4f9a448;  1 drivers
v0000021fe4f931d0_0 .net *"_ivl_14", 31 0, L_0000021fe4ff3870;  1 drivers
v0000021fe4f93d10_0 .net *"_ivl_16", 8 0, L_0000021fe4ff2fb0;  1 drivers
L_0000021fe4f9a4d8 .functor BUFT 1, C4<00>, C4<0>, C4<0>, C4<0>;
v0000021fe4f93bd0_0 .net *"_ivl_19", 1 0, L_0000021fe4f9a4d8;  1 drivers
v0000021fe4f93ef0_0 .net *"_ivl_2", 0 0, L_0000021fe4ff3d70;  1 drivers
L_0000021fe4f9a520 .functor BUFT 1, C4<00000000000000000000000000000000>, C4<0>, C4<0>, C4<0>;
v0000021fe4f93a90_0 .net/2u *"_ivl_20", 31 0, L_0000021fe4f9a520;  1 drivers
L_0000021fe4f9a490 .functor BUFT 1, C4<00000000000000010011111111111111>, C4<0>, C4<0>, C4<0>;
v0000021fe4f92410_0 .net/2u *"_ivl_4", 31 0, L_0000021fe4f9a490;  1 drivers
v0000021fe4f93270_0 .net *"_ivl_6", 0 0, L_0000021fe4ff30f0;  1 drivers
v0000021fe4f93770_0 .net "addr", 31 0, v0000021fe4be9600_0;  alias, 1 drivers
v0000021fe4f92a50_0 .net "addr_valid", 0 0, L_0000021fe4bf2b90;  1 drivers
v0000021fe4f93310_0 .net "byte_offset", 1 0, L_0000021fe4ff2470;  1 drivers
v0000021fe4f938b0_0 .net "clk", 0 0, v0000021fe4f98580_0;  alias, 1 drivers
v0000021fe4f93590_0 .net "funct3", 2 0, L_0000021fe4ff3190;  1 drivers
v0000021fe4f92730_0 .var/i "i", 31 0;
v0000021fe4f929b0 .array "mem", 127 0, 31 0;
v0000021fe4f92e10_0 .net "raw_data", 31 0, L_0000021fe4ff2f10;  1 drivers
v0000021fe4f920f0_0 .var "read_data", 31 0;
v0000021fe4f939f0_0 .net "read_en", 0 0, L_0000021fe4bf2110;  1 drivers
v0000021fe4f92eb0_0 .net "word_addr", 6 0, L_0000021fe4ff3370;  1 drivers
v0000021fe4f92c30_0 .net "write_data", 31 0, L_0000021fe4ff35f0;  alias, 1 drivers
v0000021fe4f934f0_0 .net "write_en", 0 0, L_0000021fe4bf2570;  1 drivers
E_0000021fe4be1c20/0 .event anyedge, v0000021fe4f939f0_0, v0000021fe4f92a50_0, v0000021fe4f93590_0, v0000021fe4f92e10_0;
E_0000021fe4be1c20/1 .event anyedge, v0000021fe4f93310_0;
E_0000021fe4be1c20 .event/or E_0000021fe4be1c20/0, E_0000021fe4be1c20/1;
E_0000021fe4be1920 .event posedge, v0000021fe4f938b0_0;
L_0000021fe4ff3d70 .cmp/ge 32, v0000021fe4be9600_0, L_0000021fe4f9a448;
L_0000021fe4ff30f0 .cmp/ge 32, L_0000021fe4f9a490, v0000021fe4be9600_0;
L_0000021fe4ff3370 .part v0000021fe4be9600_0, 2, 7;
L_0000021fe4ff2470 .part v0000021fe4be9600_0, 0, 2;
L_0000021fe4ff3870 .array/port v0000021fe4f929b0, L_0000021fe4ff2fb0;
L_0000021fe4ff2fb0 .concat [ 7 2 0 0], L_0000021fe4ff3370, L_0000021fe4f9a4d8;
L_0000021fe4ff2f10 .functor MUXZ 32, L_0000021fe4f9a520, L_0000021fe4ff3870, L_0000021fe4bf2b90, C4<>;
S_0000021fe4b84c80 .scope module, "igen" "imm_gen" 4 137, 9 10 0, S_0000021fe4b9fb70;
 .timescale -9 -12;
    .port_info 0 /INPUT 32 "inst";
    .port_info 1 /INPUT 3 "imm_type";
    .port_info 2 /OUTPUT 32 "imm";
v0000021fe4f93db0_0 .var "imm", 31 0;
v0000021fe4f92af0_0 .net "imm_type", 2 0, v0000021fe4be7e40_0;  alias, 1 drivers
v0000021fe4f927d0_0 .net "inst", 31 0, L_0000021fe4f990c0;  alias, 1 drivers
E_0000021fe4be18a0 .event anyedge, v0000021fe4be7e40_0, v0000021fe4be7ee0_0;
S_0000021fe4b84e10 .scope module, "imem" "instruction_memory" 4 114, 10 24 0, S_0000021fe4b9fb70;
 .timescale -9 -12;
    .port_info 0 /INPUT 32 "addr";
    .port_info 1 /OUTPUT 32 "dout";
P_0000021fe4be1a60 .param/str "INIT_FILE" 0 10 25, "loop55.hex";
L_0000021fe4f9a1c0 .functor BUFT 1, C4<00>, C4<0>, C4<0>, C4<0>;
v0000021fe4f92230_0 .net *"_ivl_11", 1 0, L_0000021fe4f9a1c0;  1 drivers
L_0000021fe4f9a208 .functor BUFT 1, C4<00000000000000000000000000010011>, C4<0>, C4<0>, C4<0>;
v0000021fe4f93e50_0 .net/2u *"_ivl_12", 31 0, L_0000021fe4f9a208;  1 drivers
L_0000021fe4f9a178 .functor BUFT 1, C4<00000000000000000000001000000000>, C4<0>, C4<0>, C4<0>;
v0000021fe4f92cd0_0 .net/2u *"_ivl_2", 31 0, L_0000021fe4f9a178;  1 drivers
v0000021fe4f924b0_0 .net *"_ivl_4", 0 0, L_0000021fe4f99200;  1 drivers
v0000021fe4f93630_0 .net *"_ivl_6", 31 0, L_0000021fe4f99840;  1 drivers
v0000021fe4f93950_0 .net *"_ivl_8", 8 0, L_0000021fe4f99020;  1 drivers
v0000021fe4f92550_0 .net "addr", 31 0, v0000021fe4f92190_0;  alias, 1 drivers
v0000021fe4f933b0_0 .net "dout", 31 0, L_0000021fe4f990c0;  alias, 1 drivers
v0000021fe4f92f50_0 .var/i "i", 31 0;
v0000021fe4f93f90 .array "mem", 127 0, 31 0;
v0000021fe4f92870_0 .net "word_addr", 6 0, L_0000021fe4f99340;  1 drivers
L_0000021fe4f99340 .part v0000021fe4f92190_0, 2, 7;
L_0000021fe4f99200 .cmp/gt 32, L_0000021fe4f9a178, v0000021fe4f92190_0;
L_0000021fe4f99840 .array/port v0000021fe4f93f90, L_0000021fe4f99020;
L_0000021fe4f99020 .concat [ 7 2 0 0], L_0000021fe4f99340, L_0000021fe4f9a1c0;
L_0000021fe4f990c0 .functor MUXZ 32, L_0000021fe4f9a208, L_0000021fe4f99840, L_0000021fe4f99200, C4<>;
S_0000021fe4ba2380 .scope module, "pc_reg" "program_counter" 4 104, 11 23 0, S_0000021fe4b9fb70;
 .timescale -9 -12;
    .port_info 0 /INPUT 1 "clk";
    .port_info 1 /INPUT 1 "rst_n";
    .port_info 2 /INPUT 32 "pc_in";
    .port_info 3 /OUTPUT 32 "pc_out";
v0000021fe4f92ff0_0 .net "clk", 0 0, v0000021fe4f98580_0;  alias, 1 drivers
v0000021fe4f925f0_0 .net "pc_in", 31 0, L_0000021fe4bf2d50;  alias, 1 drivers
v0000021fe4f92190_0 .var "pc_out", 31 0;
v0000021fe4f92d70_0 .net "rst_n", 0 0, L_0000021fe4bf29d0;  alias, 1 drivers
E_0000021fe4be2060/0 .event negedge, v0000021fe4f92d70_0;
E_0000021fe4be2060/1 .event posedge, v0000021fe4f938b0_0;
E_0000021fe4be2060 .event/or E_0000021fe4be2060/0, E_0000021fe4be2060/1;
S_0000021fe4ba2510 .scope module, "regfile" "register_file" 4 144, 12 10 0, S_0000021fe4b9fb70;
 .timescale -9 -12;
    .port_info 0 /INPUT 1 "clk";
    .port_info 1 /INPUT 1 "rst";
    .port_info 2 /INPUT 5 "rs1";
    .port_info 3 /OUTPUT 32 "rd1";
    .port_info 4 /INPUT 5 "rs2";
    .port_info 5 /OUTPUT 32 "rd2";
    .port_info 6 /INPUT 5 "rd";
    .port_info 7 /INPUT 32 "wd";
    .port_info 8 /INPUT 1 "we";
    .port_info 9 /OUTPUT 32 "dbg_x1";
v0000021fe4f96750_1 .array/port v0000021fe4f96750, 1;
L_0000021fe4bf2180 .functor BUFZ 32, v0000021fe4f96750_1, C4<00000000000000000000000000000000>, C4<00000000000000000000000000000000>, C4<00000000000000000000000000000000>;
L_0000021fe4f9a250 .functor BUFT 1, C4<00000>, C4<0>, C4<0>, C4<0>;
v0000021fe4f922d0_0 .net/2u *"_ivl_0", 4 0, L_0000021fe4f9a250;  1 drivers
L_0000021fe4f9a2e0 .functor BUFT 1, C4<00>, C4<0>, C4<0>, C4<0>;
v0000021fe4f92b90_0 .net *"_ivl_11", 1 0, L_0000021fe4f9a2e0;  1 drivers
L_0000021fe4f9a328 .functor BUFT 1, C4<00000>, C4<0>, C4<0>, C4<0>;
v0000021fe4f93090_0 .net/2u *"_ivl_14", 4 0, L_0000021fe4f9a328;  1 drivers
v0000021fe4f92690_0 .net *"_ivl_16", 0 0, L_0000021fe4f98300;  1 drivers
L_0000021fe4f9a370 .functor BUFT 1, C4<00000000000000000000000000000000>, C4<0>, C4<0>, C4<0>;
v0000021fe4f92910_0 .net/2u *"_ivl_18", 31 0, L_0000021fe4f9a370;  1 drivers
v0000021fe4f93450_0 .net *"_ivl_2", 0 0, L_0000021fe4f99e80;  1 drivers
v0000021fe4f97830_0 .net *"_ivl_20", 31 0, L_0000021fe4ff23d0;  1 drivers
v0000021fe4f97330_0 .net *"_ivl_22", 6 0, L_0000021fe4ff2510;  1 drivers
L_0000021fe4f9a3b8 .functor BUFT 1, C4<00>, C4<0>, C4<0>, C4<0>;
v0000021fe4f976f0_0 .net *"_ivl_25", 1 0, L_0000021fe4f9a3b8;  1 drivers
L_0000021fe4f9a298 .functor BUFT 1, C4<00000000000000000000000000000000>, C4<0>, C4<0>, C4<0>;
v0000021fe4f96110_0 .net/2u *"_ivl_4", 31 0, L_0000021fe4f9a298;  1 drivers
v0000021fe4f96e30_0 .net *"_ivl_6", 31 0, L_0000021fe4f99fc0;  1 drivers
v0000021fe4f96ed0_0 .net *"_ivl_8", 6 0, L_0000021fe4f98120;  1 drivers
v0000021fe4f96c50_0 .net "clk", 0 0, v0000021fe4f98580_0;  alias, 1 drivers
v0000021fe4f967f0_0 .net "dbg_x1", 31 0, L_0000021fe4bf2180;  alias, 1 drivers
v0000021fe4f96390_0 .var/i "i", 31 0;
v0000021fe4f97970_0 .net "rd", 4 0, L_0000021fe4f99ca0;  alias, 1 drivers
v0000021fe4f96bb0_0 .net "rd1", 31 0, L_0000021fe4f98260;  alias, 1 drivers
v0000021fe4f97bf0_0 .net "rd2", 31 0, L_0000021fe4ff35f0;  alias, 1 drivers
v0000021fe4f96750 .array "regs", 0 31, 31 0;
v0000021fe4f97ab0_0 .net "rs1", 4 0, L_0000021fe4f99980;  alias, 1 drivers
v0000021fe4f97010_0 .net "rs2", 4 0, L_0000021fe4f99b60;  alias, 1 drivers
v0000021fe4f961b0_0 .net "rst", 0 0, L_0000021fe4ff3af0;  1 drivers
v0000021fe4f97790_0 .net "wd", 31 0, v0000021fe4f98c60_0;  1 drivers
v0000021fe4f97290_0 .net "we", 0 0, v0000021fe4f93b30_0;  alias, 1 drivers
L_0000021fe4f99e80 .cmp/eq 5, L_0000021fe4f99980, L_0000021fe4f9a250;
L_0000021fe4f99fc0 .array/port v0000021fe4f96750, L_0000021fe4f98120;
L_0000021fe4f98120 .concat [ 5 2 0 0], L_0000021fe4f99980, L_0000021fe4f9a2e0;
L_0000021fe4f98260 .functor MUXZ 32, L_0000021fe4f99fc0, L_0000021fe4f9a298, L_0000021fe4f99e80, C4<>;
L_0000021fe4f98300 .cmp/eq 5, L_0000021fe4f99b60, L_0000021fe4f9a328;
L_0000021fe4ff23d0 .array/port v0000021fe4f96750, L_0000021fe4ff2510;
L_0000021fe4ff2510 .concat [ 5 2 0 0], L_0000021fe4f99b60, L_0000021fe4f9a3b8;
L_0000021fe4ff35f0 .functor MUXZ 32, L_0000021fe4ff23d0, L_0000021fe4f9a370, L_0000021fe4f98300, C4<>;
    .scope S_0000021fe4ba2380;
T_0 ;
    %wait E_0000021fe4be2060;
    %load/vec4 v0000021fe4f92d70_0;
    %nor/r;
    %flag_set/vec4 8;
    %jmp/0xz  T_0.0, 8;
    %pushi/vec4 0, 0, 32;
    %assign/vec4 v0000021fe4f92190_0, 0;
    %jmp T_0.1;
T_0.0 ;
    %load/vec4 v0000021fe4f925f0_0;
    %assign/vec4 v0000021fe4f92190_0, 0;
T_0.1 ;
    %jmp T_0;
    .thread T_0;
    .scope S_0000021fe4b84e10;
T_1 ;
    %pushi/vec4 0, 0, 32;
    %store/vec4 v0000021fe4f92f50_0, 0, 32;
T_1.0 ;
    %load/vec4 v0000021fe4f92f50_0;
    %cmpi/s 128, 0, 32;
    %jmp/0xz T_1.1, 5;
    %pushi/vec4 19, 0, 32;
    %ix/getv/s 4, v0000021fe4f92f50_0;
    %store/vec4a v0000021fe4f93f90, 4, 0;
    %load/vec4 v0000021fe4f92f50_0;
    %addi 1, 0, 32;
    %store/vec4 v0000021fe4f92f50_0, 0, 32;
    %jmp T_1.0;
T_1.1 ;
    %vpi_call 10 49 "$readmemh", P_0000021fe4be1a60, v0000021fe4f93f90 {0 0 0};
    %end;
    .thread T_1;
    .scope S_0000021fe4baa1e0;
T_2 ;
    %wait E_0000021fe4be4ee0;
    %pushi/vec4 0, 0, 1;
    %store/vec4 v0000021fe4f93b30_0, 0, 1;
    %pushi/vec4 0, 0, 3;
    %store/vec4 v0000021fe4be7e40_0, 0, 3;
    %pushi/vec4 0, 0, 4;
    %store/vec4 v0000021fe4be7c60_0, 0, 4;
    %pushi/vec4 0, 0, 1;
    %store/vec4 v0000021fe4be83e0_0, 0, 1;
    %pushi/vec4 0, 0, 1;
    %store/vec4 v0000021fe4be88e0_0, 0, 1;
    %pushi/vec4 0, 0, 1;
    %store/vec4 v0000021fe4be8200_0, 0, 1;
    %pushi/vec4 0, 0, 1;
    %store/vec4 v0000021fe4be82a0_0, 0, 1;
    %pushi/vec4 0, 0, 1;
    %store/vec4 v0000021fe4be8b60_0, 0, 1;
    %pushi/vec4 0, 0, 2;
    %store/vec4 v0000021fe4f93130_0, 0, 2;
    %load/vec4 v0000021fe4bd59b0_0;
    %dup/vec4;
    %pushi/vec4 51, 0, 7;
    %cmp/u;
    %jmp/1 T_2.0, 6;
    %dup/vec4;
    %pushi/vec4 19, 0, 7;
    %cmp/u;
    %jmp/1 T_2.1, 6;
    %dup/vec4;
    %pushi/vec4 55, 0, 7;
    %cmp/u;
    %jmp/1 T_2.2, 6;
    %dup/vec4;
    %pushi/vec4 23, 0, 7;
    %cmp/u;
    %jmp/1 T_2.3, 6;
    %dup/vec4;
    %pushi/vec4 99, 0, 7;
    %cmp/u;
    %jmp/1 T_2.4, 6;
    %dup/vec4;
    %pushi/vec4 3, 0, 7;
    %cmp/u;
    %jmp/1 T_2.5, 6;
    %dup/vec4;
    %pushi/vec4 35, 0, 7;
    %cmp/u;
    %jmp/1 T_2.6, 6;
    %dup/vec4;
    %pushi/vec4 111, 0, 7;
    %cmp/u;
    %jmp/1 T_2.7, 6;
    %dup/vec4;
    %pushi/vec4 103, 0, 7;
    %cmp/u;
    %jmp/1 T_2.8, 6;
    %jmp T_2.10;
T_2.0 ;
    %pushi/vec4 1, 0, 1;
    %store/vec4 v0000021fe4f93b30_0, 0, 1;
    %pushi/vec4 0, 0, 1;
    %store/vec4 v0000021fe4be83e0_0, 0, 1;
    %pushi/vec4 0, 0, 2;
    %store/vec4 v0000021fe4f93130_0, 0, 2;
    %load/vec4 v0000021fe4be7d00_0;
    %dup/vec4;
    %pushi/vec4 0, 0, 3;
    %cmp/u;
    %jmp/1 T_2.11, 6;
    %dup/vec4;
    %pushi/vec4 1, 0, 3;
    %cmp/u;
    %jmp/1 T_2.12, 6;
    %dup/vec4;
    %pushi/vec4 2, 0, 3;
    %cmp/u;
    %jmp/1 T_2.13, 6;
    %dup/vec4;
    %pushi/vec4 3, 0, 3;
    %cmp/u;
    %jmp/1 T_2.14, 6;
    %dup/vec4;
    %pushi/vec4 4, 0, 3;
    %cmp/u;
    %jmp/1 T_2.15, 6;
    %dup/vec4;
    %pushi/vec4 5, 0, 3;
    %cmp/u;
    %jmp/1 T_2.16, 6;
    %dup/vec4;
    %pushi/vec4 6, 0, 3;
    %cmp/u;
    %jmp/1 T_2.17, 6;
    %dup/vec4;
    %pushi/vec4 7, 0, 3;
    %cmp/u;
    %jmp/1 T_2.18, 6;
    %pushi/vec4 0, 0, 4;
    %store/vec4 v0000021fe4be7c60_0, 0, 4;
    %jmp T_2.20;
T_2.11 ;
    %load/vec4 v0000021fe4be8ac0_0;
    %cmpi/e 32, 0, 7;
    %flag_mov 8, 4;
    %jmp/0 T_2.21, 8;
    %pushi/vec4 1, 0, 4;
    %jmp/1 T_2.22, 8;
T_2.21 ; End of true expr.
    %pushi/vec4 0, 0, 4;
    %jmp/0 T_2.22, 8;
 ; End of false expr.
    %blend;
T_2.22;
    %store/vec4 v0000021fe4be7c60_0, 0, 4;
    %jmp T_2.20;
T_2.12 ;
    %pushi/vec4 5, 0, 4;
    %store/vec4 v0000021fe4be7c60_0, 0, 4;
    %jmp T_2.20;
T_2.13 ;
    %pushi/vec4 8, 0, 4;
    %store/vec4 v0000021fe4be7c60_0, 0, 4;
    %jmp T_2.20;
T_2.14 ;
    %pushi/vec4 9, 0, 4;
    %store/vec4 v0000021fe4be7c60_0, 0, 4;
    %jmp T_2.20;
T_2.15 ;
    %pushi/vec4 4, 0, 4;
    %store/vec4 v0000021fe4be7c60_0, 0, 4;
    %jmp T_2.20;
T_2.16 ;
    %load/vec4 v0000021fe4be8ac0_0;
    %cmpi/e 32, 0, 7;
    %flag_mov 8, 4;
    %jmp/0 T_2.23, 8;
    %pushi/vec4 7, 0, 4;
    %jmp/1 T_2.24, 8;
T_2.23 ; End of true expr.
    %pushi/vec4 6, 0, 4;
    %jmp/0 T_2.24, 8;
 ; End of false expr.
    %blend;
T_2.24;
    %store/vec4 v0000021fe4be7c60_0, 0, 4;
    %jmp T_2.20;
T_2.17 ;
    %pushi/vec4 3, 0, 4;
    %store/vec4 v0000021fe4be7c60_0, 0, 4;
    %jmp T_2.20;
T_2.18 ;
    %pushi/vec4 2, 0, 4;
    %store/vec4 v0000021fe4be7c60_0, 0, 4;
    %jmp T_2.20;
T_2.20 ;
    %pop/vec4 1;
    %jmp T_2.10;
T_2.1 ;
    %pushi/vec4 1, 0, 1;
    %store/vec4 v0000021fe4f93b30_0, 0, 1;
    %pushi/vec4 1, 0, 1;
    %store/vec4 v0000021fe4be83e0_0, 0, 1;
    %pushi/vec4 0, 0, 3;
    %store/vec4 v0000021fe4be7e40_0, 0, 3;
    %pushi/vec4 0, 0, 2;
    %store/vec4 v0000021fe4f93130_0, 0, 2;
    %load/vec4 v0000021fe4be7d00_0;
    %dup/vec4;
    %pushi/vec4 0, 0, 3;
    %cmp/u;
    %jmp/1 T_2.25, 6;
    %dup/vec4;
    %pushi/vec4 1, 0, 3;
    %cmp/u;
    %jmp/1 T_2.26, 6;
    %dup/vec4;
    %pushi/vec4 2, 0, 3;
    %cmp/u;
    %jmp/1 T_2.27, 6;
    %dup/vec4;
    %pushi/vec4 3, 0, 3;
    %cmp/u;
    %jmp/1 T_2.28, 6;
    %dup/vec4;
    %pushi/vec4 4, 0, 3;
    %cmp/u;
    %jmp/1 T_2.29, 6;
    %dup/vec4;
    %pushi/vec4 5, 0, 3;
    %cmp/u;
    %jmp/1 T_2.30, 6;
    %dup/vec4;
    %pushi/vec4 6, 0, 3;
    %cmp/u;
    %jmp/1 T_2.31, 6;
    %dup/vec4;
    %pushi/vec4 7, 0, 3;
    %cmp/u;
    %jmp/1 T_2.32, 6;
    %pushi/vec4 0, 0, 4;
    %store/vec4 v0000021fe4be7c60_0, 0, 4;
    %jmp T_2.34;
T_2.25 ;
    %pushi/vec4 0, 0, 4;
    %store/vec4 v0000021fe4be7c60_0, 0, 4;
    %jmp T_2.34;
T_2.26 ;
    %pushi/vec4 5, 0, 4;
    %store/vec4 v0000021fe4be7c60_0, 0, 4;
    %jmp T_2.34;
T_2.27 ;
    %pushi/vec4 8, 0, 4;
    %store/vec4 v0000021fe4be7c60_0, 0, 4;
    %jmp T_2.34;
T_2.28 ;
    %pushi/vec4 9, 0, 4;
    %store/vec4 v0000021fe4be7c60_0, 0, 4;
    %jmp T_2.34;
T_2.29 ;
    %pushi/vec4 4, 0, 4;
    %store/vec4 v0000021fe4be7c60_0, 0, 4;
    %jmp T_2.34;
T_2.30 ;
    %load/vec4 v0000021fe4be8ac0_0;
    %cmpi/e 32, 0, 7;
    %flag_mov 8, 4;
    %jmp/0 T_2.35, 8;
    %pushi/vec4 7, 0, 4;
    %jmp/1 T_2.36, 8;
T_2.35 ; End of true expr.
    %pushi/vec4 6, 0, 4;
    %jmp/0 T_2.36, 8;
 ; End of false expr.
    %blend;
T_2.36;
    %store/vec4 v0000021fe4be7c60_0, 0, 4;
    %jmp T_2.34;
T_2.31 ;
    %pushi/vec4 3, 0, 4;
    %store/vec4 v0000021fe4be7c60_0, 0, 4;
    %jmp T_2.34;
T_2.32 ;
    %pushi/vec4 2, 0, 4;
    %store/vec4 v0000021fe4be7c60_0, 0, 4;
    %jmp T_2.34;
T_2.34 ;
    %pop/vec4 1;
    %jmp T_2.10;
T_2.2 ;
    %pushi/vec4 1, 0, 1;
    %store/vec4 v0000021fe4f93b30_0, 0, 1;
    %pushi/vec4 3, 0, 3;
    %store/vec4 v0000021fe4be7e40_0, 0, 3;
    %pushi/vec4 1, 0, 1;
    %store/vec4 v0000021fe4be83e0_0, 0, 1;
    %pushi/vec4 10, 0, 4;
    %store/vec4 v0000021fe4be7c60_0, 0, 4;
    %pushi/vec4 0, 0, 2;
    %store/vec4 v0000021fe4f93130_0, 0, 2;
    %jmp T_2.10;
T_2.3 ;
    %pushi/vec4 1, 0, 1;
    %store/vec4 v0000021fe4f93b30_0, 0, 1;
    %pushi/vec4 3, 0, 3;
    %store/vec4 v0000021fe4be7e40_0, 0, 3;
    %pushi/vec4 1, 0, 1;
    %store/vec4 v0000021fe4be83e0_0, 0, 1;
    %pushi/vec4 0, 0, 4;
    %store/vec4 v0000021fe4be7c60_0, 0, 4;
    %pushi/vec4 0, 0, 2;
    %store/vec4 v0000021fe4f93130_0, 0, 2;
    %jmp T_2.10;
T_2.4 ;
    %pushi/vec4 1, 0, 1;
    %store/vec4 v0000021fe4be88e0_0, 0, 1;
    %pushi/vec4 2, 0, 3;
    %store/vec4 v0000021fe4be7e40_0, 0, 3;
    %pushi/vec4 0, 0, 1;
    %store/vec4 v0000021fe4be83e0_0, 0, 1;
    %load/vec4 v0000021fe4be7d00_0;
    %dup/vec4;
    %pushi/vec4 0, 0, 3;
    %cmp/u;
    %jmp/1 T_2.37, 6;
    %dup/vec4;
    %pushi/vec4 1, 0, 3;
    %cmp/u;
    %jmp/1 T_2.38, 6;
    %dup/vec4;
    %pushi/vec4 4, 0, 3;
    %cmp/u;
    %jmp/1 T_2.39, 6;
    %dup/vec4;
    %pushi/vec4 5, 0, 3;
    %cmp/u;
    %jmp/1 T_2.40, 6;
    %dup/vec4;
    %pushi/vec4 6, 0, 3;
    %cmp/u;
    %jmp/1 T_2.41, 6;
    %dup/vec4;
    %pushi/vec4 7, 0, 3;
    %cmp/u;
    %jmp/1 T_2.42, 6;
    %pushi/vec4 1, 0, 4;
    %store/vec4 v0000021fe4be7c60_0, 0, 4;
    %jmp T_2.44;
T_2.37 ;
    %pushi/vec4 1, 0, 4;
    %store/vec4 v0000021fe4be7c60_0, 0, 4;
    %jmp T_2.44;
T_2.38 ;
    %pushi/vec4 1, 0, 4;
    %store/vec4 v0000021fe4be7c60_0, 0, 4;
    %jmp T_2.44;
T_2.39 ;
    %pushi/vec4 8, 0, 4;
    %store/vec4 v0000021fe4be7c60_0, 0, 4;
    %jmp T_2.44;
T_2.40 ;
    %pushi/vec4 8, 0, 4;
    %store/vec4 v0000021fe4be7c60_0, 0, 4;
    %jmp T_2.44;
T_2.41 ;
    %pushi/vec4 9, 0, 4;
    %store/vec4 v0000021fe4be7c60_0, 0, 4;
    %jmp T_2.44;
T_2.42 ;
    %pushi/vec4 9, 0, 4;
    %store/vec4 v0000021fe4be7c60_0, 0, 4;
    %jmp T_2.44;
T_2.44 ;
    %pop/vec4 1;
    %jmp T_2.10;
T_2.5 ;
    %pushi/vec4 1, 0, 1;
    %store/vec4 v0000021fe4f93b30_0, 0, 1;
    %pushi/vec4 1, 0, 1;
    %store/vec4 v0000021fe4be82a0_0, 0, 1;
    %pushi/vec4 0, 0, 3;
    %store/vec4 v0000021fe4be7e40_0, 0, 3;
    %pushi/vec4 1, 0, 1;
    %store/vec4 v0000021fe4be83e0_0, 0, 1;
    %pushi/vec4 0, 0, 4;
    %store/vec4 v0000021fe4be7c60_0, 0, 4;
    %pushi/vec4 1, 0, 2;
    %store/vec4 v0000021fe4f93130_0, 0, 2;
    %jmp T_2.10;
T_2.6 ;
    %pushi/vec4 1, 0, 1;
    %store/vec4 v0000021fe4be8b60_0, 0, 1;
    %pushi/vec4 1, 0, 3;
    %store/vec4 v0000021fe4be7e40_0, 0, 3;
    %pushi/vec4 1, 0, 1;
    %store/vec4 v0000021fe4be83e0_0, 0, 1;
    %pushi/vec4 0, 0, 4;
    %store/vec4 v0000021fe4be7c60_0, 0, 4;
    %jmp T_2.10;
T_2.7 ;
    %pushi/vec4 1, 0, 1;
    %store/vec4 v0000021fe4f93b30_0, 0, 1;
    %pushi/vec4 1, 0, 1;
    %store/vec4 v0000021fe4be8200_0, 0, 1;
    %pushi/vec4 4, 0, 3;
    %store/vec4 v0000021fe4be7e40_0, 0, 3;
    %pushi/vec4 2, 0, 2;
    %store/vec4 v0000021fe4f93130_0, 0, 2;
    %jmp T_2.10;
T_2.8 ;
    %pushi/vec4 1, 0, 1;
    %store/vec4 v0000021fe4f93b30_0, 0, 1;
    %pushi/vec4 1, 0, 1;
    %store/vec4 v0000021fe4be8200_0, 0, 1;
    %pushi/vec4 0, 0, 3;
    %store/vec4 v0000021fe4be7e40_0, 0, 3;
    %pushi/vec4 2, 0, 2;
    %store/vec4 v0000021fe4f93130_0, 0, 2;
    %jmp T_2.10;
T_2.10 ;
    %pop/vec4 1;
    %jmp T_2;
    .thread T_2, $push;
    .scope S_0000021fe4b84c80;
T_3 ;
    %wait E_0000021fe4be18a0;
    %load/vec4 v0000021fe4f92af0_0;
    %dup/vec4;
    %pushi/vec4 0, 0, 3;
    %cmp/u;
    %jmp/1 T_3.0, 6;
    %dup/vec4;
    %pushi/vec4 1, 0, 3;
    %cmp/u;
    %jmp/1 T_3.1, 6;
    %dup/vec4;
    %pushi/vec4 2, 0, 3;
    %cmp/u;
    %jmp/1 T_3.2, 6;
    %dup/vec4;
    %pushi/vec4 3, 0, 3;
    %cmp/u;
    %jmp/1 T_3.3, 6;
    %dup/vec4;
    %pushi/vec4 4, 0, 3;
    %cmp/u;
    %jmp/1 T_3.4, 6;
    %pushi/vec4 0, 0, 32;
    %store/vec4 v0000021fe4f93db0_0, 0, 32;
    %jmp T_3.6;
T_3.0 ;
    %load/vec4 v0000021fe4f927d0_0;
    %parti/s 1, 31, 6;
    %replicate 20;
    %load/vec4 v0000021fe4f927d0_0;
    %parti/s 12, 20, 6;
    %concat/vec4; draw_concat_vec4
    %store/vec4 v0000021fe4f93db0_0, 0, 32;
    %jmp T_3.6;
T_3.1 ;
    %load/vec4 v0000021fe4f927d0_0;
    %parti/s 1, 31, 6;
    %replicate 20;
    %load/vec4 v0000021fe4f927d0_0;
    %parti/s 7, 25, 6;
    %concat/vec4; draw_concat_vec4
    %load/vec4 v0000021fe4f927d0_0;
    %parti/s 5, 7, 4;
    %concat/vec4; draw_concat_vec4
    %store/vec4 v0000021fe4f93db0_0, 0, 32;
    %jmp T_3.6;
T_3.2 ;
    %load/vec4 v0000021fe4f927d0_0;
    %parti/s 1, 31, 6;
    %replicate 20;
    %load/vec4 v0000021fe4f927d0_0;
    %parti/s 1, 7, 4;
    %concat/vec4; draw_concat_vec4
    %load/vec4 v0000021fe4f927d0_0;
    %parti/s 6, 25, 6;
    %concat/vec4; draw_concat_vec4
    %load/vec4 v0000021fe4f927d0_0;
    %parti/s 4, 8, 5;
    %concat/vec4; draw_concat_vec4
    %concati/vec4 0, 0, 1;
    %store/vec4 v0000021fe4f93db0_0, 0, 32;
    %jmp T_3.6;
T_3.3 ;
    %load/vec4 v0000021fe4f927d0_0;
    %parti/s 20, 12, 5;
    %concati/vec4 0, 0, 12;
    %store/vec4 v0000021fe4f93db0_0, 0, 32;
    %jmp T_3.6;
T_3.4 ;
    %load/vec4 v0000021fe4f927d0_0;
    %parti/s 1, 31, 6;
    %replicate 12;
    %load/vec4 v0000021fe4f927d0_0;
    %parti/s 8, 12, 5;
    %concat/vec4; draw_concat_vec4
    %load/vec4 v0000021fe4f927d0_0;
    %parti/s 1, 20, 6;
    %concat/vec4; draw_concat_vec4
    %load/vec4 v0000021fe4f927d0_0;
    %parti/s 10, 21, 6;
    %concat/vec4; draw_concat_vec4
    %concati/vec4 0, 0, 1;
    %store/vec4 v0000021fe4f93db0_0, 0, 32;
    %jmp T_3.6;
T_3.6 ;
    %pop/vec4 1;
    %jmp T_3;
    .thread T_3, $push;
    .scope S_0000021fe4ba2510;
T_4 ;
    %wait E_0000021fe4be1920;
    %load/vec4 v0000021fe4f961b0_0;
    %flag_set/vec4 8;
    %jmp/0xz  T_4.0, 8;
    %pushi/vec4 0, 0, 32;
    %store/vec4 v0000021fe4f96390_0, 0, 32;
T_4.2 ;
    %load/vec4 v0000021fe4f96390_0;
    %cmpi/s 32, 0, 32;
    %jmp/0xz T_4.3, 5;
    %pushi/vec4 0, 0, 32;
    %ix/getv/s 3, v0000021fe4f96390_0;
    %ix/load 4, 0, 0; Constant delay
    %assign/vec4/a/d v0000021fe4f96750, 0, 4;
    %load/vec4 v0000021fe4f96390_0;
    %addi 1, 0, 32;
    %store/vec4 v0000021fe4f96390_0, 0, 32;
    %jmp T_4.2;
T_4.3 ;
    %jmp T_4.1;
T_4.0 ;
    %load/vec4 v0000021fe4f97290_0;
    %flag_set/vec4 9;
    %flag_get/vec4 9;
    %jmp/0 T_4.6, 9;
    %load/vec4 v0000021fe4f97970_0;
    %pushi/vec4 0, 0, 5;
    %cmp/ne;
    %flag_get/vec4 4;
    %and;
T_4.6;
    %flag_set/vec4 8;
    %jmp/0xz  T_4.4, 8;
    %load/vec4 v0000021fe4f97790_0;
    %load/vec4 v0000021fe4f97970_0;
    %pad/u 7;
    %ix/vec4 3;
    %ix/load 4, 0, 0; Constant delay
    %assign/vec4/a/d v0000021fe4f96750, 0, 4;
T_4.4 ;
T_4.1 ;
    %jmp T_4;
    .thread T_4;
    .scope S_0000021fe4ba9e70;
T_5 ;
    %wait E_0000021fe4be4760;
    %pushi/vec4 0, 0, 1;
    %store/vec4 v0000021fe4be7800_0, 0, 1;
    %load/vec4 v0000021fe4be7f80_0;
    %flag_set/vec4 8;
    %jmp/0xz  T_5.0, 8;
    %load/vec4 v0000021fe4be85c0_0;
    %dup/vec4;
    %pushi/vec4 0, 0, 3;
    %cmp/u;
    %jmp/1 T_5.2, 6;
    %dup/vec4;
    %pushi/vec4 1, 0, 3;
    %cmp/u;
    %jmp/1 T_5.3, 6;
    %dup/vec4;
    %pushi/vec4 4, 0, 3;
    %cmp/u;
    %jmp/1 T_5.4, 6;
    %dup/vec4;
    %pushi/vec4 5, 0, 3;
    %cmp/u;
    %jmp/1 T_5.5, 6;
    %dup/vec4;
    %pushi/vec4 6, 0, 3;
    %cmp/u;
    %jmp/1 T_5.6, 6;
    %dup/vec4;
    %pushi/vec4 7, 0, 3;
    %cmp/u;
    %jmp/1 T_5.7, 6;
    %pushi/vec4 0, 0, 1;
    %store/vec4 v0000021fe4be7800_0, 0, 1;
    %jmp T_5.9;
T_5.2 ;
    %load/vec4 v0000021fe4be7da0_0;
    %store/vec4 v0000021fe4be7800_0, 0, 1;
    %jmp T_5.9;
T_5.3 ;
    %load/vec4 v0000021fe4be7da0_0;
    %nor/r;
    %store/vec4 v0000021fe4be7800_0, 0, 1;
    %jmp T_5.9;
T_5.4 ;
    %load/vec4 v0000021fe4be8020_0;
    %parti/s 1, 0, 2;
    %store/vec4 v0000021fe4be7800_0, 0, 1;
    %jmp T_5.9;
T_5.5 ;
    %load/vec4 v0000021fe4be8020_0;
    %parti/s 1, 0, 2;
    %nor/r;
    %store/vec4 v0000021fe4be7800_0, 0, 1;
    %jmp T_5.9;
T_5.6 ;
    %load/vec4 v0000021fe4be8020_0;
    %parti/s 1, 0, 2;
    %store/vec4 v0000021fe4be7800_0, 0, 1;
    %jmp T_5.9;
T_5.7 ;
    %load/vec4 v0000021fe4be8020_0;
    %parti/s 1, 0, 2;
    %nor/r;
    %store/vec4 v0000021fe4be7800_0, 0, 1;
    %jmp T_5.9;
T_5.9 ;
    %pop/vec4 1;
T_5.0 ;
    %jmp T_5;
    .thread T_5, $push;
    .scope S_0000021fe4ba9e70;
T_6 ;
    %wait E_0000021fe4be4ce0;
    %load/vec4 v0000021fe4be7a80_0;
    %cmpi/e 23, 0, 7;
    %jmp/0xz  T_6.0, 4;
    %pushi/vec4 1, 0, 1;
    %store/vec4 v0000021fe4be8520_0, 0, 1;
    %jmp T_6.1;
T_6.0 ;
    %pushi/vec4 0, 0, 1;
    %store/vec4 v0000021fe4be8520_0, 0, 1;
T_6.1 ;
    %load/vec4 v0000021fe4be7a80_0;
    %cmpi/e 103, 0, 7;
    %jmp/0xz  T_6.2, 4;
    %pushi/vec4 2, 0, 2;
    %store/vec4 v0000021fe4be80c0_0, 0, 2;
    %jmp T_6.3;
T_6.2 ;
    %load/vec4 v0000021fe4be79e0_0;
    %flag_set/vec4 8;
    %jmp/1 T_6.6, 8;
    %load/vec4 v0000021fe4be7800_0;
    %flag_set/vec4 9;
    %flag_or 8, 9;
T_6.6;
    %jmp/0xz  T_6.4, 8;
    %pushi/vec4 1, 0, 2;
    %store/vec4 v0000021fe4be80c0_0, 0, 2;
    %jmp T_6.5;
T_6.4 ;
    %pushi/vec4 0, 0, 2;
    %store/vec4 v0000021fe4be80c0_0, 0, 2;
T_6.5 ;
T_6.3 ;
    %jmp T_6;
    .thread T_6, $push;
    .scope S_0000021fe4ba9ce0;
T_7 ;
    %wait E_0000021fe4be56a0;
    %load/vec4 v0000021fe4be8a20_0;
    %dup/vec4;
    %pushi/vec4 0, 0, 4;
    %cmp/u;
    %jmp/1 T_7.0, 6;
    %dup/vec4;
    %pushi/vec4 1, 0, 4;
    %cmp/u;
    %jmp/1 T_7.1, 6;
    %dup/vec4;
    %pushi/vec4 2, 0, 4;
    %cmp/u;
    %jmp/1 T_7.2, 6;
    %dup/vec4;
    %pushi/vec4 3, 0, 4;
    %cmp/u;
    %jmp/1 T_7.3, 6;
    %dup/vec4;
    %pushi/vec4 4, 0, 4;
    %cmp/u;
    %jmp/1 T_7.4, 6;
    %dup/vec4;
    %pushi/vec4 5, 0, 4;
    %cmp/u;
    %jmp/1 T_7.5, 6;
    %dup/vec4;
    %pushi/vec4 6, 0, 4;
    %cmp/u;
    %jmp/1 T_7.6, 6;
    %dup/vec4;
    %pushi/vec4 7, 0, 4;
    %cmp/u;
    %jmp/1 T_7.7, 6;
    %dup/vec4;
    %pushi/vec4 8, 0, 4;
    %cmp/u;
    %jmp/1 T_7.8, 6;
    %dup/vec4;
    %pushi/vec4 9, 0, 4;
    %cmp/u;
    %jmp/1 T_7.9, 6;
    %dup/vec4;
    %pushi/vec4 10, 0, 4;
    %cmp/u;
    %jmp/1 T_7.10, 6;
    %pushi/vec4 0, 0, 32;
    %store/vec4 v0000021fe4be9600_0, 0, 32;
    %jmp T_7.12;
T_7.0 ;
    %load/vec4 v0000021fe4be8c00_0;
    %load/vec4 v0000021fe4be7760_0;
    %add;
    %store/vec4 v0000021fe4be9600_0, 0, 32;
    %jmp T_7.12;
T_7.1 ;
    %load/vec4 v0000021fe4be8c00_0;
    %load/vec4 v0000021fe4be7760_0;
    %sub;
    %store/vec4 v0000021fe4be9600_0, 0, 32;
    %jmp T_7.12;
T_7.2 ;
    %load/vec4 v0000021fe4be8c00_0;
    %load/vec4 v0000021fe4be7760_0;
    %and;
    %store/vec4 v0000021fe4be9600_0, 0, 32;
    %jmp T_7.12;
T_7.3 ;
    %load/vec4 v0000021fe4be8c00_0;
    %load/vec4 v0000021fe4be7760_0;
    %or;
    %store/vec4 v0000021fe4be9600_0, 0, 32;
    %jmp T_7.12;
T_7.4 ;
    %load/vec4 v0000021fe4be8c00_0;
    %load/vec4 v0000021fe4be7760_0;
    %xor;
    %store/vec4 v0000021fe4be9600_0, 0, 32;
    %jmp T_7.12;
T_7.5 ;
    %load/vec4 v0000021fe4be8c00_0;
    %load/vec4 v0000021fe4be7760_0;
    %parti/s 5, 0, 2;
    %ix/vec4 4;
    %shiftl 4;
    %store/vec4 v0000021fe4be9600_0, 0, 32;
    %jmp T_7.12;
T_7.6 ;
    %load/vec4 v0000021fe4be8c00_0;
    %load/vec4 v0000021fe4be7760_0;
    %parti/s 5, 0, 2;
    %ix/vec4 4;
    %shiftr 4;
    %store/vec4 v0000021fe4be9600_0, 0, 32;
    %jmp T_7.12;
T_7.7 ;
    %load/vec4 v0000021fe4be8c00_0;
    %load/vec4 v0000021fe4be7760_0;
    %parti/s 5, 0, 2;
    %ix/vec4 4;
    %shiftr/s 4;
    %store/vec4 v0000021fe4be9600_0, 0, 32;
    %jmp T_7.12;
T_7.8 ;
    %load/vec4 v0000021fe4be8c00_0;
    %load/vec4 v0000021fe4be7760_0;
    %cmp/s;
    %flag_mov 8, 5;
    %jmp/0 T_7.13, 8;
    %pushi/vec4 1, 0, 32;
    %jmp/1 T_7.14, 8;
T_7.13 ; End of true expr.
    %pushi/vec4 0, 0, 32;
    %jmp/0 T_7.14, 8;
 ; End of false expr.
    %blend;
T_7.14;
    %store/vec4 v0000021fe4be9600_0, 0, 32;
    %jmp T_7.12;
T_7.9 ;
    %load/vec4 v0000021fe4be8c00_0;
    %load/vec4 v0000021fe4be7760_0;
    %cmp/u;
    %flag_mov 8, 5;
    %jmp/0 T_7.15, 8;
    %pushi/vec4 1, 0, 32;
    %jmp/1 T_7.16, 8;
T_7.15 ; End of true expr.
    %pushi/vec4 0, 0, 32;
    %jmp/0 T_7.16, 8;
 ; End of false expr.
    %blend;
T_7.16;
    %store/vec4 v0000021fe4be9600_0, 0, 32;
    %jmp T_7.12;
T_7.10 ;
    %load/vec4 v0000021fe4be7760_0;
    %store/vec4 v0000021fe4be9600_0, 0, 32;
    %jmp T_7.12;
T_7.12 ;
    %pop/vec4 1;
    %jmp T_7;
    .thread T_7, $push;
    .scope S_0000021fe4baa370;
T_8 ;
    %wait E_0000021fe4be1920;
    %load/vec4 v0000021fe4f934f0_0;
    %flag_set/vec4 9;
    %flag_get/vec4 9;
    %jmp/0 T_8.2, 9;
    %load/vec4 v0000021fe4f92a50_0;
    %and;
T_8.2;
    %flag_set/vec4 8;
    %jmp/0xz  T_8.0, 8;
    %load/vec4 v0000021fe4f93590_0;
    %dup/vec4;
    %pushi/vec4 2, 0, 3;
    %cmp/u;
    %jmp/1 T_8.3, 6;
    %dup/vec4;
    %pushi/vec4 1, 0, 3;
    %cmp/u;
    %jmp/1 T_8.4, 6;
    %dup/vec4;
    %pushi/vec4 0, 0, 3;
    %cmp/u;
    %jmp/1 T_8.5, 6;
    %jmp T_8.7;
T_8.3 ;
    %load/vec4 v0000021fe4f92c30_0;
    %load/vec4 v0000021fe4f92eb0_0;
    %pad/u 9;
    %ix/vec4 3;
    %ix/load 4, 0, 0; Constant delay
    %assign/vec4/a/d v0000021fe4f929b0, 0, 4;
    %jmp T_8.7;
T_8.4 ;
    %load/vec4 v0000021fe4f93310_0;
    %parti/s 1, 1, 2;
    %cmpi/e 0, 0, 1;
    %jmp/0xz  T_8.8, 4;
    %load/vec4 v0000021fe4f92c30_0;
    %parti/s 16, 0, 2;
    %load/vec4 v0000021fe4f92eb0_0;
    %pad/u 9;
    %ix/vec4 3;
    %ix/load 4, 0, 0; Constant delay
    %assign/vec4/a/d v0000021fe4f929b0, 0, 4;
    %jmp T_8.9;
T_8.8 ;
    %load/vec4 v0000021fe4f92c30_0;
    %parti/s 16, 0, 2;
    %load/vec4 v0000021fe4f92eb0_0;
    %pad/u 9;
    %ix/vec4 3;
    %ix/load 4, 16, 0; part off
    %ix/load 5, 0, 0; Constant delay
    %assign/vec4/a/d v0000021fe4f929b0, 4, 5;
T_8.9 ;
    %jmp T_8.7;
T_8.5 ;
    %load/vec4 v0000021fe4f93310_0;
    %dup/vec4;
    %pushi/vec4 0, 0, 2;
    %cmp/u;
    %jmp/1 T_8.10, 6;
    %dup/vec4;
    %pushi/vec4 1, 0, 2;
    %cmp/u;
    %jmp/1 T_8.11, 6;
    %dup/vec4;
    %pushi/vec4 2, 0, 2;
    %cmp/u;
    %jmp/1 T_8.12, 6;
    %dup/vec4;
    %pushi/vec4 3, 0, 2;
    %cmp/u;
    %jmp/1 T_8.13, 6;
    %jmp T_8.14;
T_8.10 ;
    %load/vec4 v0000021fe4f92c30_0;
    %parti/s 8, 0, 2;
    %load/vec4 v0000021fe4f92eb0_0;
    %pad/u 9;
    %ix/vec4 3;
    %ix/load 4, 0, 0; Constant delay
    %assign/vec4/a/d v0000021fe4f929b0, 0, 4;
    %jmp T_8.14;
T_8.11 ;
    %load/vec4 v0000021fe4f92c30_0;
    %parti/s 8, 0, 2;
    %load/vec4 v0000021fe4f92eb0_0;
    %pad/u 9;
    %ix/vec4 3;
    %ix/load 4, 8, 0; part off
    %ix/load 5, 0, 0; Constant delay
    %assign/vec4/a/d v0000021fe4f929b0, 4, 5;
    %jmp T_8.14;
T_8.12 ;
    %load/vec4 v0000021fe4f92c30_0;
    %parti/s 8, 0, 2;
    %load/vec4 v0000021fe4f92eb0_0;
    %pad/u 9;
    %ix/vec4 3;
    %ix/load 4, 16, 0; part off
    %ix/load 5, 0, 0; Constant delay
    %assign/vec4/a/d v0000021fe4f929b0, 4, 5;
    %jmp T_8.14;
T_8.13 ;
    %load/vec4 v0000021fe4f92c30_0;
    %parti/s 8, 0, 2;
    %load/vec4 v0000021fe4f92eb0_0;
    %pad/u 9;
    %ix/vec4 3;
    %ix/load 4, 24, 0; part off
    %ix/load 5, 0, 0; Constant delay
    %assign/vec4/a/d v0000021fe4f929b0, 4, 5;
    %jmp T_8.14;
T_8.14 ;
    %pop/vec4 1;
    %jmp T_8.7;
T_8.7 ;
    %pop/vec4 1;
T_8.0 ;
    %jmp T_8;
    .thread T_8;
    .scope S_0000021fe4baa370;
T_9 ;
    %wait E_0000021fe4be1c20;
    %load/vec4 v0000021fe4f939f0_0;
    %nor/r;
    %flag_set/vec4 8;
    %jmp/1 T_9.2, 8;
    %load/vec4 v0000021fe4f92a50_0;
    %nor/r;
    %flag_set/vec4 9;
    %flag_or 8, 9;
T_9.2;
    %jmp/0xz  T_9.0, 8;
    %pushi/vec4 0, 0, 32;
    %store/vec4 v0000021fe4f920f0_0, 0, 32;
    %jmp T_9.1;
T_9.0 ;
    %load/vec4 v0000021fe4f93590_0;
    %dup/vec4;
    %pushi/vec4 2, 0, 3;
    %cmp/u;
    %jmp/1 T_9.3, 6;
    %dup/vec4;
    %pushi/vec4 1, 0, 3;
    %cmp/u;
    %jmp/1 T_9.4, 6;
    %dup/vec4;
    %pushi/vec4 5, 0, 3;
    %cmp/u;
    %jmp/1 T_9.5, 6;
    %dup/vec4;
    %pushi/vec4 0, 0, 3;
    %cmp/u;
    %jmp/1 T_9.6, 6;
    %dup/vec4;
    %pushi/vec4 4, 0, 3;
    %cmp/u;
    %jmp/1 T_9.7, 6;
    %load/vec4 v0000021fe4f92e10_0;
    %store/vec4 v0000021fe4f920f0_0, 0, 32;
    %jmp T_9.9;
T_9.3 ;
    %load/vec4 v0000021fe4f92e10_0;
    %store/vec4 v0000021fe4f920f0_0, 0, 32;
    %jmp T_9.9;
T_9.4 ;
    %load/vec4 v0000021fe4f93310_0;
    %parti/s 1, 1, 2;
    %cmpi/e 0, 0, 1;
    %jmp/0xz  T_9.10, 4;
    %load/vec4 v0000021fe4f92e10_0;
    %parti/s 1, 15, 5;
    %replicate 16;
    %load/vec4 v0000021fe4f92e10_0;
    %parti/s 16, 0, 2;
    %concat/vec4; draw_concat_vec4
    %store/vec4 v0000021fe4f920f0_0, 0, 32;
    %jmp T_9.11;
T_9.10 ;
    %load/vec4 v0000021fe4f92e10_0;
    %parti/s 1, 31, 6;
    %replicate 16;
    %load/vec4 v0000021fe4f92e10_0;
    %parti/s 16, 16, 6;
    %concat/vec4; draw_concat_vec4
    %store/vec4 v0000021fe4f920f0_0, 0, 32;
T_9.11 ;
    %jmp T_9.9;
T_9.5 ;
    %load/vec4 v0000021fe4f93310_0;
    %parti/s 1, 1, 2;
    %cmpi/e 0, 0, 1;
    %jmp/0xz  T_9.12, 4;
    %pushi/vec4 0, 0, 16;
    %load/vec4 v0000021fe4f92e10_0;
    %parti/s 16, 0, 2;
    %concat/vec4; draw_concat_vec4
    %store/vec4 v0000021fe4f920f0_0, 0, 32;
    %jmp T_9.13;
T_9.12 ;
    %pushi/vec4 0, 0, 16;
    %load/vec4 v0000021fe4f92e10_0;
    %parti/s 16, 16, 6;
    %concat/vec4; draw_concat_vec4
    %store/vec4 v0000021fe4f920f0_0, 0, 32;
T_9.13 ;
    %jmp T_9.9;
T_9.6 ;
    %load/vec4 v0000021fe4f93310_0;
    %dup/vec4;
    %pushi/vec4 0, 0, 2;
    %cmp/u;
    %jmp/1 T_9.14, 6;
    %dup/vec4;
    %pushi/vec4 1, 0, 2;
    %cmp/u;
    %jmp/1 T_9.15, 6;
    %dup/vec4;
    %pushi/vec4 2, 0, 2;
    %cmp/u;
    %jmp/1 T_9.16, 6;
    %dup/vec4;
    %pushi/vec4 3, 0, 2;
    %cmp/u;
    %jmp/1 T_9.17, 6;
    %jmp T_9.18;
T_9.14 ;
    %load/vec4 v0000021fe4f92e10_0;
    %parti/s 1, 7, 4;
    %replicate 24;
    %load/vec4 v0000021fe4f92e10_0;
    %parti/s 8, 0, 2;
    %concat/vec4; draw_concat_vec4
    %store/vec4 v0000021fe4f920f0_0, 0, 32;
    %jmp T_9.18;
T_9.15 ;
    %load/vec4 v0000021fe4f92e10_0;
    %parti/s 1, 15, 5;
    %replicate 24;
    %load/vec4 v0000021fe4f92e10_0;
    %parti/s 8, 8, 5;
    %concat/vec4; draw_concat_vec4
    %store/vec4 v0000021fe4f920f0_0, 0, 32;
    %jmp T_9.18;
T_9.16 ;
    %load/vec4 v0000021fe4f92e10_0;
    %parti/s 1, 23, 6;
    %replicate 24;
    %load/vec4 v0000021fe4f92e10_0;
    %parti/s 8, 16, 6;
    %concat/vec4; draw_concat_vec4
    %store/vec4 v0000021fe4f920f0_0, 0, 32;
    %jmp T_9.18;
T_9.17 ;
    %load/vec4 v0000021fe4f92e10_0;
    %parti/s 1, 31, 6;
    %replicate 24;
    %load/vec4 v0000021fe4f92e10_0;
    %parti/s 8, 24, 6;
    %concat/vec4; draw_concat_vec4
    %store/vec4 v0000021fe4f920f0_0, 0, 32;
    %jmp T_9.18;
T_9.18 ;
    %pop/vec4 1;
    %jmp T_9.9;
T_9.7 ;
    %load/vec4 v0000021fe4f93310_0;
    %dup/vec4;
    %pushi/vec4 0, 0, 2;
    %cmp/u;
    %jmp/1 T_9.19, 6;
    %dup/vec4;
    %pushi/vec4 1, 0, 2;
    %cmp/u;
    %jmp/1 T_9.20, 6;
    %dup/vec4;
    %pushi/vec4 2, 0, 2;
    %cmp/u;
    %jmp/1 T_9.21, 6;
    %dup/vec4;
    %pushi/vec4 3, 0, 2;
    %cmp/u;
    %jmp/1 T_9.22, 6;
    %jmp T_9.23;
T_9.19 ;
    %pushi/vec4 0, 0, 24;
    %load/vec4 v0000021fe4f92e10_0;
    %parti/s 8, 0, 2;
    %concat/vec4; draw_concat_vec4
    %store/vec4 v0000021fe4f920f0_0, 0, 32;
    %jmp T_9.23;
T_9.20 ;
    %pushi/vec4 0, 0, 24;
    %load/vec4 v0000021fe4f92e10_0;
    %parti/s 8, 8, 5;
    %concat/vec4; draw_concat_vec4
    %store/vec4 v0000021fe4f920f0_0, 0, 32;
    %jmp T_9.23;
T_9.21 ;
    %pushi/vec4 0, 0, 24;
    %load/vec4 v0000021fe4f92e10_0;
    %parti/s 8, 16, 6;
    %concat/vec4; draw_concat_vec4
    %store/vec4 v0000021fe4f920f0_0, 0, 32;
    %jmp T_9.23;
T_9.22 ;
    %pushi/vec4 0, 0, 24;
    %load/vec4 v0000021fe4f92e10_0;
    %parti/s 8, 24, 6;
    %concat/vec4; draw_concat_vec4
    %store/vec4 v0000021fe4f920f0_0, 0, 32;
    %jmp T_9.23;
T_9.23 ;
    %pop/vec4 1;
    %jmp T_9.9;
T_9.9 ;
    %pop/vec4 1;
T_9.1 ;
    %jmp T_9;
    .thread T_9, $push;
    .scope S_0000021fe4baa370;
T_10 ;
    %pushi/vec4 0, 0, 32;
    %store/vec4 v0000021fe4f92730_0, 0, 32;
T_10.0 ;
    %load/vec4 v0000021fe4f92730_0;
    %cmpi/s 128, 0, 32;
    %jmp/0xz T_10.1, 5;
    %pushi/vec4 0, 0, 32;
    %ix/getv/s 4, v0000021fe4f92730_0;
    %store/vec4a v0000021fe4f929b0, 4, 0;
    %load/vec4 v0000021fe4f92730_0;
    %addi 1, 0, 32;
    %store/vec4 v0000021fe4f92730_0, 0, 32;
    %jmp T_10.0;
T_10.1 ;
    %end;
    .thread T_10;
    .scope S_0000021fe4b9fb70;
T_11 ;
    %wait E_0000021fe4be4c20;
    %load/vec4 v0000021fe4f970b0_0;
    %flag_set/vec4 8;
    %jmp/0xz  T_11.0, 8;
    %load/vec4 v0000021fe4f99de0_0;
    %store/vec4 v0000021fe4f978d0_0, 0, 32;
    %jmp T_11.1;
T_11.0 ;
    %load/vec4 v0000021fe4f99700_0;
    %store/vec4 v0000021fe4f978d0_0, 0, 32;
T_11.1 ;
    %jmp T_11;
    .thread T_11, $push;
    .scope S_0000021fe4b9fb70;
T_12 ;
    %wait E_0000021fe4be5620;
    %load/vec4 v0000021fe4f962f0_0;
    %flag_set/vec4 8;
    %jmp/0xz  T_12.0, 8;
    %load/vec4 v0000021fe4f966b0_0;
    %store/vec4 v0000021fe4f97c90_0, 0, 32;
    %jmp T_12.1;
T_12.0 ;
    %load/vec4 v0000021fe4f98d00_0;
    %store/vec4 v0000021fe4f97c90_0, 0, 32;
T_12.1 ;
    %jmp T_12;
    .thread T_12, $push;
    .scope S_0000021fe4b9fb70;
T_13 ;
    %wait E_0000021fe4be5360;
    %load/vec4 v0000021fe4f96430_0;
    %flag_set/vec4 8;
    %jmp/0xz  T_13.0, 8;
    %load/vec4 v0000021fe4f964d0_0;
    %store/vec4 v0000021fe4f98e40_0, 0, 32;
    %jmp T_13.1;
T_13.0 ;
    %load/vec4 v0000021fe4f975b0_0;
    %store/vec4 v0000021fe4f98e40_0, 0, 32;
T_13.1 ;
    %jmp T_13;
    .thread T_13, $push;
    .scope S_0000021fe4b9fb70;
T_14 ;
    %wait E_0000021fe4be4b20;
    %load/vec4 v0000021fe4f993e0_0;
    %dup/vec4;
    %pushi/vec4 0, 0, 2;
    %cmp/u;
    %jmp/1 T_14.0, 6;
    %dup/vec4;
    %pushi/vec4 1, 0, 2;
    %cmp/u;
    %jmp/1 T_14.1, 6;
    %dup/vec4;
    %pushi/vec4 2, 0, 2;
    %cmp/u;
    %jmp/1 T_14.2, 6;
    %load/vec4 v0000021fe4f96890_0;
    %store/vec4 v0000021fe4f98c60_0, 0, 32;
    %jmp T_14.4;
T_14.0 ;
    %load/vec4 v0000021fe4f96890_0;
    %store/vec4 v0000021fe4f98c60_0, 0, 32;
    %jmp T_14.4;
T_14.1 ;
    %load/vec4 v0000021fe4f98e40_0;
    %store/vec4 v0000021fe4f98c60_0, 0, 32;
    %jmp T_14.4;
T_14.2 ;
    %load/vec4 v0000021fe4f99de0_0;
    %addi 4, 0, 32;
    %store/vec4 v0000021fe4f98c60_0, 0, 32;
    %jmp T_14.4;
T_14.4 ;
    %pop/vec4 1;
    %jmp T_14;
    .thread T_14, $push;
    .scope S_0000021fe4b9fb70;
T_15 ;
    %wait E_0000021fe4be4920;
    %load/vec4 v0000021fe4f986c0_0;
    %dup/vec4;
    %pushi/vec4 0, 0, 2;
    %cmp/u;
    %jmp/1 T_15.0, 6;
    %dup/vec4;
    %pushi/vec4 1, 0, 2;
    %cmp/u;
    %jmp/1 T_15.1, 6;
    %dup/vec4;
    %pushi/vec4 2, 0, 2;
    %cmp/u;
    %jmp/1 T_15.2, 6;
    %load/vec4 v0000021fe4f98da0_0;
    %store/vec4 v0000021fe4f983a0_0, 0, 32;
    %jmp T_15.4;
T_15.0 ;
    %load/vec4 v0000021fe4f98da0_0;
    %store/vec4 v0000021fe4f983a0_0, 0, 32;
    %jmp T_15.4;
T_15.1 ;
    %load/vec4 v0000021fe4f97d30_0;
    %store/vec4 v0000021fe4f983a0_0, 0, 32;
    %jmp T_15.4;
T_15.2 ;
    %load/vec4 v0000021fe4f96930_0;
    %store/vec4 v0000021fe4f983a0_0, 0, 32;
    %jmp T_15.4;
T_15.4 ;
    %pop/vec4 1;
    %jmp T_15;
    .thread T_15, $push;
    .scope S_0000021fe4b9f9e0;
T_16 ;
    %wait E_0000021fe4be1920;
    %load/vec4 v0000021fe4f98440_0;
    %flag_set/vec4 8;
    %jmp/0xz  T_16.0, 8;
    %pushi/vec4 0, 0, 25;
    %assign/vec4 v0000021fe4f98760_0, 0;
    %jmp T_16.1;
T_16.0 ;
    %load/vec4 v0000021fe4f98760_0;
    %addi 1, 0, 25;
    %assign/vec4 v0000021fe4f98760_0, 0;
T_16.1 ;
    %jmp T_16;
    .thread T_16;
    .scope S_0000021fe4b9f9e0;
T_17 ;
    %wait E_0000021fe4be1920;
    %load/vec4 v0000021fe4f98440_0;
    %flag_set/vec4 8;
    %jmp/0xz  T_17.0, 8;
    %pushi/vec4 0, 0, 2;
    %assign/vec4 v0000021fe4f981c0_0, 0;
    %jmp T_17.1;
T_17.0 ;
    %load/vec4 v0000021fe4f98760_0;
    %parti/s 1, 24, 6;
    %ix/load 4, 0, 0;
    %ix/load 5, 0, 0;
    %flag_set/imm 4, 0;
    %assign/vec4/off/d v0000021fe4f981c0_0, 4, 5;
    %load/vec4 v0000021fe4f99ac0_0;
    %cmpi/e 55, 0, 32;
    %jmp/0xz  T_17.2, 4;
    %pushi/vec4 1, 0, 1;
    %ix/load 4, 1, 0;
    %ix/load 5, 0, 0;
    %flag_set/imm 4, 0;
    %assign/vec4/off/d v0000021fe4f981c0_0, 4, 5;
    %jmp T_17.3;
T_17.2 ;
    %pushi/vec4 0, 0, 1;
    %ix/load 4, 1, 0;
    %ix/load 5, 0, 0;
    %flag_set/imm 4, 0;
    %assign/vec4/off/d v0000021fe4f981c0_0, 4, 5;
T_17.3 ;
T_17.1 ;
    %jmp T_17;
    .thread T_17;
    .scope S_0000021fe4bf5390;
T_18 ;
    %delay 10000, 0;
    %load/vec4 v0000021fe4f98580_0;
    %inv;
    %store/vec4 v0000021fe4f98580_0, 0, 1;
    %jmp T_18;
    .thread T_18;
    .scope S_0000021fe4bf5390;
T_19 ;
    %pushi/vec4 0, 0, 1;
    %store/vec4 v0000021fe4f98580_0, 0, 1;
    %pushi/vec4 1, 0, 1;
    %store/vec4 v0000021fe4f997a0_0, 0, 1;
    %pushi/vec4 0, 0, 1;
    %store/vec4 v0000021fe4f98800_0, 0, 1;
    %vpi_call 2 32 "$display", "=== FPGA Top Level Testbench ===" {0 0 0};
    %delay 50000, 0;
    %pushi/vec4 0, 0, 1;
    %store/vec4 v0000021fe4f997a0_0, 0, 1;
    %vpi_call 2 37 "$display", "Reset released. CPU should start running loop55.hex..." {0 0 0};
    %delay 1000000, 0;
    %vpi_call 2 44 "$display", "After 1000ns:" {0 0 0};
    %vpi_call 2 45 "$display", "  debug_x1 = %0d (expected 55)", v0000021fe4f97fb0_0 {0 0 0};
    %vpi_call 2 46 "$display", "  led[1]   = %b (expected 1)", &PV<v0000021fe4f99520_0, 1, 1> {0 0 0};
    %load/vec4 v0000021fe4f97fb0_0;
    %cmpi/e 55, 0, 32;
    %flag_get/vec4 6;
    %jmp/0 T_19.2, 6;
    %load/vec4 v0000021fe4f99520_0;
    %parti/s 1, 1, 2;
    %pushi/vec4 1, 0, 1;
    %cmp/e;
    %flag_get/vec4 6;
    %and;
T_19.2;
    %flag_set/vec4 8;
    %jmp/0xz  T_19.0, 8;
    %vpi_call 2 49 "$display", "SUCCESS: led[1] turned ON after correct calculation!" {0 0 0};
    %vpi_call 2 50 "$display", "ALL TESTS PASSED!" {0 0 0};
    %jmp T_19.1;
T_19.0 ;
    %vpi_call 2 52 "$display", "FAILURE: led[1] did not turn ON or debug_x1 is not 55." {0 0 0};
    %vpi_call 2 53 "$display", "  led = 2'b%b", v0000021fe4f99520_0 {0 0 0};
T_19.1 ;
    %vpi_call 2 56 "$finish" {0 0 0};
    %end;
    .thread T_19;
# The file index is used to find the file name in the following table.
:file_names 13;
    "N/A";
    "<interactive>";
    "sim/tb_fpga_top.v";
    "src/fpga_top.v";
    "src/cpu_top.v";
    "src/alu.v";
    "src/control_unit.v";
    "src/instruction_decoder.v";
    "src/data_memory.v";
    "src/imm_gen.v";
    "src/instruction_memory.v";
    "src/program_counter.v";
    "src/register_file.v";
