#! /c/Source/iverilog-install/bin/vvp
:ivl_version "12.0 (devel)" "(s20150603-1539-g2693dd32b)";
:ivl_delay_selection "TYPICAL";
:vpi_time_precision - 12;
:vpi_module "C:\iverilog\lib\ivl\system.vpi";
:vpi_module "C:\iverilog\lib\ivl\vhdl_sys.vpi";
:vpi_module "C:\iverilog\lib\ivl\vhdl_textio.vpi";
:vpi_module "C:\iverilog\lib\ivl\v2005_math.vpi";
:vpi_module "C:\iverilog\lib\ivl\va_math.vpi";
S_0000025b5c403c10 .scope module, "fpga_top" "fpga_top" 2 14;
 .timescale -9 -12;
    .port_info 0 /INPUT 1 "clk";
    .port_info 1 /INPUT 1 "rst_btn";
    .port_info 2 /INPUT 1 "user_btn";
    .port_info 3 /OUTPUT 2 "led";
o0000025b5c802428 .functor BUFZ 1, C4<z>; HiZ drive
L_0000025b5c491c50 .functor NOT 1, o0000025b5c802428, C4<0>, C4<0>, C4<0>;
v0000025b5c4b65f0_0 .var "blink_counter", 24 0;
o0000025b5c800c28 .functor BUFZ 1, C4<z>; HiZ drive
v0000025b5c4b7a90_0 .net "clk", 0 0, o0000025b5c800c28;  0 drivers
v0000025b5c4b7b30_0 .net "cpu_rst_n", 0 0, L_0000025b5c491c50;  1 drivers
v0000025b5c4b78b0_0 .net "debug_pc", 31 0, L_0000025b5c491a20;  1 drivers
v0000025b5c4b62d0_0 .net "debug_x1", 31 0, L_0000025b5c490e50;  1 drivers
v0000025b5c4b5fb0_0 .var "led", 1 0;
v0000025b5c4b6e10_0 .net "rst_btn", 0 0, o0000025b5c802428;  0 drivers
o0000025b5c802458 .functor BUFZ 1, C4<z>; HiZ drive
v0000025b5c4b7bd0_0 .net "user_btn", 0 0, o0000025b5c802458;  0 drivers
S_0000025b5c491d30 .scope module, "cpu" "cpu_top" 2 35, 3 27 0, S_0000025b5c403c10;
 .timescale -9 -12;
    .port_info 0 /INPUT 1 "clk";
    .port_info 1 /INPUT 1 "rst_n";
    .port_info 2 /OUTPUT 32 "mem_addr";
    .port_info 3 /OUTPUT 32 "mem_write_data";
    .port_info 4 /OUTPUT 1 "mem_write_en";
    .port_info 5 /OUTPUT 1 "mem_read_en";
    .port_info 6 /INPUT 32 "mem_read_data";
    .port_info 7 /OUTPUT 32 "debug_pc";
    .port_info 8 /OUTPUT 32 "debug_x1";
P_0000025b5c48a9e0 .param/str "INIT_FILE" 0 3 28, "sim/test_programs/loop55.hex";
L_0000025b5c491a20 .functor BUFZ 32, v0000025b5c4b31b0_0, C4<00000000000000000000000000000000>, C4<00000000000000000000000000000000>, C4<00000000000000000000000000000000>;
L_0000025b5c490de0 .functor AND 1, L_0000025b5c4b6eb0, L_0000025b5c4b7810, C4<1>, C4<1>;
L_0000025b5c4910f0 .functor BUFZ 32, v0000025b5c47d210_0, C4<00000000000000000000000000000000>, C4<00000000000000000000000000000000>, C4<00000000000000000000000000000000>;
L_0000025b5c4916a0 .functor BUFZ 32, L_0000025b5c8892f0, C4<00000000000000000000000000000000>, C4<00000000000000000000000000000000>, C4<00000000000000000000000000000000>;
L_0000025b5c491a90 .functor AND 1, v0000025b5c4b3250_0, L_0000025b5c4b7c70, C4<1>, C4<1>;
L_0000025b5c491b00 .functor AND 1, v0000025b5c404560_0, L_0000025b5c4b6b90, C4<1>, C4<1>;
L_0000025b5c491be0 .functor AND 1, v0000025b5c4b3250_0, L_0000025b5c490de0, C4<1>, C4<1>;
L_0000025b5c491710 .functor AND 1, v0000025b5c404560_0, L_0000025b5c490de0, C4<1>, C4<1>;
L_0000025b5c831528 .functor BUFT 1, C4<11111111111111111111111111111110>, C4<0>, C4<0>, C4<0>;
L_0000025b5c490f30 .functor AND 32, L_0000025b5c889750, L_0000025b5c831528, C4<11111111111111111111111111111111>, C4<11111111111111111111111111111111>;
L_0000025b5c491470 .functor BUFZ 32, v0000025b5c4b6730_0, C4<00000000000000000000000000000000>, C4<00000000000000000000000000000000>, C4<00000000000000000000000000000000>;
v0000025b5c4b5760_0 .net *"_ivl_17", 0 0, L_0000025b5c4b7c70;  1 drivers
L_0000025b5c8310a8 .functor BUFT 1, C4<00000000000000010000000000000000>, C4<0>, C4<0>, C4<0>;
v0000025b5c4b58a0_0 .net/2u *"_ivl_2", 31 0, L_0000025b5c8310a8;  1 drivers
v0000025b5c4b40e0_0 .net *"_ivl_21", 0 0, L_0000025b5c4b6b90;  1 drivers
v0000025b5c4b59e0_0 .net *"_ivl_36", 31 0, L_0000025b5c889750;  1 drivers
v0000025b5c4b4360_0 .net/2u *"_ivl_38", 31 0, L_0000025b5c831528;  1 drivers
v0000025b5c4b4540_0 .net *"_ivl_4", 0 0, L_0000025b5c4b6eb0;  1 drivers
L_0000025b5c831570 .functor BUFT 1, C4<00000000000000000000000000000100>, C4<0>, C4<0>, C4<0>;
v0000025b5c4b4b80_0 .net/2u *"_ivl_44", 31 0, L_0000025b5c831570;  1 drivers
L_0000025b5c8310f0 .functor BUFT 1, C4<00000000000000010011111111111111>, C4<0>, C4<0>, C4<0>;
v0000025b5c4b5bc0_0 .net/2u *"_ivl_6", 31 0, L_0000025b5c8310f0;  1 drivers
v0000025b5c4b5a80_0 .net *"_ivl_8", 0 0, L_0000025b5c4b7810;  1 drivers
v0000025b5c4b5800_0 .var "alu_in_a", 31 0;
v0000025b5c4b49a0_0 .var "alu_in_b", 31 0;
v0000025b5c4b45e0_0 .net "alu_op", 3 0, v0000025b5c47d3f0_0;  1 drivers
v0000025b5c4b5b20_0 .net "alu_result", 31 0, v0000025b5c47d210_0;  1 drivers
v0000025b5c4b5c60_0 .net "alu_src_a", 0 0, v0000025b5c47dad0_0;  1 drivers
v0000025b5c4b5e40_0 .net "alu_src_b", 0 0, v0000025b5c47dcb0_0;  1 drivers
v0000025b5c4b4180_0 .net "alu_zero", 0 0, L_0000025b5c889c50;  1 drivers
v0000025b5c4b4220_0 .net "branch", 0 0, v0000025b5c47dd50_0;  1 drivers
v0000025b5c4b47c0_0 .net "branch_target", 31 0, L_0000025b5c889430;  1 drivers
v0000025b5c4b4860_0 .net "clk", 0 0, o0000025b5c800c28;  alias, 0 drivers
v0000025b5c4b4900_0 .net "debug_pc", 31 0, L_0000025b5c491a20;  alias, 1 drivers
v0000025b5c4b4c20_0 .net "debug_x1", 31 0, L_0000025b5c490e50;  alias, 1 drivers
v0000025b5c4b4cc0_0 .net "dmem_sel", 0 0, L_0000025b5c490de0;  1 drivers
v0000025b5c4b4d60_0 .net "imm", 31 0, v0000025b5c4b3750_0;  1 drivers
v0000025b5c4b4ea0_0 .net "imm_type", 2 0, v0000025b5c47dfd0_0;  1 drivers
v0000025b5c4b4fe0_0 .net "inst", 31 0, L_0000025b5c4b60f0;  1 drivers
v0000025b5c4b53a0_0 .net "internal_mem_read_data", 31 0, v0000025b5c4b39d0_0;  1 drivers
v0000025b5c4b5080_0 .net "jalr_target", 31 0, L_0000025b5c490f30;  1 drivers
v0000025b5c4b5120_0 .net "jump", 0 0, v0000025b5c47e110_0;  1 drivers
v0000025b5c4b51c0_0 .net "mem_addr", 31 0, L_0000025b5c4910f0;  1 drivers
v0000025b5c4b54e0_0 .net "mem_read", 0 0, v0000025b5c404560_0;  1 drivers
L_0000025b5c8315b8 .functor BUFT 1, C4<00000000000000000000000000000000>, C4<0>, C4<0>, C4<0>;
v0000025b5c4b6f50_0 .net "mem_read_data", 31 0, L_0000025b5c8315b8;  1 drivers
v0000025b5c4b7d10_0 .net "mem_read_en", 0 0, L_0000025b5c491b00;  1 drivers
v0000025b5c4b6410_0 .net "mem_write", 0 0, v0000025b5c4b3250_0;  1 drivers
v0000025b5c4b7950_0 .net "mem_write_data", 31 0, L_0000025b5c4916a0;  1 drivers
v0000025b5c4b6690_0 .net "mem_write_en", 0 0, L_0000025b5c491a90;  1 drivers
v0000025b5c4b7db0_0 .net "next_pc", 31 0, L_0000025b5c491470;  1 drivers
v0000025b5c4b6730_0 .var "next_pc_temp", 31 0;
v0000025b5c4b64b0_0 .net "pc", 31 0, v0000025b5c4b31b0_0;  1 drivers
v0000025b5c4b6af0_0 .net "pc_plus_4", 31 0, L_0000025b5c88a330;  1 drivers
v0000025b5c4b76d0_0 .net "pc_sel", 1 0, v0000025b5c47d350_0;  1 drivers
v0000025b5c4b6ff0_0 .net "rd", 4 0, L_0000025b5c4b6190;  1 drivers
v0000025b5c4b7450_0 .net "reg_write", 0 0, v0000025b5c4b32f0_0;  1 drivers
v0000025b5c4b67d0_0 .var "reg_write_data", 31 0;
v0000025b5c4b6550_0 .net "rs1", 4 0, L_0000025b5c4b6c30;  1 drivers
v0000025b5c4b7e50_0 .net "rs1_data", 31 0, L_0000025b5c4b7270;  1 drivers
v0000025b5c4b6870_0 .net "rs2", 4 0, L_0000025b5c4b7630;  1 drivers
v0000025b5c4b7590_0 .net "rs2_data", 31 0, L_0000025b5c8892f0;  1 drivers
v0000025b5c4b74f0_0 .net "rst_n", 0 0, L_0000025b5c491c50;  alias, 1 drivers
v0000025b5c4b7770_0 .var "selected_mem_data", 31 0;
v0000025b5c4b7130_0 .net "wb_sel", 1 0, v0000025b5c4b2f30_0;  1 drivers
E_0000025b5c48b4e0 .event anyedge, v0000025b5c47d350_0, v0000025b5c4b6af0_0, v0000025b5c4b47c0_0, v0000025b5c4b5080_0;
E_0000025b5c48b5e0 .event anyedge, v0000025b5c4b2f30_0, v0000025b5c47d210_0, v0000025b5c4b7770_0, v0000025b5c4b2990_0;
E_0000025b5c48ad20 .event anyedge, v0000025b5c4b4cc0_0, v0000025b5c4b39d0_0, v0000025b5c4b6f50_0;
E_0000025b5c48ab60 .event anyedge, v0000025b5c47dcb0_0, v0000025b5c4b3750_0, v0000025b5c4b2850_0;
E_0000025b5c48aca0 .event anyedge, v0000025b5c47dad0_0, v0000025b5c4b2990_0, v0000025b5c4b4a40_0;
L_0000025b5c4b6eb0 .cmp/ge 32, v0000025b5c47d210_0, L_0000025b5c8310a8;
L_0000025b5c4b7810 .cmp/ge 32, L_0000025b5c8310f0, v0000025b5c47d210_0;
L_0000025b5c4b7c70 .reduce/nor L_0000025b5c490de0;
L_0000025b5c4b6b90 .reduce/nor L_0000025b5c490de0;
L_0000025b5c88a970 .reduce/nor L_0000025b5c491c50;
L_0000025b5c88a790 .part L_0000025b5c4b60f0, 0, 7;
L_0000025b5c889570 .part L_0000025b5c4b60f0, 12, 3;
L_0000025b5c889930 .part L_0000025b5c4b60f0, 12, 3;
L_0000025b5c889750 .arith/sum 32, L_0000025b5c4b7270, v0000025b5c4b3750_0;
L_0000025b5c889430 .arith/sum 32, v0000025b5c4b31b0_0, v0000025b5c4b3750_0;
L_0000025b5c88a330 .arith/sum 32, v0000025b5c4b31b0_0, L_0000025b5c831570;
S_0000025b5c43ce80 .scope module, "alu_inst" "alu" 3 170, 4 15 0, S_0000025b5c491d30;
 .timescale -9 -12;
    .port_info 0 /INPUT 32 "a";
    .port_info 1 /INPUT 32 "b";
    .port_info 2 /INPUT 4 "alu_op";
    .port_info 3 /OUTPUT 32 "result";
    .port_info 4 /OUTPUT 1 "zero";
L_0000025b5c8313c0 .functor BUFT 1, C4<00000000000000000000000000000000>, C4<0>, C4<0>, C4<0>;
v0000025b5c47e6b0_0 .net/2u *"_ivl_0", 31 0, L_0000025b5c8313c0;  1 drivers
v0000025b5c47d990_0 .net "a", 31 0, v0000025b5c4b5800_0;  1 drivers
v0000025b5c47e7f0_0 .net "alu_op", 3 0, v0000025b5c47d3f0_0;  alias, 1 drivers
v0000025b5c47da30_0 .net "b", 31 0, v0000025b5c4b49a0_0;  1 drivers
v0000025b5c47d210_0 .var "result", 31 0;
v0000025b5c47ea70_0 .net "zero", 0 0, L_0000025b5c889c50;  alias, 1 drivers
E_0000025b5c48b6a0 .event anyedge, v0000025b5c47e7f0_0, v0000025b5c47d990_0, v0000025b5c47da30_0;
L_0000025b5c889c50 .cmp/eq 32, v0000025b5c47d210_0, L_0000025b5c8313c0;
S_0000025b5c43d010 .scope module, "ctrl" "control_unit" 3 158, 5 26 0, S_0000025b5c491d30;
 .timescale -9 -12;
    .port_info 0 /INPUT 7 "opcode";
    .port_info 1 /INPUT 3 "funct3";
    .port_info 2 /INPUT 1 "branch";
    .port_info 3 /INPUT 1 "jump";
    .port_info 4 /INPUT 1 "alu_zero";
    .port_info 5 /INPUT 32 "alu_result";
    .port_info 6 /OUTPUT 1 "alu_src_a";
    .port_info 7 /OUTPUT 2 "pc_sel";
v0000025b5c47ef70_0 .net "alu_result", 31 0, v0000025b5c47d210_0;  alias, 1 drivers
v0000025b5c47dad0_0 .var "alu_src_a", 0 0;
v0000025b5c47db70_0 .net "alu_zero", 0 0, L_0000025b5c889c50;  alias, 1 drivers
v0000025b5c47eb10_0 .net "branch", 0 0, v0000025b5c47dd50_0;  alias, 1 drivers
v0000025b5c47d170_0 .var "branch_taken", 0 0;
v0000025b5c47ecf0_0 .net "funct3", 2 0, L_0000025b5c889570;  1 drivers
v0000025b5c47dc10_0 .net "jump", 0 0, v0000025b5c47e110_0;  alias, 1 drivers
v0000025b5c47d2b0_0 .net "opcode", 6 0, L_0000025b5c88a790;  1 drivers
v0000025b5c47d350_0 .var "pc_sel", 1 0;
E_0000025b5c48ada0 .event anyedge, v0000025b5c47d2b0_0, v0000025b5c47dc10_0, v0000025b5c47d170_0;
E_0000025b5c48b060 .event anyedge, v0000025b5c47eb10_0, v0000025b5c47ecf0_0, v0000025b5c47ea70_0, v0000025b5c47d210_0;
S_0000025b5c445170 .scope module, "dec" "instruction_decoder" 3 120, 6 10 0, S_0000025b5c491d30;
 .timescale -9 -12;
    .port_info 0 /INPUT 32 "inst";
    .port_info 1 /OUTPUT 5 "rs1";
    .port_info 2 /OUTPUT 5 "rs2";
    .port_info 3 /OUTPUT 5 "rd";
    .port_info 4 /OUTPUT 1 "reg_write";
    .port_info 5 /OUTPUT 3 "imm_type";
    .port_info 6 /OUTPUT 4 "alu_op";
    .port_info 7 /OUTPUT 1 "alu_src_b";
    .port_info 8 /OUTPUT 1 "branch";
    .port_info 9 /OUTPUT 1 "jump";
    .port_info 10 /OUTPUT 1 "mem_read";
    .port_info 11 /OUTPUT 1 "mem_write";
    .port_info 12 /OUTPUT 2 "wb_sel";
v0000025b5c47d3f0_0 .var "alu_op", 3 0;
v0000025b5c47dcb0_0 .var "alu_src_b", 0 0;
v0000025b5c47dd50_0 .var "branch", 0 0;
v0000025b5c47ddf0_0 .net "funct3", 2 0, L_0000025b5c4b6910;  1 drivers
v0000025b5c47df30_0 .net "funct7", 6 0, L_0000025b5c4b69b0;  1 drivers
v0000025b5c47dfd0_0 .var "imm_type", 2 0;
v0000025b5c47e070_0 .net "inst", 31 0, L_0000025b5c4b60f0;  alias, 1 drivers
v0000025b5c47e110_0 .var "jump", 0 0;
v0000025b5c404560_0 .var "mem_read", 0 0;
v0000025b5c4b3250_0 .var "mem_write", 0 0;
v0000025b5c4b2e90_0 .net "opcode", 6 0, L_0000025b5c4b71d0;  1 drivers
v0000025b5c4b3110_0 .net "rd", 4 0, L_0000025b5c4b6190;  alias, 1 drivers
v0000025b5c4b32f0_0 .var "reg_write", 0 0;
v0000025b5c4b3c50_0 .net "rs1", 4 0, L_0000025b5c4b6c30;  alias, 1 drivers
v0000025b5c4b3070_0 .net "rs2", 4 0, L_0000025b5c4b7630;  alias, 1 drivers
v0000025b5c4b2f30_0 .var "wb_sel", 1 0;
E_0000025b5c48bc60 .event anyedge, v0000025b5c4b2e90_0, v0000025b5c47ddf0_0, v0000025b5c47df30_0;
L_0000025b5c4b71d0 .part L_0000025b5c4b60f0, 0, 7;
L_0000025b5c4b6910 .part L_0000025b5c4b60f0, 12, 3;
L_0000025b5c4b69b0 .part L_0000025b5c4b60f0, 25, 7;
L_0000025b5c4b6c30 .part L_0000025b5c4b60f0, 15, 5;
L_0000025b5c4b7630 .part L_0000025b5c4b60f0, 20, 5;
L_0000025b5c4b6190 .part L_0000025b5c4b60f0, 7, 5;
S_0000025b5c445300 .scope module, "dmem" "data_memory" 3 181, 7 26 0, S_0000025b5c491d30;
 .timescale -9 -12;
    .port_info 0 /INPUT 1 "clk";
    .port_info 1 /INPUT 32 "addr";
    .port_info 2 /INPUT 32 "write_data";
    .port_info 3 /INPUT 1 "write_en";
    .port_info 4 /INPUT 1 "read_en";
    .port_info 5 /INPUT 3 "funct3";
    .port_info 6 /OUTPUT 32 "read_data";
L_0000025b5c4915c0 .functor AND 1, L_0000025b5c88afb0, L_0000025b5c88ad30, C4<1>, C4<1>;
L_0000025b5c831408 .functor BUFT 1, C4<00000000000000010000000000000000>, C4<0>, C4<0>, C4<0>;
v0000025b5c4b3610_0 .net/2u *"_ivl_0", 31 0, L_0000025b5c831408;  1 drivers
v0000025b5c4b3390_0 .net *"_ivl_14", 31 0, L_0000025b5c889610;  1 drivers
v0000025b5c4b23f0_0 .net *"_ivl_16", 13 0, L_0000025b5c889e30;  1 drivers
L_0000025b5c831498 .functor BUFT 1, C4<00>, C4<0>, C4<0>, C4<0>;
v0000025b5c4b2490_0 .net *"_ivl_19", 1 0, L_0000025b5c831498;  1 drivers
v0000025b5c4b2ad0_0 .net *"_ivl_2", 0 0, L_0000025b5c88afb0;  1 drivers
L_0000025b5c8314e0 .functor BUFT 1, C4<00000000000000000000000000000000>, C4<0>, C4<0>, C4<0>;
v0000025b5c4b36b0_0 .net/2u *"_ivl_20", 31 0, L_0000025b5c8314e0;  1 drivers
L_0000025b5c831450 .functor BUFT 1, C4<00000000000000010011111111111111>, C4<0>, C4<0>, C4<0>;
v0000025b5c4b2fd0_0 .net/2u *"_ivl_4", 31 0, L_0000025b5c831450;  1 drivers
v0000025b5c4b3430_0 .net *"_ivl_6", 0 0, L_0000025b5c88ad30;  1 drivers
v0000025b5c4b2670_0 .net "addr", 31 0, v0000025b5c47d210_0;  alias, 1 drivers
v0000025b5c4b3a70_0 .net "addr_valid", 0 0, L_0000025b5c4915c0;  1 drivers
v0000025b5c4b3cf0_0 .net "byte_offset", 1 0, L_0000025b5c8897f0;  1 drivers
v0000025b5c4b2710_0 .net "clk", 0 0, o0000025b5c800c28;  alias, 0 drivers
v0000025b5c4b1f90_0 .net "funct3", 2 0, L_0000025b5c889930;  1 drivers
v0000025b5c4b2a30_0 .var/i "i", 31 0;
v0000025b5c4b3e30 .array "mem", 4095 0, 31 0;
v0000025b5c4b3930_0 .net "raw_data", 31 0, L_0000025b5c8896b0;  1 drivers
v0000025b5c4b39d0_0 .var "read_data", 31 0;
v0000025b5c4b34d0_0 .net "read_en", 0 0, L_0000025b5c491710;  1 drivers
v0000025b5c4b27b0_0 .net "word_addr", 11 0, L_0000025b5c88a010;  1 drivers
v0000025b5c4b2850_0 .net "write_data", 31 0, L_0000025b5c8892f0;  alias, 1 drivers
v0000025b5c4b2530_0 .net "write_en", 0 0, L_0000025b5c491be0;  1 drivers
E_0000025b5c48bca0/0 .event anyedge, v0000025b5c4b34d0_0, v0000025b5c4b3a70_0, v0000025b5c4b1f90_0, v0000025b5c4b3930_0;
E_0000025b5c48bca0/1 .event anyedge, v0000025b5c4b3cf0_0;
E_0000025b5c48bca0 .event/or E_0000025b5c48bca0/0, E_0000025b5c48bca0/1;
E_0000025b5c48bfe0 .event posedge, v0000025b5c4b2710_0;
L_0000025b5c88afb0 .cmp/ge 32, v0000025b5c47d210_0, L_0000025b5c831408;
L_0000025b5c88ad30 .cmp/ge 32, L_0000025b5c831450, v0000025b5c47d210_0;
L_0000025b5c88a010 .part v0000025b5c47d210_0, 2, 12;
L_0000025b5c8897f0 .part v0000025b5c47d210_0, 0, 2;
L_0000025b5c889610 .array/port v0000025b5c4b3e30, L_0000025b5c889e30;
L_0000025b5c889e30 .concat [ 12 2 0 0], L_0000025b5c88a010, L_0000025b5c831498;
L_0000025b5c8896b0 .functor MUXZ 32, L_0000025b5c8314e0, L_0000025b5c889610, L_0000025b5c4915c0, C4<>;
S_0000025b5c448690 .scope module, "igen" "imm_gen" 3 137, 8 10 0, S_0000025b5c491d30;
 .timescale -9 -12;
    .port_info 0 /INPUT 32 "inst";
    .port_info 1 /INPUT 3 "imm_type";
    .port_info 2 /OUTPUT 32 "imm";
v0000025b5c4b3750_0 .var "imm", 31 0;
v0000025b5c4b20d0_0 .net "imm_type", 2 0, v0000025b5c47dfd0_0;  alias, 1 drivers
v0000025b5c4b3b10_0 .net "inst", 31 0, L_0000025b5c4b60f0;  alias, 1 drivers
E_0000025b5c48c5e0 .event anyedge, v0000025b5c47dfd0_0, v0000025b5c47e070_0;
S_0000025b5c448820 .scope module, "imem" "instruction_memory" 3 114, 9 24 0, S_0000025b5c491d30;
 .timescale -9 -12;
    .port_info 0 /INPUT 32 "addr";
    .port_info 1 /OUTPUT 32 "dout";
P_0000025b5c48c6a0 .param/str "INIT_FILE" 0 9 25, "sim/test_programs/loop55.hex";
L_0000025b5c831180 .functor BUFT 1, C4<00>, C4<0>, C4<0>, C4<0>;
v0000025b5c4b37f0_0 .net *"_ivl_11", 1 0, L_0000025b5c831180;  1 drivers
L_0000025b5c8311c8 .functor BUFT 1, C4<00000000000000000000000000010011>, C4<0>, C4<0>, C4<0>;
v0000025b5c4b25d0_0 .net/2u *"_ivl_12", 31 0, L_0000025b5c8311c8;  1 drivers
L_0000025b5c831138 .functor BUFT 1, C4<00000000000000000100000000000000>, C4<0>, C4<0>, C4<0>;
v0000025b5c4b3d90_0 .net/2u *"_ivl_2", 31 0, L_0000025b5c831138;  1 drivers
v0000025b5c4b3bb0_0 .net *"_ivl_4", 0 0, L_0000025b5c4b6a50;  1 drivers
v0000025b5c4b2030_0 .net *"_ivl_6", 31 0, L_0000025b5c4b6050;  1 drivers
v0000025b5c4b3890_0 .net *"_ivl_8", 13 0, L_0000025b5c4b6370;  1 drivers
v0000025b5c4b2990_0 .net "addr", 31 0, v0000025b5c4b31b0_0;  alias, 1 drivers
v0000025b5c4b28f0_0 .net "dout", 31 0, L_0000025b5c4b60f0;  alias, 1 drivers
v0000025b5c4b2170_0 .var/i "i", 31 0;
v0000025b5c4b2210 .array "mem", 4095 0, 31 0;
v0000025b5c4b22b0_0 .net "word_addr", 11 0, L_0000025b5c4b7090;  1 drivers
L_0000025b5c4b7090 .part v0000025b5c4b31b0_0, 2, 12;
L_0000025b5c4b6a50 .cmp/gt 32, L_0000025b5c831138, v0000025b5c4b31b0_0;
L_0000025b5c4b6050 .array/port v0000025b5c4b2210, L_0000025b5c4b6370;
L_0000025b5c4b6370 .concat [ 12 2 0 0], L_0000025b5c4b7090, L_0000025b5c831180;
L_0000025b5c4b60f0 .functor MUXZ 32, L_0000025b5c8311c8, L_0000025b5c4b6050, L_0000025b5c4b6a50, C4<>;
S_0000025b5c41f8f0 .scope module, "pc_reg" "program_counter" 3 104, 10 23 0, S_0000025b5c491d30;
 .timescale -9 -12;
    .port_info 0 /INPUT 1 "clk";
    .port_info 1 /INPUT 1 "rst_n";
    .port_info 2 /INPUT 32 "pc_in";
    .port_info 3 /OUTPUT 32 "pc_out";
v0000025b5c4b2350_0 .net "clk", 0 0, o0000025b5c800c28;  alias, 0 drivers
v0000025b5c4b2b70_0 .net "pc_in", 31 0, L_0000025b5c491470;  alias, 1 drivers
v0000025b5c4b31b0_0 .var "pc_out", 31 0;
v0000025b5c4b2c10_0 .net "rst_n", 0 0, L_0000025b5c491c50;  alias, 1 drivers
E_0000025b5c48c260/0 .event negedge, v0000025b5c4b2c10_0;
E_0000025b5c48c260/1 .event posedge, v0000025b5c4b2710_0;
E_0000025b5c48c260 .event/or E_0000025b5c48c260/0, E_0000025b5c48c260/1;
S_0000025b5c41fa80 .scope module, "regfile" "register_file" 3 144, 11 10 0, S_0000025b5c491d30;
 .timescale -9 -12;
    .port_info 0 /INPUT 1 "clk";
    .port_info 1 /INPUT 1 "rst";
    .port_info 2 /INPUT 5 "rs1";
    .port_info 3 /OUTPUT 32 "rd1";
    .port_info 4 /INPUT 5 "rs2";
    .port_info 5 /OUTPUT 32 "rd2";
    .port_info 6 /INPUT 5 "rd";
    .port_info 7 /INPUT 32 "wd";
    .port_info 8 /INPUT 1 "we";
    .port_info 9 /OUTPUT 32 "dbg_x1";
v0000025b5c4b5940_1 .array/port v0000025b5c4b5940, 1;
L_0000025b5c490e50 .functor BUFZ 32, v0000025b5c4b5940_1, C4<00000000000000000000000000000000>, C4<00000000000000000000000000000000>, C4<00000000000000000000000000000000>;
L_0000025b5c831210 .functor BUFT 1, C4<00000>, C4<0>, C4<0>, C4<0>;
v0000025b5c4b2cb0_0 .net/2u *"_ivl_0", 4 0, L_0000025b5c831210;  1 drivers
L_0000025b5c8312a0 .functor BUFT 1, C4<00>, C4<0>, C4<0>, C4<0>;
v0000025b5c4b3570_0 .net *"_ivl_11", 1 0, L_0000025b5c8312a0;  1 drivers
L_0000025b5c8312e8 .functor BUFT 1, C4<00000>, C4<0>, C4<0>, C4<0>;
v0000025b5c4b2d50_0 .net/2u *"_ivl_14", 4 0, L_0000025b5c8312e8;  1 drivers
v0000025b5c4b2df0_0 .net *"_ivl_16", 0 0, L_0000025b5c4b7310;  1 drivers
L_0000025b5c831330 .functor BUFT 1, C4<00000000000000000000000000000000>, C4<0>, C4<0>, C4<0>;
v0000025b5c4b5580_0 .net/2u *"_ivl_18", 31 0, L_0000025b5c831330;  1 drivers
v0000025b5c4b5da0_0 .net *"_ivl_2", 0 0, L_0000025b5c4b79f0;  1 drivers
v0000025b5c4b4400_0 .net *"_ivl_20", 31 0, L_0000025b5c4b6230;  1 drivers
v0000025b5c4b5260_0 .net *"_ivl_22", 6 0, L_0000025b5c4b73b0;  1 drivers
L_0000025b5c831378 .functor BUFT 1, C4<00>, C4<0>, C4<0>, C4<0>;
v0000025b5c4b42c0_0 .net *"_ivl_25", 1 0, L_0000025b5c831378;  1 drivers
L_0000025b5c831258 .functor BUFT 1, C4<00000000000000000000000000000000>, C4<0>, C4<0>, C4<0>;
v0000025b5c4b56c0_0 .net/2u *"_ivl_4", 31 0, L_0000025b5c831258;  1 drivers
v0000025b5c4b4f40_0 .net *"_ivl_6", 31 0, L_0000025b5c4b6cd0;  1 drivers
v0000025b5c4b5440_0 .net *"_ivl_8", 6 0, L_0000025b5c4b6d70;  1 drivers
v0000025b5c4b5620_0 .net "clk", 0 0, o0000025b5c800c28;  alias, 0 drivers
v0000025b5c4b44a0_0 .net "dbg_x1", 31 0, L_0000025b5c490e50;  alias, 1 drivers
v0000025b5c4b5d00_0 .var/i "i", 31 0;
v0000025b5c4b4680_0 .net "rd", 4 0, L_0000025b5c4b6190;  alias, 1 drivers
v0000025b5c4b4a40_0 .net "rd1", 31 0, L_0000025b5c4b7270;  alias, 1 drivers
v0000025b5c4b3fa0_0 .net "rd2", 31 0, L_0000025b5c8892f0;  alias, 1 drivers
v0000025b5c4b5940 .array "regs", 0 31, 31 0;
v0000025b5c4b4e00_0 .net "rs1", 4 0, L_0000025b5c4b6c30;  alias, 1 drivers
v0000025b5c4b4ae0_0 .net "rs2", 4 0, L_0000025b5c4b7630;  alias, 1 drivers
v0000025b5c4b4720_0 .net "rst", 0 0, L_0000025b5c88a970;  1 drivers
v0000025b5c4b4040_0 .net "wd", 31 0, v0000025b5c4b67d0_0;  1 drivers
v0000025b5c4b5300_0 .net "we", 0 0, v0000025b5c4b32f0_0;  alias, 1 drivers
L_0000025b5c4b79f0 .cmp/eq 5, L_0000025b5c4b6c30, L_0000025b5c831210;
L_0000025b5c4b6cd0 .array/port v0000025b5c4b5940, L_0000025b5c4b6d70;
L_0000025b5c4b6d70 .concat [ 5 2 0 0], L_0000025b5c4b6c30, L_0000025b5c8312a0;
L_0000025b5c4b7270 .functor MUXZ 32, L_0000025b5c4b6cd0, L_0000025b5c831258, L_0000025b5c4b79f0, C4<>;
L_0000025b5c4b7310 .cmp/eq 5, L_0000025b5c4b7630, L_0000025b5c8312e8;
L_0000025b5c4b6230 .array/port v0000025b5c4b5940, L_0000025b5c4b73b0;
L_0000025b5c4b73b0 .concat [ 5 2 0 0], L_0000025b5c4b7630, L_0000025b5c831378;
L_0000025b5c8892f0 .functor MUXZ 32, L_0000025b5c4b6230, L_0000025b5c831330, L_0000025b5c4b7310, C4<>;
    .scope S_0000025b5c41f8f0;
T_0 ;
    %wait E_0000025b5c48c260;
    %load/vec4 v0000025b5c4b2c10_0;
    %nor/r;
    %flag_set/vec4 8;
    %jmp/0xz  T_0.0, 8;
    %pushi/vec4 0, 0, 32;
    %assign/vec4 v0000025b5c4b31b0_0, 0;
    %jmp T_0.1;
T_0.0 ;
    %load/vec4 v0000025b5c4b2b70_0;
    %assign/vec4 v0000025b5c4b31b0_0, 0;
T_0.1 ;
    %jmp T_0;
    .thread T_0;
    .scope S_0000025b5c448820;
T_1 ;
    %pushi/vec4 0, 0, 32;
    %store/vec4 v0000025b5c4b2170_0, 0, 32;
T_1.0 ;
    %load/vec4 v0000025b5c4b2170_0;
    %cmpi/s 4096, 0, 32;
    %jmp/0xz T_1.1, 5;
    %pushi/vec4 19, 0, 32;
    %ix/getv/s 4, v0000025b5c4b2170_0;
    %store/vec4a v0000025b5c4b2210, 4, 0;
    %load/vec4 v0000025b5c4b2170_0;
    %addi 1, 0, 32;
    %store/vec4 v0000025b5c4b2170_0, 0, 32;
    %jmp T_1.0;
T_1.1 ;
    %vpi_call 9 49 "$readmemh", P_0000025b5c48c6a0, v0000025b5c4b2210 {0 0 0};
    %end;
    .thread T_1;
    .scope S_0000025b5c445170;
T_2 ;
    %wait E_0000025b5c48bc60;
    %pushi/vec4 0, 0, 1;
    %store/vec4 v0000025b5c4b32f0_0, 0, 1;
    %pushi/vec4 0, 0, 3;
    %store/vec4 v0000025b5c47dfd0_0, 0, 3;
    %pushi/vec4 0, 0, 4;
    %store/vec4 v0000025b5c47d3f0_0, 0, 4;
    %pushi/vec4 0, 0, 1;
    %store/vec4 v0000025b5c47dcb0_0, 0, 1;
    %pushi/vec4 0, 0, 1;
    %store/vec4 v0000025b5c47dd50_0, 0, 1;
    %pushi/vec4 0, 0, 1;
    %store/vec4 v0000025b5c47e110_0, 0, 1;
    %pushi/vec4 0, 0, 1;
    %store/vec4 v0000025b5c404560_0, 0, 1;
    %pushi/vec4 0, 0, 1;
    %store/vec4 v0000025b5c4b3250_0, 0, 1;
    %pushi/vec4 0, 0, 2;
    %store/vec4 v0000025b5c4b2f30_0, 0, 2;
    %load/vec4 v0000025b5c4b2e90_0;
    %dup/vec4;
    %pushi/vec4 51, 0, 7;
    %cmp/u;
    %jmp/1 T_2.0, 6;
    %dup/vec4;
    %pushi/vec4 19, 0, 7;
    %cmp/u;
    %jmp/1 T_2.1, 6;
    %dup/vec4;
    %pushi/vec4 55, 0, 7;
    %cmp/u;
    %jmp/1 T_2.2, 6;
    %dup/vec4;
    %pushi/vec4 23, 0, 7;
    %cmp/u;
    %jmp/1 T_2.3, 6;
    %dup/vec4;
    %pushi/vec4 99, 0, 7;
    %cmp/u;
    %jmp/1 T_2.4, 6;
    %dup/vec4;
    %pushi/vec4 3, 0, 7;
    %cmp/u;
    %jmp/1 T_2.5, 6;
    %dup/vec4;
    %pushi/vec4 35, 0, 7;
    %cmp/u;
    %jmp/1 T_2.6, 6;
    %dup/vec4;
    %pushi/vec4 111, 0, 7;
    %cmp/u;
    %jmp/1 T_2.7, 6;
    %dup/vec4;
    %pushi/vec4 103, 0, 7;
    %cmp/u;
    %jmp/1 T_2.8, 6;
    %jmp T_2.10;
T_2.0 ;
    %pushi/vec4 1, 0, 1;
    %store/vec4 v0000025b5c4b32f0_0, 0, 1;
    %pushi/vec4 0, 0, 1;
    %store/vec4 v0000025b5c47dcb0_0, 0, 1;
    %pushi/vec4 0, 0, 2;
    %store/vec4 v0000025b5c4b2f30_0, 0, 2;
    %load/vec4 v0000025b5c47ddf0_0;
    %dup/vec4;
    %pushi/vec4 0, 0, 3;
    %cmp/u;
    %jmp/1 T_2.11, 6;
    %dup/vec4;
    %pushi/vec4 1, 0, 3;
    %cmp/u;
    %jmp/1 T_2.12, 6;
    %dup/vec4;
    %pushi/vec4 2, 0, 3;
    %cmp/u;
    %jmp/1 T_2.13, 6;
    %dup/vec4;
    %pushi/vec4 3, 0, 3;
    %cmp/u;
    %jmp/1 T_2.14, 6;
    %dup/vec4;
    %pushi/vec4 4, 0, 3;
    %cmp/u;
    %jmp/1 T_2.15, 6;
    %dup/vec4;
    %pushi/vec4 5, 0, 3;
    %cmp/u;
    %jmp/1 T_2.16, 6;
    %dup/vec4;
    %pushi/vec4 6, 0, 3;
    %cmp/u;
    %jmp/1 T_2.17, 6;
    %dup/vec4;
    %pushi/vec4 7, 0, 3;
    %cmp/u;
    %jmp/1 T_2.18, 6;
    %pushi/vec4 0, 0, 4;
    %store/vec4 v0000025b5c47d3f0_0, 0, 4;
    %jmp T_2.20;
T_2.11 ;
    %load/vec4 v0000025b5c47df30_0;
    %cmpi/e 32, 0, 7;
    %flag_mov 8, 4;
    %jmp/0 T_2.21, 8;
    %pushi/vec4 1, 0, 4;
    %jmp/1 T_2.22, 8;
T_2.21 ; End of true expr.
    %pushi/vec4 0, 0, 4;
    %jmp/0 T_2.22, 8;
 ; End of false expr.
    %blend;
T_2.22;
    %store/vec4 v0000025b5c47d3f0_0, 0, 4;
    %jmp T_2.20;
T_2.12 ;
    %pushi/vec4 5, 0, 4;
    %store/vec4 v0000025b5c47d3f0_0, 0, 4;
    %jmp T_2.20;
T_2.13 ;
    %pushi/vec4 8, 0, 4;
    %store/vec4 v0000025b5c47d3f0_0, 0, 4;
    %jmp T_2.20;
T_2.14 ;
    %pushi/vec4 9, 0, 4;
    %store/vec4 v0000025b5c47d3f0_0, 0, 4;
    %jmp T_2.20;
T_2.15 ;
    %pushi/vec4 4, 0, 4;
    %store/vec4 v0000025b5c47d3f0_0, 0, 4;
    %jmp T_2.20;
T_2.16 ;
    %load/vec4 v0000025b5c47df30_0;
    %cmpi/e 32, 0, 7;
    %flag_mov 8, 4;
    %jmp/0 T_2.23, 8;
    %pushi/vec4 7, 0, 4;
    %jmp/1 T_2.24, 8;
T_2.23 ; End of true expr.
    %pushi/vec4 6, 0, 4;
    %jmp/0 T_2.24, 8;
 ; End of false expr.
    %blend;
T_2.24;
    %store/vec4 v0000025b5c47d3f0_0, 0, 4;
    %jmp T_2.20;
T_2.17 ;
    %pushi/vec4 3, 0, 4;
    %store/vec4 v0000025b5c47d3f0_0, 0, 4;
    %jmp T_2.20;
T_2.18 ;
    %pushi/vec4 2, 0, 4;
    %store/vec4 v0000025b5c47d3f0_0, 0, 4;
    %jmp T_2.20;
T_2.20 ;
    %pop/vec4 1;
    %jmp T_2.10;
T_2.1 ;
    %pushi/vec4 1, 0, 1;
    %store/vec4 v0000025b5c4b32f0_0, 0, 1;
    %pushi/vec4 1, 0, 1;
    %store/vec4 v0000025b5c47dcb0_0, 0, 1;
    %pushi/vec4 0, 0, 3;
    %store/vec4 v0000025b5c47dfd0_0, 0, 3;
    %pushi/vec4 0, 0, 2;
    %store/vec4 v0000025b5c4b2f30_0, 0, 2;
    %load/vec4 v0000025b5c47ddf0_0;
    %dup/vec4;
    %pushi/vec4 0, 0, 3;
    %cmp/u;
    %jmp/1 T_2.25, 6;
    %dup/vec4;
    %pushi/vec4 1, 0, 3;
    %cmp/u;
    %jmp/1 T_2.26, 6;
    %dup/vec4;
    %pushi/vec4 2, 0, 3;
    %cmp/u;
    %jmp/1 T_2.27, 6;
    %dup/vec4;
    %pushi/vec4 3, 0, 3;
    %cmp/u;
    %jmp/1 T_2.28, 6;
    %dup/vec4;
    %pushi/vec4 4, 0, 3;
    %cmp/u;
    %jmp/1 T_2.29, 6;
    %dup/vec4;
    %pushi/vec4 5, 0, 3;
    %cmp/u;
    %jmp/1 T_2.30, 6;
    %dup/vec4;
    %pushi/vec4 6, 0, 3;
    %cmp/u;
    %jmp/1 T_2.31, 6;
    %dup/vec4;
    %pushi/vec4 7, 0, 3;
    %cmp/u;
    %jmp/1 T_2.32, 6;
    %pushi/vec4 0, 0, 4;
    %store/vec4 v0000025b5c47d3f0_0, 0, 4;
    %jmp T_2.34;
T_2.25 ;
    %pushi/vec4 0, 0, 4;
    %store/vec4 v0000025b5c47d3f0_0, 0, 4;
    %jmp T_2.34;
T_2.26 ;
    %pushi/vec4 5, 0, 4;
    %store/vec4 v0000025b5c47d3f0_0, 0, 4;
    %jmp T_2.34;
T_2.27 ;
    %pushi/vec4 8, 0, 4;
    %store/vec4 v0000025b5c47d3f0_0, 0, 4;
    %jmp T_2.34;
T_2.28 ;
    %pushi/vec4 9, 0, 4;
    %store/vec4 v0000025b5c47d3f0_0, 0, 4;
    %jmp T_2.34;
T_2.29 ;
    %pushi/vec4 4, 0, 4;
    %store/vec4 v0000025b5c47d3f0_0, 0, 4;
    %jmp T_2.34;
T_2.30 ;
    %load/vec4 v0000025b5c47df30_0;
    %cmpi/e 32, 0, 7;
    %flag_mov 8, 4;
    %jmp/0 T_2.35, 8;
    %pushi/vec4 7, 0, 4;
    %jmp/1 T_2.36, 8;
T_2.35 ; End of true expr.
    %pushi/vec4 6, 0, 4;
    %jmp/0 T_2.36, 8;
 ; End of false expr.
    %blend;
T_2.36;
    %store/vec4 v0000025b5c47d3f0_0, 0, 4;
    %jmp T_2.34;
T_2.31 ;
    %pushi/vec4 3, 0, 4;
    %store/vec4 v0000025b5c47d3f0_0, 0, 4;
    %jmp T_2.34;
T_2.32 ;
    %pushi/vec4 2, 0, 4;
    %store/vec4 v0000025b5c47d3f0_0, 0, 4;
    %jmp T_2.34;
T_2.34 ;
    %pop/vec4 1;
    %jmp T_2.10;
T_2.2 ;
    %pushi/vec4 1, 0, 1;
    %store/vec4 v0000025b5c4b32f0_0, 0, 1;
    %pushi/vec4 3, 0, 3;
    %store/vec4 v0000025b5c47dfd0_0, 0, 3;
    %pushi/vec4 1, 0, 1;
    %store/vec4 v0000025b5c47dcb0_0, 0, 1;
    %pushi/vec4 10, 0, 4;
    %store/vec4 v0000025b5c47d3f0_0, 0, 4;
    %pushi/vec4 0, 0, 2;
    %store/vec4 v0000025b5c4b2f30_0, 0, 2;
    %jmp T_2.10;
T_2.3 ;
    %pushi/vec4 1, 0, 1;
    %store/vec4 v0000025b5c4b32f0_0, 0, 1;
    %pushi/vec4 3, 0, 3;
    %store/vec4 v0000025b5c47dfd0_0, 0, 3;
    %pushi/vec4 1, 0, 1;
    %store/vec4 v0000025b5c47dcb0_0, 0, 1;
    %pushi/vec4 0, 0, 4;
    %store/vec4 v0000025b5c47d3f0_0, 0, 4;
    %pushi/vec4 0, 0, 2;
    %store/vec4 v0000025b5c4b2f30_0, 0, 2;
    %jmp T_2.10;
T_2.4 ;
    %pushi/vec4 1, 0, 1;
    %store/vec4 v0000025b5c47dd50_0, 0, 1;
    %pushi/vec4 2, 0, 3;
    %store/vec4 v0000025b5c47dfd0_0, 0, 3;
    %pushi/vec4 0, 0, 1;
    %store/vec4 v0000025b5c47dcb0_0, 0, 1;
    %load/vec4 v0000025b5c47ddf0_0;
    %dup/vec4;
    %pushi/vec4 0, 0, 3;
    %cmp/u;
    %jmp/1 T_2.37, 6;
    %dup/vec4;
    %pushi/vec4 1, 0, 3;
    %cmp/u;
    %jmp/1 T_2.38, 6;
    %dup/vec4;
    %pushi/vec4 4, 0, 3;
    %cmp/u;
    %jmp/1 T_2.39, 6;
    %dup/vec4;
    %pushi/vec4 5, 0, 3;
    %cmp/u;
    %jmp/1 T_2.40, 6;
    %dup/vec4;
    %pushi/vec4 6, 0, 3;
    %cmp/u;
    %jmp/1 T_2.41, 6;
    %dup/vec4;
    %pushi/vec4 7, 0, 3;
    %cmp/u;
    %jmp/1 T_2.42, 6;
    %pushi/vec4 1, 0, 4;
    %store/vec4 v0000025b5c47d3f0_0, 0, 4;
    %jmp T_2.44;
T_2.37 ;
    %pushi/vec4 1, 0, 4;
    %store/vec4 v0000025b5c47d3f0_0, 0, 4;
    %jmp T_2.44;
T_2.38 ;
    %pushi/vec4 1, 0, 4;
    %store/vec4 v0000025b5c47d3f0_0, 0, 4;
    %jmp T_2.44;
T_2.39 ;
    %pushi/vec4 8, 0, 4;
    %store/vec4 v0000025b5c47d3f0_0, 0, 4;
    %jmp T_2.44;
T_2.40 ;
    %pushi/vec4 8, 0, 4;
    %store/vec4 v0000025b5c47d3f0_0, 0, 4;
    %jmp T_2.44;
T_2.41 ;
    %pushi/vec4 9, 0, 4;
    %store/vec4 v0000025b5c47d3f0_0, 0, 4;
    %jmp T_2.44;
T_2.42 ;
    %pushi/vec4 9, 0, 4;
    %store/vec4 v0000025b5c47d3f0_0, 0, 4;
    %jmp T_2.44;
T_2.44 ;
    %pop/vec4 1;
    %jmp T_2.10;
T_2.5 ;
    %pushi/vec4 1, 0, 1;
    %store/vec4 v0000025b5c4b32f0_0, 0, 1;
    %pushi/vec4 1, 0, 1;
    %store/vec4 v0000025b5c404560_0, 0, 1;
    %pushi/vec4 0, 0, 3;
    %store/vec4 v0000025b5c47dfd0_0, 0, 3;
    %pushi/vec4 1, 0, 1;
    %store/vec4 v0000025b5c47dcb0_0, 0, 1;
    %pushi/vec4 0, 0, 4;
    %store/vec4 v0000025b5c47d3f0_0, 0, 4;
    %pushi/vec4 1, 0, 2;
    %store/vec4 v0000025b5c4b2f30_0, 0, 2;
    %jmp T_2.10;
T_2.6 ;
    %pushi/vec4 1, 0, 1;
    %store/vec4 v0000025b5c4b3250_0, 0, 1;
    %pushi/vec4 1, 0, 3;
    %store/vec4 v0000025b5c47dfd0_0, 0, 3;
    %pushi/vec4 1, 0, 1;
    %store/vec4 v0000025b5c47dcb0_0, 0, 1;
    %pushi/vec4 0, 0, 4;
    %store/vec4 v0000025b5c47d3f0_0, 0, 4;
    %jmp T_2.10;
T_2.7 ;
    %pushi/vec4 1, 0, 1;
    %store/vec4 v0000025b5c4b32f0_0, 0, 1;
    %pushi/vec4 1, 0, 1;
    %store/vec4 v0000025b5c47e110_0, 0, 1;
    %pushi/vec4 4, 0, 3;
    %store/vec4 v0000025b5c47dfd0_0, 0, 3;
    %pushi/vec4 2, 0, 2;
    %store/vec4 v0000025b5c4b2f30_0, 0, 2;
    %jmp T_2.10;
T_2.8 ;
    %pushi/vec4 1, 0, 1;
    %store/vec4 v0000025b5c4b32f0_0, 0, 1;
    %pushi/vec4 1, 0, 1;
    %store/vec4 v0000025b5c47e110_0, 0, 1;
    %pushi/vec4 0, 0, 3;
    %store/vec4 v0000025b5c47dfd0_0, 0, 3;
    %pushi/vec4 2, 0, 2;
    %store/vec4 v0000025b5c4b2f30_0, 0, 2;
    %jmp T_2.10;
T_2.10 ;
    %pop/vec4 1;
    %jmp T_2;
    .thread T_2, $push;
    .scope S_0000025b5c448690;
T_3 ;
    %wait E_0000025b5c48c5e0;
    %load/vec4 v0000025b5c4b20d0_0;
    %dup/vec4;
    %pushi/vec4 0, 0, 3;
    %cmp/u;
    %jmp/1 T_3.0, 6;
    %dup/vec4;
    %pushi/vec4 1, 0, 3;
    %cmp/u;
    %jmp/1 T_3.1, 6;
    %dup/vec4;
    %pushi/vec4 2, 0, 3;
    %cmp/u;
    %jmp/1 T_3.2, 6;
    %dup/vec4;
    %pushi/vec4 3, 0, 3;
    %cmp/u;
    %jmp/1 T_3.3, 6;
    %dup/vec4;
    %pushi/vec4 4, 0, 3;
    %cmp/u;
    %jmp/1 T_3.4, 6;
    %pushi/vec4 0, 0, 32;
    %store/vec4 v0000025b5c4b3750_0, 0, 32;
    %jmp T_3.6;
T_3.0 ;
    %load/vec4 v0000025b5c4b3b10_0;
    %parti/s 1, 31, 6;
    %replicate 20;
    %load/vec4 v0000025b5c4b3b10_0;
    %parti/s 12, 20, 6;
    %concat/vec4; draw_concat_vec4
    %store/vec4 v0000025b5c4b3750_0, 0, 32;
    %jmp T_3.6;
T_3.1 ;
    %load/vec4 v0000025b5c4b3b10_0;
    %parti/s 1, 31, 6;
    %replicate 20;
    %load/vec4 v0000025b5c4b3b10_0;
    %parti/s 7, 25, 6;
    %concat/vec4; draw_concat_vec4
    %load/vec4 v0000025b5c4b3b10_0;
    %parti/s 5, 7, 4;
    %concat/vec4; draw_concat_vec4
    %store/vec4 v0000025b5c4b3750_0, 0, 32;
    %jmp T_3.6;
T_3.2 ;
    %load/vec4 v0000025b5c4b3b10_0;
    %parti/s 1, 31, 6;
    %replicate 20;
    %load/vec4 v0000025b5c4b3b10_0;
    %parti/s 1, 7, 4;
    %concat/vec4; draw_concat_vec4
    %load/vec4 v0000025b5c4b3b10_0;
    %parti/s 6, 25, 6;
    %concat/vec4; draw_concat_vec4
    %load/vec4 v0000025b5c4b3b10_0;
    %parti/s 4, 8, 5;
    %concat/vec4; draw_concat_vec4
    %concati/vec4 0, 0, 1;
    %store/vec4 v0000025b5c4b3750_0, 0, 32;
    %jmp T_3.6;
T_3.3 ;
    %load/vec4 v0000025b5c4b3b10_0;
    %parti/s 20, 12, 5;
    %concati/vec4 0, 0, 12;
    %store/vec4 v0000025b5c4b3750_0, 0, 32;
    %jmp T_3.6;
T_3.4 ;
    %load/vec4 v0000025b5c4b3b10_0;
    %parti/s 1, 31, 6;
    %replicate 12;
    %load/vec4 v0000025b5c4b3b10_0;
    %parti/s 8, 12, 5;
    %concat/vec4; draw_concat_vec4
    %load/vec4 v0000025b5c4b3b10_0;
    %parti/s 1, 20, 6;
    %concat/vec4; draw_concat_vec4
    %load/vec4 v0000025b5c4b3b10_0;
    %parti/s 10, 21, 6;
    %concat/vec4; draw_concat_vec4
    %concati/vec4 0, 0, 1;
    %store/vec4 v0000025b5c4b3750_0, 0, 32;
    %jmp T_3.6;
T_3.6 ;
    %pop/vec4 1;
    %jmp T_3;
    .thread T_3, $push;
    .scope S_0000025b5c41fa80;
T_4 ;
    %wait E_0000025b5c48bfe0;
    %load/vec4 v0000025b5c4b4720_0;
    %flag_set/vec4 8;
    %jmp/0xz  T_4.0, 8;
    %pushi/vec4 0, 0, 32;
    %store/vec4 v0000025b5c4b5d00_0, 0, 32;
T_4.2 ;
    %load/vec4 v0000025b5c4b5d00_0;
    %cmpi/s 32, 0, 32;
    %jmp/0xz T_4.3, 5;
    %pushi/vec4 0, 0, 32;
    %ix/getv/s 3, v0000025b5c4b5d00_0;
    %ix/load 4, 0, 0; Constant delay
    %assign/vec4/a/d v0000025b5c4b5940, 0, 4;
    %load/vec4 v0000025b5c4b5d00_0;
    %addi 1, 0, 32;
    %store/vec4 v0000025b5c4b5d00_0, 0, 32;
    %jmp T_4.2;
T_4.3 ;
    %jmp T_4.1;
T_4.0 ;
    %load/vec4 v0000025b5c4b5300_0;
    %flag_set/vec4 9;
    %flag_get/vec4 9;
    %jmp/0 T_4.6, 9;
    %load/vec4 v0000025b5c4b4680_0;
    %pushi/vec4 0, 0, 5;
    %cmp/ne;
    %flag_get/vec4 4;
    %and;
T_4.6;
    %flag_set/vec4 8;
    %jmp/0xz  T_4.4, 8;
    %load/vec4 v0000025b5c4b4040_0;
    %load/vec4 v0000025b5c4b4680_0;
    %pad/u 7;
    %ix/vec4 3;
    %ix/load 4, 0, 0; Constant delay
    %assign/vec4/a/d v0000025b5c4b5940, 0, 4;
T_4.4 ;
T_4.1 ;
    %jmp T_4;
    .thread T_4;
    .scope S_0000025b5c43d010;
T_5 ;
    %wait E_0000025b5c48b060;
    %pushi/vec4 0, 0, 1;
    %store/vec4 v0000025b5c47d170_0, 0, 1;
    %load/vec4 v0000025b5c47eb10_0;
    %flag_set/vec4 8;
    %jmp/0xz  T_5.0, 8;
    %load/vec4 v0000025b5c47ecf0_0;
    %dup/vec4;
    %pushi/vec4 0, 0, 3;
    %cmp/u;
    %jmp/1 T_5.2, 6;
    %dup/vec4;
    %pushi/vec4 1, 0, 3;
    %cmp/u;
    %jmp/1 T_5.3, 6;
    %dup/vec4;
    %pushi/vec4 4, 0, 3;
    %cmp/u;
    %jmp/1 T_5.4, 6;
    %dup/vec4;
    %pushi/vec4 5, 0, 3;
    %cmp/u;
    %jmp/1 T_5.5, 6;
    %dup/vec4;
    %pushi/vec4 6, 0, 3;
    %cmp/u;
    %jmp/1 T_5.6, 6;
    %dup/vec4;
    %pushi/vec4 7, 0, 3;
    %cmp/u;
    %jmp/1 T_5.7, 6;
    %pushi/vec4 0, 0, 1;
    %store/vec4 v0000025b5c47d170_0, 0, 1;
    %jmp T_5.9;
T_5.2 ;
    %load/vec4 v0000025b5c47db70_0;
    %store/vec4 v0000025b5c47d170_0, 0, 1;
    %jmp T_5.9;
T_5.3 ;
    %load/vec4 v0000025b5c47db70_0;
    %nor/r;
    %store/vec4 v0000025b5c47d170_0, 0, 1;
    %jmp T_5.9;
T_5.4 ;
    %load/vec4 v0000025b5c47ef70_0;
    %parti/s 1, 0, 2;
    %store/vec4 v0000025b5c47d170_0, 0, 1;
    %jmp T_5.9;
T_5.5 ;
    %load/vec4 v0000025b5c47ef70_0;
    %parti/s 1, 0, 2;
    %nor/r;
    %store/vec4 v0000025b5c47d170_0, 0, 1;
    %jmp T_5.9;
T_5.6 ;
    %load/vec4 v0000025b5c47ef70_0;
    %parti/s 1, 0, 2;
    %store/vec4 v0000025b5c47d170_0, 0, 1;
    %jmp T_5.9;
T_5.7 ;
    %load/vec4 v0000025b5c47ef70_0;
    %parti/s 1, 0, 2;
    %nor/r;
    %store/vec4 v0000025b5c47d170_0, 0, 1;
    %jmp T_5.9;
T_5.9 ;
    %pop/vec4 1;
T_5.0 ;
    %jmp T_5;
    .thread T_5, $push;
    .scope S_0000025b5c43d010;
T_6 ;
    %wait E_0000025b5c48ada0;
    %load/vec4 v0000025b5c47d2b0_0;
    %cmpi/e 23, 0, 7;
    %jmp/0xz  T_6.0, 4;
    %pushi/vec4 1, 0, 1;
    %store/vec4 v0000025b5c47dad0_0, 0, 1;
    %jmp T_6.1;
T_6.0 ;
    %pushi/vec4 0, 0, 1;
    %store/vec4 v0000025b5c47dad0_0, 0, 1;
T_6.1 ;
    %load/vec4 v0000025b5c47d2b0_0;
    %cmpi/e 103, 0, 7;
    %jmp/0xz  T_6.2, 4;
    %pushi/vec4 2, 0, 2;
    %store/vec4 v0000025b5c47d350_0, 0, 2;
    %jmp T_6.3;
T_6.2 ;
    %load/vec4 v0000025b5c47dc10_0;
    %flag_set/vec4 8;
    %jmp/1 T_6.6, 8;
    %load/vec4 v0000025b5c47d170_0;
    %flag_set/vec4 9;
    %flag_or 8, 9;
T_6.6;
    %jmp/0xz  T_6.4, 8;
    %pushi/vec4 1, 0, 2;
    %store/vec4 v0000025b5c47d350_0, 0, 2;
    %jmp T_6.5;
T_6.4 ;
    %pushi/vec4 0, 0, 2;
    %store/vec4 v0000025b5c47d350_0, 0, 2;
T_6.5 ;
T_6.3 ;
    %jmp T_6;
    .thread T_6, $push;
    .scope S_0000025b5c43ce80;
T_7 ;
    %wait E_0000025b5c48b6a0;
    %load/vec4 v0000025b5c47e7f0_0;
    %dup/vec4;
    %pushi/vec4 0, 0, 4;
    %cmp/u;
    %jmp/1 T_7.0, 6;
    %dup/vec4;
    %pushi/vec4 1, 0, 4;
    %cmp/u;
    %jmp/1 T_7.1, 6;
    %dup/vec4;
    %pushi/vec4 2, 0, 4;
    %cmp/u;
    %jmp/1 T_7.2, 6;
    %dup/vec4;
    %pushi/vec4 3, 0, 4;
    %cmp/u;
    %jmp/1 T_7.3, 6;
    %dup/vec4;
    %pushi/vec4 4, 0, 4;
    %cmp/u;
    %jmp/1 T_7.4, 6;
    %dup/vec4;
    %pushi/vec4 5, 0, 4;
    %cmp/u;
    %jmp/1 T_7.5, 6;
    %dup/vec4;
    %pushi/vec4 6, 0, 4;
    %cmp/u;
    %jmp/1 T_7.6, 6;
    %dup/vec4;
    %pushi/vec4 7, 0, 4;
    %cmp/u;
    %jmp/1 T_7.7, 6;
    %dup/vec4;
    %pushi/vec4 8, 0, 4;
    %cmp/u;
    %jmp/1 T_7.8, 6;
    %dup/vec4;
    %pushi/vec4 9, 0, 4;
    %cmp/u;
    %jmp/1 T_7.9, 6;
    %dup/vec4;
    %pushi/vec4 10, 0, 4;
    %cmp/u;
    %jmp/1 T_7.10, 6;
    %pushi/vec4 0, 0, 32;
    %store/vec4 v0000025b5c47d210_0, 0, 32;
    %jmp T_7.12;
T_7.0 ;
    %load/vec4 v0000025b5c47d990_0;
    %load/vec4 v0000025b5c47da30_0;
    %add;
    %store/vec4 v0000025b5c47d210_0, 0, 32;
    %jmp T_7.12;
T_7.1 ;
    %load/vec4 v0000025b5c47d990_0;
    %load/vec4 v0000025b5c47da30_0;
    %sub;
    %store/vec4 v0000025b5c47d210_0, 0, 32;
    %jmp T_7.12;
T_7.2 ;
    %load/vec4 v0000025b5c47d990_0;
    %load/vec4 v0000025b5c47da30_0;
    %and;
    %store/vec4 v0000025b5c47d210_0, 0, 32;
    %jmp T_7.12;
T_7.3 ;
    %load/vec4 v0000025b5c47d990_0;
    %load/vec4 v0000025b5c47da30_0;
    %or;
    %store/vec4 v0000025b5c47d210_0, 0, 32;
    %jmp T_7.12;
T_7.4 ;
    %load/vec4 v0000025b5c47d990_0;
    %load/vec4 v0000025b5c47da30_0;
    %xor;
    %store/vec4 v0000025b5c47d210_0, 0, 32;
    %jmp T_7.12;
T_7.5 ;
    %load/vec4 v0000025b5c47d990_0;
    %load/vec4 v0000025b5c47da30_0;
    %parti/s 5, 0, 2;
    %ix/vec4 4;
    %shiftl 4;
    %store/vec4 v0000025b5c47d210_0, 0, 32;
    %jmp T_7.12;
T_7.6 ;
    %load/vec4 v0000025b5c47d990_0;
    %load/vec4 v0000025b5c47da30_0;
    %parti/s 5, 0, 2;
    %ix/vec4 4;
    %shiftr 4;
    %store/vec4 v0000025b5c47d210_0, 0, 32;
    %jmp T_7.12;
T_7.7 ;
    %load/vec4 v0000025b5c47d990_0;
    %load/vec4 v0000025b5c47da30_0;
    %parti/s 5, 0, 2;
    %ix/vec4 4;
    %shiftr/s 4;
    %store/vec4 v0000025b5c47d210_0, 0, 32;
    %jmp T_7.12;
T_7.8 ;
    %load/vec4 v0000025b5c47d990_0;
    %load/vec4 v0000025b5c47da30_0;
    %cmp/s;
    %flag_mov 8, 5;
    %jmp/0 T_7.13, 8;
    %pushi/vec4 1, 0, 32;
    %jmp/1 T_7.14, 8;
T_7.13 ; End of true expr.
    %pushi/vec4 0, 0, 32;
    %jmp/0 T_7.14, 8;
 ; End of false expr.
    %blend;
T_7.14;
    %store/vec4 v0000025b5c47d210_0, 0, 32;
    %jmp T_7.12;
T_7.9 ;
    %load/vec4 v0000025b5c47d990_0;
    %load/vec4 v0000025b5c47da30_0;
    %cmp/u;
    %flag_mov 8, 5;
    %jmp/0 T_7.15, 8;
    %pushi/vec4 1, 0, 32;
    %jmp/1 T_7.16, 8;
T_7.15 ; End of true expr.
    %pushi/vec4 0, 0, 32;
    %jmp/0 T_7.16, 8;
 ; End of false expr.
    %blend;
T_7.16;
    %store/vec4 v0000025b5c47d210_0, 0, 32;
    %jmp T_7.12;
T_7.10 ;
    %load/vec4 v0000025b5c47da30_0;
    %store/vec4 v0000025b5c47d210_0, 0, 32;
    %jmp T_7.12;
T_7.12 ;
    %pop/vec4 1;
    %jmp T_7;
    .thread T_7, $push;
    .scope S_0000025b5c445300;
T_8 ;
    %wait E_0000025b5c48bfe0;
    %load/vec4 v0000025b5c4b2530_0;
    %flag_set/vec4 9;
    %flag_get/vec4 9;
    %jmp/0 T_8.2, 9;
    %load/vec4 v0000025b5c4b3a70_0;
    %and;
T_8.2;
    %flag_set/vec4 8;
    %jmp/0xz  T_8.0, 8;
    %load/vec4 v0000025b5c4b1f90_0;
    %dup/vec4;
    %pushi/vec4 2, 0, 3;
    %cmp/u;
    %jmp/1 T_8.3, 6;
    %dup/vec4;
    %pushi/vec4 1, 0, 3;
    %cmp/u;
    %jmp/1 T_8.4, 6;
    %dup/vec4;
    %pushi/vec4 0, 0, 3;
    %cmp/u;
    %jmp/1 T_8.5, 6;
    %jmp T_8.7;
T_8.3 ;
    %load/vec4 v0000025b5c4b2850_0;
    %load/vec4 v0000025b5c4b27b0_0;
    %pad/u 14;
    %ix/vec4 3;
    %ix/load 4, 0, 0; Constant delay
    %assign/vec4/a/d v0000025b5c4b3e30, 0, 4;
    %jmp T_8.7;
T_8.4 ;
    %load/vec4 v0000025b5c4b3cf0_0;
    %parti/s 1, 1, 2;
    %cmpi/e 0, 0, 1;
    %jmp/0xz  T_8.8, 4;
    %load/vec4 v0000025b5c4b2850_0;
    %parti/s 16, 0, 2;
    %load/vec4 v0000025b5c4b27b0_0;
    %pad/u 14;
    %ix/vec4 3;
    %ix/load 4, 0, 0; Constant delay
    %assign/vec4/a/d v0000025b5c4b3e30, 0, 4;
    %jmp T_8.9;
T_8.8 ;
    %load/vec4 v0000025b5c4b2850_0;
    %parti/s 16, 0, 2;
    %load/vec4 v0000025b5c4b27b0_0;
    %pad/u 14;
    %ix/vec4 3;
    %ix/load 4, 16, 0; part off
    %ix/load 5, 0, 0; Constant delay
    %assign/vec4/a/d v0000025b5c4b3e30, 4, 5;
T_8.9 ;
    %jmp T_8.7;
T_8.5 ;
    %load/vec4 v0000025b5c4b3cf0_0;
    %dup/vec4;
    %pushi/vec4 0, 0, 2;
    %cmp/u;
    %jmp/1 T_8.10, 6;
    %dup/vec4;
    %pushi/vec4 1, 0, 2;
    %cmp/u;
    %jmp/1 T_8.11, 6;
    %dup/vec4;
    %pushi/vec4 2, 0, 2;
    %cmp/u;
    %jmp/1 T_8.12, 6;
    %dup/vec4;
    %pushi/vec4 3, 0, 2;
    %cmp/u;
    %jmp/1 T_8.13, 6;
    %jmp T_8.14;
T_8.10 ;
    %load/vec4 v0000025b5c4b2850_0;
    %parti/s 8, 0, 2;
    %load/vec4 v0000025b5c4b27b0_0;
    %pad/u 14;
    %ix/vec4 3;
    %ix/load 4, 0, 0; Constant delay
    %assign/vec4/a/d v0000025b5c4b3e30, 0, 4;
    %jmp T_8.14;
T_8.11 ;
    %load/vec4 v0000025b5c4b2850_0;
    %parti/s 8, 0, 2;
    %load/vec4 v0000025b5c4b27b0_0;
    %pad/u 14;
    %ix/vec4 3;
    %ix/load 4, 8, 0; part off
    %ix/load 5, 0, 0; Constant delay
    %assign/vec4/a/d v0000025b5c4b3e30, 4, 5;
    %jmp T_8.14;
T_8.12 ;
    %load/vec4 v0000025b5c4b2850_0;
    %parti/s 8, 0, 2;
    %load/vec4 v0000025b5c4b27b0_0;
    %pad/u 14;
    %ix/vec4 3;
    %ix/load 4, 16, 0; part off
    %ix/load 5, 0, 0; Constant delay
    %assign/vec4/a/d v0000025b5c4b3e30, 4, 5;
    %jmp T_8.14;
T_8.13 ;
    %load/vec4 v0000025b5c4b2850_0;
    %parti/s 8, 0, 2;
    %load/vec4 v0000025b5c4b27b0_0;
    %pad/u 14;
    %ix/vec4 3;
    %ix/load 4, 24, 0; part off
    %ix/load 5, 0, 0; Constant delay
    %assign/vec4/a/d v0000025b5c4b3e30, 4, 5;
    %jmp T_8.14;
T_8.14 ;
    %pop/vec4 1;
    %jmp T_8.7;
T_8.7 ;
    %pop/vec4 1;
T_8.0 ;
    %jmp T_8;
    .thread T_8;
    .scope S_0000025b5c445300;
T_9 ;
    %wait E_0000025b5c48bca0;
    %load/vec4 v0000025b5c4b34d0_0;
    %nor/r;
    %flag_set/vec4 8;
    %jmp/1 T_9.2, 8;
    %load/vec4 v0000025b5c4b3a70_0;
    %nor/r;
    %flag_set/vec4 9;
    %flag_or 8, 9;
T_9.2;
    %jmp/0xz  T_9.0, 8;
    %pushi/vec4 0, 0, 32;
    %store/vec4 v0000025b5c4b39d0_0, 0, 32;
    %jmp T_9.1;
T_9.0 ;
    %load/vec4 v0000025b5c4b1f90_0;
    %dup/vec4;
    %pushi/vec4 2, 0, 3;
    %cmp/u;
    %jmp/1 T_9.3, 6;
    %dup/vec4;
    %pushi/vec4 1, 0, 3;
    %cmp/u;
    %jmp/1 T_9.4, 6;
    %dup/vec4;
    %pushi/vec4 5, 0, 3;
    %cmp/u;
    %jmp/1 T_9.5, 6;
    %dup/vec4;
    %pushi/vec4 0, 0, 3;
    %cmp/u;
    %jmp/1 T_9.6, 6;
    %dup/vec4;
    %pushi/vec4 4, 0, 3;
    %cmp/u;
    %jmp/1 T_9.7, 6;
    %load/vec4 v0000025b5c4b3930_0;
    %store/vec4 v0000025b5c4b39d0_0, 0, 32;
    %jmp T_9.9;
T_9.3 ;
    %load/vec4 v0000025b5c4b3930_0;
    %store/vec4 v0000025b5c4b39d0_0, 0, 32;
    %jmp T_9.9;
T_9.4 ;
    %load/vec4 v0000025b5c4b3cf0_0;
    %parti/s 1, 1, 2;
    %cmpi/e 0, 0, 1;
    %jmp/0xz  T_9.10, 4;
    %load/vec4 v0000025b5c4b3930_0;
    %parti/s 1, 15, 5;
    %replicate 16;
    %load/vec4 v0000025b5c4b3930_0;
    %parti/s 16, 0, 2;
    %concat/vec4; draw_concat_vec4
    %store/vec4 v0000025b5c4b39d0_0, 0, 32;
    %jmp T_9.11;
T_9.10 ;
    %load/vec4 v0000025b5c4b3930_0;
    %parti/s 1, 31, 6;
    %replicate 16;
    %load/vec4 v0000025b5c4b3930_0;
    %parti/s 16, 16, 6;
    %concat/vec4; draw_concat_vec4
    %store/vec4 v0000025b5c4b39d0_0, 0, 32;
T_9.11 ;
    %jmp T_9.9;
T_9.5 ;
    %load/vec4 v0000025b5c4b3cf0_0;
    %parti/s 1, 1, 2;
    %cmpi/e 0, 0, 1;
    %jmp/0xz  T_9.12, 4;
    %pushi/vec4 0, 0, 16;
    %load/vec4 v0000025b5c4b3930_0;
    %parti/s 16, 0, 2;
    %concat/vec4; draw_concat_vec4
    %store/vec4 v0000025b5c4b39d0_0, 0, 32;
    %jmp T_9.13;
T_9.12 ;
    %pushi/vec4 0, 0, 16;
    %load/vec4 v0000025b5c4b3930_0;
    %parti/s 16, 16, 6;
    %concat/vec4; draw_concat_vec4
    %store/vec4 v0000025b5c4b39d0_0, 0, 32;
T_9.13 ;
    %jmp T_9.9;
T_9.6 ;
    %load/vec4 v0000025b5c4b3cf0_0;
    %dup/vec4;
    %pushi/vec4 0, 0, 2;
    %cmp/u;
    %jmp/1 T_9.14, 6;
    %dup/vec4;
    %pushi/vec4 1, 0, 2;
    %cmp/u;
    %jmp/1 T_9.15, 6;
    %dup/vec4;
    %pushi/vec4 2, 0, 2;
    %cmp/u;
    %jmp/1 T_9.16, 6;
    %dup/vec4;
    %pushi/vec4 3, 0, 2;
    %cmp/u;
    %jmp/1 T_9.17, 6;
    %jmp T_9.18;
T_9.14 ;
    %load/vec4 v0000025b5c4b3930_0;
    %parti/s 1, 7, 4;
    %replicate 24;
    %load/vec4 v0000025b5c4b3930_0;
    %parti/s 8, 0, 2;
    %concat/vec4; draw_concat_vec4
    %store/vec4 v0000025b5c4b39d0_0, 0, 32;
    %jmp T_9.18;
T_9.15 ;
    %load/vec4 v0000025b5c4b3930_0;
    %parti/s 1, 15, 5;
    %replicate 24;
    %load/vec4 v0000025b5c4b3930_0;
    %parti/s 8, 8, 5;
    %concat/vec4; draw_concat_vec4
    %store/vec4 v0000025b5c4b39d0_0, 0, 32;
    %jmp T_9.18;
T_9.16 ;
    %load/vec4 v0000025b5c4b3930_0;
    %parti/s 1, 23, 6;
    %replicate 24;
    %load/vec4 v0000025b5c4b3930_0;
    %parti/s 8, 16, 6;
    %concat/vec4; draw_concat_vec4
    %store/vec4 v0000025b5c4b39d0_0, 0, 32;
    %jmp T_9.18;
T_9.17 ;
    %load/vec4 v0000025b5c4b3930_0;
    %parti/s 1, 31, 6;
    %replicate 24;
    %load/vec4 v0000025b5c4b3930_0;
    %parti/s 8, 24, 6;
    %concat/vec4; draw_concat_vec4
    %store/vec4 v0000025b5c4b39d0_0, 0, 32;
    %jmp T_9.18;
T_9.18 ;
    %pop/vec4 1;
    %jmp T_9.9;
T_9.7 ;
    %load/vec4 v0000025b5c4b3cf0_0;
    %dup/vec4;
    %pushi/vec4 0, 0, 2;
    %cmp/u;
    %jmp/1 T_9.19, 6;
    %dup/vec4;
    %pushi/vec4 1, 0, 2;
    %cmp/u;
    %jmp/1 T_9.20, 6;
    %dup/vec4;
    %pushi/vec4 2, 0, 2;
    %cmp/u;
    %jmp/1 T_9.21, 6;
    %dup/vec4;
    %pushi/vec4 3, 0, 2;
    %cmp/u;
    %jmp/1 T_9.22, 6;
    %jmp T_9.23;
T_9.19 ;
    %pushi/vec4 0, 0, 24;
    %load/vec4 v0000025b5c4b3930_0;
    %parti/s 8, 0, 2;
    %concat/vec4; draw_concat_vec4
    %store/vec4 v0000025b5c4b39d0_0, 0, 32;
    %jmp T_9.23;
T_9.20 ;
    %pushi/vec4 0, 0, 24;
    %load/vec4 v0000025b5c4b3930_0;
    %parti/s 8, 8, 5;
    %concat/vec4; draw_concat_vec4
    %store/vec4 v0000025b5c4b39d0_0, 0, 32;
    %jmp T_9.23;
T_9.21 ;
    %pushi/vec4 0, 0, 24;
    %load/vec4 v0000025b5c4b3930_0;
    %parti/s 8, 16, 6;
    %concat/vec4; draw_concat_vec4
    %store/vec4 v0000025b5c4b39d0_0, 0, 32;
    %jmp T_9.23;
T_9.22 ;
    %pushi/vec4 0, 0, 24;
    %load/vec4 v0000025b5c4b3930_0;
    %parti/s 8, 24, 6;
    %concat/vec4; draw_concat_vec4
    %store/vec4 v0000025b5c4b39d0_0, 0, 32;
    %jmp T_9.23;
T_9.23 ;
    %pop/vec4 1;
    %jmp T_9.9;
T_9.9 ;
    %pop/vec4 1;
T_9.1 ;
    %jmp T_9;
    .thread T_9, $push;
    .scope S_0000025b5c445300;
T_10 ;
    %pushi/vec4 0, 0, 32;
    %store/vec4 v0000025b5c4b2a30_0, 0, 32;
T_10.0 ;
    %load/vec4 v0000025b5c4b2a30_0;
    %cmpi/s 4096, 0, 32;
    %jmp/0xz T_10.1, 5;
    %pushi/vec4 0, 0, 32;
    %ix/getv/s 4, v0000025b5c4b2a30_0;
    %store/vec4a v0000025b5c4b3e30, 4, 0;
    %load/vec4 v0000025b5c4b2a30_0;
    %addi 1, 0, 32;
    %store/vec4 v0000025b5c4b2a30_0, 0, 32;
    %jmp T_10.0;
T_10.1 ;
    %end;
    .thread T_10;
    .scope S_0000025b5c491d30;
T_11 ;
    %wait E_0000025b5c48aca0;
    %load/vec4 v0000025b5c4b5c60_0;
    %flag_set/vec4 8;
    %jmp/0xz  T_11.0, 8;
    %load/vec4 v0000025b5c4b64b0_0;
    %store/vec4 v0000025b5c4b5800_0, 0, 32;
    %jmp T_11.1;
T_11.0 ;
    %load/vec4 v0000025b5c4b7e50_0;
    %store/vec4 v0000025b5c4b5800_0, 0, 32;
T_11.1 ;
    %jmp T_11;
    .thread T_11, $push;
    .scope S_0000025b5c491d30;
T_12 ;
    %wait E_0000025b5c48ab60;
    %load/vec4 v0000025b5c4b5e40_0;
    %flag_set/vec4 8;
    %jmp/0xz  T_12.0, 8;
    %load/vec4 v0000025b5c4b4d60_0;
    %store/vec4 v0000025b5c4b49a0_0, 0, 32;
    %jmp T_12.1;
T_12.0 ;
    %load/vec4 v0000025b5c4b7590_0;
    %store/vec4 v0000025b5c4b49a0_0, 0, 32;
T_12.1 ;
    %jmp T_12;
    .thread T_12, $push;
    .scope S_0000025b5c491d30;
T_13 ;
    %wait E_0000025b5c48ad20;
    %load/vec4 v0000025b5c4b4cc0_0;
    %flag_set/vec4 8;
    %jmp/0xz  T_13.0, 8;
    %load/vec4 v0000025b5c4b53a0_0;
    %store/vec4 v0000025b5c4b7770_0, 0, 32;
    %jmp T_13.1;
T_13.0 ;
    %load/vec4 v0000025b5c4b6f50_0;
    %store/vec4 v0000025b5c4b7770_0, 0, 32;
T_13.1 ;
    %jmp T_13;
    .thread T_13, $push;
    .scope S_0000025b5c491d30;
T_14 ;
    %wait E_0000025b5c48b5e0;
    %load/vec4 v0000025b5c4b7130_0;
    %dup/vec4;
    %pushi/vec4 0, 0, 2;
    %cmp/u;
    %jmp/1 T_14.0, 6;
    %dup/vec4;
    %pushi/vec4 1, 0, 2;
    %cmp/u;
    %jmp/1 T_14.1, 6;
    %dup/vec4;
    %pushi/vec4 2, 0, 2;
    %cmp/u;
    %jmp/1 T_14.2, 6;
    %load/vec4 v0000025b5c4b5b20_0;
    %store/vec4 v0000025b5c4b67d0_0, 0, 32;
    %jmp T_14.4;
T_14.0 ;
    %load/vec4 v0000025b5c4b5b20_0;
    %store/vec4 v0000025b5c4b67d0_0, 0, 32;
    %jmp T_14.4;
T_14.1 ;
    %load/vec4 v0000025b5c4b7770_0;
    %store/vec4 v0000025b5c4b67d0_0, 0, 32;
    %jmp T_14.4;
T_14.2 ;
    %load/vec4 v0000025b5c4b64b0_0;
    %addi 4, 0, 32;
    %store/vec4 v0000025b5c4b67d0_0, 0, 32;
    %jmp T_14.4;
T_14.4 ;
    %pop/vec4 1;
    %jmp T_14;
    .thread T_14, $push;
    .scope S_0000025b5c491d30;
T_15 ;
    %wait E_0000025b5c48b4e0;
    %load/vec4 v0000025b5c4b76d0_0;
    %dup/vec4;
    %pushi/vec4 0, 0, 2;
    %cmp/u;
    %jmp/1 T_15.0, 6;
    %dup/vec4;
    %pushi/vec4 1, 0, 2;
    %cmp/u;
    %jmp/1 T_15.1, 6;
    %dup/vec4;
    %pushi/vec4 2, 0, 2;
    %cmp/u;
    %jmp/1 T_15.2, 6;
    %load/vec4 v0000025b5c4b6af0_0;
    %store/vec4 v0000025b5c4b6730_0, 0, 32;
    %jmp T_15.4;
T_15.0 ;
    %load/vec4 v0000025b5c4b6af0_0;
    %store/vec4 v0000025b5c4b6730_0, 0, 32;
    %jmp T_15.4;
T_15.1 ;
    %load/vec4 v0000025b5c4b47c0_0;
    %store/vec4 v0000025b5c4b6730_0, 0, 32;
    %jmp T_15.4;
T_15.2 ;
    %load/vec4 v0000025b5c4b5080_0;
    %store/vec4 v0000025b5c4b6730_0, 0, 32;
    %jmp T_15.4;
T_15.4 ;
    %pop/vec4 1;
    %jmp T_15;
    .thread T_15, $push;
    .scope S_0000025b5c403c10;
T_16 ;
    %wait E_0000025b5c48bfe0;
    %load/vec4 v0000025b5c4b6e10_0;
    %flag_set/vec4 8;
    %jmp/0xz  T_16.0, 8;
    %pushi/vec4 0, 0, 25;
    %assign/vec4 v0000025b5c4b65f0_0, 0;
    %jmp T_16.1;
T_16.0 ;
    %load/vec4 v0000025b5c4b65f0_0;
    %addi 1, 0, 25;
    %assign/vec4 v0000025b5c4b65f0_0, 0;
T_16.1 ;
    %jmp T_16;
    .thread T_16;
    .scope S_0000025b5c403c10;
T_17 ;
    %wait E_0000025b5c48bfe0;
    %load/vec4 v0000025b5c4b6e10_0;
    %flag_set/vec4 8;
    %jmp/0xz  T_17.0, 8;
    %pushi/vec4 0, 0, 2;
    %assign/vec4 v0000025b5c4b5fb0_0, 0;
    %jmp T_17.1;
T_17.0 ;
    %load/vec4 v0000025b5c4b65f0_0;
    %parti/s 1, 24, 6;
    %ix/load 4, 0, 0;
    %ix/load 5, 0, 0;
    %flag_set/imm 4, 0;
    %assign/vec4/off/d v0000025b5c4b5fb0_0, 4, 5;
    %load/vec4 v0000025b5c4b62d0_0;
    %cmpi/e 55, 0, 32;
    %jmp/0xz  T_17.2, 4;
    %pushi/vec4 1, 0, 1;
    %ix/load 4, 1, 0;
    %ix/load 5, 0, 0;
    %flag_set/imm 4, 0;
    %assign/vec4/off/d v0000025b5c4b5fb0_0, 4, 5;
    %jmp T_17.3;
T_17.2 ;
    %pushi/vec4 0, 0, 1;
    %ix/load 4, 1, 0;
    %ix/load 5, 0, 0;
    %flag_set/imm 4, 0;
    %assign/vec4/off/d v0000025b5c4b5fb0_0, 4, 5;
T_17.3 ;
T_17.1 ;
    %jmp T_17;
    .thread T_17;
# The file index is used to find the file name in the following table.
:file_names 12;
    "N/A";
    "<interactive>";
    "src/fpga_top.v";
    "src/cpu_top.v";
    "src/alu.v";
    "src/control_unit.v";
    "src/instruction_decoder.v";
    "src/data_memory.v";
    "src/imm_gen.v";
    "src/instruction_memory.v";
    "src/program_counter.v";
    "src/register_file.v";
