#! /c/Source/iverilog-install/bin/vvp
:ivl_version "12.0 (devel)" "(s20150603-1539-g2693dd32b)";
:ivl_delay_selection "TYPICAL";
:vpi_time_precision - 12;
:vpi_module "C:\iverilog\lib\ivl\system.vpi";
:vpi_module "C:\iverilog\lib\ivl\vhdl_sys.vpi";
:vpi_module "C:\iverilog\lib\ivl\vhdl_textio.vpi";
:vpi_module "C:\iverilog\lib\ivl\v2005_math.vpi";
:vpi_module "C:\iverilog\lib\ivl\va_math.vpi";
S_00000233fa250ae0 .scope module, "tb_lbu_check" "tb_lbu_check" 2 5;
 .timescale -9 -12;
v00000233fa2a9170_0 .net "alu_op", 3 0, v00000233fa250710_0;  1 drivers
v00000233fa2a90d0_0 .net "alu_src_b", 0 0, v00000233fa244fd0_0;  1 drivers
v00000233fa2a9490_0 .net "branch", 0 0, v00000233fa2539c0_0;  1 drivers
v00000233fa2a92b0_0 .net "imm_type", 2 0, v00000233fa253ba0_0;  1 drivers
v00000233fa2a8ef0_0 .var "inst", 31 0;
v00000233fa2a9350_0 .net "jump", 0 0, v00000233fa258880_0;  1 drivers
v00000233fa2a89f0_0 .net "mem_read", 0 0, v00000233fa2a8f90_0;  1 drivers
v00000233fa2a8b30_0 .net "mem_write", 0 0, v00000233fa2a8a90_0;  1 drivers
v00000233fa2a9530_0 .net "rd", 4 0, L_00000233fa2aacc0;  1 drivers
v00000233fa2a95d0_0 .net "reg_write", 0 0, v00000233fa2a9710_0;  1 drivers
v00000233fa2a93f0_0 .net "rs1", 4 0, L_00000233fa2a8e50;  1 drivers
v00000233fa2a88b0_0 .net "rs2", 4 0, L_00000233fa2a98c0;  1 drivers
v00000233fa2a9030_0 .net "wb_sel", 1 0, v00000233fa2a8c70_0;  1 drivers
S_00000233fa250580 .scope module, "dec" "instruction_decoder" 2 14, 3 10 0, S_00000233fa250ae0;
 .timescale -9 -12;
    .port_info 0 /INPUT 32 "inst";
    .port_info 1 /OUTPUT 5 "rs1";
    .port_info 2 /OUTPUT 5 "rs2";
    .port_info 3 /OUTPUT 5 "rd";
    .port_info 4 /OUTPUT 1 "reg_write";
    .port_info 5 /OUTPUT 3 "imm_type";
    .port_info 6 /OUTPUT 4 "alu_op";
    .port_info 7 /OUTPUT 1 "alu_src_b";
    .port_info 8 /OUTPUT 1 "branch";
    .port_info 9 /OUTPUT 1 "jump";
    .port_info 10 /OUTPUT 1 "mem_read";
    .port_info 11 /OUTPUT 1 "mem_write";
    .port_info 12 /OUTPUT 2 "wb_sel";
v00000233fa250710_0 .var "alu_op", 3 0;
v00000233fa244fd0_0 .var "alu_src_b", 0 0;
v00000233fa2539c0_0 .var "branch", 0 0;
v00000233fa253a60_0 .net "funct3", 2 0, L_00000233fa2a8bd0;  1 drivers
v00000233fa253b00_0 .net "funct7", 6 0, L_00000233fa2a8d10;  1 drivers
v00000233fa253ba0_0 .var "imm_type", 2 0;
v00000233fa2587e0_0 .net "inst", 31 0, v00000233fa2a8ef0_0;  1 drivers
v00000233fa258880_0 .var "jump", 0 0;
v00000233fa2a8f90_0 .var "mem_read", 0 0;
v00000233fa2a8a90_0 .var "mem_write", 0 0;
v00000233fa2a8db0_0 .net "opcode", 6 0, L_00000233fa2a8950;  1 drivers
v00000233fa2a9670_0 .net "rd", 4 0, L_00000233fa2aacc0;  alias, 1 drivers
v00000233fa2a9710_0 .var "reg_write", 0 0;
v00000233fa2a97b0_0 .net "rs1", 4 0, L_00000233fa2a8e50;  alias, 1 drivers
v00000233fa2a9210_0 .net "rs2", 4 0, L_00000233fa2a98c0;  alias, 1 drivers
v00000233fa2a8c70_0 .var "wb_sel", 1 0;
E_00000233fa251dc0 .event anyedge, v00000233fa2a8db0_0, v00000233fa253a60_0, v00000233fa253b00_0;
L_00000233fa2a8950 .part v00000233fa2a8ef0_0, 0, 7;
L_00000233fa2a8bd0 .part v00000233fa2a8ef0_0, 12, 3;
L_00000233fa2a8d10 .part v00000233fa2a8ef0_0, 25, 7;
L_00000233fa2a8e50 .part v00000233fa2a8ef0_0, 15, 5;
L_00000233fa2a98c0 .part v00000233fa2a8ef0_0, 20, 5;
L_00000233fa2aacc0 .part v00000233fa2a8ef0_0, 7, 5;
    .scope S_00000233fa250580;
T_0 ;
    %wait E_00000233fa251dc0;
    %pushi/vec4 0, 0, 1;
    %store/vec4 v00000233fa2a9710_0, 0, 1;
    %pushi/vec4 0, 0, 3;
    %store/vec4 v00000233fa253ba0_0, 0, 3;
    %pushi/vec4 0, 0, 4;
    %store/vec4 v00000233fa250710_0, 0, 4;
    %pushi/vec4 0, 0, 1;
    %store/vec4 v00000233fa244fd0_0, 0, 1;
    %pushi/vec4 0, 0, 1;
    %store/vec4 v00000233fa2539c0_0, 0, 1;
    %pushi/vec4 0, 0, 1;
    %store/vec4 v00000233fa258880_0, 0, 1;
    %pushi/vec4 0, 0, 1;
    %store/vec4 v00000233fa2a8f90_0, 0, 1;
    %pushi/vec4 0, 0, 1;
    %store/vec4 v00000233fa2a8a90_0, 0, 1;
    %pushi/vec4 0, 0, 2;
    %store/vec4 v00000233fa2a8c70_0, 0, 2;
    %load/vec4 v00000233fa2a8db0_0;
    %dup/vec4;
    %pushi/vec4 51, 0, 7;
    %cmp/u;
    %jmp/1 T_0.0, 6;
    %dup/vec4;
    %pushi/vec4 19, 0, 7;
    %cmp/u;
    %jmp/1 T_0.1, 6;
    %dup/vec4;
    %pushi/vec4 55, 0, 7;
    %cmp/u;
    %jmp/1 T_0.2, 6;
    %dup/vec4;
    %pushi/vec4 23, 0, 7;
    %cmp/u;
    %jmp/1 T_0.3, 6;
    %dup/vec4;
    %pushi/vec4 99, 0, 7;
    %cmp/u;
    %jmp/1 T_0.4, 6;
    %dup/vec4;
    %pushi/vec4 3, 0, 7;
    %cmp/u;
    %jmp/1 T_0.5, 6;
    %dup/vec4;
    %pushi/vec4 35, 0, 7;
    %cmp/u;
    %jmp/1 T_0.6, 6;
    %dup/vec4;
    %pushi/vec4 111, 0, 7;
    %cmp/u;
    %jmp/1 T_0.7, 6;
    %dup/vec4;
    %pushi/vec4 103, 0, 7;
    %cmp/u;
    %jmp/1 T_0.8, 6;
    %jmp T_0.10;
T_0.0 ;
    %pushi/vec4 1, 0, 1;
    %store/vec4 v00000233fa2a9710_0, 0, 1;
    %pushi/vec4 0, 0, 1;
    %store/vec4 v00000233fa244fd0_0, 0, 1;
    %pushi/vec4 0, 0, 2;
    %store/vec4 v00000233fa2a8c70_0, 0, 2;
    %load/vec4 v00000233fa253a60_0;
    %dup/vec4;
    %pushi/vec4 0, 0, 3;
    %cmp/u;
    %jmp/1 T_0.11, 6;
    %dup/vec4;
    %pushi/vec4 1, 0, 3;
    %cmp/u;
    %jmp/1 T_0.12, 6;
    %dup/vec4;
    %pushi/vec4 2, 0, 3;
    %cmp/u;
    %jmp/1 T_0.13, 6;
    %dup/vec4;
    %pushi/vec4 3, 0, 3;
    %cmp/u;
    %jmp/1 T_0.14, 6;
    %dup/vec4;
    %pushi/vec4 4, 0, 3;
    %cmp/u;
    %jmp/1 T_0.15, 6;
    %dup/vec4;
    %pushi/vec4 5, 0, 3;
    %cmp/u;
    %jmp/1 T_0.16, 6;
    %dup/vec4;
    %pushi/vec4 6, 0, 3;
    %cmp/u;
    %jmp/1 T_0.17, 6;
    %dup/vec4;
    %pushi/vec4 7, 0, 3;
    %cmp/u;
    %jmp/1 T_0.18, 6;
    %pushi/vec4 0, 0, 4;
    %store/vec4 v00000233fa250710_0, 0, 4;
    %jmp T_0.20;
T_0.11 ;
    %load/vec4 v00000233fa253b00_0;
    %cmpi/e 32, 0, 7;
    %flag_mov 8, 4;
    %jmp/0 T_0.21, 8;
    %pushi/vec4 1, 0, 4;
    %jmp/1 T_0.22, 8;
T_0.21 ; End of true expr.
    %pushi/vec4 0, 0, 4;
    %jmp/0 T_0.22, 8;
 ; End of false expr.
    %blend;
T_0.22;
    %store/vec4 v00000233fa250710_0, 0, 4;
    %jmp T_0.20;
T_0.12 ;
    %pushi/vec4 5, 0, 4;
    %store/vec4 v00000233fa250710_0, 0, 4;
    %jmp T_0.20;
T_0.13 ;
    %pushi/vec4 8, 0, 4;
    %store/vec4 v00000233fa250710_0, 0, 4;
    %jmp T_0.20;
T_0.14 ;
    %pushi/vec4 9, 0, 4;
    %store/vec4 v00000233fa250710_0, 0, 4;
    %jmp T_0.20;
T_0.15 ;
    %pushi/vec4 4, 0, 4;
    %store/vec4 v00000233fa250710_0, 0, 4;
    %jmp T_0.20;
T_0.16 ;
    %load/vec4 v00000233fa253b00_0;
    %cmpi/e 32, 0, 7;
    %flag_mov 8, 4;
    %jmp/0 T_0.23, 8;
    %pushi/vec4 7, 0, 4;
    %jmp/1 T_0.24, 8;
T_0.23 ; End of true expr.
    %pushi/vec4 6, 0, 4;
    %jmp/0 T_0.24, 8;
 ; End of false expr.
    %blend;
T_0.24;
    %store/vec4 v00000233fa250710_0, 0, 4;
    %jmp T_0.20;
T_0.17 ;
    %pushi/vec4 3, 0, 4;
    %store/vec4 v00000233fa250710_0, 0, 4;
    %jmp T_0.20;
T_0.18 ;
    %pushi/vec4 2, 0, 4;
    %store/vec4 v00000233fa250710_0, 0, 4;
    %jmp T_0.20;
T_0.20 ;
    %pop/vec4 1;
    %jmp T_0.10;
T_0.1 ;
    %pushi/vec4 1, 0, 1;
    %store/vec4 v00000233fa2a9710_0, 0, 1;
    %pushi/vec4 1, 0, 1;
    %store/vec4 v00000233fa244fd0_0, 0, 1;
    %pushi/vec4 0, 0, 3;
    %store/vec4 v00000233fa253ba0_0, 0, 3;
    %pushi/vec4 0, 0, 2;
    %store/vec4 v00000233fa2a8c70_0, 0, 2;
    %load/vec4 v00000233fa253a60_0;
    %dup/vec4;
    %pushi/vec4 0, 0, 3;
    %cmp/u;
    %jmp/1 T_0.25, 6;
    %dup/vec4;
    %pushi/vec4 1, 0, 3;
    %cmp/u;
    %jmp/1 T_0.26, 6;
    %dup/vec4;
    %pushi/vec4 2, 0, 3;
    %cmp/u;
    %jmp/1 T_0.27, 6;
    %dup/vec4;
    %pushi/vec4 3, 0, 3;
    %cmp/u;
    %jmp/1 T_0.28, 6;
    %dup/vec4;
    %pushi/vec4 4, 0, 3;
    %cmp/u;
    %jmp/1 T_0.29, 6;
    %dup/vec4;
    %pushi/vec4 5, 0, 3;
    %cmp/u;
    %jmp/1 T_0.30, 6;
    %dup/vec4;
    %pushi/vec4 6, 0, 3;
    %cmp/u;
    %jmp/1 T_0.31, 6;
    %dup/vec4;
    %pushi/vec4 7, 0, 3;
    %cmp/u;
    %jmp/1 T_0.32, 6;
    %pushi/vec4 0, 0, 4;
    %store/vec4 v00000233fa250710_0, 0, 4;
    %jmp T_0.34;
T_0.25 ;
    %pushi/vec4 0, 0, 4;
    %store/vec4 v00000233fa250710_0, 0, 4;
    %jmp T_0.34;
T_0.26 ;
    %pushi/vec4 5, 0, 4;
    %store/vec4 v00000233fa250710_0, 0, 4;
    %jmp T_0.34;
T_0.27 ;
    %pushi/vec4 8, 0, 4;
    %store/vec4 v00000233fa250710_0, 0, 4;
    %jmp T_0.34;
T_0.28 ;
    %pushi/vec4 9, 0, 4;
    %store/vec4 v00000233fa250710_0, 0, 4;
    %jmp T_0.34;
T_0.29 ;
    %pushi/vec4 4, 0, 4;
    %store/vec4 v00000233fa250710_0, 0, 4;
    %jmp T_0.34;
T_0.30 ;
    %load/vec4 v00000233fa253b00_0;
    %cmpi/e 32, 0, 7;
    %flag_mov 8, 4;
    %jmp/0 T_0.35, 8;
    %pushi/vec4 7, 0, 4;
    %jmp/1 T_0.36, 8;
T_0.35 ; End of true expr.
    %pushi/vec4 6, 0, 4;
    %jmp/0 T_0.36, 8;
 ; End of false expr.
    %blend;
T_0.36;
    %store/vec4 v00000233fa250710_0, 0, 4;
    %jmp T_0.34;
T_0.31 ;
    %pushi/vec4 3, 0, 4;
    %store/vec4 v00000233fa250710_0, 0, 4;
    %jmp T_0.34;
T_0.32 ;
    %pushi/vec4 2, 0, 4;
    %store/vec4 v00000233fa250710_0, 0, 4;
    %jmp T_0.34;
T_0.34 ;
    %pop/vec4 1;
    %jmp T_0.10;
T_0.2 ;
    %pushi/vec4 1, 0, 1;
    %store/vec4 v00000233fa2a9710_0, 0, 1;
    %pushi/vec4 3, 0, 3;
    %store/vec4 v00000233fa253ba0_0, 0, 3;
    %pushi/vec4 1, 0, 1;
    %store/vec4 v00000233fa244fd0_0, 0, 1;
    %pushi/vec4 10, 0, 4;
    %store/vec4 v00000233fa250710_0, 0, 4;
    %pushi/vec4 0, 0, 2;
    %store/vec4 v00000233fa2a8c70_0, 0, 2;
    %jmp T_0.10;
T_0.3 ;
    %pushi/vec4 1, 0, 1;
    %store/vec4 v00000233fa2a9710_0, 0, 1;
    %pushi/vec4 3, 0, 3;
    %store/vec4 v00000233fa253ba0_0, 0, 3;
    %pushi/vec4 1, 0, 1;
    %store/vec4 v00000233fa244fd0_0, 0, 1;
    %pushi/vec4 0, 0, 4;
    %store/vec4 v00000233fa250710_0, 0, 4;
    %pushi/vec4 0, 0, 2;
    %store/vec4 v00000233fa2a8c70_0, 0, 2;
    %jmp T_0.10;
T_0.4 ;
    %pushi/vec4 1, 0, 1;
    %store/vec4 v00000233fa2539c0_0, 0, 1;
    %pushi/vec4 2, 0, 3;
    %store/vec4 v00000233fa253ba0_0, 0, 3;
    %pushi/vec4 0, 0, 1;
    %store/vec4 v00000233fa244fd0_0, 0, 1;
    %load/vec4 v00000233fa253a60_0;
    %dup/vec4;
    %pushi/vec4 0, 0, 3;
    %cmp/u;
    %jmp/1 T_0.37, 6;
    %dup/vec4;
    %pushi/vec4 1, 0, 3;
    %cmp/u;
    %jmp/1 T_0.38, 6;
    %dup/vec4;
    %pushi/vec4 4, 0, 3;
    %cmp/u;
    %jmp/1 T_0.39, 6;
    %dup/vec4;
    %pushi/vec4 5, 0, 3;
    %cmp/u;
    %jmp/1 T_0.40, 6;
    %dup/vec4;
    %pushi/vec4 6, 0, 3;
    %cmp/u;
    %jmp/1 T_0.41, 6;
    %dup/vec4;
    %pushi/vec4 7, 0, 3;
    %cmp/u;
    %jmp/1 T_0.42, 6;
    %pushi/vec4 1, 0, 4;
    %store/vec4 v00000233fa250710_0, 0, 4;
    %jmp T_0.44;
T_0.37 ;
    %pushi/vec4 1, 0, 4;
    %store/vec4 v00000233fa250710_0, 0, 4;
    %jmp T_0.44;
T_0.38 ;
    %pushi/vec4 1, 0, 4;
    %store/vec4 v00000233fa250710_0, 0, 4;
    %jmp T_0.44;
T_0.39 ;
    %pushi/vec4 8, 0, 4;
    %store/vec4 v00000233fa250710_0, 0, 4;
    %jmp T_0.44;
T_0.40 ;
    %pushi/vec4 8, 0, 4;
    %store/vec4 v00000233fa250710_0, 0, 4;
    %jmp T_0.44;
T_0.41 ;
    %pushi/vec4 9, 0, 4;
    %store/vec4 v00000233fa250710_0, 0, 4;
    %jmp T_0.44;
T_0.42 ;
    %pushi/vec4 9, 0, 4;
    %store/vec4 v00000233fa250710_0, 0, 4;
    %jmp T_0.44;
T_0.44 ;
    %pop/vec4 1;
    %jmp T_0.10;
T_0.5 ;
    %pushi/vec4 1, 0, 1;
    %store/vec4 v00000233fa2a9710_0, 0, 1;
    %pushi/vec4 1, 0, 1;
    %store/vec4 v00000233fa2a8f90_0, 0, 1;
    %pushi/vec4 0, 0, 3;
    %store/vec4 v00000233fa253ba0_0, 0, 3;
    %pushi/vec4 1, 0, 1;
    %store/vec4 v00000233fa244fd0_0, 0, 1;
    %pushi/vec4 0, 0, 4;
    %store/vec4 v00000233fa250710_0, 0, 4;
    %pushi/vec4 1, 0, 2;
    %store/vec4 v00000233fa2a8c70_0, 0, 2;
    %jmp T_0.10;
T_0.6 ;
    %pushi/vec4 1, 0, 1;
    %store/vec4 v00000233fa2a8a90_0, 0, 1;
    %pushi/vec4 1, 0, 3;
    %store/vec4 v00000233fa253ba0_0, 0, 3;
    %pushi/vec4 1, 0, 1;
    %store/vec4 v00000233fa244fd0_0, 0, 1;
    %pushi/vec4 0, 0, 4;
    %store/vec4 v00000233fa250710_0, 0, 4;
    %jmp T_0.10;
T_0.7 ;
    %pushi/vec4 1, 0, 1;
    %store/vec4 v00000233fa2a9710_0, 0, 1;
    %pushi/vec4 1, 0, 1;
    %store/vec4 v00000233fa258880_0, 0, 1;
    %pushi/vec4 4, 0, 3;
    %store/vec4 v00000233fa253ba0_0, 0, 3;
    %pushi/vec4 2, 0, 2;
    %store/vec4 v00000233fa2a8c70_0, 0, 2;
    %jmp T_0.10;
T_0.8 ;
    %pushi/vec4 1, 0, 1;
    %store/vec4 v00000233fa2a9710_0, 0, 1;
    %pushi/vec4 1, 0, 1;
    %store/vec4 v00000233fa258880_0, 0, 1;
    %pushi/vec4 0, 0, 3;
    %store/vec4 v00000233fa253ba0_0, 0, 3;
    %pushi/vec4 2, 0, 2;
    %store/vec4 v00000233fa2a8c70_0, 0, 2;
    %jmp T_0.10;
T_0.10 ;
    %pop/vec4 1;
    %jmp T_0;
    .thread T_0, $push;
    .scope S_00000233fa250ae0;
T_1 ;
    %pushi/vec4 8472323, 0, 32;
    %store/vec4 v00000233fa2a8ef0_0, 0, 32;
    %delay 1000, 0;
    %vpi_call 2 25 "$display", "LBU x14,8(x1): opcode=%07b funct3=%03b rd=%05b rs1=%05b", &PV<v00000233fa2a8ef0_0, 0, 7>, &PV<v00000233fa2a8ef0_0, 12, 3>, &PV<v00000233fa2a8ef0_0, 7, 5>, &PV<v00000233fa2a8ef0_0, 15, 5> {0 0 0};
    %vpi_call 2 27 "$display", "  mem_read=%b wb_sel=%d alu_src_b=%b alu_op=%d", v00000233fa2a89f0_0, v00000233fa2a9030_0, v00000233fa2a90d0_0, v00000233fa2a9170_0 {0 0 0};
    %vpi_call 2 29 "$display", "  FUNCT3_BYTEU = %03b", 3'b100 {0 0 0};
    %pushi/vec4 8423043, 0, 32;
    %store/vec4 v00000233fa2a8ef0_0, 0, 32;
    %delay 1000, 0;
    %vpi_call 2 34 "$display", "LB  x13,8(x1): opcode=%07b funct3=%03b rd=%05b rs1=%05b", &PV<v00000233fa2a8ef0_0, 0, 7>, &PV<v00000233fa2a8ef0_0, 12, 3>, &PV<v00000233fa2a8ef0_0, 7, 5>, &PV<v00000233fa2a8ef0_0, 15, 5> {0 0 0};
    %vpi_call 2 36 "$display", "  mem_read=%b wb_sel=%d", v00000233fa2a89f0_0, v00000233fa2a9030_0 {0 0 0};
    %vpi_call 2 38 "$finish" {0 0 0};
    %end;
    .thread T_1;
# The file index is used to find the file name in the following table.
:file_names 4;
    "N/A";
    "<interactive>";
    "sim/tb_lbu_check.v";
    "src/instruction_decoder.v";
