#! /c/Source/iverilog-install/bin/vvp
:ivl_version "12.0 (devel)" "(s20150603-1539-g2693dd32b)";
:ivl_delay_selection "TYPICAL";
:vpi_time_precision - 12;
:vpi_module "C:\iverilog\lib\ivl\system.vpi";
:vpi_module "C:\iverilog\lib\ivl\vhdl_sys.vpi";
:vpi_module "C:\iverilog\lib\ivl\vhdl_textio.vpi";
:vpi_module "C:\iverilog\lib\ivl\v2005_math.vpi";
:vpi_module "C:\iverilog\lib\ivl\va_math.vpi";
S_000002999e72ca20 .scope module, "tb_memory" "tb_memory" 2 21;
 .timescale -9 -12;
v000002999eacf550_0 .var "clk", 0 0;
v000002999eacfb90_0 .net "debug_pc", 31 0, L_000002999e71ebe0;  1 drivers
v000002999eace510_0 .var/i "fail_count", 31 0;
v000002999eacea10_0 .net "mem_addr", 31 0, L_000002999e71efd0;  1 drivers
v000002999eacebf0_0 .var "mem_read_data", 31 0;
v000002999eacec90_0 .net "mem_read_en", 0 0, L_000002999e71e630;  1 drivers
v000002999eacf910_0 .net "mem_write_data", 31 0, L_000002999e71ec50;  1 drivers
v000002999eacfd70_0 .net "mem_write_en", 0 0, L_000002999e71f3c0;  1 drivers
v000002999eacf9b0_0 .var/i "pass_count", 31 0;
v000002999eacf230_0 .var "rst_n", 0 0;
S_000002999e72d7b0 .scope task, "check_reg" "check_reg" 2 48, 2 48 0, S_000002999e72ca20;
 .timescale -9 -12;
v000002999e70f6c0_0 .var "expected", 31 0;
v000002999e70e9a0_0 .var "name", 255 0;
v000002999e70e680_0 .var "reg_num", 4 0;
TD_tb_memory.check_reg ;
    %delay 1000, 0;
    %load/vec4 v000002999e70e680_0;
    %pad/u 7;
    %ix/vec4 4;
    %load/vec4a v000002999eaccb40, 4;
    %load/vec4 v000002999e70f6c0_0;
    %cmp/e;
    %jmp/0xz  T_0.0, 6;
    %vpi_call 2 55 "$display", "  PASS  %s: x%0d = 0x%h", v000002999e70e9a0_0, v000002999e70e680_0, v000002999e70f6c0_0 {0 0 0};
    %load/vec4 v000002999eacf9b0_0;
    %addi 1, 0, 32;
    %store/vec4 v000002999eacf9b0_0, 0, 32;
    %jmp T_0.1;
T_0.0 ;
    %load/vec4 v000002999e70e680_0;
    %pad/u 7;
    %ix/vec4 4;
    %load/vec4a v000002999eaccb40, 4;
    %vpi_call 2 58 "$display", "  FAIL  %s: x%0d = 0x%h (expected 0x%h)", v000002999e70e9a0_0, v000002999e70e680_0, S<0,vec4,u32>, v000002999e70f6c0_0 {1 0 0};
    %load/vec4 v000002999eace510_0;
    %addi 1, 0, 32;
    %store/vec4 v000002999eace510_0, 0, 32;
T_0.1 ;
    %end;
S_000002999e721590 .scope module, "uut" "cpu_top" 2 32, 3 27 0, S_000002999e72ca20;
 .timescale -9 -12;
    .port_info 0 /INPUT 1 "clk";
    .port_info 1 /INPUT 1 "rst_n";
    .port_info 2 /OUTPUT 32 "mem_addr";
    .port_info 3 /OUTPUT 32 "mem_write_data";
    .port_info 4 /OUTPUT 1 "mem_write_en";
    .port_info 5 /OUTPUT 1 "mem_read_en";
    .port_info 6 /INPUT 32 "mem_read_data";
    .port_info 7 /OUTPUT 32 "debug_pc";
L_000002999e71ebe0 .functor BUFZ 32, v000002999eac2e40_0, C4<00000000000000000000000000000000>, C4<00000000000000000000000000000000>, C4<00000000000000000000000000000000>;
L_000002999e71e780 .functor AND 1, L_000002999eace790, L_000002999eacf050, C4<1>, C4<1>;
L_000002999e71efd0 .functor BUFZ 32, v000002999e70dbe0_0, C4<00000000000000000000000000000000>, C4<00000000000000000000000000000000>, C4<00000000000000000000000000000000>;
L_000002999e71ec50 .functor BUFZ 32, L_000002999eb29f80, C4<00000000000000000000000000000000>, C4<00000000000000000000000000000000>, C4<00000000000000000000000000000000>;
L_000002999e71f3c0 .functor AND 1, v000002999e6fab00_0, L_000002999eace8d0, C4<1>, C4<1>;
L_000002999e71e630 .functor AND 1, v000002999e70e900_0, L_000002999eacf5f0, C4<1>, C4<1>;
L_000002999e71e940 .functor AND 1, v000002999e6fab00_0, L_000002999e71e780, C4<1>, C4<1>;
L_000002999e71f120 .functor AND 1, v000002999e70e900_0, L_000002999e71e780, C4<1>, C4<1>;
L_000002999ead0598 .functor BUFT 1, C4<11111111111111111111111111111110>, C4<0>, C4<0>, C4<0>;
L_000002999e71ea20 .functor AND 32, L_000002999eb28400, L_000002999ead0598, C4<11111111111111111111111111111111>, C4<11111111111111111111111111111111>;
L_000002999e71f190 .functor BUFZ 32, v000002999eacf4b0_0, C4<00000000000000000000000000000000>, C4<00000000000000000000000000000000>, C4<00000000000000000000000000000000>;
v000002999eacdcc0_0 .net *"_ivl_17", 0 0, L_000002999eace8d0;  1 drivers
L_000002999ead0118 .functor BUFT 1, C4<00000000000000010000000000000000>, C4<0>, C4<0>, C4<0>;
v000002999eacc140_0 .net/2u *"_ivl_2", 31 0, L_000002999ead0118;  1 drivers
v000002999eacd9a0_0 .net *"_ivl_21", 0 0, L_000002999eacf5f0;  1 drivers
v000002999eacde00_0 .net *"_ivl_36", 31 0, L_000002999eb28400;  1 drivers
v000002999eacd180_0 .net/2u *"_ivl_38", 31 0, L_000002999ead0598;  1 drivers
v000002999eacc6e0_0 .net *"_ivl_4", 0 0, L_000002999eace790;  1 drivers
L_000002999ead05e0 .functor BUFT 1, C4<00000000000000000000000000000100>, C4<0>, C4<0>, C4<0>;
v000002999eacc500_0 .net/2u *"_ivl_44", 31 0, L_000002999ead05e0;  1 drivers
L_000002999ead0160 .functor BUFT 1, C4<00000000000000010011111111111111>, C4<0>, C4<0>, C4<0>;
v000002999eacda40_0 .net/2u *"_ivl_6", 31 0, L_000002999ead0160;  1 drivers
v000002999eacd900_0 .net *"_ivl_8", 0 0, L_000002999eacf050;  1 drivers
v000002999eacd220_0 .var "alu_in_a", 31 0;
v000002999eacc820_0 .var "alu_in_b", 31 0;
v000002999eaccc80_0 .net "alu_op", 3 0, v000002999e70f300_0;  1 drivers
v000002999eacc8c0_0 .net "alu_result", 31 0, v000002999e70dbe0_0;  1 drivers
v000002999eacc960_0 .net "alu_src_a", 0 0, v000002999e70eae0_0;  1 drivers
v000002999eacd860_0 .net "alu_src_b", 0 0, v000002999e70e7c0_0;  1 drivers
v000002999eacdfe0_0 .net "alu_zero", 0 0, L_000002999eb29760;  1 drivers
v000002999eacca00_0 .net "branch", 0 0, v000002999e70e360_0;  1 drivers
v000002999eaccbe0_0 .net "branch_target", 31 0, L_000002999eb29ee0;  1 drivers
v000002999eacdc20_0 .net "clk", 0 0, v000002999eacf550_0;  1 drivers
v000002999eacdd60_0 .net "debug_pc", 31 0, L_000002999e71ebe0;  alias, 1 drivers
v000002999eacdea0_0 .net "dmem_sel", 0 0, L_000002999e71e780;  1 drivers
v000002999eaccfa0_0 .net "imm", 31 0, v000002999eac3de0_0;  1 drivers
v000002999eacdf40_0 .net "imm_type", 2 0, v000002999e70ec20_0;  1 drivers
v000002999eacd040_0 .net "inst", 31 0, L_000002999eacf370;  1 drivers
v000002999eacd360_0 .net "internal_mem_read_data", 31 0, v000002999eac33e0_0;  1 drivers
v000002999eaccdc0_0 .net "jalr_target", 31 0, L_000002999e71ea20;  1 drivers
v000002999eacd0e0_0 .net "jump", 0 0, v000002999e70ecc0_0;  1 drivers
v000002999eacc1e0_0 .net "mem_addr", 31 0, L_000002999e71efd0;  alias, 1 drivers
v000002999eacc280_0 .net "mem_read", 0 0, v000002999e70e900_0;  1 drivers
v000002999eaccd20_0 .net "mem_read_data", 31 0, v000002999eacebf0_0;  1 drivers
v000002999eacd2c0_0 .net "mem_read_en", 0 0, L_000002999e71e630;  alias, 1 drivers
v000002999eacfeb0_0 .net "mem_write", 0 0, v000002999e6fab00_0;  1 drivers
v000002999eacff50_0 .net "mem_write_data", 31 0, L_000002999e71ec50;  alias, 1 drivers
v000002999eacf7d0_0 .net "mem_write_en", 0 0, L_000002999e71f3c0;  alias, 1 drivers
v000002999eace1f0_0 .net "next_pc", 31 0, L_000002999e71f190;  1 drivers
v000002999eacf4b0_0 .var "next_pc_temp", 31 0;
v000002999eace830_0 .net "pc", 31 0, v000002999eac2e40_0;  1 drivers
v000002999eace5b0_0 .net "pc_plus_4", 31 0, L_000002999eb29120;  1 drivers
v000002999eacf410_0 .net "pc_sel", 1 0, v000002999e70f120_0;  1 drivers
v000002999eacf190_0 .net "rd", 4 0, L_000002999eacefb0;  1 drivers
v000002999eacf730_0 .net "reg_write", 0 0, v000002999eac3840_0;  1 drivers
v000002999eace330_0 .var "reg_write_data", 31 0;
v000002999eaceab0_0 .net "rs1", 4 0, L_000002999eacef10;  1 drivers
v000002999eace3d0_0 .net "rs1_data", 31 0, L_000002999eacfe10;  1 drivers
v000002999eace470_0 .net "rs2", 4 0, L_000002999eacf690;  1 drivers
v000002999eace970_0 .net "rs2_data", 31 0, L_000002999eb29f80;  1 drivers
v000002999eacee70_0 .net "rst_n", 0 0, v000002999eacf230_0;  1 drivers
v000002999eacf0f0_0 .var "selected_mem_data", 31 0;
v000002999eace6f0_0 .net "wb_sel", 1 0, v000002999eac37a0_0;  1 drivers
E_000002999e713f50 .event anyedge, v000002999e70f120_0, v000002999eace5b0_0, v000002999eaccbe0_0, v000002999eaccdc0_0;
E_000002999e7137d0 .event anyedge, v000002999eac37a0_0, v000002999e70dbe0_0, v000002999eacf0f0_0, v000002999eac2c60_0;
E_000002999e713850 .event anyedge, v000002999eacdea0_0, v000002999eac33e0_0, v000002999eaccd20_0;
E_000002999e713890 .event anyedge, v000002999e70e7c0_0, v000002999eac3de0_0, v000002999eac32a0_0;
E_000002999e714050 .event anyedge, v000002999e70eae0_0, v000002999eac2c60_0, v000002999eacd720_0;
L_000002999eace790 .cmp/ge 32, v000002999e70dbe0_0, L_000002999ead0118;
L_000002999eacf050 .cmp/ge 32, L_000002999ead0160, v000002999e70dbe0_0;
L_000002999eace8d0 .reduce/nor L_000002999e71e780;
L_000002999eacf5f0 .reduce/nor L_000002999e71e780;
L_000002999eb296c0 .reduce/nor v000002999eacf230_0;
L_000002999eb28b80 .part L_000002999eacf370, 0, 7;
L_000002999eb294e0 .part L_000002999eacf370, 12, 3;
L_000002999eb28ae0 .part L_000002999eacf370, 12, 3;
L_000002999eb28400 .arith/sum 32, L_000002999eacfe10, v000002999eac3de0_0;
L_000002999eb29ee0 .arith/sum 32, v000002999eac2e40_0, v000002999eac3de0_0;
L_000002999eb29120 .arith/sum 32, v000002999eac2e40_0, L_000002999ead05e0;
S_000002999e72dda0 .scope module, "alu_inst" "alu" 3 164, 4 15 0, S_000002999e721590;
 .timescale -9 -12;
    .port_info 0 /INPUT 32 "a";
    .port_info 1 /INPUT 32 "b";
    .port_info 2 /INPUT 4 "alu_op";
    .port_info 3 /OUTPUT 32 "result";
    .port_info 4 /OUTPUT 1 "zero";
L_000002999ead0430 .functor BUFT 1, C4<00000000000000000000000000000000>, C4<0>, C4<0>, C4<0>;
v000002999e70e0e0_0 .net/2u *"_ivl_0", 31 0, L_000002999ead0430;  1 drivers
v000002999e70d960_0 .net "a", 31 0, v000002999eacd220_0;  1 drivers
v000002999e70df00_0 .net "alu_op", 3 0, v000002999e70f300_0;  alias, 1 drivers
v000002999e70e180_0 .net "b", 31 0, v000002999eacc820_0;  1 drivers
v000002999e70dbe0_0 .var "result", 31 0;
v000002999e70eb80_0 .net "zero", 0 0, L_000002999eb29760;  alias, 1 drivers
E_000002999e713450 .event anyedge, v000002999e70df00_0, v000002999e70d960_0, v000002999e70e180_0;
L_000002999eb29760 .cmp/eq 32, v000002999e70dbe0_0, L_000002999ead0430;
S_000002999e652490 .scope module, "ctrl" "control_unit" 3 152, 5 26 0, S_000002999e721590;
 .timescale -9 -12;
    .port_info 0 /INPUT 7 "opcode";
    .port_info 1 /INPUT 3 "funct3";
    .port_info 2 /INPUT 1 "branch";
    .port_info 3 /INPUT 1 "jump";
    .port_info 4 /INPUT 1 "alu_zero";
    .port_info 5 /INPUT 32 "alu_result";
    .port_info 6 /OUTPUT 1 "alu_src_a";
    .port_info 7 /OUTPUT 2 "pc_sel";
v000002999e70e720_0 .net "alu_result", 31 0, v000002999e70dbe0_0;  alias, 1 drivers
v000002999e70eae0_0 .var "alu_src_a", 0 0;
v000002999e70dd20_0 .net "alu_zero", 0 0, L_000002999eb29760;  alias, 1 drivers
v000002999e70e220_0 .net "branch", 0 0, v000002999e70e360_0;  alias, 1 drivers
v000002999e70e4a0_0 .var "branch_taken", 0 0;
v000002999e70da00_0 .net "funct3", 2 0, L_000002999eb294e0;  1 drivers
v000002999e70e2c0_0 .net "jump", 0 0, v000002999e70ecc0_0;  alias, 1 drivers
v000002999e70ea40_0 .net "opcode", 6 0, L_000002999eb28b80;  1 drivers
v000002999e70f120_0 .var "pc_sel", 1 0;
E_000002999e713a50 .event anyedge, v000002999e70ea40_0, v000002999e70e2c0_0, v000002999e70e4a0_0;
E_000002999e713a90 .event anyedge, v000002999e70e220_0, v000002999e70da00_0, v000002999e70eb80_0, v000002999e70dbe0_0;
S_000002999e652620 .scope module, "dec" "instruction_decoder" 3 115, 6 10 0, S_000002999e721590;
 .timescale -9 -12;
    .port_info 0 /INPUT 32 "inst";
    .port_info 1 /OUTPUT 5 "rs1";
    .port_info 2 /OUTPUT 5 "rs2";
    .port_info 3 /OUTPUT 5 "rd";
    .port_info 4 /OUTPUT 1 "reg_write";
    .port_info 5 /OUTPUT 3 "imm_type";
    .port_info 6 /OUTPUT 4 "alu_op";
    .port_info 7 /OUTPUT 1 "alu_src_b";
    .port_info 8 /OUTPUT 1 "branch";
    .port_info 9 /OUTPUT 1 "jump";
    .port_info 10 /OUTPUT 1 "mem_read";
    .port_info 11 /OUTPUT 1 "mem_write";
    .port_info 12 /OUTPUT 2 "wb_sel";
v000002999e70f300_0 .var "alu_op", 3 0;
v000002999e70e7c0_0 .var "alu_src_b", 0 0;
v000002999e70e360_0 .var "branch", 0 0;
v000002999e70dc80_0 .net "funct3", 2 0, L_000002999eacfaf0;  1 drivers
v000002999e70e5e0_0 .net "funct7", 6 0, L_000002999eace290;  1 drivers
v000002999e70ec20_0 .var "imm_type", 2 0;
v000002999e70e400_0 .net "inst", 31 0, L_000002999eacf370;  alias, 1 drivers
v000002999e70ecc0_0 .var "jump", 0 0;
v000002999e70e900_0 .var "mem_read", 0 0;
v000002999e6fab00_0 .var "mem_write", 0 0;
v000002999eac2760_0 .net "opcode", 6 0, L_000002999eacfa50;  1 drivers
v000002999eac3520_0 .net "rd", 4 0, L_000002999eacefb0;  alias, 1 drivers
v000002999eac3840_0 .var "reg_write", 0 0;
v000002999eac3b60_0 .net "rs1", 4 0, L_000002999eacef10;  alias, 1 drivers
v000002999eac35c0_0 .net "rs2", 4 0, L_000002999eacf690;  alias, 1 drivers
v000002999eac37a0_0 .var "wb_sel", 1 0;
E_000002999e713c90 .event anyedge, v000002999eac2760_0, v000002999e70dc80_0, v000002999e70e5e0_0;
L_000002999eacfa50 .part L_000002999eacf370, 0, 7;
L_000002999eacfaf0 .part L_000002999eacf370, 12, 3;
L_000002999eace290 .part L_000002999eacf370, 25, 7;
L_000002999eacef10 .part L_000002999eacf370, 15, 5;
L_000002999eacf690 .part L_000002999eacf370, 20, 5;
L_000002999eacefb0 .part L_000002999eacf370, 7, 5;
S_000002999e6ae290 .scope module, "dmem" "data_memory" 3 175, 7 26 0, S_000002999e721590;
 .timescale -9 -12;
    .port_info 0 /INPUT 1 "clk";
    .port_info 1 /INPUT 32 "addr";
    .port_info 2 /INPUT 32 "write_data";
    .port_info 3 /INPUT 1 "write_en";
    .port_info 4 /INPUT 1 "read_en";
    .port_info 5 /INPUT 3 "funct3";
    .port_info 6 /OUTPUT 32 "read_data";
L_000002999e71f040 .functor AND 1, L_000002999eb282c0, L_000002999eb28e00, C4<1>, C4<1>;
L_000002999ead0478 .functor BUFT 1, C4<00000000000000010000000000000000>, C4<0>, C4<0>, C4<0>;
v000002999eac2b20_0 .net/2u *"_ivl_0", 31 0, L_000002999ead0478;  1 drivers
v000002999eac3ca0_0 .net *"_ivl_14", 31 0, L_000002999eb2a020;  1 drivers
v000002999eac2440_0 .net *"_ivl_16", 13 0, L_000002999eb29da0;  1 drivers
L_000002999ead0508 .functor BUFT 1, C4<00>, C4<0>, C4<0>, C4<0>;
v000002999eac2120_0 .net *"_ivl_19", 1 0, L_000002999ead0508;  1 drivers
v000002999eac2620_0 .net *"_ivl_2", 0 0, L_000002999eb282c0;  1 drivers
L_000002999ead0550 .functor BUFT 1, C4<00000000000000000000000000000000>, C4<0>, C4<0>, C4<0>;
v000002999eac2800_0 .net/2u *"_ivl_20", 31 0, L_000002999ead0550;  1 drivers
L_000002999ead04c0 .functor BUFT 1, C4<00000000000000010011111111111111>, C4<0>, C4<0>, C4<0>;
v000002999eac21c0_0 .net/2u *"_ivl_4", 31 0, L_000002999ead04c0;  1 drivers
v000002999eac3660_0 .net *"_ivl_6", 0 0, L_000002999eb28e00;  1 drivers
v000002999eac28a0_0 .net "addr", 31 0, v000002999e70dbe0_0;  alias, 1 drivers
v000002999eac24e0_0 .net "addr_valid", 0 0, L_000002999e71f040;  1 drivers
v000002999eac2260_0 .net "byte_offset", 1 0, L_000002999eb28900;  1 drivers
v000002999eac2bc0_0 .net "clk", 0 0, v000002999eacf550_0;  alias, 1 drivers
v000002999eac2300_0 .net "funct3", 2 0, L_000002999eb28ae0;  1 drivers
v000002999eac3700_0 .var/i "i", 31 0;
v000002999eac38e0 .array "mem", 4095 0, 31 0;
v000002999eac23a0_0 .net "raw_data", 31 0, L_000002999eb28ea0;  1 drivers
v000002999eac33e0_0 .var "read_data", 31 0;
v000002999eac3480_0 .net "read_en", 0 0, L_000002999e71f120;  1 drivers
v000002999eac3980_0 .net "word_addr", 11 0, L_000002999eb29bc0;  1 drivers
v000002999eac32a0_0 .net "write_data", 31 0, L_000002999eb29f80;  alias, 1 drivers
v000002999eac3a20_0 .net "write_en", 0 0, L_000002999e71e940;  1 drivers
E_000002999e715bd0/0 .event anyedge, v000002999eac3480_0, v000002999eac24e0_0, v000002999eac2300_0, v000002999eac23a0_0;
E_000002999e715bd0/1 .event anyedge, v000002999eac2260_0;
E_000002999e715bd0 .event/or E_000002999e715bd0/0, E_000002999e715bd0/1;
E_000002999e716110 .event posedge, v000002999eac2bc0_0;
L_000002999eb282c0 .cmp/ge 32, v000002999e70dbe0_0, L_000002999ead0478;
L_000002999eb28e00 .cmp/ge 32, L_000002999ead04c0, v000002999e70dbe0_0;
L_000002999eb29bc0 .part v000002999e70dbe0_0, 2, 12;
L_000002999eb28900 .part v000002999e70dbe0_0, 0, 2;
L_000002999eb2a020 .array/port v000002999eac38e0, L_000002999eb29da0;
L_000002999eb29da0 .concat [ 12 2 0 0], L_000002999eb29bc0, L_000002999ead0508;
L_000002999eb28ea0 .functor MUXZ 32, L_000002999ead0550, L_000002999eb2a020, L_000002999e71f040, C4<>;
S_000002999e6ae420 .scope module, "igen" "imm_gen" 3 132, 8 10 0, S_000002999e721590;
 .timescale -9 -12;
    .port_info 0 /INPUT 32 "inst";
    .port_info 1 /INPUT 3 "imm_type";
    .port_info 2 /OUTPUT 32 "imm";
v000002999eac3de0_0 .var "imm", 31 0;
v000002999eac3d40_0 .net "imm_type", 2 0, v000002999e70ec20_0;  alias, 1 drivers
v000002999eac2580_0 .net "inst", 31 0, L_000002999eacf370;  alias, 1 drivers
E_000002999e715650 .event anyedge, v000002999e70ec20_0, v000002999e70e400_0;
S_000002999e6c94d0 .scope module, "imem" "instruction_memory" 3 109, 9 24 0, S_000002999e721590;
 .timescale -9 -12;
    .port_info 0 /INPUT 32 "addr";
    .port_info 1 /OUTPUT 32 "dout";
L_000002999ead01f0 .functor BUFT 1, C4<00>, C4<0>, C4<0>, C4<0>;
v000002999eac3ac0_0 .net *"_ivl_11", 1 0, L_000002999ead01f0;  1 drivers
L_000002999ead0238 .functor BUFT 1, C4<00000000000000000000000000010011>, C4<0>, C4<0>, C4<0>;
v000002999eac2940_0 .net/2u *"_ivl_12", 31 0, L_000002999ead0238;  1 drivers
L_000002999ead01a8 .functor BUFT 1, C4<00000000000000000100000000000000>, C4<0>, C4<0>, C4<0>;
v000002999eac3c00_0 .net/2u *"_ivl_2", 31 0, L_000002999ead01a8;  1 drivers
v000002999eac3e80_0 .net *"_ivl_4", 0 0, L_000002999eacf870;  1 drivers
v000002999eac26c0_0 .net *"_ivl_6", 31 0, L_000002999eaced30;  1 drivers
v000002999eac3f20_0 .net *"_ivl_8", 13 0, L_000002999eacfc30;  1 drivers
v000002999eac2c60_0 .net "addr", 31 0, v000002999eac2e40_0;  alias, 1 drivers
v000002999eac29e0_0 .net "dout", 31 0, L_000002999eacf370;  alias, 1 drivers
v000002999eac2f80_0 .var/i "i", 31 0;
v000002999eac3fc0 .array "mem", 4095 0, 31 0;
v000002999eac2a80_0 .net "word_addr", 11 0, L_000002999eacf2d0;  1 drivers
L_000002999eacf2d0 .part v000002999eac2e40_0, 2, 12;
L_000002999eacf870 .cmp/gt 32, L_000002999ead01a8, v000002999eac2e40_0;
L_000002999eaced30 .array/port v000002999eac3fc0, L_000002999eacfc30;
L_000002999eacfc30 .concat [ 12 2 0 0], L_000002999eacf2d0, L_000002999ead01f0;
L_000002999eacf370 .functor MUXZ 32, L_000002999ead0238, L_000002999eaced30, L_000002999eacf870, C4<>;
S_000002999e6c9660 .scope module, "pc_reg" "program_counter" 3 101, 10 23 0, S_000002999e721590;
 .timescale -9 -12;
    .port_info 0 /INPUT 1 "clk";
    .port_info 1 /INPUT 1 "rst_n";
    .port_info 2 /INPUT 32 "pc_in";
    .port_info 3 /OUTPUT 32 "pc_out";
v000002999eac2d00_0 .net "clk", 0 0, v000002999eacf550_0;  alias, 1 drivers
v000002999eac2da0_0 .net "pc_in", 31 0, L_000002999e71f190;  alias, 1 drivers
v000002999eac2e40_0 .var "pc_out", 31 0;
v000002999eac2ee0_0 .net "rst_n", 0 0, v000002999eacf230_0;  alias, 1 drivers
E_000002999e715210/0 .event negedge, v000002999eac2ee0_0;
E_000002999e715210/1 .event posedge, v000002999eac2bc0_0;
E_000002999e715210 .event/or E_000002999e715210/0, E_000002999e715210/1;
S_000002999e6d3430 .scope module, "regfile" "register_file" 3 139, 11 10 0, S_000002999e721590;
 .timescale -9 -12;
    .port_info 0 /INPUT 1 "clk";
    .port_info 1 /INPUT 1 "rst";
    .port_info 2 /INPUT 5 "rs1";
    .port_info 3 /OUTPUT 32 "rd1";
    .port_info 4 /INPUT 5 "rs2";
    .port_info 5 /OUTPUT 32 "rd2";
    .port_info 6 /INPUT 5 "rd";
    .port_info 7 /INPUT 32 "wd";
    .port_info 8 /INPUT 1 "we";
L_000002999ead0280 .functor BUFT 1, C4<00000>, C4<0>, C4<0>, C4<0>;
v000002999eac30c0_0 .net/2u *"_ivl_0", 4 0, L_000002999ead0280;  1 drivers
L_000002999ead0310 .functor BUFT 1, C4<00>, C4<0>, C4<0>, C4<0>;
v000002999eac3340_0 .net *"_ivl_11", 1 0, L_000002999ead0310;  1 drivers
L_000002999ead0358 .functor BUFT 1, C4<00000>, C4<0>, C4<0>, C4<0>;
v000002999eac3160_0 .net/2u *"_ivl_14", 4 0, L_000002999ead0358;  1 drivers
v000002999eac3200_0 .net *"_ivl_16", 0 0, L_000002999eace150;  1 drivers
L_000002999ead03a0 .functor BUFT 1, C4<00000000000000000000000000000000>, C4<0>, C4<0>, C4<0>;
v000002999eacd680_0 .net/2u *"_ivl_18", 31 0, L_000002999ead03a0;  1 drivers
v000002999eacc320_0 .net *"_ivl_2", 0 0, L_000002999eacfcd0;  1 drivers
v000002999eacd4a0_0 .net *"_ivl_20", 31 0, L_000002999eb29d00;  1 drivers
v000002999eaccaa0_0 .net *"_ivl_22", 6 0, L_000002999eb293a0;  1 drivers
L_000002999ead03e8 .functor BUFT 1, C4<00>, C4<0>, C4<0>, C4<0>;
v000002999eacc460_0 .net *"_ivl_25", 1 0, L_000002999ead03e8;  1 drivers
L_000002999ead02c8 .functor BUFT 1, C4<00000000000000000000000000000000>, C4<0>, C4<0>, C4<0>;
v000002999eacd540_0 .net/2u *"_ivl_4", 31 0, L_000002999ead02c8;  1 drivers
v000002999eaccf00_0 .net *"_ivl_6", 31 0, L_000002999eacfff0;  1 drivers
v000002999eacc780_0 .net *"_ivl_8", 6 0, L_000002999eacedd0;  1 drivers
v000002999eacd5e0_0 .net "clk", 0 0, v000002999eacf550_0;  alias, 1 drivers
v000002999eacc3c0_0 .var/i "i", 31 0;
v000002999eacdb80_0 .net "rd", 4 0, L_000002999eacefb0;  alias, 1 drivers
v000002999eacd720_0 .net "rd1", 31 0, L_000002999eacfe10;  alias, 1 drivers
v000002999eacd7c0_0 .net "rd2", 31 0, L_000002999eb29f80;  alias, 1 drivers
v000002999eaccb40 .array "regs", 0 31, 31 0;
v000002999eacdae0_0 .net "rs1", 4 0, L_000002999eacef10;  alias, 1 drivers
v000002999eacc640_0 .net "rs2", 4 0, L_000002999eacf690;  alias, 1 drivers
v000002999eacce60_0 .net "rst", 0 0, L_000002999eb296c0;  1 drivers
v000002999eacc5a0_0 .net "wd", 31 0, v000002999eace330_0;  1 drivers
v000002999eacd400_0 .net "we", 0 0, v000002999eac3840_0;  alias, 1 drivers
L_000002999eacfcd0 .cmp/eq 5, L_000002999eacef10, L_000002999ead0280;
L_000002999eacfff0 .array/port v000002999eaccb40, L_000002999eacedd0;
L_000002999eacedd0 .concat [ 5 2 0 0], L_000002999eacef10, L_000002999ead0310;
L_000002999eacfe10 .functor MUXZ 32, L_000002999eacfff0, L_000002999ead02c8, L_000002999eacfcd0, C4<>;
L_000002999eace150 .cmp/eq 5, L_000002999eacf690, L_000002999ead0358;
L_000002999eb29d00 .array/port v000002999eaccb40, L_000002999eb293a0;
L_000002999eb293a0 .concat [ 5 2 0 0], L_000002999eacf690, L_000002999ead03e8;
L_000002999eb29f80 .functor MUXZ 32, L_000002999eb29d00, L_000002999ead03a0, L_000002999eace150, C4<>;
S_000002999e348300 .scope task, "wait_cycles" "wait_cycles" 2 66, 2 66 0, S_000002999e72ca20;
 .timescale -9 -12;
v000002999eace650_0 .var/i "j", 31 0;
v000002999eaceb50_0 .var/i "n", 31 0;
TD_tb_memory.wait_cycles ;
    %pushi/vec4 0, 0, 32;
    %store/vec4 v000002999eace650_0, 0, 32;
T_1.2 ;
    %load/vec4 v000002999eace650_0;
    %load/vec4 v000002999eaceb50_0;
    %cmp/s;
    %jmp/0xz T_1.3, 5;
    %wait E_000002999e716110;
    %load/vec4 v000002999eace650_0;
    %addi 1, 0, 32;
    %store/vec4 v000002999eace650_0, 0, 32;
    %jmp T_1.2;
T_1.3 ;
    %delay 1000, 0;
    %end;
    .scope S_000002999e6c9660;
T_2 ;
    %wait E_000002999e715210;
    %load/vec4 v000002999eac2ee0_0;
    %nor/r;
    %flag_set/vec4 8;
    %jmp/0xz  T_2.0, 8;
    %pushi/vec4 0, 0, 32;
    %assign/vec4 v000002999eac2e40_0, 0;
    %jmp T_2.1;
T_2.0 ;
    %load/vec4 v000002999eac2da0_0;
    %assign/vec4 v000002999eac2e40_0, 0;
T_2.1 ;
    %jmp T_2;
    .thread T_2;
    .scope S_000002999e6c94d0;
T_3 ;
    %pushi/vec4 0, 0, 32;
    %store/vec4 v000002999eac2f80_0, 0, 32;
T_3.0 ;
    %load/vec4 v000002999eac2f80_0;
    %cmpi/s 4096, 0, 32;
    %jmp/0xz T_3.1, 5;
    %pushi/vec4 19, 0, 32;
    %ix/getv/s 4, v000002999eac2f80_0;
    %store/vec4a v000002999eac3fc0, 4, 0;
    %load/vec4 v000002999eac2f80_0;
    %addi 1, 0, 32;
    %store/vec4 v000002999eac2f80_0, 0, 32;
    %jmp T_3.0;
T_3.1 ;
    %end;
    .thread T_3;
    .scope S_000002999e652620;
T_4 ;
    %wait E_000002999e713c90;
    %pushi/vec4 0, 0, 1;
    %store/vec4 v000002999eac3840_0, 0, 1;
    %pushi/vec4 0, 0, 3;
    %store/vec4 v000002999e70ec20_0, 0, 3;
    %pushi/vec4 0, 0, 4;
    %store/vec4 v000002999e70f300_0, 0, 4;
    %pushi/vec4 0, 0, 1;
    %store/vec4 v000002999e70e7c0_0, 0, 1;
    %pushi/vec4 0, 0, 1;
    %store/vec4 v000002999e70e360_0, 0, 1;
    %pushi/vec4 0, 0, 1;
    %store/vec4 v000002999e70ecc0_0, 0, 1;
    %pushi/vec4 0, 0, 1;
    %store/vec4 v000002999e70e900_0, 0, 1;
    %pushi/vec4 0, 0, 1;
    %store/vec4 v000002999e6fab00_0, 0, 1;
    %pushi/vec4 0, 0, 2;
    %store/vec4 v000002999eac37a0_0, 0, 2;
    %load/vec4 v000002999eac2760_0;
    %dup/vec4;
    %pushi/vec4 51, 0, 7;
    %cmp/u;
    %jmp/1 T_4.0, 6;
    %dup/vec4;
    %pushi/vec4 19, 0, 7;
    %cmp/u;
    %jmp/1 T_4.1, 6;
    %dup/vec4;
    %pushi/vec4 55, 0, 7;
    %cmp/u;
    %jmp/1 T_4.2, 6;
    %dup/vec4;
    %pushi/vec4 23, 0, 7;
    %cmp/u;
    %jmp/1 T_4.3, 6;
    %dup/vec4;
    %pushi/vec4 99, 0, 7;
    %cmp/u;
    %jmp/1 T_4.4, 6;
    %dup/vec4;
    %pushi/vec4 3, 0, 7;
    %cmp/u;
    %jmp/1 T_4.5, 6;
    %dup/vec4;
    %pushi/vec4 35, 0, 7;
    %cmp/u;
    %jmp/1 T_4.6, 6;
    %dup/vec4;
    %pushi/vec4 111, 0, 7;
    %cmp/u;
    %jmp/1 T_4.7, 6;
    %dup/vec4;
    %pushi/vec4 103, 0, 7;
    %cmp/u;
    %jmp/1 T_4.8, 6;
    %jmp T_4.10;
T_4.0 ;
    %pushi/vec4 1, 0, 1;
    %store/vec4 v000002999eac3840_0, 0, 1;
    %pushi/vec4 0, 0, 1;
    %store/vec4 v000002999e70e7c0_0, 0, 1;
    %pushi/vec4 0, 0, 2;
    %store/vec4 v000002999eac37a0_0, 0, 2;
    %load/vec4 v000002999e70dc80_0;
    %dup/vec4;
    %pushi/vec4 0, 0, 3;
    %cmp/u;
    %jmp/1 T_4.11, 6;
    %dup/vec4;
    %pushi/vec4 1, 0, 3;
    %cmp/u;
    %jmp/1 T_4.12, 6;
    %dup/vec4;
    %pushi/vec4 2, 0, 3;
    %cmp/u;
    %jmp/1 T_4.13, 6;
    %dup/vec4;
    %pushi/vec4 3, 0, 3;
    %cmp/u;
    %jmp/1 T_4.14, 6;
    %dup/vec4;
    %pushi/vec4 4, 0, 3;
    %cmp/u;
    %jmp/1 T_4.15, 6;
    %dup/vec4;
    %pushi/vec4 5, 0, 3;
    %cmp/u;
    %jmp/1 T_4.16, 6;
    %dup/vec4;
    %pushi/vec4 6, 0, 3;
    %cmp/u;
    %jmp/1 T_4.17, 6;
    %dup/vec4;
    %pushi/vec4 7, 0, 3;
    %cmp/u;
    %jmp/1 T_4.18, 6;
    %pushi/vec4 0, 0, 4;
    %store/vec4 v000002999e70f300_0, 0, 4;
    %jmp T_4.20;
T_4.11 ;
    %load/vec4 v000002999e70e5e0_0;
    %cmpi/e 32, 0, 7;
    %flag_mov 8, 4;
    %jmp/0 T_4.21, 8;
    %pushi/vec4 1, 0, 4;
    %jmp/1 T_4.22, 8;
T_4.21 ; End of true expr.
    %pushi/vec4 0, 0, 4;
    %jmp/0 T_4.22, 8;
 ; End of false expr.
    %blend;
T_4.22;
    %store/vec4 v000002999e70f300_0, 0, 4;
    %jmp T_4.20;
T_4.12 ;
    %pushi/vec4 5, 0, 4;
    %store/vec4 v000002999e70f300_0, 0, 4;
    %jmp T_4.20;
T_4.13 ;
    %pushi/vec4 8, 0, 4;
    %store/vec4 v000002999e70f300_0, 0, 4;
    %jmp T_4.20;
T_4.14 ;
    %pushi/vec4 9, 0, 4;
    %store/vec4 v000002999e70f300_0, 0, 4;
    %jmp T_4.20;
T_4.15 ;
    %pushi/vec4 4, 0, 4;
    %store/vec4 v000002999e70f300_0, 0, 4;
    %jmp T_4.20;
T_4.16 ;
    %load/vec4 v000002999e70e5e0_0;
    %cmpi/e 32, 0, 7;
    %flag_mov 8, 4;
    %jmp/0 T_4.23, 8;
    %pushi/vec4 7, 0, 4;
    %jmp/1 T_4.24, 8;
T_4.23 ; End of true expr.
    %pushi/vec4 6, 0, 4;
    %jmp/0 T_4.24, 8;
 ; End of false expr.
    %blend;
T_4.24;
    %store/vec4 v000002999e70f300_0, 0, 4;
    %jmp T_4.20;
T_4.17 ;
    %pushi/vec4 3, 0, 4;
    %store/vec4 v000002999e70f300_0, 0, 4;
    %jmp T_4.20;
T_4.18 ;
    %pushi/vec4 2, 0, 4;
    %store/vec4 v000002999e70f300_0, 0, 4;
    %jmp T_4.20;
T_4.20 ;
    %pop/vec4 1;
    %jmp T_4.10;
T_4.1 ;
    %pushi/vec4 1, 0, 1;
    %store/vec4 v000002999eac3840_0, 0, 1;
    %pushi/vec4 1, 0, 1;
    %store/vec4 v000002999e70e7c0_0, 0, 1;
    %pushi/vec4 0, 0, 3;
    %store/vec4 v000002999e70ec20_0, 0, 3;
    %pushi/vec4 0, 0, 2;
    %store/vec4 v000002999eac37a0_0, 0, 2;
    %load/vec4 v000002999e70dc80_0;
    %dup/vec4;
    %pushi/vec4 0, 0, 3;
    %cmp/u;
    %jmp/1 T_4.25, 6;
    %dup/vec4;
    %pushi/vec4 1, 0, 3;
    %cmp/u;
    %jmp/1 T_4.26, 6;
    %dup/vec4;
    %pushi/vec4 2, 0, 3;
    %cmp/u;
    %jmp/1 T_4.27, 6;
    %dup/vec4;
    %pushi/vec4 3, 0, 3;
    %cmp/u;
    %jmp/1 T_4.28, 6;
    %dup/vec4;
    %pushi/vec4 4, 0, 3;
    %cmp/u;
    %jmp/1 T_4.29, 6;
    %dup/vec4;
    %pushi/vec4 5, 0, 3;
    %cmp/u;
    %jmp/1 T_4.30, 6;
    %dup/vec4;
    %pushi/vec4 6, 0, 3;
    %cmp/u;
    %jmp/1 T_4.31, 6;
    %dup/vec4;
    %pushi/vec4 7, 0, 3;
    %cmp/u;
    %jmp/1 T_4.32, 6;
    %pushi/vec4 0, 0, 4;
    %store/vec4 v000002999e70f300_0, 0, 4;
    %jmp T_4.34;
T_4.25 ;
    %pushi/vec4 0, 0, 4;
    %store/vec4 v000002999e70f300_0, 0, 4;
    %jmp T_4.34;
T_4.26 ;
    %pushi/vec4 5, 0, 4;
    %store/vec4 v000002999e70f300_0, 0, 4;
    %jmp T_4.34;
T_4.27 ;
    %pushi/vec4 8, 0, 4;
    %store/vec4 v000002999e70f300_0, 0, 4;
    %jmp T_4.34;
T_4.28 ;
    %pushi/vec4 9, 0, 4;
    %store/vec4 v000002999e70f300_0, 0, 4;
    %jmp T_4.34;
T_4.29 ;
    %pushi/vec4 4, 0, 4;
    %store/vec4 v000002999e70f300_0, 0, 4;
    %jmp T_4.34;
T_4.30 ;
    %load/vec4 v000002999e70e5e0_0;
    %cmpi/e 32, 0, 7;
    %flag_mov 8, 4;
    %jmp/0 T_4.35, 8;
    %pushi/vec4 7, 0, 4;
    %jmp/1 T_4.36, 8;
T_4.35 ; End of true expr.
    %pushi/vec4 6, 0, 4;
    %jmp/0 T_4.36, 8;
 ; End of false expr.
    %blend;
T_4.36;
    %store/vec4 v000002999e70f300_0, 0, 4;
    %jmp T_4.34;
T_4.31 ;
    %pushi/vec4 3, 0, 4;
    %store/vec4 v000002999e70f300_0, 0, 4;
    %jmp T_4.34;
T_4.32 ;
    %pushi/vec4 2, 0, 4;
    %store/vec4 v000002999e70f300_0, 0, 4;
    %jmp T_4.34;
T_4.34 ;
    %pop/vec4 1;
    %jmp T_4.10;
T_4.2 ;
    %pushi/vec4 1, 0, 1;
    %store/vec4 v000002999eac3840_0, 0, 1;
    %pushi/vec4 3, 0, 3;
    %store/vec4 v000002999e70ec20_0, 0, 3;
    %pushi/vec4 1, 0, 1;
    %store/vec4 v000002999e70e7c0_0, 0, 1;
    %pushi/vec4 10, 0, 4;
    %store/vec4 v000002999e70f300_0, 0, 4;
    %pushi/vec4 0, 0, 2;
    %store/vec4 v000002999eac37a0_0, 0, 2;
    %jmp T_4.10;
T_4.3 ;
    %pushi/vec4 1, 0, 1;
    %store/vec4 v000002999eac3840_0, 0, 1;
    %pushi/vec4 3, 0, 3;
    %store/vec4 v000002999e70ec20_0, 0, 3;
    %pushi/vec4 1, 0, 1;
    %store/vec4 v000002999e70e7c0_0, 0, 1;
    %pushi/vec4 0, 0, 4;
    %store/vec4 v000002999e70f300_0, 0, 4;
    %pushi/vec4 0, 0, 2;
    %store/vec4 v000002999eac37a0_0, 0, 2;
    %jmp T_4.10;
T_4.4 ;
    %pushi/vec4 1, 0, 1;
    %store/vec4 v000002999e70e360_0, 0, 1;
    %pushi/vec4 2, 0, 3;
    %store/vec4 v000002999e70ec20_0, 0, 3;
    %pushi/vec4 0, 0, 1;
    %store/vec4 v000002999e70e7c0_0, 0, 1;
    %load/vec4 v000002999e70dc80_0;
    %dup/vec4;
    %pushi/vec4 0, 0, 3;
    %cmp/u;
    %jmp/1 T_4.37, 6;
    %dup/vec4;
    %pushi/vec4 1, 0, 3;
    %cmp/u;
    %jmp/1 T_4.38, 6;
    %dup/vec4;
    %pushi/vec4 4, 0, 3;
    %cmp/u;
    %jmp/1 T_4.39, 6;
    %dup/vec4;
    %pushi/vec4 5, 0, 3;
    %cmp/u;
    %jmp/1 T_4.40, 6;
    %dup/vec4;
    %pushi/vec4 6, 0, 3;
    %cmp/u;
    %jmp/1 T_4.41, 6;
    %dup/vec4;
    %pushi/vec4 7, 0, 3;
    %cmp/u;
    %jmp/1 T_4.42, 6;
    %pushi/vec4 1, 0, 4;
    %store/vec4 v000002999e70f300_0, 0, 4;
    %jmp T_4.44;
T_4.37 ;
    %pushi/vec4 1, 0, 4;
    %store/vec4 v000002999e70f300_0, 0, 4;
    %jmp T_4.44;
T_4.38 ;
    %pushi/vec4 1, 0, 4;
    %store/vec4 v000002999e70f300_0, 0, 4;
    %jmp T_4.44;
T_4.39 ;
    %pushi/vec4 8, 0, 4;
    %store/vec4 v000002999e70f300_0, 0, 4;
    %jmp T_4.44;
T_4.40 ;
    %pushi/vec4 8, 0, 4;
    %store/vec4 v000002999e70f300_0, 0, 4;
    %jmp T_4.44;
T_4.41 ;
    %pushi/vec4 9, 0, 4;
    %store/vec4 v000002999e70f300_0, 0, 4;
    %jmp T_4.44;
T_4.42 ;
    %pushi/vec4 9, 0, 4;
    %store/vec4 v000002999e70f300_0, 0, 4;
    %jmp T_4.44;
T_4.44 ;
    %pop/vec4 1;
    %jmp T_4.10;
T_4.5 ;
    %pushi/vec4 1, 0, 1;
    %store/vec4 v000002999eac3840_0, 0, 1;
    %pushi/vec4 1, 0, 1;
    %store/vec4 v000002999e70e900_0, 0, 1;
    %pushi/vec4 0, 0, 3;
    %store/vec4 v000002999e70ec20_0, 0, 3;
    %pushi/vec4 1, 0, 1;
    %store/vec4 v000002999e70e7c0_0, 0, 1;
    %pushi/vec4 0, 0, 4;
    %store/vec4 v000002999e70f300_0, 0, 4;
    %pushi/vec4 1, 0, 2;
    %store/vec4 v000002999eac37a0_0, 0, 2;
    %jmp T_4.10;
T_4.6 ;
    %pushi/vec4 1, 0, 1;
    %store/vec4 v000002999e6fab00_0, 0, 1;
    %pushi/vec4 1, 0, 3;
    %store/vec4 v000002999e70ec20_0, 0, 3;
    %pushi/vec4 1, 0, 1;
    %store/vec4 v000002999e70e7c0_0, 0, 1;
    %pushi/vec4 0, 0, 4;
    %store/vec4 v000002999e70f300_0, 0, 4;
    %jmp T_4.10;
T_4.7 ;
    %pushi/vec4 1, 0, 1;
    %store/vec4 v000002999eac3840_0, 0, 1;
    %pushi/vec4 1, 0, 1;
    %store/vec4 v000002999e70ecc0_0, 0, 1;
    %pushi/vec4 4, 0, 3;
    %store/vec4 v000002999e70ec20_0, 0, 3;
    %pushi/vec4 2, 0, 2;
    %store/vec4 v000002999eac37a0_0, 0, 2;
    %jmp T_4.10;
T_4.8 ;
    %pushi/vec4 1, 0, 1;
    %store/vec4 v000002999eac3840_0, 0, 1;
    %pushi/vec4 1, 0, 1;
    %store/vec4 v000002999e70ecc0_0, 0, 1;
    %pushi/vec4 0, 0, 3;
    %store/vec4 v000002999e70ec20_0, 0, 3;
    %pushi/vec4 2, 0, 2;
    %store/vec4 v000002999eac37a0_0, 0, 2;
    %jmp T_4.10;
T_4.10 ;
    %pop/vec4 1;
    %jmp T_4;
    .thread T_4, $push;
    .scope S_000002999e6ae420;
T_5 ;
    %wait E_000002999e715650;
    %load/vec4 v000002999eac3d40_0;
    %dup/vec4;
    %pushi/vec4 0, 0, 3;
    %cmp/u;
    %jmp/1 T_5.0, 6;
    %dup/vec4;
    %pushi/vec4 1, 0, 3;
    %cmp/u;
    %jmp/1 T_5.1, 6;
    %dup/vec4;
    %pushi/vec4 2, 0, 3;
    %cmp/u;
    %jmp/1 T_5.2, 6;
    %dup/vec4;
    %pushi/vec4 3, 0, 3;
    %cmp/u;
    %jmp/1 T_5.3, 6;
    %dup/vec4;
    %pushi/vec4 4, 0, 3;
    %cmp/u;
    %jmp/1 T_5.4, 6;
    %pushi/vec4 0, 0, 32;
    %store/vec4 v000002999eac3de0_0, 0, 32;
    %jmp T_5.6;
T_5.0 ;
    %load/vec4 v000002999eac2580_0;
    %parti/s 1, 31, 6;
    %replicate 20;
    %load/vec4 v000002999eac2580_0;
    %parti/s 12, 20, 6;
    %concat/vec4; draw_concat_vec4
    %store/vec4 v000002999eac3de0_0, 0, 32;
    %jmp T_5.6;
T_5.1 ;
    %load/vec4 v000002999eac2580_0;
    %parti/s 1, 31, 6;
    %replicate 20;
    %load/vec4 v000002999eac2580_0;
    %parti/s 7, 25, 6;
    %concat/vec4; draw_concat_vec4
    %load/vec4 v000002999eac2580_0;
    %parti/s 5, 7, 4;
    %concat/vec4; draw_concat_vec4
    %store/vec4 v000002999eac3de0_0, 0, 32;
    %jmp T_5.6;
T_5.2 ;
    %load/vec4 v000002999eac2580_0;
    %parti/s 1, 31, 6;
    %replicate 20;
    %load/vec4 v000002999eac2580_0;
    %parti/s 1, 7, 4;
    %concat/vec4; draw_concat_vec4
    %load/vec4 v000002999eac2580_0;
    %parti/s 6, 25, 6;
    %concat/vec4; draw_concat_vec4
    %load/vec4 v000002999eac2580_0;
    %parti/s 4, 8, 5;
    %concat/vec4; draw_concat_vec4
    %concati/vec4 0, 0, 1;
    %store/vec4 v000002999eac3de0_0, 0, 32;
    %jmp T_5.6;
T_5.3 ;
    %load/vec4 v000002999eac2580_0;
    %parti/s 20, 12, 5;
    %concati/vec4 0, 0, 12;
    %store/vec4 v000002999eac3de0_0, 0, 32;
    %jmp T_5.6;
T_5.4 ;
    %load/vec4 v000002999eac2580_0;
    %parti/s 1, 31, 6;
    %replicate 12;
    %load/vec4 v000002999eac2580_0;
    %parti/s 8, 12, 5;
    %concat/vec4; draw_concat_vec4
    %load/vec4 v000002999eac2580_0;
    %parti/s 1, 20, 6;
    %concat/vec4; draw_concat_vec4
    %load/vec4 v000002999eac2580_0;
    %parti/s 10, 21, 6;
    %concat/vec4; draw_concat_vec4
    %concati/vec4 0, 0, 1;
    %store/vec4 v000002999eac3de0_0, 0, 32;
    %jmp T_5.6;
T_5.6 ;
    %pop/vec4 1;
    %jmp T_5;
    .thread T_5, $push;
    .scope S_000002999e6d3430;
T_6 ;
    %wait E_000002999e716110;
    %load/vec4 v000002999eacce60_0;
    %flag_set/vec4 8;
    %jmp/0xz  T_6.0, 8;
    %pushi/vec4 0, 0, 32;
    %store/vec4 v000002999eacc3c0_0, 0, 32;
T_6.2 ;
    %load/vec4 v000002999eacc3c0_0;
    %cmpi/s 32, 0, 32;
    %jmp/0xz T_6.3, 5;
    %pushi/vec4 0, 0, 32;
    %ix/getv/s 3, v000002999eacc3c0_0;
    %ix/load 4, 0, 0; Constant delay
    %assign/vec4/a/d v000002999eaccb40, 0, 4;
    %load/vec4 v000002999eacc3c0_0;
    %addi 1, 0, 32;
    %store/vec4 v000002999eacc3c0_0, 0, 32;
    %jmp T_6.2;
T_6.3 ;
    %jmp T_6.1;
T_6.0 ;
    %load/vec4 v000002999eacd400_0;
    %flag_set/vec4 9;
    %flag_get/vec4 9;
    %jmp/0 T_6.6, 9;
    %load/vec4 v000002999eacdb80_0;
    %pushi/vec4 0, 0, 5;
    %cmp/ne;
    %flag_get/vec4 4;
    %and;
T_6.6;
    %flag_set/vec4 8;
    %jmp/0xz  T_6.4, 8;
    %load/vec4 v000002999eacc5a0_0;
    %load/vec4 v000002999eacdb80_0;
    %pad/u 7;
    %ix/vec4 3;
    %ix/load 4, 0, 0; Constant delay
    %assign/vec4/a/d v000002999eaccb40, 0, 4;
T_6.4 ;
T_6.1 ;
    %jmp T_6;
    .thread T_6;
    .scope S_000002999e652490;
T_7 ;
    %wait E_000002999e713a90;
    %pushi/vec4 0, 0, 1;
    %store/vec4 v000002999e70e4a0_0, 0, 1;
    %load/vec4 v000002999e70e220_0;
    %flag_set/vec4 8;
    %jmp/0xz  T_7.0, 8;
    %load/vec4 v000002999e70da00_0;
    %dup/vec4;
    %pushi/vec4 0, 0, 3;
    %cmp/u;
    %jmp/1 T_7.2, 6;
    %dup/vec4;
    %pushi/vec4 1, 0, 3;
    %cmp/u;
    %jmp/1 T_7.3, 6;
    %dup/vec4;
    %pushi/vec4 4, 0, 3;
    %cmp/u;
    %jmp/1 T_7.4, 6;
    %dup/vec4;
    %pushi/vec4 5, 0, 3;
    %cmp/u;
    %jmp/1 T_7.5, 6;
    %dup/vec4;
    %pushi/vec4 6, 0, 3;
    %cmp/u;
    %jmp/1 T_7.6, 6;
    %dup/vec4;
    %pushi/vec4 7, 0, 3;
    %cmp/u;
    %jmp/1 T_7.7, 6;
    %pushi/vec4 0, 0, 1;
    %store/vec4 v000002999e70e4a0_0, 0, 1;
    %jmp T_7.9;
T_7.2 ;
    %load/vec4 v000002999e70dd20_0;
    %store/vec4 v000002999e70e4a0_0, 0, 1;
    %jmp T_7.9;
T_7.3 ;
    %load/vec4 v000002999e70dd20_0;
    %nor/r;
    %store/vec4 v000002999e70e4a0_0, 0, 1;
    %jmp T_7.9;
T_7.4 ;
    %load/vec4 v000002999e70e720_0;
    %parti/s 1, 0, 2;
    %store/vec4 v000002999e70e4a0_0, 0, 1;
    %jmp T_7.9;
T_7.5 ;
    %load/vec4 v000002999e70e720_0;
    %parti/s 1, 0, 2;
    %nor/r;
    %store/vec4 v000002999e70e4a0_0, 0, 1;
    %jmp T_7.9;
T_7.6 ;
    %load/vec4 v000002999e70e720_0;
    %parti/s 1, 0, 2;
    %store/vec4 v000002999e70e4a0_0, 0, 1;
    %jmp T_7.9;
T_7.7 ;
    %load/vec4 v000002999e70e720_0;
    %parti/s 1, 0, 2;
    %nor/r;
    %store/vec4 v000002999e70e4a0_0, 0, 1;
    %jmp T_7.9;
T_7.9 ;
    %pop/vec4 1;
T_7.0 ;
    %jmp T_7;
    .thread T_7, $push;
    .scope S_000002999e652490;
T_8 ;
    %wait E_000002999e713a50;
    %load/vec4 v000002999e70ea40_0;
    %cmpi/e 23, 0, 7;
    %jmp/0xz  T_8.0, 4;
    %pushi/vec4 1, 0, 1;
    %store/vec4 v000002999e70eae0_0, 0, 1;
    %jmp T_8.1;
T_8.0 ;
    %pushi/vec4 0, 0, 1;
    %store/vec4 v000002999e70eae0_0, 0, 1;
T_8.1 ;
    %load/vec4 v000002999e70ea40_0;
    %cmpi/e 103, 0, 7;
    %jmp/0xz  T_8.2, 4;
    %pushi/vec4 2, 0, 2;
    %store/vec4 v000002999e70f120_0, 0, 2;
    %jmp T_8.3;
T_8.2 ;
    %load/vec4 v000002999e70e2c0_0;
    %flag_set/vec4 8;
    %jmp/1 T_8.6, 8;
    %load/vec4 v000002999e70e4a0_0;
    %flag_set/vec4 9;
    %flag_or 8, 9;
T_8.6;
    %jmp/0xz  T_8.4, 8;
    %pushi/vec4 1, 0, 2;
    %store/vec4 v000002999e70f120_0, 0, 2;
    %jmp T_8.5;
T_8.4 ;
    %pushi/vec4 0, 0, 2;
    %store/vec4 v000002999e70f120_0, 0, 2;
T_8.5 ;
T_8.3 ;
    %jmp T_8;
    .thread T_8, $push;
    .scope S_000002999e72dda0;
T_9 ;
    %wait E_000002999e713450;
    %load/vec4 v000002999e70df00_0;
    %dup/vec4;
    %pushi/vec4 0, 0, 4;
    %cmp/u;
    %jmp/1 T_9.0, 6;
    %dup/vec4;
    %pushi/vec4 1, 0, 4;
    %cmp/u;
    %jmp/1 T_9.1, 6;
    %dup/vec4;
    %pushi/vec4 2, 0, 4;
    %cmp/u;
    %jmp/1 T_9.2, 6;
    %dup/vec4;
    %pushi/vec4 3, 0, 4;
    %cmp/u;
    %jmp/1 T_9.3, 6;
    %dup/vec4;
    %pushi/vec4 4, 0, 4;
    %cmp/u;
    %jmp/1 T_9.4, 6;
    %dup/vec4;
    %pushi/vec4 5, 0, 4;
    %cmp/u;
    %jmp/1 T_9.5, 6;
    %dup/vec4;
    %pushi/vec4 6, 0, 4;
    %cmp/u;
    %jmp/1 T_9.6, 6;
    %dup/vec4;
    %pushi/vec4 7, 0, 4;
    %cmp/u;
    %jmp/1 T_9.7, 6;
    %dup/vec4;
    %pushi/vec4 8, 0, 4;
    %cmp/u;
    %jmp/1 T_9.8, 6;
    %dup/vec4;
    %pushi/vec4 9, 0, 4;
    %cmp/u;
    %jmp/1 T_9.9, 6;
    %dup/vec4;
    %pushi/vec4 10, 0, 4;
    %cmp/u;
    %jmp/1 T_9.10, 6;
    %pushi/vec4 0, 0, 32;
    %store/vec4 v000002999e70dbe0_0, 0, 32;
    %jmp T_9.12;
T_9.0 ;
    %load/vec4 v000002999e70d960_0;
    %load/vec4 v000002999e70e180_0;
    %add;
    %store/vec4 v000002999e70dbe0_0, 0, 32;
    %jmp T_9.12;
T_9.1 ;
    %load/vec4 v000002999e70d960_0;
    %load/vec4 v000002999e70e180_0;
    %sub;
    %store/vec4 v000002999e70dbe0_0, 0, 32;
    %jmp T_9.12;
T_9.2 ;
    %load/vec4 v000002999e70d960_0;
    %load/vec4 v000002999e70e180_0;
    %and;
    %store/vec4 v000002999e70dbe0_0, 0, 32;
    %jmp T_9.12;
T_9.3 ;
    %load/vec4 v000002999e70d960_0;
    %load/vec4 v000002999e70e180_0;
    %or;
    %store/vec4 v000002999e70dbe0_0, 0, 32;
    %jmp T_9.12;
T_9.4 ;
    %load/vec4 v000002999e70d960_0;
    %load/vec4 v000002999e70e180_0;
    %xor;
    %store/vec4 v000002999e70dbe0_0, 0, 32;
    %jmp T_9.12;
T_9.5 ;
    %load/vec4 v000002999e70d960_0;
    %load/vec4 v000002999e70e180_0;
    %parti/s 5, 0, 2;
    %ix/vec4 4;
    %shiftl 4;
    %store/vec4 v000002999e70dbe0_0, 0, 32;
    %jmp T_9.12;
T_9.6 ;
    %load/vec4 v000002999e70d960_0;
    %load/vec4 v000002999e70e180_0;
    %parti/s 5, 0, 2;
    %ix/vec4 4;
    %shiftr 4;
    %store/vec4 v000002999e70dbe0_0, 0, 32;
    %jmp T_9.12;
T_9.7 ;
    %load/vec4 v000002999e70d960_0;
    %load/vec4 v000002999e70e180_0;
    %parti/s 5, 0, 2;
    %ix/vec4 4;
    %shiftr/s 4;
    %store/vec4 v000002999e70dbe0_0, 0, 32;
    %jmp T_9.12;
T_9.8 ;
    %load/vec4 v000002999e70d960_0;
    %load/vec4 v000002999e70e180_0;
    %cmp/s;
    %flag_mov 8, 5;
    %jmp/0 T_9.13, 8;
    %pushi/vec4 1, 0, 32;
    %jmp/1 T_9.14, 8;
T_9.13 ; End of true expr.
    %pushi/vec4 0, 0, 32;
    %jmp/0 T_9.14, 8;
 ; End of false expr.
    %blend;
T_9.14;
    %store/vec4 v000002999e70dbe0_0, 0, 32;
    %jmp T_9.12;
T_9.9 ;
    %load/vec4 v000002999e70d960_0;
    %load/vec4 v000002999e70e180_0;
    %cmp/u;
    %flag_mov 8, 5;
    %jmp/0 T_9.15, 8;
    %pushi/vec4 1, 0, 32;
    %jmp/1 T_9.16, 8;
T_9.15 ; End of true expr.
    %pushi/vec4 0, 0, 32;
    %jmp/0 T_9.16, 8;
 ; End of false expr.
    %blend;
T_9.16;
    %store/vec4 v000002999e70dbe0_0, 0, 32;
    %jmp T_9.12;
T_9.10 ;
    %load/vec4 v000002999e70e180_0;
    %store/vec4 v000002999e70dbe0_0, 0, 32;
    %jmp T_9.12;
T_9.12 ;
    %pop/vec4 1;
    %jmp T_9;
    .thread T_9, $push;
    .scope S_000002999e6ae290;
T_10 ;
    %wait E_000002999e716110;
    %load/vec4 v000002999eac3a20_0;
    %flag_set/vec4 9;
    %flag_get/vec4 9;
    %jmp/0 T_10.2, 9;
    %load/vec4 v000002999eac24e0_0;
    %and;
T_10.2;
    %flag_set/vec4 8;
    %jmp/0xz  T_10.0, 8;
    %load/vec4 v000002999eac2300_0;
    %dup/vec4;
    %pushi/vec4 2, 0, 3;
    %cmp/u;
    %jmp/1 T_10.3, 6;
    %dup/vec4;
    %pushi/vec4 1, 0, 3;
    %cmp/u;
    %jmp/1 T_10.4, 6;
    %dup/vec4;
    %pushi/vec4 0, 0, 3;
    %cmp/u;
    %jmp/1 T_10.5, 6;
    %jmp T_10.7;
T_10.3 ;
    %load/vec4 v000002999eac32a0_0;
    %load/vec4 v000002999eac3980_0;
    %pad/u 14;
    %ix/vec4 3;
    %ix/load 4, 0, 0; Constant delay
    %assign/vec4/a/d v000002999eac38e0, 0, 4;
    %jmp T_10.7;
T_10.4 ;
    %load/vec4 v000002999eac2260_0;
    %parti/s 1, 1, 2;
    %cmpi/e 0, 0, 1;
    %jmp/0xz  T_10.8, 4;
    %load/vec4 v000002999eac32a0_0;
    %parti/s 16, 0, 2;
    %load/vec4 v000002999eac3980_0;
    %pad/u 14;
    %ix/vec4 3;
    %ix/load 4, 0, 0; Constant delay
    %assign/vec4/a/d v000002999eac38e0, 0, 4;
    %jmp T_10.9;
T_10.8 ;
    %load/vec4 v000002999eac32a0_0;
    %parti/s 16, 0, 2;
    %load/vec4 v000002999eac3980_0;
    %pad/u 14;
    %ix/vec4 3;
    %ix/load 4, 16, 0; part off
    %ix/load 5, 0, 0; Constant delay
    %assign/vec4/a/d v000002999eac38e0, 4, 5;
T_10.9 ;
    %jmp T_10.7;
T_10.5 ;
    %load/vec4 v000002999eac2260_0;
    %dup/vec4;
    %pushi/vec4 0, 0, 2;
    %cmp/u;
    %jmp/1 T_10.10, 6;
    %dup/vec4;
    %pushi/vec4 1, 0, 2;
    %cmp/u;
    %jmp/1 T_10.11, 6;
    %dup/vec4;
    %pushi/vec4 2, 0, 2;
    %cmp/u;
    %jmp/1 T_10.12, 6;
    %dup/vec4;
    %pushi/vec4 3, 0, 2;
    %cmp/u;
    %jmp/1 T_10.13, 6;
    %jmp T_10.14;
T_10.10 ;
    %load/vec4 v000002999eac32a0_0;
    %parti/s 8, 0, 2;
    %load/vec4 v000002999eac3980_0;
    %pad/u 14;
    %ix/vec4 3;
    %ix/load 4, 0, 0; Constant delay
    %assign/vec4/a/d v000002999eac38e0, 0, 4;
    %jmp T_10.14;
T_10.11 ;
    %load/vec4 v000002999eac32a0_0;
    %parti/s 8, 0, 2;
    %load/vec4 v000002999eac3980_0;
    %pad/u 14;
    %ix/vec4 3;
    %ix/load 4, 8, 0; part off
    %ix/load 5, 0, 0; Constant delay
    %assign/vec4/a/d v000002999eac38e0, 4, 5;
    %jmp T_10.14;
T_10.12 ;
    %load/vec4 v000002999eac32a0_0;
    %parti/s 8, 0, 2;
    %load/vec4 v000002999eac3980_0;
    %pad/u 14;
    %ix/vec4 3;
    %ix/load 4, 16, 0; part off
    %ix/load 5, 0, 0; Constant delay
    %assign/vec4/a/d v000002999eac38e0, 4, 5;
    %jmp T_10.14;
T_10.13 ;
    %load/vec4 v000002999eac32a0_0;
    %parti/s 8, 0, 2;
    %load/vec4 v000002999eac3980_0;
    %pad/u 14;
    %ix/vec4 3;
    %ix/load 4, 24, 0; part off
    %ix/load 5, 0, 0; Constant delay
    %assign/vec4/a/d v000002999eac38e0, 4, 5;
    %jmp T_10.14;
T_10.14 ;
    %pop/vec4 1;
    %jmp T_10.7;
T_10.7 ;
    %pop/vec4 1;
T_10.0 ;
    %jmp T_10;
    .thread T_10;
    .scope S_000002999e6ae290;
T_11 ;
    %wait E_000002999e715bd0;
    %load/vec4 v000002999eac3480_0;
    %nor/r;
    %flag_set/vec4 8;
    %jmp/1 T_11.2, 8;
    %load/vec4 v000002999eac24e0_0;
    %nor/r;
    %flag_set/vec4 9;
    %flag_or 8, 9;
T_11.2;
    %jmp/0xz  T_11.0, 8;
    %pushi/vec4 0, 0, 32;
    %store/vec4 v000002999eac33e0_0, 0, 32;
    %jmp T_11.1;
T_11.0 ;
    %load/vec4 v000002999eac2300_0;
    %dup/vec4;
    %pushi/vec4 2, 0, 3;
    %cmp/u;
    %jmp/1 T_11.3, 6;
    %dup/vec4;
    %pushi/vec4 1, 0, 3;
    %cmp/u;
    %jmp/1 T_11.4, 6;
    %dup/vec4;
    %pushi/vec4 5, 0, 3;
    %cmp/u;
    %jmp/1 T_11.5, 6;
    %dup/vec4;
    %pushi/vec4 0, 0, 3;
    %cmp/u;
    %jmp/1 T_11.6, 6;
    %dup/vec4;
    %pushi/vec4 4, 0, 3;
    %cmp/u;
    %jmp/1 T_11.7, 6;
    %load/vec4 v000002999eac23a0_0;
    %store/vec4 v000002999eac33e0_0, 0, 32;
    %jmp T_11.9;
T_11.3 ;
    %load/vec4 v000002999eac23a0_0;
    %store/vec4 v000002999eac33e0_0, 0, 32;
    %jmp T_11.9;
T_11.4 ;
    %load/vec4 v000002999eac2260_0;
    %parti/s 1, 1, 2;
    %cmpi/e 0, 0, 1;
    %jmp/0xz  T_11.10, 4;
    %load/vec4 v000002999eac23a0_0;
    %parti/s 1, 15, 5;
    %replicate 16;
    %load/vec4 v000002999eac23a0_0;
    %parti/s 16, 0, 2;
    %concat/vec4; draw_concat_vec4
    %store/vec4 v000002999eac33e0_0, 0, 32;
    %jmp T_11.11;
T_11.10 ;
    %load/vec4 v000002999eac23a0_0;
    %parti/s 1, 31, 6;
    %replicate 16;
    %load/vec4 v000002999eac23a0_0;
    %parti/s 16, 16, 6;
    %concat/vec4; draw_concat_vec4
    %store/vec4 v000002999eac33e0_0, 0, 32;
T_11.11 ;
    %jmp T_11.9;
T_11.5 ;
    %load/vec4 v000002999eac2260_0;
    %parti/s 1, 1, 2;
    %cmpi/e 0, 0, 1;
    %jmp/0xz  T_11.12, 4;
    %pushi/vec4 0, 0, 16;
    %load/vec4 v000002999eac23a0_0;
    %parti/s 16, 0, 2;
    %concat/vec4; draw_concat_vec4
    %store/vec4 v000002999eac33e0_0, 0, 32;
    %jmp T_11.13;
T_11.12 ;
    %pushi/vec4 0, 0, 16;
    %load/vec4 v000002999eac23a0_0;
    %parti/s 16, 16, 6;
    %concat/vec4; draw_concat_vec4
    %store/vec4 v000002999eac33e0_0, 0, 32;
T_11.13 ;
    %jmp T_11.9;
T_11.6 ;
    %load/vec4 v000002999eac2260_0;
    %dup/vec4;
    %pushi/vec4 0, 0, 2;
    %cmp/u;
    %jmp/1 T_11.14, 6;
    %dup/vec4;
    %pushi/vec4 1, 0, 2;
    %cmp/u;
    %jmp/1 T_11.15, 6;
    %dup/vec4;
    %pushi/vec4 2, 0, 2;
    %cmp/u;
    %jmp/1 T_11.16, 6;
    %dup/vec4;
    %pushi/vec4 3, 0, 2;
    %cmp/u;
    %jmp/1 T_11.17, 6;
    %jmp T_11.18;
T_11.14 ;
    %load/vec4 v000002999eac23a0_0;
    %parti/s 1, 7, 4;
    %replicate 24;
    %load/vec4 v000002999eac23a0_0;
    %parti/s 8, 0, 2;
    %concat/vec4; draw_concat_vec4
    %store/vec4 v000002999eac33e0_0, 0, 32;
    %jmp T_11.18;
T_11.15 ;
    %load/vec4 v000002999eac23a0_0;
    %parti/s 1, 15, 5;
    %replicate 24;
    %load/vec4 v000002999eac23a0_0;
    %parti/s 8, 8, 5;
    %concat/vec4; draw_concat_vec4
    %store/vec4 v000002999eac33e0_0, 0, 32;
    %jmp T_11.18;
T_11.16 ;
    %load/vec4 v000002999eac23a0_0;
    %parti/s 1, 23, 6;
    %replicate 24;
    %load/vec4 v000002999eac23a0_0;
    %parti/s 8, 16, 6;
    %concat/vec4; draw_concat_vec4
    %store/vec4 v000002999eac33e0_0, 0, 32;
    %jmp T_11.18;
T_11.17 ;
    %load/vec4 v000002999eac23a0_0;
    %parti/s 1, 31, 6;
    %replicate 24;
    %load/vec4 v000002999eac23a0_0;
    %parti/s 8, 24, 6;
    %concat/vec4; draw_concat_vec4
    %store/vec4 v000002999eac33e0_0, 0, 32;
    %jmp T_11.18;
T_11.18 ;
    %pop/vec4 1;
    %jmp T_11.9;
T_11.7 ;
    %load/vec4 v000002999eac2260_0;
    %dup/vec4;
    %pushi/vec4 0, 0, 2;
    %cmp/u;
    %jmp/1 T_11.19, 6;
    %dup/vec4;
    %pushi/vec4 1, 0, 2;
    %cmp/u;
    %jmp/1 T_11.20, 6;
    %dup/vec4;
    %pushi/vec4 2, 0, 2;
    %cmp/u;
    %jmp/1 T_11.21, 6;
    %dup/vec4;
    %pushi/vec4 3, 0, 2;
    %cmp/u;
    %jmp/1 T_11.22, 6;
    %jmp T_11.23;
T_11.19 ;
    %pushi/vec4 0, 0, 24;
    %load/vec4 v000002999eac23a0_0;
    %parti/s 8, 0, 2;
    %concat/vec4; draw_concat_vec4
    %store/vec4 v000002999eac33e0_0, 0, 32;
    %jmp T_11.23;
T_11.20 ;
    %pushi/vec4 0, 0, 24;
    %load/vec4 v000002999eac23a0_0;
    %parti/s 8, 8, 5;
    %concat/vec4; draw_concat_vec4
    %store/vec4 v000002999eac33e0_0, 0, 32;
    %jmp T_11.23;
T_11.21 ;
    %pushi/vec4 0, 0, 24;
    %load/vec4 v000002999eac23a0_0;
    %parti/s 8, 16, 6;
    %concat/vec4; draw_concat_vec4
    %store/vec4 v000002999eac33e0_0, 0, 32;
    %jmp T_11.23;
T_11.22 ;
    %pushi/vec4 0, 0, 24;
    %load/vec4 v000002999eac23a0_0;
    %parti/s 8, 24, 6;
    %concat/vec4; draw_concat_vec4
    %store/vec4 v000002999eac33e0_0, 0, 32;
    %jmp T_11.23;
T_11.23 ;
    %pop/vec4 1;
    %jmp T_11.9;
T_11.9 ;
    %pop/vec4 1;
T_11.1 ;
    %jmp T_11;
    .thread T_11, $push;
    .scope S_000002999e6ae290;
T_12 ;
    %pushi/vec4 0, 0, 32;
    %store/vec4 v000002999eac3700_0, 0, 32;
T_12.0 ;
    %load/vec4 v000002999eac3700_0;
    %cmpi/s 4096, 0, 32;
    %jmp/0xz T_12.1, 5;
    %pushi/vec4 0, 0, 32;
    %ix/getv/s 4, v000002999eac3700_0;
    %store/vec4a v000002999eac38e0, 4, 0;
    %load/vec4 v000002999eac3700_0;
    %addi 1, 0, 32;
    %store/vec4 v000002999eac3700_0, 0, 32;
    %jmp T_12.0;
T_12.1 ;
    %end;
    .thread T_12;
    .scope S_000002999e721590;
T_13 ;
    %wait E_000002999e714050;
    %load/vec4 v000002999eacc960_0;
    %flag_set/vec4 8;
    %jmp/0xz  T_13.0, 8;
    %load/vec4 v000002999eace830_0;
    %store/vec4 v000002999eacd220_0, 0, 32;
    %jmp T_13.1;
T_13.0 ;
    %load/vec4 v000002999eace3d0_0;
    %store/vec4 v000002999eacd220_0, 0, 32;
T_13.1 ;
    %jmp T_13;
    .thread T_13, $push;
    .scope S_000002999e721590;
T_14 ;
    %wait E_000002999e713890;
    %load/vec4 v000002999eacd860_0;
    %flag_set/vec4 8;
    %jmp/0xz  T_14.0, 8;
    %load/vec4 v000002999eaccfa0_0;
    %store/vec4 v000002999eacc820_0, 0, 32;
    %jmp T_14.1;
T_14.0 ;
    %load/vec4 v000002999eace970_0;
    %store/vec4 v000002999eacc820_0, 0, 32;
T_14.1 ;
    %jmp T_14;
    .thread T_14, $push;
    .scope S_000002999e721590;
T_15 ;
    %wait E_000002999e713850;
    %load/vec4 v000002999eacdea0_0;
    %flag_set/vec4 8;
    %jmp/0xz  T_15.0, 8;
    %load/vec4 v000002999eacd360_0;
    %store/vec4 v000002999eacf0f0_0, 0, 32;
    %jmp T_15.1;
T_15.0 ;
    %load/vec4 v000002999eaccd20_0;
    %store/vec4 v000002999eacf0f0_0, 0, 32;
T_15.1 ;
    %jmp T_15;
    .thread T_15, $push;
    .scope S_000002999e721590;
T_16 ;
    %wait E_000002999e7137d0;
    %load/vec4 v000002999eace6f0_0;
    %dup/vec4;
    %pushi/vec4 0, 0, 2;
    %cmp/u;
    %jmp/1 T_16.0, 6;
    %dup/vec4;
    %pushi/vec4 1, 0, 2;
    %cmp/u;
    %jmp/1 T_16.1, 6;
    %dup/vec4;
    %pushi/vec4 2, 0, 2;
    %cmp/u;
    %jmp/1 T_16.2, 6;
    %load/vec4 v000002999eacc8c0_0;
    %store/vec4 v000002999eace330_0, 0, 32;
    %jmp T_16.4;
T_16.0 ;
    %load/vec4 v000002999eacc8c0_0;
    %store/vec4 v000002999eace330_0, 0, 32;
    %jmp T_16.4;
T_16.1 ;
    %load/vec4 v000002999eacf0f0_0;
    %store/vec4 v000002999eace330_0, 0, 32;
    %jmp T_16.4;
T_16.2 ;
    %load/vec4 v000002999eace830_0;
    %addi 4, 0, 32;
    %store/vec4 v000002999eace330_0, 0, 32;
    %jmp T_16.4;
T_16.4 ;
    %pop/vec4 1;
    %jmp T_16;
    .thread T_16, $push;
    .scope S_000002999e721590;
T_17 ;
    %wait E_000002999e713f50;
    %load/vec4 v000002999eacf410_0;
    %dup/vec4;
    %pushi/vec4 0, 0, 2;
    %cmp/u;
    %jmp/1 T_17.0, 6;
    %dup/vec4;
    %pushi/vec4 1, 0, 2;
    %cmp/u;
    %jmp/1 T_17.1, 6;
    %dup/vec4;
    %pushi/vec4 2, 0, 2;
    %cmp/u;
    %jmp/1 T_17.2, 6;
    %load/vec4 v000002999eace5b0_0;
    %store/vec4 v000002999eacf4b0_0, 0, 32;
    %jmp T_17.4;
T_17.0 ;
    %load/vec4 v000002999eace5b0_0;
    %store/vec4 v000002999eacf4b0_0, 0, 32;
    %jmp T_17.4;
T_17.1 ;
    %load/vec4 v000002999eaccbe0_0;
    %store/vec4 v000002999eacf4b0_0, 0, 32;
    %jmp T_17.4;
T_17.2 ;
    %load/vec4 v000002999eaccdc0_0;
    %store/vec4 v000002999eacf4b0_0, 0, 32;
    %jmp T_17.4;
T_17.4 ;
    %pop/vec4 1;
    %jmp T_17;
    .thread T_17, $push;
    .scope S_000002999e72ca20;
T_18 ;
    %pushi/vec4 0, 0, 32;
    %store/vec4 v000002999eacf9b0_0, 0, 32;
    %pushi/vec4 0, 0, 32;
    %store/vec4 v000002999eace510_0, 0, 32;
    %end;
    .thread T_18;
    .scope S_000002999e72ca20;
T_19 ;
    %delay 10000, 0;
    %load/vec4 v000002999eacf550_0;
    %inv;
    %store/vec4 v000002999eacf550_0, 0, 1;
    %jmp T_19;
    .thread T_19;
    .scope S_000002999e72ca20;
T_20 ;
    %vpi_call 2 76 "$dumpfile", "sim/tb_memory.vcd" {0 0 0};
    %vpi_call 2 77 "$dumpvars", 32'sb00000000000000000000000000000000, S_000002999e72ca20 {0 0 0};
    %pushi/vec4 0, 0, 1;
    %store/vec4 v000002999eacf550_0, 0, 1;
    %pushi/vec4 0, 0, 1;
    %store/vec4 v000002999eacf230_0, 0, 1;
    %pushi/vec4 0, 0, 32;
    %store/vec4 v000002999eacebf0_0, 0, 32;
    %vpi_call 2 83 "$display", "=== Phase 4 Memory Testbench ===\012" {0 0 0};
    %pushi/vec4 65719, 0, 32;
    %ix/load 4, 0, 0;
    %flag_set/imm 4, 0;
    %store/vec4a v000002999eac3fc0, 4, 0;
    %pushi/vec4 1293943059, 0, 32;
    %ix/load 4, 1, 0;
    %flag_set/imm 4, 0;
    %store/vec4a v000002999eac3fc0, 4, 0;
    %pushi/vec4 211812755, 0, 32;
    %ix/load 4, 2, 0;
    %flag_set/imm 4, 0;
    %store/vec4a v000002999eac3fc0, 4, 0;
    %pushi/vec4 179307027, 0, 32;
    %ix/load 4, 3, 0;
    %flag_set/imm 4, 0;
    %store/vec4a v000002999eac3fc0, 4, 0;
    %pushi/vec4 2138147, 0, 32;
    %ix/load 4, 4, 0;
    %flag_set/imm 4, 0;
    %store/vec4a v000002999eac3fc0, 4, 0;
    %pushi/vec4 3183139, 0, 32;
    %ix/load 4, 5, 0;
    %flag_set/imm 4, 0;
    %store/vec4a v000002999eac3fc0, 4, 0;
    %pushi/vec4 4228131, 0, 32;
    %ix/load 4, 6, 0;
    %flag_set/imm 4, 0;
    %store/vec4a v000002999eac3fc0, 4, 0;
    %pushi/vec4 42243, 0, 32;
    %ix/load 4, 7, 0;
    %flag_set/imm 4, 0;
    %store/vec4a v000002999eac3fc0, 4, 0;
    %pushi/vec4 4232579, 0, 32;
    %ix/load 4, 8, 0;
    %flag_set/imm 4, 0;
    %store/vec4a v000002999eac3fc0, 4, 0;
    %pushi/vec4 4249091, 0, 32;
    %ix/load 4, 9, 0;
    %flag_set/imm 4, 0;
    %store/vec4a v000002999eac3fc0, 4, 0;
    %pushi/vec4 8423043, 0, 32;
    %ix/load 4, 10, 0;
    %flag_set/imm 4, 0;
    %store/vec4a v000002999eac3fc0, 4, 0;
    %pushi/vec4 8439555, 0, 32;
    %ix/load 4, 11, 0;
    %flag_set/imm 4, 0;
    %store/vec4a v000002999eac3fc0, 4, 0;
    %pushi/vec4 19, 0, 32;
    %ix/load 4, 12, 0;
    %flag_set/imm 4, 0;
    %store/vec4a v000002999eac3fc0, 4, 0;
    %delay 25000, 0;
    %pushi/vec4 1, 0, 1;
    %store/vec4 v000002999eacf230_0, 0, 1;
    %vpi_call 2 238 "$display", "--- Initialization ---" {0 0 0};
    %pushi/vec4 4, 0, 32;
    %store/vec4 v000002999eaceb50_0, 0, 32;
    %fork TD_tb_memory.wait_cycles, S_000002999e348300;
    %join;
    %pushi/vec4 1, 0, 5;
    %store/vec4 v000002999e70e680_0, 0, 5;
    %pushi/vec4 65536, 0, 32;
    %store/vec4 v000002999e70f6c0_0, 0, 32;
    %pushi/vec4 0, 0, 32; draw_string_vec4
    %pushi/vec4 0, 0, 32; draw_string_vec4
    %concat/vec4; draw_string_vec4
    %pushi/vec4 0, 0, 32; draw_string_vec4
    %concat/vec4; draw_string_vec4
    %pushi/vec4 76, 0, 32; draw_string_vec4
    %concat/vec4; draw_string_vec4
    %pushi/vec4 1430855712, 0, 32; draw_string_vec4
    %concat/vec4; draw_string_vec4
    %pushi/vec4 2016492898, 0, 32; draw_string_vec4
    %concat/vec4; draw_string_vec4
    %pushi/vec4 1634952480, 0, 32; draw_string_vec4
    %concat/vec4; draw_string_vec4
    %pushi/vec4 1633969266, 0, 32; draw_string_vec4
    %concat/vec4; draw_string_vec4
    %store/vec4 v000002999e70e9a0_0, 0, 256;
    %fork TD_tb_memory.check_reg, S_000002999e72d7b0;
    %join;
    %pushi/vec4 2, 0, 5;
    %store/vec4 v000002999e70e680_0, 0, 5;
    %pushi/vec4 1234, 0, 32;
    %store/vec4 v000002999e70f6c0_0, 0, 32;
    %pushi/vec4 0, 0, 32; draw_string_vec4
    %pushi/vec4 0, 0, 32; draw_string_vec4
    %concat/vec4; draw_string_vec4
    %pushi/vec4 0, 0, 32; draw_string_vec4
    %concat/vec4; draw_string_vec4
    %pushi/vec4 0, 0, 32; draw_string_vec4
    %concat/vec4; draw_string_vec4
    %pushi/vec4 0, 0, 32; draw_string_vec4
    %concat/vec4; draw_string_vec4
    %pushi/vec4 1094992969, 0, 32; draw_string_vec4
    %concat/vec4; draw_string_vec4
    %pushi/vec4 544748093, 0, 32; draw_string_vec4
    %concat/vec4; draw_string_vec4
    %pushi/vec4 825373492, 0, 32; draw_string_vec4
    %concat/vec4; draw_string_vec4
    %store/vec4 v000002999e70e9a0_0, 0, 256;
    %fork TD_tb_memory.check_reg, S_000002999e72d7b0;
    %join;
    %pushi/vec4 3, 0, 5;
    %store/vec4 v000002999e70e680_0, 0, 5;
    %pushi/vec4 202, 0, 32;
    %store/vec4 v000002999e70f6c0_0, 0, 32;
    %pushi/vec4 0, 0, 32; draw_string_vec4
    %pushi/vec4 0, 0, 32; draw_string_vec4
    %concat/vec4; draw_string_vec4
    %pushi/vec4 0, 0, 32; draw_string_vec4
    %concat/vec4; draw_string_vec4
    %pushi/vec4 0, 0, 32; draw_string_vec4
    %concat/vec4; draw_string_vec4
    %pushi/vec4 0, 0, 32; draw_string_vec4
    %concat/vec4; draw_string_vec4
    %pushi/vec4 4277316, 0, 32; draw_string_vec4
    %concat/vec4; draw_string_vec4
    %pushi/vec4 1226864691, 0, 32; draw_string_vec4
    %concat/vec4; draw_string_vec4
    %pushi/vec4 1026699314, 0, 32; draw_string_vec4
    %concat/vec4; draw_string_vec4
    %store/vec4 v000002999e70e9a0_0, 0, 256;
    %fork TD_tb_memory.check_reg, S_000002999e72d7b0;
    %join;
    %pushi/vec4 4, 0, 5;
    %store/vec4 v000002999e70e680_0, 0, 5;
    %pushi/vec4 171, 0, 32;
    %store/vec4 v000002999e70f6c0_0, 0, 32;
    %pushi/vec4 0, 0, 32; draw_string_vec4
    %pushi/vec4 0, 0, 32; draw_string_vec4
    %concat/vec4; draw_string_vec4
    %pushi/vec4 0, 0, 32; draw_string_vec4
    %concat/vec4; draw_string_vec4
    %pushi/vec4 0, 0, 32; draw_string_vec4
    %concat/vec4; draw_string_vec4
    %pushi/vec4 0, 0, 32; draw_string_vec4
    %concat/vec4; draw_string_vec4
    %pushi/vec4 4277316, 0, 32; draw_string_vec4
    %concat/vec4; draw_string_vec4
    %pushi/vec4 1226864692, 0, 32; draw_string_vec4
    %concat/vec4; draw_string_vec4
    %pushi/vec4 1026635569, 0, 32; draw_string_vec4
    %concat/vec4; draw_string_vec4
    %store/vec4 v000002999e70e9a0_0, 0, 256;
    %fork TD_tb_memory.check_reg, S_000002999e72d7b0;
    %join;
    %vpi_call 2 245 "$display", "\012--- Store ---" {0 0 0};
    %pushi/vec4 3, 0, 32;
    %store/vec4 v000002999eaceb50_0, 0, 32;
    %fork TD_tb_memory.wait_cycles, S_000002999e348300;
    %join;
    %ix/load 4, 0, 0;
    %flag_set/imm 4, 0;
    %load/vec4a v000002999eac38e0, 4;
    %cmpi/e 1234, 0, 32;
    %jmp/0xz  T_20.0, 6;
    %vpi_call 2 249 "$display", "  PASS  SW: dmem[0] = 0x%h (1234)", &A<v000002999eac38e0, 0> {0 0 0};
    %load/vec4 v000002999eacf9b0_0;
    %addi 1, 0, 32;
    %store/vec4 v000002999eacf9b0_0, 0, 32;
    %jmp T_20.1;
T_20.0 ;
    %vpi_call 2 252 "$display", "  FAIL  SW: dmem[0] = 0x%h (expected 0x%h)", &A<v000002999eac38e0, 0>, 32'b00000000000000000000010011010010 {0 0 0};
    %load/vec4 v000002999eace510_0;
    %addi 1, 0, 32;
    %store/vec4 v000002999eace510_0, 0, 32;
T_20.1 ;
    %ix/load 4, 1, 0;
    %flag_set/imm 4, 0;
    %load/vec4a v000002999eac38e0, 4;
    %parti/s 16, 0, 2;
    %cmpi/e 202, 0, 16;
    %jmp/0xz  T_20.2, 6;
    %vpi_call 2 256 "$display", "  PASS  SH: dmem[1][15:0] = %0d (202)", &APV<v000002999eac38e0, 1, 0, 16> {0 0 0};
    %load/vec4 v000002999eacf9b0_0;
    %addi 1, 0, 32;
    %store/vec4 v000002999eacf9b0_0, 0, 32;
    %jmp T_20.3;
T_20.2 ;
    %vpi_call 2 259 "$display", "  FAIL  SH: dmem[1][15:0] = %0d (expected 202)", &APV<v000002999eac38e0, 1, 0, 16> {0 0 0};
    %load/vec4 v000002999eace510_0;
    %addi 1, 0, 32;
    %store/vec4 v000002999eace510_0, 0, 32;
T_20.3 ;
    %ix/load 4, 2, 0;
    %flag_set/imm 4, 0;
    %load/vec4a v000002999eac38e0, 4;
    %parti/s 8, 0, 2;
    %cmpi/e 171, 0, 8;
    %jmp/0xz  T_20.4, 6;
    %vpi_call 2 263 "$display", "  PASS  SB: dmem[2][7:0] = %0d (171)", &APV<v000002999eac38e0, 2, 0, 8> {0 0 0};
    %load/vec4 v000002999eacf9b0_0;
    %addi 1, 0, 32;
    %store/vec4 v000002999eacf9b0_0, 0, 32;
    %jmp T_20.5;
T_20.4 ;
    %vpi_call 2 266 "$display", "  FAIL  SB: dmem[2][7:0] = %0d (expected 171)", &APV<v000002999eac38e0, 2, 0, 8> {0 0 0};
    %load/vec4 v000002999eace510_0;
    %addi 1, 0, 32;
    %store/vec4 v000002999eace510_0, 0, 32;
T_20.5 ;
    %vpi_call 2 270 "$display", "\012--- Load ---" {0 0 0};
    %pushi/vec4 6, 0, 32;
    %store/vec4 v000002999eaceb50_0, 0, 32;
    %fork TD_tb_memory.wait_cycles, S_000002999e348300;
    %join;
    %pushi/vec4 10, 0, 5;
    %store/vec4 v000002999e70e680_0, 0, 5;
    %pushi/vec4 1234, 0, 32;
    %store/vec4 v000002999e70f6c0_0, 0, 32;
    %pushi/vec4 0, 0, 32; draw_string_vec4
    %pushi/vec4 0, 0, 32; draw_string_vec4
    %concat/vec4; draw_string_vec4
    %pushi/vec4 0, 0, 32; draw_string_vec4
    %concat/vec4; draw_string_vec4
    %pushi/vec4 0, 0, 32; draw_string_vec4
    %concat/vec4; draw_string_vec4
    %pushi/vec4 0, 0, 32; draw_string_vec4
    %concat/vec4; draw_string_vec4
    %pushi/vec4 1280778272, 0, 32; draw_string_vec4
    %concat/vec4; draw_string_vec4
    %pushi/vec4 2016489533, 0, 32; draw_string_vec4
    %concat/vec4; draw_string_vec4
    %pushi/vec4 825373492, 0, 32; draw_string_vec4
    %concat/vec4; draw_string_vec4
    %store/vec4 v000002999e70e9a0_0, 0, 256;
    %fork TD_tb_memory.check_reg, S_000002999e72d7b0;
    %join;
    %pushi/vec4 11, 0, 5;
    %store/vec4 v000002999e70e680_0, 0, 5;
    %pushi/vec4 202, 0, 32;
    %store/vec4 v000002999e70f6c0_0, 0, 32;
    %pushi/vec4 0, 0, 32; draw_string_vec4
    %pushi/vec4 0, 0, 32; draw_string_vec4
    %concat/vec4; draw_string_vec4
    %pushi/vec4 0, 0, 32; draw_string_vec4
    %concat/vec4; draw_string_vec4
    %pushi/vec4 1279795232, 0, 32; draw_string_vec4
    %concat/vec4; draw_string_vec4
    %pushi/vec4 2016489789, 0, 32; draw_string_vec4
    %concat/vec4; draw_string_vec4
    %pushi/vec4 842019360, 0, 32; draw_string_vec4
    %concat/vec4; draw_string_vec4
    %pushi/vec4 678652263, 0, 32; draw_string_vec4
    %concat/vec4; draw_string_vec4
    %pushi/vec4 1852138537, 0, 32; draw_string_vec4
    %concat/vec4; draw_string_vec4
    %store/vec4 v000002999e70e9a0_0, 0, 256;
    %fork TD_tb_memory.check_reg, S_000002999e72d7b0;
    %join;
    %pushi/vec4 12, 0, 5;
    %store/vec4 v000002999e70e680_0, 0, 5;
    %pushi/vec4 202, 0, 32;
    %store/vec4 v000002999e70f6c0_0, 0, 32;
    %pushi/vec4 0, 0, 32; draw_string_vec4
    %pushi/vec4 0, 0, 32; draw_string_vec4
    %concat/vec4; draw_string_vec4
    %pushi/vec4 19528, 0, 32; draw_string_vec4
    %concat/vec4; draw_string_vec4
    %pushi/vec4 1428191281, 0, 32; draw_string_vec4
    %concat/vec4; draw_string_vec4
    %pushi/vec4 842871344, 0, 32; draw_string_vec4
    %concat/vec4; draw_string_vec4
    %pushi/vec4 840968309, 0, 32; draw_string_vec4
    %concat/vec4; draw_string_vec4
    %pushi/vec4 1853057383, 0, 32; draw_string_vec4
    %concat/vec4; draw_string_vec4
    %pushi/vec4 1852138537, 0, 32; draw_string_vec4
    %concat/vec4; draw_string_vec4
    %store/vec4 v000002999e70e9a0_0, 0, 256;
    %fork TD_tb_memory.check_reg, S_000002999e72d7b0;
    %join;
    %pushi/vec4 13, 0, 5;
    %store/vec4 v000002999e70e680_0, 0, 5;
    %pushi/vec4 4294967211, 0, 32;
    %store/vec4 v000002999e70f6c0_0, 0, 32;
    %pushi/vec4 0, 0, 32; draw_string_vec4
    %pushi/vec4 0, 0, 32; draw_string_vec4
    %concat/vec4; draw_string_vec4
    %pushi/vec4 4997664, 0, 32; draw_string_vec4
    %concat/vec4; draw_string_vec4
    %pushi/vec4 544747827, 0, 32; draw_string_vec4
    %concat/vec4; draw_string_vec4
    %pushi/vec4 1026586689, 0, 32; draw_string_vec4
    %concat/vec4; draw_string_vec4
    %pushi/vec4 1109403763, 0, 32; draw_string_vec4
    %concat/vec4; draw_string_vec4
    %pushi/vec4 1768386093, 0, 32; draw_string_vec4
    %concat/vec4; draw_string_vec4
    %pushi/vec4 1702392873, 0, 32; draw_string_vec4
    %concat/vec4; draw_string_vec4
    %store/vec4 v000002999e70e9a0_0, 0, 256;
    %fork TD_tb_memory.check_reg, S_000002999e72d7b0;
    %join;
    %pushi/vec4 14, 0, 5;
    %store/vec4 v000002999e70e680_0, 0, 5;
    %pushi/vec4 171, 0, 32;
    %store/vec4 v000002999e70f6c0_0, 0, 32;
    %pushi/vec4 0, 0, 32; draw_string_vec4
    %pushi/vec4 0, 0, 32; draw_string_vec4
    %concat/vec4; draw_string_vec4
    %pushi/vec4 4997717, 0, 32; draw_string_vec4
    %concat/vec4; draw_string_vec4
    %pushi/vec4 544747828, 0, 32; draw_string_vec4
    %concat/vec4; draw_string_vec4
    %pushi/vec4 1026586689, 0, 32; draw_string_vec4
    %concat/vec4; draw_string_vec4
    %pushi/vec4 1109403770, 0, 32; draw_string_vec4
    %concat/vec4; draw_string_vec4
    %pushi/vec4 1701998381, 0, 32; draw_string_vec4
    %concat/vec4; draw_string_vec4
    %pushi/vec4 1702392873, 0, 32; draw_string_vec4
    %concat/vec4; draw_string_vec4
    %store/vec4 v000002999e70e9a0_0, 0, 256;
    %fork TD_tb_memory.check_reg, S_000002999e72d7b0;
    %join;
    %vpi_call 2 279 "$display", "\012=== Summary: %0d passed, %0d failed ===", v000002999eacf9b0_0, v000002999eace510_0 {0 0 0};
    %load/vec4 v000002999eace510_0;
    %cmpi/e 0, 0, 32;
    %jmp/0xz  T_20.6, 4;
    %vpi_call 2 281 "$display", "ALL TESTS PASSED!" {0 0 0};
    %jmp T_20.7;
T_20.6 ;
    %vpi_call 2 283 "$display", "SOME TESTS FAILED!" {0 0 0};
T_20.7 ;
    %vpi_call 2 285 "$finish" {0 0 0};
    %end;
    .thread T_20;
# The file index is used to find the file name in the following table.
:file_names 12;
    "N/A";
    "<interactive>";
    "sim/tb_memory.v";
    "src/cpu_top.v";
    "src/alu.v";
    "src/control_unit.v";
    "src/instruction_decoder.v";
    "src/data_memory.v";
    "src/imm_gen.v";
    "src/instruction_memory.v";
    "src/program_counter.v";
    "src/register_file.v";
