#! /c/Source/iverilog-install/bin/vvp
:ivl_version "12.0 (devel)" "(s20150603-1539-g2693dd32b)";
:ivl_delay_selection "TYPICAL";
:vpi_time_precision - 12;
:vpi_module "C:\iverilog\lib\ivl\system.vpi";
:vpi_module "C:\iverilog\lib\ivl\vhdl_sys.vpi";
:vpi_module "C:\iverilog\lib\ivl\vhdl_textio.vpi";
:vpi_module "C:\iverilog\lib\ivl\v2005_math.vpi";
:vpi_module "C:\iverilog\lib\ivl\va_math.vpi";
S_0000026995181390 .scope module, "tb_register_file" "tb_register_file" 2 15;
 .timescale -9 -12;
v00000269951f1ca0_0 .var "clk", 0 0;
v00000269951f22e0_0 .var/i "fail_count", 31 0;
v00000269951f2240_0 .var/i "pass_count", 31 0;
v00000269951f0c60_0 .var "rd", 4 0;
v00000269951f2740_0 .net "rd1", 31 0, L_00000269951f2560;  1 drivers
v00000269951f27e0_0 .net "rd2", 31 0, L_00000269951f09e0;  1 drivers
v00000269951f2380_0 .var "rs1", 4 0;
v00000269951f1200_0 .var "rs2", 4 0;
v00000269951f2420_0 .var "rst", 0 0;
v00000269951f1de0_0 .var "wd", 31 0;
v00000269951f0bc0_0 .var "we", 0 0;
S_00000269951801e0 .scope task, "check_rd1" "check_rd1" 2 47, 2 47 0, S_0000026995181390;
 .timescale -9 -12;
v0000026995183e50_0 .var "expected", 31 0;
v0000026995184990_0 .var "name", 127 0;
TD_tb_register_file.check_rd1 ;
    %load/vec4 v00000269951f2740_0;
    %load/vec4 v0000026995183e50_0;
    %cmp/e;
    %jmp/0xz  T_0.0, 6;
    %vpi_call 2 52 "$display", "  PASS  %s | rs1=x%0d -> rd1=0x%08h", v0000026995184990_0, v00000269951f2380_0, v00000269951f2740_0 {0 0 0};
    %load/vec4 v00000269951f2240_0;
    %addi 1, 0, 32;
    %store/vec4 v00000269951f2240_0, 0, 32;
    %jmp T_0.1;
T_0.0 ;
    %vpi_call 2 55 "$display", "  FAIL  %s | rs1=x%0d | expected=0x%08h got=0x%08h", v0000026995184990_0, v00000269951f2380_0, v0000026995183e50_0, v00000269951f2740_0 {0 0 0};
    %load/vec4 v00000269951f22e0_0;
    %addi 1, 0, 32;
    %store/vec4 v00000269951f22e0_0, 0, 32;
T_0.1 ;
    %end;
S_000002699519d9b0 .scope module, "dut" "register_file" 2 29, 3 10 0, S_0000026995181390;
 .timescale -9 -12;
    .port_info 0 /INPUT 1 "clk";
    .port_info 1 /INPUT 1 "rst";
    .port_info 2 /INPUT 5 "rs1";
    .port_info 3 /OUTPUT 32 "rd1";
    .port_info 4 /INPUT 5 "rs2";
    .port_info 5 /OUTPUT 32 "rd2";
    .port_info 6 /INPUT 5 "rd";
    .port_info 7 /INPUT 32 "wd";
    .port_info 8 /INPUT 1 "we";
L_00000269951f29a8 .functor BUFT 1, C4<00000>, C4<0>, C4<0>, C4<0>;
v0000026995183f90_0 .net/2u *"_ivl_0", 4 0, L_00000269951f29a8;  1 drivers
L_00000269951f2a38 .functor BUFT 1, C4<00>, C4<0>, C4<0>, C4<0>;
v0000026995184710_0 .net *"_ivl_11", 1 0, L_00000269951f2a38;  1 drivers
L_00000269951f2a80 .functor BUFT 1, C4<00000>, C4<0>, C4<0>, C4<0>;
v00000269951848f0_0 .net/2u *"_ivl_14", 4 0, L_00000269951f2a80;  1 drivers
v0000026995184ad0_0 .net *"_ivl_16", 0 0, L_00000269951f2600;  1 drivers
L_00000269951f2ac8 .functor BUFT 1, C4<00000000000000000000000000000000>, C4<0>, C4<0>, C4<0>;
v0000026995184c10_0 .net/2u *"_ivl_18", 31 0, L_00000269951f2ac8;  1 drivers
v0000026995183d10_0 .net *"_ivl_2", 0 0, L_00000269951f24c0;  1 drivers
v0000026995184a30_0 .net *"_ivl_20", 31 0, L_00000269951f1480;  1 drivers
v0000026995184b70_0 .net *"_ivl_22", 6 0, L_00000269951f1340;  1 drivers
L_00000269951f2b10 .functor BUFT 1, C4<00>, C4<0>, C4<0>, C4<0>;
v0000026995183db0_0 .net *"_ivl_25", 1 0, L_00000269951f2b10;  1 drivers
L_00000269951f29f0 .functor BUFT 1, C4<00000000000000000000000000000000>, C4<0>, C4<0>, C4<0>;
v0000026995184030_0 .net/2u *"_ivl_4", 31 0, L_00000269951f29f0;  1 drivers
v00000269951843f0_0 .net *"_ivl_6", 31 0, L_00000269951f1b60;  1 drivers
v00000269951840d0_0 .net *"_ivl_8", 6 0, L_00000269951f15c0;  1 drivers
v0000026995184170_0 .net "clk", 0 0, v00000269951f1ca0_0;  1 drivers
v0000026995184210_0 .var/i "i", 31 0;
v00000269951842b0_0 .net "rd", 4 0, v00000269951f0c60_0;  1 drivers
v0000026995184850_0 .net "rd1", 31 0, L_00000269951f2560;  alias, 1 drivers
v0000026995184490_0 .net "rd2", 31 0, L_00000269951f09e0;  alias, 1 drivers
v0000026995184350 .array "regs", 0 31, 31 0;
v0000026995184530_0 .net "rs1", 4 0, v00000269951f2380_0;  1 drivers
v00000269951845d0_0 .net "rs2", 4 0, v00000269951f1200_0;  1 drivers
v0000026995184670_0 .net "rst", 0 0, v00000269951f2420_0;  1 drivers
v00000269951847b0_0 .net "wd", 31 0, v00000269951f1de0_0;  1 drivers
v00000269951f1c00_0 .net "we", 0 0, v00000269951f0bc0_0;  1 drivers
E_0000026995199c10 .event posedge, v0000026995184170_0;
L_00000269951f24c0 .cmp/eq 5, v00000269951f2380_0, L_00000269951f29a8;
L_00000269951f1b60 .array/port v0000026995184350, L_00000269951f15c0;
L_00000269951f15c0 .concat [ 5 2 0 0], v00000269951f2380_0, L_00000269951f2a38;
L_00000269951f2560 .functor MUXZ 32, L_00000269951f1b60, L_00000269951f29f0, L_00000269951f24c0, C4<>;
L_00000269951f2600 .cmp/eq 5, v00000269951f1200_0, L_00000269951f2a80;
L_00000269951f1480 .array/port v0000026995184350, L_00000269951f1340;
L_00000269951f1340 .concat [ 5 2 0 0], v00000269951f1200_0, L_00000269951f2b10;
L_00000269951f09e0 .functor MUXZ 32, L_00000269951f1480, L_00000269951f2ac8, L_00000269951f2600, C4<>;
    .scope S_000002699519d9b0;
T_1 ;
    %wait E_0000026995199c10;
    %load/vec4 v0000026995184670_0;
    %flag_set/vec4 8;
    %jmp/0xz  T_1.0, 8;
    %pushi/vec4 0, 0, 32;
    %store/vec4 v0000026995184210_0, 0, 32;
T_1.2 ;
    %load/vec4 v0000026995184210_0;
    %cmpi/s 32, 0, 32;
    %jmp/0xz T_1.3, 5;
    %pushi/vec4 0, 0, 32;
    %ix/getv/s 3, v0000026995184210_0;
    %ix/load 4, 0, 0; Constant delay
    %assign/vec4/a/d v0000026995184350, 0, 4;
    %load/vec4 v0000026995184210_0;
    %addi 1, 0, 32;
    %store/vec4 v0000026995184210_0, 0, 32;
    %jmp T_1.2;
T_1.3 ;
    %jmp T_1.1;
T_1.0 ;
    %load/vec4 v00000269951f1c00_0;
    %flag_set/vec4 9;
    %flag_get/vec4 9;
    %jmp/0 T_1.6, 9;
    %load/vec4 v00000269951842b0_0;
    %pushi/vec4 0, 0, 5;
    %cmp/ne;
    %flag_get/vec4 4;
    %and;
T_1.6;
    %flag_set/vec4 8;
    %jmp/0xz  T_1.4, 8;
    %load/vec4 v00000269951847b0_0;
    %load/vec4 v00000269951842b0_0;
    %pad/u 7;
    %ix/vec4 3;
    %ix/load 4, 0, 0; Constant delay
    %assign/vec4/a/d v0000026995184350, 0, 4;
T_1.4 ;
T_1.1 ;
    %jmp T_1;
    .thread T_1;
    .scope S_0000026995181390;
T_2 ;
    %pushi/vec4 0, 0, 32;
    %store/vec4 v00000269951f2240_0, 0, 32;
    %pushi/vec4 0, 0, 32;
    %store/vec4 v00000269951f22e0_0, 0, 32;
    %end;
    .thread T_2;
    .scope S_0000026995181390;
T_3 ;
    %delay 5000, 0;
    %load/vec4 v00000269951f1ca0_0;
    %inv;
    %store/vec4 v00000269951f1ca0_0, 0, 1;
    %jmp T_3;
    .thread T_3;
    .scope S_0000026995181390;
T_4 ;
    %vpi_call 2 66 "$display", "=== RISC-V Register File Testbench ===" {0 0 0};
    %pushi/vec4 0, 0, 1;
    %store/vec4 v00000269951f1ca0_0, 0, 1;
    %pushi/vec4 1, 0, 1;
    %store/vec4 v00000269951f2420_0, 0, 1;
    %pushi/vec4 0, 0, 1;
    %store/vec4 v00000269951f0bc0_0, 0, 1;
    %pushi/vec4 0, 0, 5;
    %store/vec4 v00000269951f2380_0, 0, 5;
    %pushi/vec4 0, 0, 5;
    %store/vec4 v00000269951f1200_0, 0, 5;
    %pushi/vec4 0, 0, 5;
    %store/vec4 v00000269951f0c60_0, 0, 5;
    %pushi/vec4 0, 0, 32;
    %store/vec4 v00000269951f1de0_0, 0, 32;
    %vpi_call 2 75 "$display", "\012--- 1. Reset ---" {0 0 0};
    %wait E_0000026995199c10;
    %delay 1000, 0;
    %pushi/vec4 0, 0, 1;
    %store/vec4 v00000269951f2420_0, 0, 1;
    %pushi/vec4 1, 0, 5;
    %store/vec4 v00000269951f2380_0, 0, 5;
    %delay 1000, 0;
    %pushi/vec4 7876896, 0, 32; draw_string_vec4
    %pushi/vec4 543254132, 0, 32; draw_string_vec4
    %concat/vec4; draw_string_vec4
    %pushi/vec4 1701978226, 0, 32; draw_string_vec4
    %concat/vec4; draw_string_vec4
    %pushi/vec4 1702061428, 0, 32; draw_string_vec4
    %concat/vec4; draw_string_vec4
    %store/vec4 v0000026995184990_0, 0, 128;
    %pushi/vec4 0, 0, 32;
    %store/vec4 v0000026995183e50_0, 0, 32;
    %fork TD_tb_register_file.check_rd1, S_00000269951801e0;
    %join;
    %pushi/vec4 15, 0, 5;
    %store/vec4 v00000269951f2380_0, 0, 5;
    %delay 1000, 0;
    %pushi/vec4 7876917, 0, 32; draw_string_vec4
    %pushi/vec4 543254132, 0, 32; draw_string_vec4
    %concat/vec4; draw_string_vec4
    %pushi/vec4 1701978226, 0, 32; draw_string_vec4
    %concat/vec4; draw_string_vec4
    %pushi/vec4 1702061428, 0, 32; draw_string_vec4
    %concat/vec4; draw_string_vec4
    %store/vec4 v0000026995184990_0, 0, 128;
    %pushi/vec4 0, 0, 32;
    %store/vec4 v0000026995183e50_0, 0, 32;
    %fork TD_tb_register_file.check_rd1, S_00000269951801e0;
    %join;
    %pushi/vec4 31, 0, 5;
    %store/vec4 v00000269951f2380_0, 0, 5;
    %delay 1000, 0;
    %pushi/vec4 7877425, 0, 32; draw_string_vec4
    %pushi/vec4 543254132, 0, 32; draw_string_vec4
    %concat/vec4; draw_string_vec4
    %pushi/vec4 1701978226, 0, 32; draw_string_vec4
    %concat/vec4; draw_string_vec4
    %pushi/vec4 1702061428, 0, 32; draw_string_vec4
    %concat/vec4; draw_string_vec4
    %store/vec4 v0000026995184990_0, 0, 128;
    %pushi/vec4 0, 0, 32;
    %store/vec4 v0000026995183e50_0, 0, 32;
    %fork TD_tb_register_file.check_rd1, S_00000269951801e0;
    %join;
    %vpi_call 2 86 "$display", "\012--- 2. Write & Read ---" {0 0 0};
    %pushi/vec4 1, 0, 1;
    %store/vec4 v00000269951f0bc0_0, 0, 1;
    %pushi/vec4 1, 0, 5;
    %store/vec4 v00000269951f0c60_0, 0, 5;
    %pushi/vec4 3735928559, 0, 32;
    %store/vec4 v00000269951f1de0_0, 0, 32;
    %wait E_0000026995199c10;
    %delay 1000, 0;
    %pushi/vec4 1, 0, 5;
    %store/vec4 v00000269951f2380_0, 0, 5;
    %delay 1000, 0;
    %pushi/vec4 120, 0, 32; draw_string_vec4
    %pushi/vec4 826093688, 0, 32; draw_string_vec4
    %concat/vec4; draw_string_vec4
    %pushi/vec4 1145389380, 0, 32; draw_string_vec4
    %concat/vec4; draw_string_vec4
    %pushi/vec4 1111835974, 0, 32; draw_string_vec4
    %concat/vec4; draw_string_vec4
    %store/vec4 v0000026995184990_0, 0, 128;
    %pushi/vec4 3735928559, 0, 32;
    %store/vec4 v0000026995183e50_0, 0, 32;
    %fork TD_tb_register_file.check_rd1, S_00000269951801e0;
    %join;
    %pushi/vec4 10, 0, 5;
    %store/vec4 v00000269951f0c60_0, 0, 5;
    %pushi/vec4 42, 0, 32;
    %store/vec4 v00000269951f1de0_0, 0, 32;
    %wait E_0000026995199c10;
    %delay 1000, 0;
    %pushi/vec4 10, 0, 5;
    %store/vec4 v00000269951f2380_0, 0, 5;
    %delay 1000, 0;
    %pushi/vec4 30769, 0, 32; draw_string_vec4
    %pushi/vec4 809317426, 0, 32; draw_string_vec4
    %concat/vec4; draw_string_vec4
    %pushi/vec4 538976288, 0, 32; draw_string_vec4
    %concat/vec4; draw_string_vec4
    %pushi/vec4 538976288, 0, 32; draw_string_vec4
    %concat/vec4; draw_string_vec4
    %store/vec4 v0000026995184990_0, 0, 128;
    %pushi/vec4 42, 0, 32;
    %store/vec4 v0000026995183e50_0, 0, 32;
    %fork TD_tb_register_file.check_rd1, S_00000269951801e0;
    %join;
    %pushi/vec4 31, 0, 5;
    %store/vec4 v00000269951f0c60_0, 0, 5;
    %pushi/vec4 305419896, 0, 32;
    %store/vec4 v00000269951f1de0_0, 0, 32;
    %wait E_0000026995199c10;
    %delay 1000, 0;
    %pushi/vec4 31, 0, 5;
    %store/vec4 v00000269951f2380_0, 0, 5;
    %delay 1000, 0;
    %pushi/vec4 30771, 0, 32; draw_string_vec4
    %pushi/vec4 826093688, 0, 32; draw_string_vec4
    %concat/vec4; draw_string_vec4
    %pushi/vec4 825373492, 0, 32; draw_string_vec4
    %concat/vec4; draw_string_vec4
    %pushi/vec4 892745528, 0, 32; draw_string_vec4
    %concat/vec4; draw_string_vec4
    %store/vec4 v0000026995184990_0, 0, 128;
    %pushi/vec4 305419896, 0, 32;
    %store/vec4 v0000026995183e50_0, 0, 32;
    %fork TD_tb_register_file.check_rd1, S_00000269951801e0;
    %join;
    %pushi/vec4 0, 0, 1;
    %store/vec4 v00000269951f0bc0_0, 0, 1;
    %vpi_call 2 108 "$display", "\012--- 3. x0 always zero ---" {0 0 0};
    %pushi/vec4 1, 0, 1;
    %store/vec4 v00000269951f0bc0_0, 0, 1;
    %pushi/vec4 0, 0, 5;
    %store/vec4 v00000269951f0c60_0, 0, 5;
    %pushi/vec4 4294967295, 0, 32;
    %store/vec4 v00000269951f1de0_0, 0, 32;
    %wait E_0000026995199c10;
    %delay 1000, 0;
    %pushi/vec4 0, 0, 1;
    %store/vec4 v00000269951f0bc0_0, 0, 1;
    %pushi/vec4 0, 0, 5;
    %store/vec4 v00000269951f2380_0, 0, 5;
    %delay 1000, 0;
    %pushi/vec4 2016419959, 0, 32; draw_string_vec4
    %pushi/vec4 1919513701, 0, 32; draw_string_vec4
    %concat/vec4; draw_string_vec4
    %pushi/vec4 543778670, 0, 32; draw_string_vec4
    %concat/vec4; draw_string_vec4
    %pushi/vec4 1869768036, 0, 32; draw_string_vec4
    %concat/vec4; draw_string_vec4
    %store/vec4 v0000026995184990_0, 0, 128;
    %pushi/vec4 0, 0, 32;
    %store/vec4 v0000026995183e50_0, 0, 32;
    %fork TD_tb_register_file.check_rd1, S_00000269951801e0;
    %join;
    %pushi/vec4 0, 0, 5;
    %store/vec4 v00000269951f1200_0, 0, 5;
    %delay 1000, 0;
    %load/vec4 v00000269951f27e0_0;
    %cmpi/e 0, 0, 32;
    %jmp/0xz  T_4.0, 6;
    %vpi_call 2 119 "$display", "  PASS  x0 via rs2 port -> rd2=0x%08h", v00000269951f27e0_0 {0 0 0};
    %load/vec4 v00000269951f2240_0;
    %addi 1, 0, 32;
    %store/vec4 v00000269951f2240_0, 0, 32;
    %jmp T_4.1;
T_4.0 ;
    %vpi_call 2 122 "$display", "  FAIL  x0 via rs2 port | expected=0 got=0x%08h", v00000269951f27e0_0 {0 0 0};
    %load/vec4 v00000269951f22e0_0;
    %addi 1, 0, 32;
    %store/vec4 v00000269951f22e0_0, 0, 32;
T_4.1 ;
    %vpi_call 2 129 "$display", "\012--- 4. Simultaneous two-port read ---" {0 0 0};
    %pushi/vec4 1, 0, 5;
    %store/vec4 v00000269951f2380_0, 0, 5;
    %pushi/vec4 10, 0, 5;
    %store/vec4 v00000269951f1200_0, 0, 5;
    %delay 1000, 0;
    %load/vec4 v00000269951f2740_0;
    %cmpi/e 3735928559, 0, 32;
    %flag_get/vec4 6;
    %jmp/0 T_4.4, 6;
    %load/vec4 v00000269951f27e0_0;
    %pushi/vec4 42, 0, 32;
    %cmp/e;
    %flag_get/vec4 6;
    %and;
T_4.4;
    %flag_set/vec4 8;
    %jmp/0xz  T_4.2, 8;
    %vpi_call 2 134 "$display", "  PASS  rd1=0x%08h rd2=%0d (simultaneous)", v00000269951f2740_0, v00000269951f27e0_0 {0 0 0};
    %load/vec4 v00000269951f2240_0;
    %addi 1, 0, 32;
    %store/vec4 v00000269951f2240_0, 0, 32;
    %jmp T_4.3;
T_4.2 ;
    %vpi_call 2 137 "$display", "  FAIL  simultaneous read | rd1=0x%08h rd2=%0d", v00000269951f2740_0, v00000269951f27e0_0 {0 0 0};
    %load/vec4 v00000269951f22e0_0;
    %addi 1, 0, 32;
    %store/vec4 v00000269951f22e0_0, 0, 32;
T_4.3 ;
    %vpi_call 2 144 "$display", "\012--- 5. Write enable = 0 ignored ---" {0 0 0};
    %pushi/vec4 0, 0, 1;
    %store/vec4 v00000269951f0bc0_0, 0, 1;
    %pushi/vec4 1, 0, 5;
    %store/vec4 v00000269951f0c60_0, 0, 5;
    %pushi/vec4 0, 0, 32;
    %store/vec4 v00000269951f1de0_0, 0, 32;
    %wait E_0000026995199c10;
    %delay 1000, 0;
    %pushi/vec4 1, 0, 5;
    %store/vec4 v00000269951f2380_0, 0, 5;
    %delay 1000, 0;
    %pushi/vec4 7876896, 0, 32; draw_string_vec4
    %pushi/vec4 1970168680, 0, 32; draw_string_vec4
    %concat/vec4; draw_string_vec4
    %pushi/vec4 1634625381, 0, 32; draw_string_vec4
    %concat/vec4; draw_string_vec4
    %pushi/vec4 1679826976, 0, 32; draw_string_vec4
    %concat/vec4; draw_string_vec4
    %store/vec4 v0000026995184990_0, 0, 128;
    %pushi/vec4 3735928559, 0, 32;
    %store/vec4 v0000026995183e50_0, 0, 32;
    %fork TD_tb_register_file.check_rd1, S_00000269951801e0;
    %join;
    %vpi_call 2 152 "$display", "\012=== Summary: %0d passed, %0d failed ===", v00000269951f2240_0, v00000269951f22e0_0 {0 0 0};
    %load/vec4 v00000269951f22e0_0;
    %cmpi/e 0, 0, 32;
    %jmp/0xz  T_4.5, 4;
    %vpi_call 2 154 "$display", "ALL TESTS PASSED!" {0 0 0};
    %jmp T_4.6;
T_4.5 ;
    %vpi_call 2 156 "$display", "SOME TESTS FAILED!" {0 0 0};
T_4.6 ;
    %vpi_call 2 158 "$finish" {0 0 0};
    %end;
    .thread T_4;
# The file index is used to find the file name in the following table.
:file_names 4;
    "N/A";
    "<interactive>";
    "sim/tb_register_file.v";
    "src/register_file.v";
