#! /c/Source/iverilog-install/bin/vvp
:ivl_version "12.0 (devel)" "(s20150603-1539-g2693dd32b)";
:ivl_delay_selection "TYPICAL";
:vpi_time_precision - 12;
:vpi_module "C:\iverilog\lib\ivl\system.vpi";
:vpi_module "C:\iverilog\lib\ivl\vhdl_sys.vpi";
:vpi_module "C:\iverilog\lib\ivl\vhdl_textio.vpi";
:vpi_module "C:\iverilog\lib\ivl\v2005_math.vpi";
:vpi_module "C:\iverilog\lib\ivl\va_math.vpi";
S_000001d53c0c8b20 .scope module, "tb_uart_tx" "tb_uart_tx" 2 9;
 .timescale -9 -12;
v000001d53c137470_0 .var "clk", 0 0;
v000001d53c137510_0 .var "rst_n", 0 0;
v000001d53c1375b0_0 .net "tx_busy", 0 0, v000001d53c137060_0;  1 drivers
v000001d53c137650_0 .var "tx_data", 7 0;
v000001d53c1376f0_0 .net "tx_pin", 0 0, v000001d53c1371a0_0;  1 drivers
v000001d53c0d4450_0 .var "tx_start", 0 0;
S_000001d53c0cc070 .scope module, "uut" "uart_tx" 2 19, 3 11 0, S_000001d53c0c8b20;
 .timescale -9 -12;
    .port_info 0 /INPUT 1 "clk";
    .port_info 1 /INPUT 1 "rst_n";
    .port_info 2 /INPUT 8 "tx_data";
    .port_info 3 /INPUT 1 "tx_start";
    .port_info 4 /OUTPUT 1 "tx_pin";
    .port_info 5 /OUTPUT 1 "tx_busy";
P_000001d53c0c8cb0 .param/l "CLK_DIV" 1 3 21, C4<0000000110110010>;
P_000001d53c0c8ce8 .param/l "STATE_DATA" 1 3 26, C4<10>;
P_000001d53c0c8d20 .param/l "STATE_IDLE" 1 3 24, C4<00>;
P_000001d53c0c8d58 .param/l "STATE_START" 1 3 25, C4<01>;
P_000001d53c0c8d90 .param/l "STATE_STOP" 1 3 27, C4<11>;
v000001d53c0879b0_0 .var "bit_index", 2 0;
v000001d53c0cd100_0 .net "clk", 0 0, v000001d53c137470_0;  1 drivers
v000001d53c0cd1a0_0 .var "clk_count", 15 0;
v000001d53c0cc200_0 .var "data_buffer", 7 0;
v000001d53c0cc2a0_0 .net "rst_n", 0 0, v000001d53c137510_0;  1 drivers
v000001d53c0cc340_0 .var "state", 1 0;
v000001d53c137060_0 .var "tx_busy", 0 0;
v000001d53c137100_0 .net "tx_data", 7 0, v000001d53c137650_0;  1 drivers
v000001d53c1371a0_0 .var "tx_pin", 0 0;
v000001d53c137240_0 .net "tx_start", 0 0, v000001d53c0d4450_0;  1 drivers
E_000001d53c0c7840/0 .event negedge, v000001d53c0cc2a0_0;
E_000001d53c0c7840/1 .event posedge, v000001d53c0cd100_0;
E_000001d53c0c7840 .event/or E_000001d53c0c7840/0, E_000001d53c0c7840/1;
S_000001d53c1372e0 .scope task, "wait_one_baud" "wait_one_baud" 2 32, 2 32 0, S_000001d53c0c8b20;
 .timescale -9 -12;
TD_tb_uart_tx.wait_one_baud ;
    %delay 8680000, 0;
    %end;
    .scope S_000001d53c0cc070;
T_1 ;
    %wait E_000001d53c0c7840;
    %load/vec4 v000001d53c0cc2a0_0;
    %nor/r;
    %flag_set/vec4 8;
    %jmp/0xz  T_1.0, 8;
    %pushi/vec4 0, 0, 2;
    %assign/vec4 v000001d53c0cc340_0, 0;
    %pushi/vec4 0, 0, 16;
    %assign/vec4 v000001d53c0cd1a0_0, 0;
    %pushi/vec4 0, 0, 3;
    %assign/vec4 v000001d53c0879b0_0, 0;
    %pushi/vec4 0, 0, 8;
    %assign/vec4 v000001d53c0cc200_0, 0;
    %pushi/vec4 1, 0, 1;
    %assign/vec4 v000001d53c1371a0_0, 0;
    %pushi/vec4 0, 0, 1;
    %assign/vec4 v000001d53c137060_0, 0;
    %jmp T_1.1;
T_1.0 ;
    %load/vec4 v000001d53c0cc340_0;
    %dup/vec4;
    %pushi/vec4 0, 0, 2;
    %cmp/u;
    %jmp/1 T_1.2, 6;
    %dup/vec4;
    %pushi/vec4 1, 0, 2;
    %cmp/u;
    %jmp/1 T_1.3, 6;
    %dup/vec4;
    %pushi/vec4 2, 0, 2;
    %cmp/u;
    %jmp/1 T_1.4, 6;
    %dup/vec4;
    %pushi/vec4 3, 0, 2;
    %cmp/u;
    %jmp/1 T_1.5, 6;
    %pushi/vec4 0, 0, 2;
    %assign/vec4 v000001d53c0cc340_0, 0;
    %jmp T_1.7;
T_1.2 ;
    %pushi/vec4 1, 0, 1;
    %assign/vec4 v000001d53c1371a0_0, 0;
    %pushi/vec4 0, 0, 1;
    %assign/vec4 v000001d53c137060_0, 0;
    %load/vec4 v000001d53c137240_0;
    %flag_set/vec4 8;
    %jmp/0xz  T_1.8, 8;
    %load/vec4 v000001d53c137100_0;
    %assign/vec4 v000001d53c0cc200_0, 0;
    %pushi/vec4 1, 0, 2;
    %assign/vec4 v000001d53c0cc340_0, 0;
    %pushi/vec4 0, 0, 16;
    %assign/vec4 v000001d53c0cd1a0_0, 0;
    %pushi/vec4 1, 0, 1;
    %assign/vec4 v000001d53c137060_0, 0;
T_1.8 ;
    %jmp T_1.7;
T_1.3 ;
    %pushi/vec4 0, 0, 1;
    %assign/vec4 v000001d53c1371a0_0, 0;
    %load/vec4 v000001d53c0cd1a0_0;
    %cmpi/e 433, 0, 16;
    %jmp/0xz  T_1.10, 4;
    %pushi/vec4 0, 0, 16;
    %assign/vec4 v000001d53c0cd1a0_0, 0;
    %pushi/vec4 2, 0, 2;
    %assign/vec4 v000001d53c0cc340_0, 0;
    %pushi/vec4 0, 0, 3;
    %assign/vec4 v000001d53c0879b0_0, 0;
    %jmp T_1.11;
T_1.10 ;
    %load/vec4 v000001d53c0cd1a0_0;
    %addi 1, 0, 16;
    %assign/vec4 v000001d53c0cd1a0_0, 0;
T_1.11 ;
    %jmp T_1.7;
T_1.4 ;
    %load/vec4 v000001d53c0cc200_0;
    %load/vec4 v000001d53c0879b0_0;
    %part/u 1;
    %assign/vec4 v000001d53c1371a0_0, 0;
    %load/vec4 v000001d53c0cd1a0_0;
    %cmpi/e 433, 0, 16;
    %jmp/0xz  T_1.12, 4;
    %pushi/vec4 0, 0, 16;
    %assign/vec4 v000001d53c0cd1a0_0, 0;
    %load/vec4 v000001d53c0879b0_0;
    %cmpi/e 7, 0, 3;
    %jmp/0xz  T_1.14, 4;
    %pushi/vec4 3, 0, 2;
    %assign/vec4 v000001d53c0cc340_0, 0;
    %jmp T_1.15;
T_1.14 ;
    %load/vec4 v000001d53c0879b0_0;
    %addi 1, 0, 3;
    %assign/vec4 v000001d53c0879b0_0, 0;
T_1.15 ;
    %jmp T_1.13;
T_1.12 ;
    %load/vec4 v000001d53c0cd1a0_0;
    %addi 1, 0, 16;
    %assign/vec4 v000001d53c0cd1a0_0, 0;
T_1.13 ;
    %jmp T_1.7;
T_1.5 ;
    %pushi/vec4 1, 0, 1;
    %assign/vec4 v000001d53c1371a0_0, 0;
    %load/vec4 v000001d53c0cd1a0_0;
    %cmpi/e 433, 0, 16;
    %jmp/0xz  T_1.16, 4;
    %pushi/vec4 0, 0, 16;
    %assign/vec4 v000001d53c0cd1a0_0, 0;
    %pushi/vec4 0, 0, 2;
    %assign/vec4 v000001d53c0cc340_0, 0;
    %jmp T_1.17;
T_1.16 ;
    %load/vec4 v000001d53c0cd1a0_0;
    %addi 1, 0, 16;
    %assign/vec4 v000001d53c0cd1a0_0, 0;
T_1.17 ;
    %jmp T_1.7;
T_1.7 ;
    %pop/vec4 1;
T_1.1 ;
    %jmp T_1;
    .thread T_1;
    .scope S_000001d53c0c8b20;
T_2 ;
    %delay 10000, 0;
    %load/vec4 v000001d53c137470_0;
    %inv;
    %store/vec4 v000001d53c137470_0, 0, 1;
    %jmp T_2;
    .thread T_2;
    .scope S_000001d53c0c8b20;
T_3 ;
    %pushi/vec4 0, 0, 1;
    %store/vec4 v000001d53c137470_0, 0, 1;
    %pushi/vec4 0, 0, 1;
    %store/vec4 v000001d53c137510_0, 0, 1;
    %pushi/vec4 0, 0, 8;
    %store/vec4 v000001d53c137650_0, 0, 8;
    %pushi/vec4 0, 0, 1;
    %store/vec4 v000001d53c0d4450_0, 0, 1;
    %vpi_call 2 44 "$display", "=== UART TX Simulation Start ===" {0 0 0};
    %delay 40000, 0;
    %pushi/vec4 1, 0, 1;
    %store/vec4 v000001d53c137510_0, 0, 1;
    %delay 40000, 0;
    %load/vec4 v000001d53c1376f0_0;
    %cmpi/ne 1, 0, 1;
    %jmp/1 T_3.2, 6;
    %flag_mov 8, 6;
    %load/vec4 v000001d53c1375b0_0;
    %cmpi/ne 0, 0, 1;
    %flag_or 6, 8;
T_3.2;
    %jmp/0xz  T_3.0, 6;
    %vpi_call 2 53 "$display", "FAIL: UART not idle after reset" {0 0 0};
    %vpi_call 2 54 "$finish" {0 0 0};
T_3.0 ;
    %pushi/vec4 65, 0, 8;
    %store/vec4 v000001d53c137650_0, 0, 8;
    %pushi/vec4 1, 0, 1;
    %store/vec4 v000001d53c0d4450_0, 0, 1;
    %delay 20000, 0;
    %pushi/vec4 0, 0, 1;
    %store/vec4 v000001d53c0d4450_0, 0, 1;
    %load/vec4 v000001d53c1375b0_0;
    %cmpi/ne 1, 0, 1;
    %jmp/0xz  T_3.3, 6;
    %vpi_call 2 65 "$display", "FAIL: tx_busy did not go high on transmit start" {0 0 0};
T_3.3 ;
    %delay 4340000, 0;
    %load/vec4 v000001d53c1376f0_0;
    %cmpi/ne 0, 0, 1;
    %jmp/0xz  T_3.5, 6;
    %vpi_call 2 71 "$display", "FAIL: Start bit is not 0" {0 0 0};
T_3.5 ;
    %vpi_call 2 73 "$display", "  PASS: Start bit is 0" {0 0 0};
    %fork TD_tb_uart_tx.wait_one_baud, S_000001d53c1372e0;
    %join;
    %load/vec4 v000001d53c1376f0_0;
    %cmpi/ne 1, 0, 1;
    %jmp/0xz  T_3.7, 6;
    %vpi_call 2 78 "$display", "FAIL: Data Bit 0 is not 1" {0 0 0};
T_3.7 ;
    %fork TD_tb_uart_tx.wait_one_baud, S_000001d53c1372e0;
    %join;
    %load/vec4 v000001d53c1376f0_0;
    %cmpi/ne 0, 0, 1;
    %jmp/0xz  T_3.9, 6;
    %vpi_call 2 81 "$display", "FAIL: Data Bit 1 is not 0" {0 0 0};
T_3.9 ;
    %fork TD_tb_uart_tx.wait_one_baud, S_000001d53c1372e0;
    %join;
    %load/vec4 v000001d53c1376f0_0;
    %cmpi/ne 0, 0, 1;
    %jmp/0xz  T_3.11, 6;
    %vpi_call 2 84 "$display", "FAIL: Data Bit 2 is not 0" {0 0 0};
T_3.11 ;
    %fork TD_tb_uart_tx.wait_one_baud, S_000001d53c1372e0;
    %join;
    %load/vec4 v000001d53c1376f0_0;
    %cmpi/ne 0, 0, 1;
    %jmp/0xz  T_3.13, 6;
    %vpi_call 2 87 "$display", "FAIL: Data Bit 3 is not 0" {0 0 0};
T_3.13 ;
    %fork TD_tb_uart_tx.wait_one_baud, S_000001d53c1372e0;
    %join;
    %load/vec4 v000001d53c1376f0_0;
    %cmpi/ne 0, 0, 1;
    %jmp/0xz  T_3.15, 6;
    %vpi_call 2 90 "$display", "FAIL: Data Bit 4 is not 0" {0 0 0};
T_3.15 ;
    %fork TD_tb_uart_tx.wait_one_baud, S_000001d53c1372e0;
    %join;
    %load/vec4 v000001d53c1376f0_0;
    %cmpi/ne 0, 0, 1;
    %jmp/0xz  T_3.17, 6;
    %vpi_call 2 93 "$display", "FAIL: Data Bit 5 is not 0" {0 0 0};
T_3.17 ;
    %fork TD_tb_uart_tx.wait_one_baud, S_000001d53c1372e0;
    %join;
    %load/vec4 v000001d53c1376f0_0;
    %cmpi/ne 1, 0, 1;
    %jmp/0xz  T_3.19, 6;
    %vpi_call 2 96 "$display", "FAIL: Data Bit 6 is not 1" {0 0 0};
T_3.19 ;
    %fork TD_tb_uart_tx.wait_one_baud, S_000001d53c1372e0;
    %join;
    %load/vec4 v000001d53c1376f0_0;
    %cmpi/ne 0, 0, 1;
    %jmp/0xz  T_3.21, 6;
    %vpi_call 2 99 "$display", "FAIL: Data Bit 7 is not 0" {0 0 0};
T_3.21 ;
    %vpi_call 2 101 "$display", "  PASS: Data bits 0x41 transmitted correctly LSB-first" {0 0 0};
    %fork TD_tb_uart_tx.wait_one_baud, S_000001d53c1372e0;
    %join;
    %load/vec4 v000001d53c1376f0_0;
    %cmpi/ne 1, 0, 1;
    %jmp/0xz  T_3.23, 6;
    %vpi_call 2 106 "$display", "FAIL: Stop bit is not 1" {0 0 0};
T_3.23 ;
    %vpi_call 2 108 "$display", "  PASS: Stop bit is 1" {0 0 0};
    %fork TD_tb_uart_tx.wait_one_baud, S_000001d53c1372e0;
    %join;
    %load/vec4 v000001d53c1375b0_0;
    %cmpi/ne 0, 0, 1;
    %jmp/0xz  T_3.25, 6;
    %vpi_call 2 113 "$display", "FAIL: tx_busy did not return to 0 after transmit finished" {0 0 0};
T_3.25 ;
    %vpi_call 2 115 "$display", "  PASS: tx_busy returned to 0" {0 0 0};
    %vpi_call 2 117 "$display", "ALL TESTS PASSED!" {0 0 0};
    %vpi_call 2 118 "$finish" {0 0 0};
    %end;
    .thread T_3;
# The file index is used to find the file name in the following table.
:file_names 4;
    "N/A";
    "<interactive>";
    "sim/tb_uart_tx.v";
    "src/uart_tx.v";
